**WARN: (TCLCMD-1131):	'The software has performed a full/partial timing reset. All existing timing path and timing point collection references have been invalidated and may no longer be referenced.'
###############################################################
#  Generated by:      Cadence Innovus 19.10-p002_1
#  OS:                Linux x86_64(Host ID qingteng)
#  Generated on:      Sun Aug 16 19:15:04 2026
#  Design:            aes_cipher_top
#  Command:           report_timing -early -max_paths 20 -path_type full_clock
###############################################################
#################################################################################
# Design Stage: PreRoute
# Design Name: aes_cipher_top
# Design Mode: 45nm
# Analysis Mode: MMMC Non-OCV 
# Parasitics Mode: No SPEF/RCDB
# Signoff Settings: SI Off 
#################################################################################
AAE_INFO: 1 threads acquired from CTE.
Calculate delays in Single mode...
Start delay calculation (fullDC) (1 T). (MEM=1040.88)
Total number of fetched objects 11541
AAE_INFO: Total number of nets for which stage creation was skipped for all views 0
End delay calculation. (MEM=1060.09 CPU=0:00:01.3 REAL=0:00:01.0)
End delay calculation (fullDC). (MEM=1060.09 CPU=0:00:01.8 REAL=0:00:01.0)
Path 1: VIOLATED Hold Check with Pin _19188_/CK 
Endpoint:   _19188_/D (v) checked with  leading edge of 'aes_clk'
Beginpoint: ld        (^) triggered by  leading edge of 'aes_clk'
Path Groups: {aes_clk}
Analysis View: VIEW_TYP
Other End Arrival Time          0.003
+ Hold                          0.011
+ Phase Shift                   0.000
+ Uncertainty                   0.100
= Required Time                 0.114
  Arrival Time                  0.016
  Slack Time                   -0.098
     Clock Rise Edge                      0.000
     + Input Delay                        0.000
     = Beginpoint Arrival Time            0.000
     Timing Path:
     +----------------------------------------------------------------+ 
     | Instance |     Arc      |  Cell   | Delay | Arrival | Required | 
     |          |              |         |       |  Time   |   Time   | 
     |----------+--------------+---------+-------+---------+----------| 
     |          | ld ^         |         |       |   0.000 |    0.098 | 
     | _19149_  | A1 ^ -> ZN v | NOR4_X1 | 0.016 |   0.016 |    0.114 | 
     | _19188_  | D v          | DFF_X1  | 0.000 |   0.016 |    0.114 | 
     +----------------------------------------------------------------+ 
     Clock Rise Edge                      0.000
     + Source Insertion Delay            -0.128
     = Beginpoint Arrival Time           -0.128
     Other End Path:
     +---------------------------------------------------------------------------+ 
     |      Instance       |    Arc     |   Cell    | Delay | Arrival | Required | 
     |                     |            |           |       |  Time   |   Time   | 
     |---------------------+------------+-----------+-------+---------+----------| 
     |                     | clk ^      |           |       |  -0.128 |   -0.226 | 
     | CTS_ccl_a_buf_00084 | A ^ -> Z ^ | CLKBUF_X3 | 0.050 |  -0.077 |   -0.176 | 
     | CTS_ccl_a_buf_00069 | A ^ -> Z ^ | CLKBUF_X2 | 0.078 |   0.001 |   -0.097 | 
     | _19188_             | CK ^       | DFF_X1    | 0.002 |   0.003 |   -0.095 | 
     +---------------------------------------------------------------------------+ 
Path 2: VIOLATED Hold Check with Pin _19187_/CK 
Endpoint:   _19187_/D (^) checked with  leading edge of 'aes_clk'
Beginpoint: rst       (^) triggered by  leading edge of 'aes_clk'
Path Groups: {aes_clk}
Analysis View: VIEW_TYP
Other End Arrival Time          0.003
+ Hold                          0.018
+ Phase Shift                   0.000
+ Uncertainty                   0.100
= Required Time                 0.120
  Arrival Time                  0.029
  Slack Time                   -0.091
     Clock Rise Edge                      0.000
     + Input Delay                        0.000
     = Beginpoint Arrival Time            0.000
     Timing Path:
     +-----------------------------------------------------------------+ 
     | Instance |     Arc      |   Cell   | Delay | Arrival | Required | 
     |          |              |          |       |  Time   |   Time   | 
     |----------+--------------+----------+-------+---------+----------| 
     |          | rst ^        |          |       |   0.000 |    0.091 | 
     | _19146_  | A1 ^ -> ZN v | NAND2_X1 | 0.019 |   0.019 |    0.110 | 
     | _19147_  | A v -> ZN ^  | INV_X1   | 0.011 |   0.029 |    0.120 | 
     | _19187_  | D ^          | DFF_X1   | 0.000 |   0.029 |    0.120 | 
     +-----------------------------------------------------------------+ 
     Clock Rise Edge                      0.000
     + Source Insertion Delay            -0.128
     = Beginpoint Arrival Time           -0.128
     Other End Path:
     +---------------------------------------------------------------------------+ 
     |      Instance       |    Arc     |   Cell    | Delay | Arrival | Required | 
     |                     |            |           |       |  Time   |   Time   | 
     |---------------------+------------+-----------+-------+---------+----------| 
     |                     | clk ^      |           |       |  -0.128 |   -0.219 | 
     | CTS_ccl_a_buf_00084 | A ^ -> Z ^ | CLKBUF_X3 | 0.050 |  -0.077 |   -0.168 | 
     | CTS_ccl_a_buf_00069 | A ^ -> Z ^ | CLKBUF_X2 | 0.078 |   0.001 |   -0.090 | 
     | _19187_             | CK ^       | DFF_X1    | 0.002 |   0.003 |   -0.088 | 
     +---------------------------------------------------------------------------+ 
Path 3: VIOLATED Hold Check with Pin _19186_/CK 
Endpoint:   _19186_/D (^) checked with  leading edge of 'aes_clk'
Beginpoint: rst       (^) triggered by  leading edge of 'aes_clk'
Path Groups: {aes_clk}
Analysis View: VIEW_TYP
Other End Arrival Time          0.003
+ Hold                          0.018
+ Phase Shift                   0.000
+ Uncertainty                   0.100
= Required Time                 0.121
  Arrival Time                  0.034
  Slack Time                   -0.086
     Clock Rise Edge                      0.000
     + Input Delay                        0.000
     = Beginpoint Arrival Time            0.000
     Timing Path:
     +----------------------------------------------------------------+ 
     | Instance |     Arc     |   Cell   | Delay | Arrival | Required | 
     |          |             |          |       |  Time   |   Time   | 
     |----------+-------------+----------+-------+---------+----------| 
     |          | rst ^       |          |       |   0.000 |    0.086 | 
     | _17597_  | A ^ -> ZN v | OAI21_X1 | 0.022 |   0.022 |    0.108 | 
     | _17598_  | A v -> ZN ^ | INV_X1   | 0.013 |   0.034 |    0.121 | 
     | _19186_  | D ^         | DFF_X1   | 0.000 |   0.034 |    0.121 | 
     +----------------------------------------------------------------+ 
     Clock Rise Edge                      0.000
     + Source Insertion Delay            -0.128
     = Beginpoint Arrival Time           -0.128
     Other End Path:
     +---------------------------------------------------------------------------+ 
     |      Instance       |    Arc     |   Cell    | Delay | Arrival | Required | 
     |                     |            |           |       |  Time   |   Time   | 
     |---------------------+------------+-----------+-------+---------+----------| 
     |                     | clk ^      |           |       |  -0.128 |   -0.214 | 
     | CTS_ccl_a_buf_00084 | A ^ -> Z ^ | CLKBUF_X3 | 0.050 |  -0.077 |   -0.164 | 
     | CTS_ccl_a_buf_00069 | A ^ -> Z ^ | CLKBUF_X2 | 0.078 |   0.001 |   -0.085 | 
     | _19186_             | CK ^       | DFF_X1    | 0.002 |   0.003 |   -0.083 | 
     +---------------------------------------------------------------------------+ 
Path 4: VIOLATED Hold Check with Pin _19508_/CK 
Endpoint:   _19508_/D (^) checked with  leading edge of 'aes_clk'
Beginpoint: key[125]  (^) triggered by  leading edge of 'aes_clk'
Path Groups: {aes_clk}
Analysis View: VIEW_TYP
Other End Arrival Time          0.003
+ Hold                          0.018
+ Phase Shift                   0.000
+ Uncertainty                   0.100
= Required Time                 0.121
  Arrival Time                  0.035
  Slack Time                   -0.085
     Clock Rise Edge                      0.000
     + Input Delay                        0.000
     = Beginpoint Arrival Time            0.000
     Timing Path:
     +-----------------------------------------------------------------+ 
     | Instance |     Arc      |   Cell   | Delay | Arrival | Required | 
     |          |              |          |       |  Time   |   Time   | 
     |----------+--------------+----------+-------+---------+----------| 
     |          | key[125] ^   |          |       |   0.000 |    0.085 | 
     | _13089_  | B1 ^ -> ZN v | AOI21_X1 | 0.022 |   0.021 |    0.107 | 
     | _13090_  | A v -> ZN ^  | INV_X1   | 0.014 |   0.035 |    0.121 | 
     | _19508_  | D ^          | DFF_X1   | 0.000 |   0.035 |    0.121 | 
     +-----------------------------------------------------------------+ 
     Clock Rise Edge                      0.000
     + Source Insertion Delay            -0.128
     = Beginpoint Arrival Time           -0.128
     Other End Path:
     +---------------------------------------------------------------------------+ 
     |      Instance       |    Arc     |   Cell    | Delay | Arrival | Required | 
     |                     |            |           |       |  Time   |   Time   | 
     |---------------------+------------+-----------+-------+---------+----------| 
     |                     | clk ^      |           |       |  -0.128 |   -0.213 | 
     | CTS_ccl_a_buf_00084 | A ^ -> Z ^ | CLKBUF_X3 | 0.050 |  -0.077 |   -0.163 | 
     | CTS_ccl_a_buf_00069 | A ^ -> Z ^ | CLKBUF_X2 | 0.078 |   0.001 |   -0.085 | 
     | _19508_             | CK ^       | DFF_X1    | 0.002 |   0.003 |   -0.083 | 
     +---------------------------------------------------------------------------+ 
Path 5: VIOLATED Hold Check with Pin _19185_/CK 
Endpoint:   _19185_/D (^) checked with  leading edge of 'aes_clk'
Beginpoint: rst       (^) triggered by  leading edge of 'aes_clk'
Path Groups: {aes_clk}
Analysis View: VIEW_TYP
Other End Arrival Time          0.003
+ Hold                          0.020
+ Phase Shift                   0.000
+ Uncertainty                   0.100
= Required Time                 0.123
  Arrival Time                  0.040
  Slack Time                   -0.083
     Clock Rise Edge                      0.000
     + Input Delay                        0.000
     = Beginpoint Arrival Time            0.000
     Timing Path:
     +----------------------------------------------------------------+ 
     | Instance |     Arc      |  Cell   | Delay | Arrival | Required | 
     |          |              |         |       |  Time   |   Time   | 
     |----------+--------------+---------+-------+---------+----------| 
     |          | rst ^        |         |       |   0.000 |    0.083 | 
     | _09767_  | A ^ -> ZN v  | INV_X1  | 0.016 |   0.016 |    0.099 | 
     | _17600_  | A1 v -> ZN ^ | NOR2_X1 | 0.024 |   0.040 |    0.123 | 
     | _19185_  | D ^          | DFF_X1  | 0.000 |   0.040 |    0.123 | 
     +----------------------------------------------------------------+ 
     Clock Rise Edge                      0.000
     + Source Insertion Delay            -0.128
     = Beginpoint Arrival Time           -0.128
     Other End Path:
     +---------------------------------------------------------------------------+ 
     |      Instance       |    Arc     |   Cell    | Delay | Arrival | Required | 
     |                     |            |           |       |  Time   |   Time   | 
     |---------------------+------------+-----------+-------+---------+----------| 
     |                     | clk ^      |           |       |  -0.128 |   -0.211 | 
     | CTS_ccl_a_buf_00084 | A ^ -> Z ^ | CLKBUF_X3 | 0.050 |  -0.077 |   -0.161 | 
     | CTS_ccl_a_buf_00069 | A ^ -> Z ^ | CLKBUF_X2 | 0.078 |   0.001 |   -0.082 | 
     | _19185_             | CK ^       | DFF_X1    | 0.002 |   0.003 |   -0.080 | 
     +---------------------------------------------------------------------------+ 
Path 6: VIOLATED Hold Check with Pin _19510_/CK 
Endpoint:   _19510_/D (^) checked with  leading edge of 'aes_clk'
Beginpoint: key[127]  (^) triggered by  leading edge of 'aes_clk'
Path Groups: {aes_clk}
Analysis View: VIEW_TYP
Other End Arrival Time          0.003
+ Hold                          0.019
+ Phase Shift                   0.000
+ Uncertainty                   0.100
= Required Time                 0.122
  Arrival Time                  0.040
  Slack Time                   -0.082
     Clock Rise Edge                      0.000
     + Input Delay                        0.000
     = Beginpoint Arrival Time            0.000
     Timing Path:
     +-----------------------------------------------------------------+ 
     | Instance |     Arc      |   Cell   | Delay | Arrival | Required | 
     |          |              |          |       |  Time   |   Time   | 
     |----------+--------------+----------+-------+---------+----------| 
     |          | key[127] ^   |          |       |   0.000 |    0.082 | 
     | _19151_  | A2 ^ -> ZN v | NAND2_X1 | 0.020 |   0.020 |    0.102 | 
     | _19152_  | A v -> ZN ^  | OAI21_X1 | 0.020 |   0.040 |    0.122 | 
     | _19510_  | D ^          | DFF_X1   | 0.000 |   0.040 |    0.122 | 
     +-----------------------------------------------------------------+ 
     Clock Rise Edge                      0.000
     + Source Insertion Delay            -0.128
     = Beginpoint Arrival Time           -0.128
     Other End Path:
     +---------------------------------------------------------------------------+ 
     |      Instance       |    Arc     |   Cell    | Delay | Arrival | Required | 
     |                     |            |           |       |  Time   |   Time   | 
     |---------------------+------------+-----------+-------+---------+----------| 
     |                     | clk ^      |           |       |  -0.128 |   -0.210 | 
     | CTS_ccl_a_buf_00084 | A ^ -> Z ^ | CLKBUF_X3 | 0.050 |  -0.077 |   -0.159 | 
     | CTS_ccl_a_buf_00069 | A ^ -> Z ^ | CLKBUF_X2 | 0.078 |   0.001 |   -0.081 | 
     | _19510_             | CK ^       | DFF_X1    | 0.002 |   0.003 |   -0.079 | 
     +---------------------------------------------------------------------------+ 
Path 7: VIOLATED Hold Check with Pin _19571_/CK 
Endpoint:   _19571_/D (^) checked with  leading edge of 'aes_clk'
Beginpoint: key[60]   (^) triggered by  leading edge of 'aes_clk'
Path Groups: {aes_clk}
Analysis View: VIEW_TYP
Other End Arrival Time          0.000
+ Hold                          0.016
+ Phase Shift                   0.000
+ Uncertainty                   0.100
= Required Time                 0.117
  Arrival Time                  0.035
  Slack Time                   -0.081
     Clock Rise Edge                      0.000
     + Input Delay                        0.000
     = Beginpoint Arrival Time            0.000
     Timing Path:
     +-----------------------------------------------------------------+ 
     | Instance |     Arc      |   Cell   | Delay | Arrival | Required | 
     |          |              |          |       |  Time   |   Time   | 
     |----------+--------------+----------+-------+---------+----------| 
     |          | key[60] ^    |          |       |   0.000 |    0.081 | 
     | _13220_  | B1 ^ -> ZN v | AOI21_X1 | 0.021 |   0.021 |    0.102 | 
     | _13221_  | A v -> ZN ^  | INV_X1   | 0.014 |   0.035 |    0.117 | 
     | _19571_  | D ^          | DFF_X1   | 0.000 |   0.035 |    0.117 | 
     +-----------------------------------------------------------------+ 
     Clock Rise Edge                      0.000
     + Source Insertion Delay            -0.128
     = Beginpoint Arrival Time           -0.128
     Other End Path:
     +---------------------------------------------------------------------------+ 
     |      Instance       |    Arc     |   Cell    | Delay | Arrival | Required | 
     |                     |            |           |       |  Time   |   Time   | 
     |---------------------+------------+-----------+-------+---------+----------| 
     |                     | clk ^      |           |       |  -0.128 |   -0.209 | 
     | CTS_ccl_a_buf_00084 | A ^ -> Z ^ | CLKBUF_X3 | 0.050 |  -0.077 |   -0.159 | 
     | CTS_ccl_a_buf_00055 | A ^ -> Z ^ | CLKBUF_X3 | 0.076 |  -0.001 |   -0.083 | 
     | _19571_             | CK ^       | DFF_X1    | 0.001 |   0.000 |   -0.081 | 
     +---------------------------------------------------------------------------+ 
Path 8: VIOLATED Hold Check with Pin _19574_/CK 
Endpoint:   _19574_/D (^) checked with  leading edge of 'aes_clk'
Beginpoint: key[63]   (^) triggered by  leading edge of 'aes_clk'
Path Groups: {aes_clk}
Analysis View: VIEW_TYP
Other End Arrival Time          0.000
+ Hold                          0.016
+ Phase Shift                   0.000
+ Uncertainty                   0.100
= Required Time                 0.116
  Arrival Time                  0.035
  Slack Time                   -0.081
     Clock Rise Edge                      0.000
     + Input Delay                        0.000
     = Beginpoint Arrival Time            0.000
     Timing Path:
     +-----------------------------------------------------------------+ 
     | Instance |     Arc      |   Cell   | Delay | Arrival | Required | 
     |          |              |          |       |  Time   |   Time   | 
     |----------+--------------+----------+-------+---------+----------| 
     |          | key[63] ^    |          |       |   0.000 |    0.081 | 
     | _19153_  | B1 ^ -> ZN v | AOI21_X1 | 0.023 |   0.023 |    0.104 | 
     | _19154_  | A v -> ZN ^  | INV_X1   | 0.013 |   0.035 |    0.116 | 
     | _19574_  | D ^          | DFF_X1   | 0.000 |   0.035 |    0.116 | 
     +-----------------------------------------------------------------+ 
     Clock Rise Edge                      0.000
     + Source Insertion Delay            -0.128
     = Beginpoint Arrival Time           -0.128
     Other End Path:
     +---------------------------------------------------------------------------+ 
     |      Instance       |    Arc     |   Cell    | Delay | Arrival | Required | 
     |                     |            |           |       |  Time   |   Time   | 
     |---------------------+------------+-----------+-------+---------+----------| 
     |                     | clk ^      |           |       |  -0.128 |   -0.209 | 
     | CTS_ccl_a_buf_00084 | A ^ -> Z ^ | CLKBUF_X3 | 0.050 |  -0.077 |   -0.158 | 
     | CTS_ccl_a_buf_00055 | A ^ -> Z ^ | CLKBUF_X3 | 0.076 |  -0.001 |   -0.082 | 
     | _19574_             | CK ^       | DFF_X1    | 0.001 |   0.000 |   -0.081 | 
     +---------------------------------------------------------------------------+ 
Path 9: VIOLATED Hold Check with Pin _19572_/CK 
Endpoint:   _19572_/D (^) checked with  leading edge of 'aes_clk'
Beginpoint: key[61]   (^) triggered by  leading edge of 'aes_clk'
Path Groups: {aes_clk}
Analysis View: VIEW_TYP
Other End Arrival Time          0.000
+ Hold                          0.016
+ Phase Shift                   0.000
+ Uncertainty                   0.100
= Required Time                 0.116
  Arrival Time                  0.036
  Slack Time                   -0.080
     Clock Rise Edge                      0.000
     + Input Delay                        0.000
     = Beginpoint Arrival Time            0.000
     Timing Path:
     +-----------------------------------------------------------------+ 
     | Instance |     Arc      |   Cell   | Delay | Arrival | Required | 
     |          |              |          |       |  Time   |   Time   | 
     |----------+--------------+----------+-------+---------+----------| 
     |          | key[61] ^    |          |       |   0.000 |    0.080 | 
     | _13218_  | B1 ^ -> ZN v | AOI21_X1 | 0.022 |   0.022 |    0.102 | 
     | _13219_  | A v -> ZN ^  | INV_X1   | 0.014 |   0.036 |    0.116 | 
     | _19572_  | D ^          | DFF_X1   | 0.000 |   0.036 |    0.116 | 
     +-----------------------------------------------------------------+ 
     Clock Rise Edge                      0.000
     + Source Insertion Delay            -0.128
     = Beginpoint Arrival Time           -0.128
     Other End Path:
     +---------------------------------------------------------------------------+ 
     |      Instance       |    Arc     |   Cell    | Delay | Arrival | Required | 
     |                     |            |           |       |  Time   |   Time   | 
     |---------------------+------------+-----------+-------+---------+----------| 
     |                     | clk ^      |           |       |  -0.128 |   -0.208 | 
     | CTS_ccl_a_buf_00084 | A ^ -> Z ^ | CLKBUF_X3 | 0.050 |  -0.077 |   -0.158 | 
     | CTS_ccl_a_buf_00055 | A ^ -> Z ^ | CLKBUF_X3 | 0.076 |  -0.001 |   -0.081 | 
     | _19572_             | CK ^       | DFF_X1    | 0.001 |   0.000 |   -0.080 | 
     +---------------------------------------------------------------------------+ 
Path 10: VIOLATED Hold Check with Pin _19573_/CK 
Endpoint:   _19573_/D (^) checked with  leading edge of 'aes_clk'
Beginpoint: key[62]   (^) triggered by  leading edge of 'aes_clk'
Path Groups: {aes_clk}
Analysis View: VIEW_TYP
Other End Arrival Time         -0.000
+ Hold                          0.016
+ Phase Shift                   0.000
+ Uncertainty                   0.100
= Required Time                 0.116
  Arrival Time                  0.037
  Slack Time                   -0.079
     Clock Rise Edge                      0.000
     + Input Delay                        0.000
     = Beginpoint Arrival Time            0.000
     Timing Path:
     +-----------------------------------------------------------------+ 
     | Instance |     Arc      |   Cell   | Delay | Arrival | Required | 
     |          |              |          |       |  Time   |   Time   | 
     |----------+--------------+----------+-------+---------+----------| 
     |          | key[62] ^    |          |       |   0.000 |    0.079 | 
     | _13216_  | B1 ^ -> ZN v | AOI21_X1 | 0.024 |   0.024 |    0.103 | 
     | _13217_  | A v -> ZN ^  | INV_X1   | 0.013 |   0.037 |    0.116 | 
     | _19573_  | D ^          | DFF_X1   | 0.000 |   0.037 |    0.116 | 
     +-----------------------------------------------------------------+ 
     Clock Rise Edge                      0.000
     + Source Insertion Delay            -0.128
     = Beginpoint Arrival Time           -0.128
     Other End Path:
     +---------------------------------------------------------------------------+ 
     |      Instance       |    Arc     |   Cell    | Delay | Arrival | Required | 
     |                     |            |           |       |  Time   |   Time   | 
     |---------------------+------------+-----------+-------+---------+----------| 
     |                     | clk ^      |           |       |  -0.128 |   -0.207 | 
     | CTS_ccl_a_buf_00084 | A ^ -> Z ^ | CLKBUF_X3 | 0.050 |  -0.077 |   -0.157 | 
     | CTS_ccl_a_buf_00055 | A ^ -> Z ^ | CLKBUF_X3 | 0.076 |  -0.001 |   -0.080 | 
     | _19573_             | CK ^       | DFF_X1    | 0.001 |  -0.000 |   -0.079 | 
     +---------------------------------------------------------------------------+ 
Path 11: VIOLATED Hold Check with Pin _19507_/CK 
Endpoint:   _19507_/D (^) checked with  leading edge of 'aes_clk'
Beginpoint: key[124]  (^) triggered by  leading edge of 'aes_clk'
Path Groups: {aes_clk}
Analysis View: VIEW_TYP
Other End Arrival Time         -0.004
+ Hold                          0.015
+ Phase Shift                   0.000
+ Uncertainty                   0.100
= Required Time                 0.112
  Arrival Time                  0.035
  Slack Time                   -0.077
     Clock Rise Edge                      0.000
     + Input Delay                        0.000
     = Beginpoint Arrival Time            0.000
     Timing Path:
     +-----------------------------------------------------------------+ 
     | Instance |     Arc      |   Cell   | Delay | Arrival | Required | 
     |          |              |          |       |  Time   |   Time   | 
     |----------+--------------+----------+-------+---------+----------| 
     |          | key[124] ^   |          |       |   0.000 |    0.077 | 
     | _13092_  | B1 ^ -> ZN v | AOI21_X1 | 0.022 |   0.022 |    0.098 | 
     | _13093_  | A v -> ZN ^  | INV_X1   | 0.013 |   0.035 |    0.112 | 
     | _19507_  | D ^          | DFF_X1   | 0.000 |   0.035 |    0.112 | 
     +-----------------------------------------------------------------+ 
     Clock Rise Edge                      0.000
     + Source Insertion Delay            -0.128
     = Beginpoint Arrival Time           -0.128
     Other End Path:
     +---------------------------------------------------------------------------+ 
     |      Instance       |    Arc     |   Cell    | Delay | Arrival | Required | 
     |                     |            |           |       |  Time   |   Time   | 
     |---------------------+------------+-----------+-------+---------+----------| 
     |                     | clk ^      |           |       |  -0.128 |   -0.204 | 
     | CTS_ccl_a_buf_00084 | A ^ -> Z ^ | CLKBUF_X3 | 0.050 |  -0.077 |   -0.154 | 
     | CTS_ccl_a_buf_00047 | A ^ -> Z ^ | CLKBUF_X3 | 0.072 |  -0.005 |   -0.082 | 
     | _19507_             | CK ^       | DFF_X1    | 0.002 |  -0.004 |   -0.080 | 
     +---------------------------------------------------------------------------+ 
Path 12: VIOLATED Hold Check with Pin _19509_/CK 
Endpoint:   _19509_/D (^) checked with  leading edge of 'aes_clk'
Beginpoint: key[126]  (^) triggered by  leading edge of 'aes_clk'
Path Groups: {aes_clk}
Analysis View: VIEW_TYP
Other End Arrival Time         -0.004
+ Hold                          0.015
+ Phase Shift                   0.000
+ Uncertainty                   0.100
= Required Time                 0.112
  Arrival Time                  0.035
  Slack Time                   -0.076
     Clock Rise Edge                      0.000
     + Input Delay                        0.000
     = Beginpoint Arrival Time            0.000
     Timing Path:
     +-----------------------------------------------------------------+ 
     | Instance |     Arc      |   Cell   | Delay | Arrival | Required | 
     |          |              |          |       |  Time   |   Time   | 
     |----------+--------------+----------+-------+---------+----------| 
     |          | key[126] ^   |          |       |   0.000 |    0.076 | 
     | _13086_  | B2 ^ -> ZN v | AOI21_X1 | 0.022 |   0.022 |    0.098 | 
     | _13087_  | A v -> ZN ^  | INV_X1   | 0.014 |   0.036 |    0.112 | 
     | _19509_  | D ^          | DFF_X1   | 0.000 |   0.035 |    0.112 | 
     +-----------------------------------------------------------------+ 
     Clock Rise Edge                      0.000
     + Source Insertion Delay            -0.128
     = Beginpoint Arrival Time           -0.128
     Other End Path:
     +---------------------------------------------------------------------------+ 
     |      Instance       |    Arc     |   Cell    | Delay | Arrival | Required | 
     |                     |            |           |       |  Time   |   Time   | 
     |---------------------+------------+-----------+-------+---------+----------| 
     |                     | clk ^      |           |       |  -0.128 |   -0.204 | 
     | CTS_ccl_a_buf_00084 | A ^ -> Z ^ | CLKBUF_X3 | 0.050 |  -0.077 |   -0.154 | 
     | CTS_ccl_a_buf_00047 | A ^ -> Z ^ | CLKBUF_X3 | 0.072 |  -0.005 |   -0.082 | 
     | _19509_             | CK ^       | DFF_X1    | 0.002 |  -0.004 |   -0.080 | 
     +---------------------------------------------------------------------------+ 
Path 13: VIOLATED Hold Check with Pin _19554_/CK 
Endpoint:   _19554_/D (^) checked with  leading edge of 'aes_clk'
Beginpoint: key[43]   (^) triggered by  leading edge of 'aes_clk'
Path Groups: {aes_clk}
Analysis View: VIEW_TYP
Other End Arrival Time          0.001
+ Hold                          0.017
+ Phase Shift                   0.000
+ Uncertainty                   0.100
= Required Time                 0.119
  Arrival Time                  0.044
  Slack Time                   -0.075
     Clock Rise Edge                      0.000
     + Input Delay                        0.000
     = Beginpoint Arrival Time            0.000
     Timing Path:
     +-----------------------------------------------------------------+ 
     | Instance |     Arc      |   Cell   | Delay | Arrival | Required | 
     |          |              |          |       |  Time   |   Time   | 
     |----------+--------------+----------+-------+---------+----------| 
     |          | key[43] ^    |          |       |   0.000 |    0.075 | 
     | _13253_  | A2 ^ -> ZN v | NAND2_X1 | 0.024 |   0.024 |    0.098 | 
     | _13255_  | A v -> ZN ^  | OAI21_X1 | 0.021 |   0.044 |    0.119 | 
     | _19554_  | D ^          | DFF_X1   | 0.000 |   0.044 |    0.119 | 
     +-----------------------------------------------------------------+ 
     Clock Rise Edge                      0.000
     + Source Insertion Delay            -0.128
     = Beginpoint Arrival Time           -0.128
     Other End Path:
     +---------------------------------------------------------------------------+ 
     |      Instance       |    Arc     |   Cell    | Delay | Arrival | Required | 
     |                     |            |           |       |  Time   |   Time   | 
     |---------------------+------------+-----------+-------+---------+----------| 
     |                     | clk ^      |           |       |  -0.128 |   -0.202 | 
     | CTS_ccl_a_buf_00084 | A ^ -> Z ^ | CLKBUF_X3 | 0.050 |  -0.077 |   -0.152 | 
     | CTS_ccl_a_buf_00057 | A ^ -> Z ^ | CLKBUF_X3 | 0.076 |  -0.002 |   -0.076 | 
     | _19554_             | CK ^       | DFF_X1    | 0.003 |   0.001 |   -0.073 | 
     +---------------------------------------------------------------------------+ 
Path 14: VIOLATED Hold Check with Pin _19189_/CK 
Endpoint:   _19189_/D  (^) checked with  leading edge of 'aes_clk'
Beginpoint: text_in[0] (^) triggered by  leading edge of 'aes_clk'
Path Groups: {aes_clk}
Analysis View: VIEW_TYP
Other End Arrival Time          0.002
+ Hold                          0.017
+ Phase Shift                   0.000
+ Uncertainty                   0.100
= Required Time                 0.119
  Arrival Time                  0.045
  Slack Time                   -0.074
     Clock Rise Edge                      0.000
     + Input Delay                        0.000
     = Beginpoint Arrival Time            0.000
     Timing Path:
     +----------------------------------------------------------------+ 
     | Instance |     Arc      |  Cell   | Delay | Arrival | Required | 
     |          |              |         |       |  Time   |   Time   | 
     |----------+--------------+---------+-------+---------+----------| 
     |          | text_in[0] ^ |         |       |   0.000 |    0.074 | 
     | _17591_  | B ^ -> Z ^   | MUX2_X1 | 0.045 |   0.045 |    0.119 | 
     | _19189_  | D ^          | DFF_X1  | 0.000 |   0.045 |    0.119 | 
     +----------------------------------------------------------------+ 
     Clock Rise Edge                      0.000
     + Source Insertion Delay            -0.128
     = Beginpoint Arrival Time           -0.128
     Other End Path:
     +---------------------------------------------------------------------------+ 
     |      Instance       |    Arc     |   Cell    | Delay | Arrival | Required | 
     |                     |            |           |       |  Time   |   Time   | 
     |---------------------+------------+-----------+-------+---------+----------| 
     |                     | clk ^      |           |       |  -0.128 |   -0.201 | 
     | CTS_ccl_a_buf_00084 | A ^ -> Z ^ | CLKBUF_X3 | 0.050 |  -0.077 |   -0.151 | 
     | CTS_ccl_a_buf_00049 | A ^ -> Z ^ | CLKBUF_X3 | 0.076 |  -0.002 |   -0.075 | 
     | _19189_             | CK ^       | DFF_X1    | 0.004 |   0.002 |   -0.072 | 
     +---------------------------------------------------------------------------+ 
Path 15: VIOLATED Hold Check with Pin _19207_/CK 
Endpoint:   _19207_/D   (^) checked with  leading edge of 'aes_clk'
Beginpoint: text_in[18] (^) triggered by  leading edge of 'aes_clk'
Path Groups: {aes_clk}
Analysis View: VIEW_TYP
Other End Arrival Time          0.002
+ Hold                          0.017
+ Phase Shift                   0.000
+ Uncertainty                   0.100
= Required Time                 0.119
  Arrival Time                  0.045
  Slack Time                   -0.074
     Clock Rise Edge                      0.000
     + Input Delay                        0.000
     = Beginpoint Arrival Time            0.000
     Timing Path:
     +-----------------------------------------------------------------+ 
     | Instance |      Arc      |  Cell   | Delay | Arrival | Required | 
     |          |               |         |       |  Time   |   Time   | 
     |----------+---------------+---------+-------+---------+----------| 
     |          | text_in[18] ^ |         |       |   0.000 |    0.074 | 
     | _17573_  | B ^ -> Z ^    | MUX2_X1 | 0.045 |   0.045 |    0.119 | 
     | _19207_  | D ^           | DFF_X1  | 0.000 |   0.045 |    0.119 | 
     +-----------------------------------------------------------------+ 
     Clock Rise Edge                      0.000
     + Source Insertion Delay            -0.128
     = Beginpoint Arrival Time           -0.128
     Other End Path:
     +---------------------------------------------------------------------------+ 
     |      Instance       |    Arc     |   Cell    | Delay | Arrival | Required | 
     |                     |            |           |       |  Time   |   Time   | 
     |---------------------+------------+-----------+-------+---------+----------| 
     |                     | clk ^      |           |       |  -0.128 |   -0.201 | 
     | CTS_ccl_a_buf_00084 | A ^ -> Z ^ | CLKBUF_X3 | 0.050 |  -0.077 |   -0.151 | 
     | CTS_ccl_a_buf_00049 | A ^ -> Z ^ | CLKBUF_X3 | 0.076 |  -0.002 |   -0.075 | 
     | _19207_             | CK ^       | DFF_X1    | 0.004 |   0.002 |   -0.072 | 
     +---------------------------------------------------------------------------+ 
Path 16: VIOLATED Hold Check with Pin _19209_/CK 
Endpoint:   _19209_/D   (^) checked with  leading edge of 'aes_clk'
Beginpoint: text_in[20] (^) triggered by  leading edge of 'aes_clk'
Path Groups: {aes_clk}
Analysis View: VIEW_TYP
Other End Arrival Time          0.002
+ Hold                          0.017
+ Phase Shift                   0.000
+ Uncertainty                   0.100
= Required Time                 0.118
  Arrival Time                  0.045
  Slack Time                   -0.073
     Clock Rise Edge                      0.000
     + Input Delay                        0.000
     = Beginpoint Arrival Time            0.000
     Timing Path:
     +-----------------------------------------------------------------+ 
     | Instance |      Arc      |  Cell   | Delay | Arrival | Required | 
     |          |               |         |       |  Time   |   Time   | 
     |----------+---------------+---------+-------+---------+----------| 
     |          | text_in[20] ^ |         |       |   0.000 |    0.073 | 
     | _17571_  | B ^ -> Z ^    | MUX2_X1 | 0.045 |   0.045 |    0.118 | 
     | _19209_  | D ^           | DFF_X1  | 0.000 |   0.045 |    0.118 | 
     +-----------------------------------------------------------------+ 
     Clock Rise Edge                      0.000
     + Source Insertion Delay            -0.128
     = Beginpoint Arrival Time           -0.128
     Other End Path:
     +---------------------------------------------------------------------------+ 
     |      Instance       |    Arc     |   Cell    | Delay | Arrival | Required | 
     |                     |            |           |       |  Time   |   Time   | 
     |---------------------+------------+-----------+-------+---------+----------| 
     |                     | clk ^      |           |       |  -0.128 |   -0.201 | 
     | CTS_ccl_a_buf_00084 | A ^ -> Z ^ | CLKBUF_X3 | 0.050 |  -0.077 |   -0.151 | 
     | CTS_ccl_a_buf_00049 | A ^ -> Z ^ | CLKBUF_X3 | 0.076 |  -0.002 |   -0.075 | 
     | _19209_             | CK ^       | DFF_X1    | 0.004 |   0.002 |   -0.072 | 
     +---------------------------------------------------------------------------+ 
Path 17: VIOLATED Hold Check with Pin _19498_/CK 
Endpoint:   _19498_/D (^) checked with  leading edge of 'aes_clk'
Beginpoint: key[115]  (^) triggered by  leading edge of 'aes_clk'
Path Groups: {aes_clk}
Analysis View: VIEW_TYP
Other End Arrival Time          0.002
+ Hold                          0.018
+ Phase Shift                   0.000
+ Uncertainty                   0.100
= Required Time                 0.120
  Arrival Time                  0.047
  Slack Time                   -0.073
     Clock Rise Edge                      0.000
     + Input Delay                        0.000
     = Beginpoint Arrival Time            0.000
     Timing Path:
     +--------------------------------------------------------------+ 
     | Instance |    Arc     |  Cell   | Delay | Arrival | Required | 
     |          |            |         |       |  Time   |   Time   | 
     |----------+------------+---------+-------+---------+----------| 
     |          | key[115] ^ |         |       |   0.000 |    0.073 | 
     | _13115_  | A ^ -> Z ^ | MUX2_X1 | 0.047 |   0.047 |    0.120 | 
     | _19498_  | D ^        | DFF_X1  | 0.000 |   0.047 |    0.120 | 
     +--------------------------------------------------------------+ 
     Clock Rise Edge                      0.000
     + Source Insertion Delay            -0.128
     = Beginpoint Arrival Time           -0.128
     Other End Path:
     +---------------------------------------------------------------------------+ 
     |      Instance       |    Arc     |   Cell    | Delay | Arrival | Required | 
     |                     |            |           |       |  Time   |   Time   | 
     |---------------------+------------+-----------+-------+---------+----------| 
     |                     | clk ^      |           |       |  -0.128 |   -0.201 | 
     | CTS_ccl_a_buf_00084 | A ^ -> Z ^ | CLKBUF_X3 | 0.050 |  -0.077 |   -0.151 | 
     | CTS_ccl_a_buf_00069 | A ^ -> Z ^ | CLKBUF_X2 | 0.078 |   0.001 |   -0.073 | 
     | _19498_             | CK ^       | DFF_X1    | 0.001 |   0.002 |   -0.072 | 
     +---------------------------------------------------------------------------+ 
Path 18: VIOLATED Hold Check with Pin _19206_/CK 
Endpoint:   _19206_/D   (^) checked with  leading edge of 'aes_clk'
Beginpoint: text_in[17] (^) triggered by  leading edge of 'aes_clk'
Path Groups: {aes_clk}
Analysis View: VIEW_TYP
Other End Arrival Time          0.002
+ Hold                          0.017
+ Phase Shift                   0.000
+ Uncertainty                   0.100
= Required Time                 0.119
  Arrival Time                  0.045
  Slack Time                   -0.073
     Clock Rise Edge                      0.000
     + Input Delay                        0.000
     = Beginpoint Arrival Time            0.000
     Timing Path:
     +-----------------------------------------------------------------+ 
     | Instance |      Arc      |  Cell   | Delay | Arrival | Required | 
     |          |               |         |       |  Time   |   Time   | 
     |----------+---------------+---------+-------+---------+----------| 
     |          | text_in[17] ^ |         |       |   0.000 |    0.073 | 
     | _17574_  | B ^ -> Z ^    | MUX2_X1 | 0.045 |   0.045 |    0.119 | 
     | _19206_  | D ^           | DFF_X1  | 0.000 |   0.045 |    0.119 | 
     +-----------------------------------------------------------------+ 
     Clock Rise Edge                      0.000
     + Source Insertion Delay            -0.128
     = Beginpoint Arrival Time           -0.128
     Other End Path:
     +---------------------------------------------------------------------------+ 
     |      Instance       |    Arc     |   Cell    | Delay | Arrival | Required | 
     |                     |            |           |       |  Time   |   Time   | 
     |---------------------+------------+-----------+-------+---------+----------| 
     |                     | clk ^      |           |       |  -0.128 |   -0.201 | 
     | CTS_ccl_a_buf_00084 | A ^ -> Z ^ | CLKBUF_X3 | 0.050 |  -0.077 |   -0.151 | 
     | CTS_ccl_a_buf_00049 | A ^ -> Z ^ | CLKBUF_X3 | 0.076 |  -0.002 |   -0.075 | 
     | _19206_             | CK ^       | DFF_X1    | 0.004 |   0.002 |   -0.071 | 
     +---------------------------------------------------------------------------+ 
Path 19: VIOLATED Hold Check with Pin _19191_/CK 
Endpoint:   _19191_/D  (^) checked with  leading edge of 'aes_clk'
Beginpoint: text_in[2] (^) triggered by  leading edge of 'aes_clk'
Path Groups: {aes_clk}
Analysis View: VIEW_TYP
Other End Arrival Time          0.002
+ Hold                          0.017
+ Phase Shift                   0.000
+ Uncertainty                   0.100
= Required Time                 0.119
  Arrival Time                  0.046
  Slack Time                   -0.073
     Clock Rise Edge                      0.000
     + Input Delay                        0.000
     = Beginpoint Arrival Time            0.000
     Timing Path:
     +----------------------------------------------------------------+ 
     | Instance |     Arc      |  Cell   | Delay | Arrival | Required | 
     |          |              |         |       |  Time   |   Time   | 
     |----------+--------------+---------+-------+---------+----------| 
     |          | text_in[2] ^ |         |       |   0.000 |    0.073 | 
     | _17589_  | B ^ -> Z ^   | MUX2_X1 | 0.046 |   0.046 |    0.119 | 
     | _19191_  | D ^          | DFF_X1  | 0.000 |   0.046 |    0.119 | 
     +----------------------------------------------------------------+ 
     Clock Rise Edge                      0.000
     + Source Insertion Delay            -0.128
     = Beginpoint Arrival Time           -0.128
     Other End Path:
     +---------------------------------------------------------------------------+ 
     |      Instance       |    Arc     |   Cell    | Delay | Arrival | Required | 
     |                     |            |           |       |  Time   |   Time   | 
     |---------------------+------------+-----------+-------+---------+----------| 
     |                     | clk ^      |           |       |  -0.128 |   -0.201 | 
     | CTS_ccl_a_buf_00084 | A ^ -> Z ^ | CLKBUF_X3 | 0.050 |  -0.077 |   -0.151 | 
     | CTS_ccl_a_buf_00049 | A ^ -> Z ^ | CLKBUF_X3 | 0.076 |  -0.002 |   -0.075 | 
     | _19191_             | CK ^       | DFF_X1    | 0.004 |   0.002 |   -0.071 | 
     +---------------------------------------------------------------------------+ 
Path 20: VIOLATED Hold Check with Pin _19205_/CK 
Endpoint:   _19205_/D   (^) checked with  leading edge of 'aes_clk'
Beginpoint: text_in[16] (^) triggered by  leading edge of 'aes_clk'
Path Groups: {aes_clk}
Analysis View: VIEW_TYP
Other End Arrival Time          0.002
+ Hold                          0.017
+ Phase Shift                   0.000
+ Uncertainty                   0.100
= Required Time                 0.118
  Arrival Time                  0.045
  Slack Time                   -0.073
     Clock Rise Edge                      0.000
     + Input Delay                        0.000
     = Beginpoint Arrival Time            0.000
     Timing Path:
     +-----------------------------------------------------------------+ 
     | Instance |      Arc      |  Cell   | Delay | Arrival | Required | 
     |          |               |         |       |  Time   |   Time   | 
     |----------+---------------+---------+-------+---------+----------| 
     |          | text_in[16] ^ |         |       |   0.000 |    0.073 | 
     | _17575_  | B ^ -> Z ^    | MUX2_X1 | 0.045 |   0.045 |    0.118 | 
     | _19205_  | D ^           | DFF_X1  | 0.000 |   0.045 |    0.118 | 
     +-----------------------------------------------------------------+ 
     Clock Rise Edge                      0.000
     + Source Insertion Delay            -0.128
     = Beginpoint Arrival Time           -0.128
     Other End Path:
     +---------------------------------------------------------------------------+ 
     |      Instance       |    Arc     |   Cell    | Delay | Arrival | Required | 
     |                     |            |           |       |  Time   |   Time   | 
     |---------------------+------------+-----------+-------+---------+----------| 
     |                     | clk ^      |           |       |  -0.128 |   -0.201 | 
     | CTS_ccl_a_buf_00084 | A ^ -> Z ^ | CLKBUF_X3 | 0.050 |  -0.077 |   -0.151 | 
     | CTS_ccl_a_buf_00049 | A ^ -> Z ^ | CLKBUF_X3 | 0.076 |  -0.002 |   -0.075 | 
     | _19205_             | CK ^       | DFF_X1    | 0.004 |   0.002 |   -0.071 | 
     +---------------------------------------------------------------------------+ 

