###############################################################
#  Generated by:      Cadence Innovus 19.10-p002_1
#  OS:                Linux x86_64(Host ID qingteng)
#  Generated on:      Sun Aug 16 19:14:54 2026
#  Design:            aes_cipher_top
#  Command:           report_timing -late -max_paths 20 -path_type full_clock
###############################################################
#################################################################################
# Design Stage: PreRoute
# Design Name: aes_cipher_top
# Design Mode: 45nm
# Analysis Mode: MMMC Non-OCV 
# Parasitics Mode: No SPEF/RCDB
# Signoff Settings: SI Off 
#################################################################################
Extraction called for design 'aes_cipher_top' of instances=12414 and nets=12260 using extraction engine 'preRoute' .
PreRoute RC Extraction called for design aes_cipher_top.
RC Extraction called in multi-corner(1) mode.
RCMode: PreRoute
      RC Corner Indexes            0   
Capacitance Scaling Factor   : 1.00000 
Resistance Scaling Factor    : 1.00000 
Clock Cap. Scaling Factor    : 1.00000 
Clock Res. Scaling Factor    : 1.00000 
Shrink Factor                : 1.00000
PreRoute extraction is honoring NDR/Shielding/ExtraSpace for clock nets.
Using capacitance table file ...
Initializing multi-corner capacitance tables ... 
Initializing multi-corner resistance tables ...
PreRoute RC Extraction DONE (CPU Time: 0:00:00.1  Real Time: 0:00:00.0  MEM: 899.340M)
Calculate delays in Single mode...
Start delay calculation (fullDC) (1 T). (MEM=933.59)
siFlow : Timing analysis mode is single, using late cdB files
Total number of fetched objects 12227
AAE_INFO: Total number of nets for which stage creation was skipped for all views 0
End delay calculation. (MEM=1026.04 CPU=0:00:01.3 REAL=0:00:01.0)
End delay calculation (fullDC). (MEM=1026.04 CPU=0:00:02.0 REAL=0:00:02.0)
Path 1: MET Setup Check with Pin _19318_/CK 
Endpoint:   _19318_/D (^) checked with  leading edge of 'aes_clk'
Beginpoint: _19477_/Q (v) triggered by  leading edge of 'aes_clk'
Path Groups: {aes_clk}
Analysis View: VIEW_TYP
Other End Arrival Time          0.001
- Setup                         0.036
+ Phase Shift                   2.000
- Uncertainty                   0.100
= Required Time                 1.866
- Arrival Time                  1.611
= Slack Time                    0.255
     Clock Rise Edge                      0.000
     + Source Insertion Delay            -0.128
     = Beginpoint Arrival Time           -0.128
     Timing Path:
     +-----------------------------------------------------------------------------+ 
     |      Instance       |     Arc      |   Cell    | Delay | Arrival | Required | 
     |                     |              |           |       |  Time   |   Time   | 
     |---------------------+--------------+-----------+-------+---------+----------| 
     |                     | clk ^        |           |       |  -0.128 |    0.127 | 
     | CTS_ccl_a_buf_00084 | A ^ -> Z ^   | CLKBUF_X3 | 0.050 |  -0.077 |    0.178 | 
     | CTS_ccl_a_buf_00067 | A ^ -> Z ^   | CLKBUF_X3 | 0.076 |  -0.002 |    0.253 | 
     | _19477_             | CK ^ -> Q v  | DFF_X1    | 0.124 |   0.123 |    0.378 | 
     | FE_OFC18_ld_r       | A v -> Z v   | BUF_X1    | 0.081 |   0.204 |    0.459 | 
     | FE_OFC19_ld_r       | A v -> Z v   | BUF_X1    | 0.081 |   0.285 |    0.540 | 
     | _09768_             | A v -> ZN ^  | INV_X1    | 0.081 |   0.366 |    0.621 | 
     | FE_OFC31_00986      | A ^ -> Z ^   | BUF_X1    | 0.102 |   0.468 |    0.723 | 
     | FE_OFC34_00986      | A ^ -> Z ^   | BUF_X1    | 0.106 |   0.575 |    0.830 | 
     | FE_OFC38_00986      | A ^ -> Z ^   | BUF_X1    | 0.102 |   0.676 |    0.931 | 
     | FE_OFC40_00986      | A ^ -> Z ^   | BUF_X1    | 0.094 |   0.770 |    1.025 | 
     | FE_OFC41_00986      | A ^ -> Z ^   | BUF_X1    | 0.084 |   0.854 |    1.109 | 
     | _16115_             | S ^ -> Z v   | MUX2_X1   | 0.079 |   0.933 |    1.188 | 
     | _16116_             | B v -> ZN ^  | XNOR2_X1  | 0.053 |   0.985 |    1.240 | 
     | FE_OFC464_07107     | A ^ -> Z ^   | BUF_X1    | 0.095 |   1.080 |    1.335 | 
     | FE_OFC465_07107     | A ^ -> Z ^   | BUF_X1    | 0.102 |   1.182 |    1.437 | 
     | FE_OFC466_07107     | A ^ -> Z ^   | BUF_X1    | 0.097 |   1.279 |    1.534 | 
     | FE_OFC467_07107     | A ^ -> Z ^   | BUF_X1    | 0.103 |   1.382 |    1.637 | 
     | _16419_             | A ^ -> ZN v  | OAI21_X1  | 0.036 |   1.417 |    1.672 | 
     | _16425_             | B2 v -> ZN ^ | OAI221_X1 | 0.058 |   1.476 |    1.731 | 
     | _16427_             | A ^ -> ZN v  | OAI21_X1  | 0.025 |   1.501 |    1.756 | 
     | _16428_             | B v -> Z v   | MUX2_X1   | 0.059 |   1.560 |    1.815 | 
     | _16447_             | A2 v -> ZN ^ | OAI22_X1  | 0.050 |   1.610 |    1.865 | 
     | _19318_             | D ^          | DFF_X1    | 0.000 |   1.611 |    1.866 | 
     +-----------------------------------------------------------------------------+ 
     Clock Rise Edge                      0.000
     + Source Insertion Delay            -0.128
     = Beginpoint Arrival Time           -0.128
     Other End Path:
     +---------------------------------------------------------------------------+ 
     |      Instance       |    Arc     |   Cell    | Delay | Arrival | Required | 
     |                     |            |           |       |  Time   |   Time   | 
     |---------------------+------------+-----------+-------+---------+----------| 
     |                     | clk ^      |           |       |  -0.128 |   -0.383 | 
     | CTS_ccl_a_buf_00084 | A ^ -> Z ^ | CLKBUF_X3 | 0.050 |  -0.077 |   -0.332 | 
     | CTS_ccl_a_buf_00067 | A ^ -> Z ^ | CLKBUF_X3 | 0.076 |  -0.002 |   -0.257 | 
     | _19318_             | CK ^       | DFF_X1    | 0.003 |   0.001 |   -0.254 | 
     +---------------------------------------------------------------------------+ 
Path 2: MET Setup Check with Pin _19317_/CK 
Endpoint:   _19317_/D (v) checked with  leading edge of 'aes_clk'
Beginpoint: _19477_/Q (v) triggered by  leading edge of 'aes_clk'
Path Groups: {aes_clk}
Analysis View: VIEW_TYP
Other End Arrival Time          0.001
- Setup                         0.030
+ Phase Shift                   2.000
- Uncertainty                   0.100
= Required Time                 1.871
- Arrival Time                  1.601
= Slack Time                    0.271
     Clock Rise Edge                      0.000
     + Source Insertion Delay            -0.128
     = Beginpoint Arrival Time           -0.128
     Timing Path:
     +-----------------------------------------------------------------------------+ 
     |      Instance       |     Arc      |   Cell    | Delay | Arrival | Required | 
     |                     |              |           |       |  Time   |   Time   | 
     |---------------------+--------------+-----------+-------+---------+----------| 
     |                     | clk ^        |           |       |  -0.128 |    0.143 | 
     | CTS_ccl_a_buf_00084 | A ^ -> Z ^   | CLKBUF_X3 | 0.050 |  -0.077 |    0.193 | 
     | CTS_ccl_a_buf_00067 | A ^ -> Z ^   | CLKBUF_X3 | 0.076 |  -0.002 |    0.269 | 
     | _19477_             | CK ^ -> Q v  | DFF_X1    | 0.124 |   0.123 |    0.393 | 
     | FE_OFC18_ld_r       | A v -> Z v   | BUF_X1    | 0.081 |   0.204 |    0.474 | 
     | FE_OFC19_ld_r       | A v -> Z v   | BUF_X1    | 0.081 |   0.285 |    0.556 | 
     | _09768_             | A v -> ZN ^  | INV_X1    | 0.081 |   0.366 |    0.637 | 
     | FE_OFC31_00986      | A ^ -> Z ^   | BUF_X1    | 0.102 |   0.468 |    0.739 | 
     | FE_OFC34_00986      | A ^ -> Z ^   | BUF_X1    | 0.106 |   0.575 |    0.845 | 
     | FE_OFC38_00986      | A ^ -> Z ^   | BUF_X1    | 0.102 |   0.676 |    0.947 | 
     | FE_OFC40_00986      | A ^ -> Z ^   | BUF_X1    | 0.094 |   0.770 |    1.040 | 
     | FE_OFC41_00986      | A ^ -> Z ^   | BUF_X1    | 0.084 |   0.854 |    1.124 | 
     | _16115_             | S ^ -> Z v   | MUX2_X1   | 0.079 |   0.933 |    1.203 | 
     | _16116_             | B v -> ZN ^  | XNOR2_X1  | 0.053 |   0.985 |    1.256 | 
     | FE_OFC464_07107     | A ^ -> Z ^   | BUF_X1    | 0.095 |   1.080 |    1.351 | 
     | FE_OFC465_07107     | A ^ -> Z ^   | BUF_X1    | 0.102 |   1.182 |    1.452 | 
     | FE_OFC466_07107     | A ^ -> Z ^   | BUF_X1    | 0.097 |   1.279 |    1.549 | 
     | FE_OFC467_07107     | A ^ -> Z ^   | BUF_X1    | 0.103 |   1.382 |    1.652 | 
     | _16450_             | A ^ -> ZN v  | OAI21_X1  | 0.031 |   1.412 |    1.683 | 
     | _16451_             | B2 v -> ZN ^ | OAI33_X1  | 0.087 |   1.499 |    1.770 | 
     | _16469_             | C1 ^ -> ZN v | OAI211_X1 | 0.029 |   1.528 |    1.799 | 
     | _16470_             | B2 v -> ZN ^ | AOI21_X1  | 0.047 |   1.575 |    1.846 | 
     | _16474_             | A1 ^ -> ZN v | NOR2_X1   | 0.024 |   1.599 |    1.870 | 
     | _19317_             | D v          | DFF_X1    | 0.002 |   1.601 |    1.871 | 
     +-----------------------------------------------------------------------------+ 
     Clock Rise Edge                      0.000
     + Source Insertion Delay            -0.128
     = Beginpoint Arrival Time           -0.128
     Other End Path:
     +---------------------------------------------------------------------------+ 
     |      Instance       |    Arc     |   Cell    | Delay | Arrival | Required | 
     |                     |            |           |       |  Time   |   Time   | 
     |---------------------+------------+-----------+-------+---------+----------| 
     |                     | clk ^      |           |       |  -0.128 |   -0.398 | 
     | CTS_ccl_a_buf_00086 | A ^ -> Z ^ | CLKBUF_X3 | 0.052 |  -0.075 |   -0.346 | 
     | CTS_ccl_a_buf_00071 | A ^ -> Z ^ | CLKBUF_X3 | 0.074 |  -0.001 |   -0.272 | 
     | _19317_             | CK ^       | DFF_X1    | 0.002 |   0.001 |   -0.270 | 
     +---------------------------------------------------------------------------+ 
Path 3: MET Setup Check with Pin _19319_/CK 
Endpoint:   _19319_/D (v) checked with  leading edge of 'aes_clk'
Beginpoint: _19477_/Q (v) triggered by  leading edge of 'aes_clk'
Path Groups: {aes_clk}
Analysis View: VIEW_TYP
Other End Arrival Time          0.001
- Setup                         0.029
+ Phase Shift                   2.000
- Uncertainty                   0.100
= Required Time                 1.872
- Arrival Time                  1.578
= Slack Time                    0.295
     Clock Rise Edge                      0.000
     + Source Insertion Delay            -0.128
     = Beginpoint Arrival Time           -0.128
     Timing Path:
     +-----------------------------------------------------------------------------+ 
     |      Instance       |     Arc      |   Cell    | Delay | Arrival | Required | 
     |                     |              |           |       |  Time   |   Time   | 
     |---------------------+--------------+-----------+-------+---------+----------| 
     |                     | clk ^        |           |       |  -0.128 |    0.167 | 
     | CTS_ccl_a_buf_00084 | A ^ -> Z ^   | CLKBUF_X3 | 0.050 |  -0.077 |    0.217 | 
     | CTS_ccl_a_buf_00067 | A ^ -> Z ^   | CLKBUF_X3 | 0.076 |  -0.002 |    0.293 | 
     | _19477_             | CK ^ -> Q v  | DFF_X1    | 0.124 |   0.123 |    0.418 | 
     | FE_OFC18_ld_r       | A v -> Z v   | BUF_X1    | 0.081 |   0.204 |    0.498 | 
     | FE_OFC19_ld_r       | A v -> Z v   | BUF_X1    | 0.081 |   0.285 |    0.580 | 
     | _09768_             | A v -> ZN ^  | INV_X1    | 0.081 |   0.366 |    0.661 | 
     | FE_OFC31_00986      | A ^ -> Z ^   | BUF_X1    | 0.102 |   0.468 |    0.763 | 
     | FE_OFC34_00986      | A ^ -> Z ^   | BUF_X1    | 0.106 |   0.575 |    0.869 | 
     | FE_OFC38_00986      | A ^ -> Z ^   | BUF_X1    | 0.102 |   0.676 |    0.971 | 
     | FE_OFC40_00986      | A ^ -> Z ^   | BUF_X1    | 0.094 |   0.770 |    1.065 | 
     | FE_OFC41_00986      | A ^ -> Z ^   | BUF_X1    | 0.084 |   0.854 |    1.148 | 
     | _16115_             | S ^ -> Z v   | MUX2_X1   | 0.079 |   0.933 |    1.227 | 
     | _16117_             | B v -> Z ^   | XOR2_X1   | 0.052 |   0.985 |    1.280 | 
     | FE_OFC468_07108     | A ^ -> Z ^   | BUF_X1    | 0.085 |   1.070 |    1.365 | 
     | FE_OFC469_07108     | A ^ -> Z ^   | BUF_X1    | 0.093 |   1.163 |    1.458 | 
     | FE_OFC470_07108     | A ^ -> Z ^   | BUF_X1    | 0.101 |   1.264 |    1.559 | 
     | FE_OFC471_07108     | A ^ -> Z ^   | BUF_X1    | 0.105 |   1.369 |    1.664 | 
     | _16270_             | A ^ -> ZN v  | OAI21_X1  | 0.031 |   1.400 |    1.695 | 
     | _16387_             | A v -> ZN ^  | AOI21_X1  | 0.044 |   1.444 |    1.739 | 
     | _16389_             | B1 ^ -> ZN v | OAI21_X1  | 0.020 |   1.464 |    1.759 | 
     | _16391_             | A v -> ZN ^  | OAI21_X1  | 0.025 |   1.489 |    1.784 | 
     | _16394_             | A2 ^ -> ZN v | AOI22_X1  | 0.016 |   1.506 |    1.800 | 
     | _16414_             | A v -> Z v   | MUX2_X1   | 0.071 |   1.577 |    1.872 | 
     | _19319_             | D v          | DFF_X1    | 0.000 |   1.578 |    1.872 | 
     +-----------------------------------------------------------------------------+ 
     Clock Rise Edge                      0.000
     + Source Insertion Delay            -0.128
     = Beginpoint Arrival Time           -0.128
     Other End Path:
     +---------------------------------------------------------------------------+ 
     |      Instance       |    Arc     |   Cell    | Delay | Arrival | Required | 
     |                     |            |           |       |  Time   |   Time   | 
     |---------------------+------------+-----------+-------+---------+----------| 
     |                     | clk ^      |           |       |  -0.128 |   -0.422 | 
     | CTS_ccl_a_buf_00084 | A ^ -> Z ^ | CLKBUF_X3 | 0.050 |  -0.077 |   -0.372 | 
     | CTS_ccl_a_buf_00067 | A ^ -> Z ^ | CLKBUF_X3 | 0.076 |  -0.002 |   -0.296 | 
     | _19319_             | CK ^       | DFF_X1    | 0.003 |   0.001 |   -0.293 | 
     +---------------------------------------------------------------------------+ 
Path 4: MET Setup Check with Pin _19324_/CK 
Endpoint:   _19324_/D (v) checked with  leading edge of 'aes_clk'
Beginpoint: _19477_/Q (v) triggered by  leading edge of 'aes_clk'
Path Groups: {aes_clk}
Analysis View: VIEW_TYP
Other End Arrival Time          0.001
- Setup                         0.030
+ Phase Shift                   2.000
- Uncertainty                   0.100
= Required Time                 1.871
- Arrival Time                  1.572
= Slack Time                    0.300
     Clock Rise Edge                      0.000
     + Source Insertion Delay            -0.128
     = Beginpoint Arrival Time           -0.128
     Timing Path:
     +-----------------------------------------------------------------------------+ 
     |      Instance       |     Arc      |   Cell    | Delay | Arrival | Required | 
     |                     |              |           |       |  Time   |   Time   | 
     |---------------------+--------------+-----------+-------+---------+----------| 
     |                     | clk ^        |           |       |  -0.128 |    0.172 | 
     | CTS_ccl_a_buf_00084 | A ^ -> Z ^   | CLKBUF_X3 | 0.050 |  -0.077 |    0.222 | 
     | CTS_ccl_a_buf_00067 | A ^ -> Z ^   | CLKBUF_X3 | 0.076 |  -0.002 |    0.298 | 
     | _19477_             | CK ^ -> Q v  | DFF_X1    | 0.124 |   0.123 |    0.423 | 
     | FE_OFC18_ld_r       | A v -> Z v   | BUF_X1    | 0.081 |   0.204 |    0.503 | 
     | FE_OFC19_ld_r       | A v -> Z v   | BUF_X1    | 0.081 |   0.285 |    0.585 | 
     | _09768_             | A v -> ZN ^  | INV_X1    | 0.081 |   0.366 |    0.666 | 
     | FE_OFC31_00986      | A ^ -> Z ^   | BUF_X1    | 0.102 |   0.468 |    0.768 | 
     | FE_OFC34_00986      | A ^ -> Z ^   | BUF_X1    | 0.106 |   0.575 |    0.874 | 
     | FE_OFC38_00986      | A ^ -> Z ^   | BUF_X1    | 0.102 |   0.676 |    0.976 | 
     | FE_OFC40_00986      | A ^ -> Z ^   | BUF_X1    | 0.094 |   0.770 |    1.070 | 
     | FE_OFC41_00986      | A ^ -> Z ^   | BUF_X1    | 0.084 |   0.854 |    1.153 | 
     | _16115_             | S ^ -> Z v   | MUX2_X1   | 0.079 |   0.933 |    1.232 | 
     | _16116_             | B v -> ZN ^  | XNOR2_X1  | 0.053 |   0.985 |    1.285 | 
     | FE_OFC464_07107     | A ^ -> Z ^   | BUF_X1    | 0.095 |   1.080 |    1.380 | 
     | FE_OFC465_07107     | A ^ -> Z ^   | BUF_X1    | 0.102 |   1.182 |    1.482 | 
     | FE_OFC466_07107     | A ^ -> Z ^   | BUF_X1    | 0.097 |   1.279 |    1.578 | 
     | FE_OFC467_07107     | A ^ -> Z ^   | BUF_X1    | 0.103 |   1.382 |    1.681 | 
     | _16419_             | A ^ -> ZN v  | OAI21_X1  | 0.036 |   1.417 |    1.717 | 
     | _18848_             | C2 v -> ZN ^ | OAI221_X1 | 0.042 |   1.459 |    1.759 | 
     | _18849_             | B2 ^ -> ZN v | AOI21_X1  | 0.022 |   1.481 |    1.781 | 
     | _18850_             | B v -> ZN ^  | AOI211_X1 | 0.070 |   1.552 |    1.851 | 
     | _18851_             | A2 ^ -> ZN v | NOR2_X1   | 0.020 |   1.572 |    1.871 | 
     | _19324_             | D v          | DFF_X1    | 0.000 |   1.572 |    1.871 | 
     +-----------------------------------------------------------------------------+ 
     Clock Rise Edge                      0.000
     + Source Insertion Delay            -0.128
     = Beginpoint Arrival Time           -0.128
     Other End Path:
     +---------------------------------------------------------------------------+ 
     |      Instance       |    Arc     |   Cell    | Delay | Arrival | Required | 
     |                     |            |           |       |  Time   |   Time   | 
     |---------------------+------------+-----------+-------+---------+----------| 
     |                     | clk ^      |           |       |  -0.128 |   -0.427 | 
     | CTS_ccl_a_buf_00084 | A ^ -> Z ^ | CLKBUF_X3 | 0.050 |  -0.077 |   -0.377 | 
     | CTS_ccl_a_buf_00067 | A ^ -> Z ^ | CLKBUF_X3 | 0.076 |  -0.002 |   -0.301 | 
     | _19324_             | CK ^       | DFF_X1    | 0.003 |   0.001 |   -0.298 | 
     +---------------------------------------------------------------------------+ 
Path 5: MET Setup Check with Pin _19322_/CK 
Endpoint:   _19322_/D (^) checked with  leading edge of 'aes_clk'
Beginpoint: _19477_/Q (v) triggered by  leading edge of 'aes_clk'
Path Groups: {aes_clk}
Analysis View: VIEW_TYP
Other End Arrival Time          0.001
- Setup                         0.035
+ Phase Shift                   2.000
- Uncertainty                   0.100
= Required Time                 1.865
- Arrival Time                  1.562
= Slack Time                    0.303
     Clock Rise Edge                      0.000
     + Source Insertion Delay            -0.128
     = Beginpoint Arrival Time           -0.128
     Timing Path:
     +-----------------------------------------------------------------------------+ 
     |      Instance       |     Arc      |   Cell    | Delay | Arrival | Required | 
     |                     |              |           |       |  Time   |   Time   | 
     |---------------------+--------------+-----------+-------+---------+----------| 
     |                     | clk ^        |           |       |  -0.128 |    0.176 | 
     | CTS_ccl_a_buf_00084 | A ^ -> Z ^   | CLKBUF_X3 | 0.050 |  -0.077 |    0.226 | 
     | CTS_ccl_a_buf_00067 | A ^ -> Z ^   | CLKBUF_X3 | 0.076 |  -0.002 |    0.302 | 
     | _19477_             | CK ^ -> Q v  | DFF_X1    | 0.124 |   0.123 |    0.426 | 
     | FE_OFC18_ld_r       | A v -> Z v   | BUF_X1    | 0.081 |   0.204 |    0.507 | 
     | FE_OFC19_ld_r       | A v -> Z v   | BUF_X1    | 0.081 |   0.285 |    0.588 | 
     | _09768_             | A v -> ZN ^  | INV_X1    | 0.081 |   0.366 |    0.670 | 
     | FE_OFC31_00986      | A ^ -> Z ^   | BUF_X1    | 0.102 |   0.468 |    0.771 | 
     | FE_OFC34_00986      | A ^ -> Z ^   | BUF_X1    | 0.106 |   0.575 |    0.878 | 
     | FE_OFC38_00986      | A ^ -> Z ^   | BUF_X1    | 0.102 |   0.676 |    0.980 | 
     | FE_OFC40_00986      | A ^ -> Z ^   | BUF_X1    | 0.094 |   0.770 |    1.073 | 
     | FE_OFC41_00986      | A ^ -> Z ^   | BUF_X1    | 0.084 |   0.854 |    1.157 | 
     | _16115_             | S ^ -> Z v   | MUX2_X1   | 0.079 |   0.933 |    1.236 | 
     | _16117_             | B v -> Z ^   | XOR2_X1   | 0.052 |   0.985 |    1.288 | 
     | FE_OFC468_07108     | A ^ -> Z ^   | BUF_X1    | 0.085 |   1.070 |    1.374 | 
     | FE_OFC469_07108     | A ^ -> Z ^   | BUF_X1    | 0.093 |   1.163 |    1.467 | 
     | FE_OFC470_07108     | A ^ -> Z ^   | BUF_X1    | 0.101 |   1.264 |    1.567 | 
     | FE_OFC471_07108     | A ^ -> Z ^   | BUF_X1    | 0.105 |   1.369 |    1.673 | 
     | _16259_             | A1 ^ -> ZN v | NOR2_X1   | 0.018 |   1.388 |    1.691 | 
     | _16260_             | A3 v -> ZN ^ | NAND3_X1  | 0.029 |   1.416 |    1.720 | 
     | _16285_             | B ^ -> ZN v  | OAI211_X1 | 0.029 |   1.445 |    1.748 | 
     | _16286_             | B v -> ZN ^  | OAI211_X1 | 0.032 |   1.477 |    1.780 | 
     | _16287_             | A2 ^ -> ZN v | NAND2_X1  | 0.018 |   1.495 |    1.798 | 
     | _16288_             | B2 v -> ZN ^ | OAI21_X1  | 0.066 |   1.561 |    1.864 | 
     | _19322_             | D ^          | DFF_X1    | 0.001 |   1.562 |    1.865 | 
     +-----------------------------------------------------------------------------+ 
     Clock Rise Edge                      0.000
     + Source Insertion Delay            -0.128
     = Beginpoint Arrival Time           -0.128
     Other End Path:
     +---------------------------------------------------------------------------+ 
     |      Instance       |    Arc     |   Cell    | Delay | Arrival | Required | 
     |                     |            |           |       |  Time   |   Time   | 
     |---------------------+------------+-----------+-------+---------+----------| 
     |                     | clk ^      |           |       |  -0.128 |   -0.431 | 
     | CTS_ccl_a_buf_00086 | A ^ -> Z ^ | CLKBUF_X3 | 0.052 |  -0.075 |   -0.379 | 
     | CTS_ccl_a_buf_00071 | A ^ -> Z ^ | CLKBUF_X3 | 0.074 |  -0.001 |   -0.305 | 
     | _19322_             | CK ^       | DFF_X1    | 0.002 |   0.001 |   -0.302 | 
     +---------------------------------------------------------------------------+ 
Path 6: MET Setup Check with Pin _19321_/CK 
Endpoint:   _19321_/D (^) checked with  leading edge of 'aes_clk'
Beginpoint: _19477_/Q (v) triggered by  leading edge of 'aes_clk'
Path Groups: {aes_clk}
Analysis View: VIEW_TYP
Other End Arrival Time          0.001
- Setup                         0.031
+ Phase Shift                   2.000
- Uncertainty                   0.100
= Required Time                 1.870
- Arrival Time                  1.548
= Slack Time                    0.322
     Clock Rise Edge                      0.000
     + Source Insertion Delay            -0.128
     = Beginpoint Arrival Time           -0.128
     Timing Path:
     +-----------------------------------------------------------------------------+ 
     |      Instance       |     Arc      |   Cell    | Delay | Arrival | Required | 
     |                     |              |           |       |  Time   |   Time   | 
     |---------------------+--------------+-----------+-------+---------+----------| 
     |                     | clk ^        |           |       |  -0.128 |    0.195 | 
     | CTS_ccl_a_buf_00084 | A ^ -> Z ^   | CLKBUF_X3 | 0.050 |  -0.077 |    0.245 | 
     | CTS_ccl_a_buf_00067 | A ^ -> Z ^   | CLKBUF_X3 | 0.076 |  -0.002 |    0.321 | 
     | _19477_             | CK ^ -> Q v  | DFF_X1    | 0.124 |   0.123 |    0.445 | 
     | FE_OFC18_ld_r       | A v -> Z v   | BUF_X1    | 0.081 |   0.204 |    0.526 | 
     | FE_OFC19_ld_r       | A v -> Z v   | BUF_X1    | 0.081 |   0.285 |    0.607 | 
     | _09768_             | A v -> ZN ^  | INV_X1    | 0.081 |   0.366 |    0.689 | 
     | FE_OFC31_00986      | A ^ -> Z ^   | BUF_X1    | 0.102 |   0.468 |    0.791 | 
     | FE_OFC34_00986      | A ^ -> Z ^   | BUF_X1    | 0.106 |   0.575 |    0.897 | 
     | FE_OFC38_00986      | A ^ -> Z ^   | BUF_X1    | 0.102 |   0.676 |    0.999 | 
     | FE_OFC40_00986      | A ^ -> Z ^   | BUF_X1    | 0.094 |   0.770 |    1.092 | 
     | FE_OFC41_00986      | A ^ -> Z ^   | BUF_X1    | 0.084 |   0.854 |    1.176 | 
     | _16115_             | S ^ -> Z v   | MUX2_X1   | 0.079 |   0.933 |    1.255 | 
     | _16117_             | B v -> Z ^   | XOR2_X1   | 0.052 |   0.985 |    1.307 | 
     | FE_OFC468_07108     | A ^ -> Z ^   | BUF_X1    | 0.085 |   1.070 |    1.393 | 
     | FE_OFC469_07108     | A ^ -> Z ^   | BUF_X1    | 0.093 |   1.163 |    1.486 | 
     | FE_OFC470_07108     | A ^ -> Z ^   | BUF_X1    | 0.101 |   1.264 |    1.586 | 
     | FE_OFC471_07108     | A ^ -> Z ^   | BUF_X1    | 0.105 |   1.369 |    1.692 | 
     | _16290_             | A ^ -> ZN v  | AOI221_X1 | 0.026 |   1.395 |    1.717 | 
     | _16291_             | A v -> ZN ^  | AOI21_X1  | 0.055 |   1.450 |    1.773 | 
     | _16292_             | A2 ^ -> ZN v | NAND2_X1  | 0.018 |   1.468 |    1.790 | 
     | _16297_             | B1 v -> ZN ^ | AOI21_X1  | 0.031 |   1.499 |    1.822 | 
     | _16310_             | B1 ^ -> ZN v | OAI21_X1  | 0.020 |   1.519 |    1.841 | 
     | _16333_             | A v -> ZN ^  | OAI21_X1  | 0.029 |   1.548 |    1.870 | 
     | _19321_             | D ^          | DFF_X1    | 0.000 |   1.548 |    1.870 | 
     +-----------------------------------------------------------------------------+ 
     Clock Rise Edge                      0.000
     + Source Insertion Delay            -0.128
     = Beginpoint Arrival Time           -0.128
     Other End Path:
     +---------------------------------------------------------------------------+ 
     |      Instance       |    Arc     |   Cell    | Delay | Arrival | Required | 
     |                     |            |           |       |  Time   |   Time   | 
     |---------------------+------------+-----------+-------+---------+----------| 
     |                     | clk ^      |           |       |  -0.128 |   -0.450 | 
     | CTS_ccl_a_buf_00084 | A ^ -> Z ^ | CLKBUF_X3 | 0.050 |  -0.077 |   -0.400 | 
     | CTS_ccl_a_buf_00067 | A ^ -> Z ^ | CLKBUF_X3 | 0.076 |  -0.002 |   -0.324 | 
     | _19321_             | CK ^       | DFF_X1    | 0.003 |   0.001 |   -0.321 | 
     +---------------------------------------------------------------------------+ 
Path 7: MET Setup Check with Pin _19320_/CK 
Endpoint:   _19320_/D (v) checked with  leading edge of 'aes_clk'
Beginpoint: _19477_/Q (v) triggered by  leading edge of 'aes_clk'
Path Groups: {aes_clk}
Analysis View: VIEW_TYP
Other End Arrival Time          0.001
- Setup                         0.030
+ Phase Shift                   2.000
- Uncertainty                   0.100
= Required Time                 1.871
- Arrival Time                  1.525
= Slack Time                    0.346
     Clock Rise Edge                      0.000
     + Source Insertion Delay            -0.128
     = Beginpoint Arrival Time           -0.128
     Timing Path:
     +-----------------------------------------------------------------------------+ 
     |      Instance       |     Arc      |   Cell    | Delay | Arrival | Required | 
     |                     |              |           |       |  Time   |   Time   | 
     |---------------------+--------------+-----------+-------+---------+----------| 
     |                     | clk ^        |           |       |  -0.128 |    0.218 | 
     | CTS_ccl_a_buf_00084 | A ^ -> Z ^   | CLKBUF_X3 | 0.050 |  -0.077 |    0.268 | 
     | CTS_ccl_a_buf_00067 | A ^ -> Z ^   | CLKBUF_X3 | 0.076 |  -0.002 |    0.344 | 
     | _19477_             | CK ^ -> Q v  | DFF_X1    | 0.124 |   0.123 |    0.469 | 
     | FE_OFC18_ld_r       | A v -> Z v   | BUF_X1    | 0.081 |   0.204 |    0.549 | 
     | FE_OFC19_ld_r       | A v -> Z v   | BUF_X1    | 0.081 |   0.285 |    0.631 | 
     | _09768_             | A v -> ZN ^  | INV_X1    | 0.081 |   0.366 |    0.712 | 
     | FE_OFC31_00986      | A ^ -> Z ^   | BUF_X1    | 0.102 |   0.468 |    0.814 | 
     | FE_OFC34_00986      | A ^ -> Z ^   | BUF_X1    | 0.106 |   0.575 |    0.920 | 
     | FE_OFC38_00986      | A ^ -> Z ^   | BUF_X1    | 0.102 |   0.676 |    1.022 | 
     | FE_OFC40_00986      | A ^ -> Z ^   | BUF_X1    | 0.094 |   0.770 |    1.116 | 
     | FE_OFC41_00986      | A ^ -> Z ^   | BUF_X1    | 0.084 |   0.854 |    1.199 | 
     | _16115_             | S ^ -> Z v   | MUX2_X1   | 0.079 |   0.933 |    1.278 | 
     | _16117_             | B v -> Z ^   | XOR2_X1   | 0.052 |   0.985 |    1.331 | 
     | FE_OFC468_07108     | A ^ -> Z ^   | BUF_X1    | 0.085 |   1.070 |    1.416 | 
     | FE_OFC469_07108     | A ^ -> Z ^   | BUF_X1    | 0.093 |   1.163 |    1.509 | 
     | FE_OFC470_07108     | A ^ -> Z ^   | BUF_X1    | 0.101 |   1.264 |    1.610 | 
     | FE_OFC471_07108     | A ^ -> Z ^   | BUF_X1    | 0.105 |   1.369 |    1.715 | 
     | _16361_             | A ^ -> ZN v  | OAI221_X1 | 0.050 |   1.419 |    1.765 | 
     | _16373_             | A2 v -> ZN ^ | NAND2_X1  | 0.024 |   1.443 |    1.789 | 
     | _16374_             | B2 ^ -> ZN v | OAI21_X1  | 0.017 |   1.460 |    1.806 | 
     | _16375_             | C2 v -> ZN ^ | OAI211_X1 | 0.039 |   1.499 |    1.845 | 
     | _16376_             | A ^ -> ZN v  | OAI21_X1  | 0.026 |   1.525 |    1.871 | 
     | _19320_             | D v          | DFF_X1    | 0.000 |   1.525 |    1.871 | 
     +-----------------------------------------------------------------------------+ 
     Clock Rise Edge                      0.000
     + Source Insertion Delay            -0.128
     = Beginpoint Arrival Time           -0.128
     Other End Path:
     +---------------------------------------------------------------------------+ 
     |      Instance       |    Arc     |   Cell    | Delay | Arrival | Required | 
     |                     |            |           |       |  Time   |   Time   | 
     |---------------------+------------+-----------+-------+---------+----------| 
     |                     | clk ^      |           |       |  -0.128 |   -0.473 | 
     | CTS_ccl_a_buf_00084 | A ^ -> Z ^ | CLKBUF_X3 | 0.050 |  -0.077 |   -0.423 | 
     | CTS_ccl_a_buf_00067 | A ^ -> Z ^ | CLKBUF_X3 | 0.076 |  -0.002 |   -0.347 | 
     | _19320_             | CK ^       | DFF_X1    | 0.003 |   0.001 |   -0.345 | 
     +---------------------------------------------------------------------------+ 
Path 8: MET Setup Check with Pin _19641_/CK 
Endpoint:   _19641_/D (v) checked with  leading edge of 'aes_clk'
Beginpoint: _19477_/Q (v) triggered by  leading edge of 'aes_clk'
Path Groups: {aes_clk}
Analysis View: VIEW_TYP
Other End Arrival Time          0.002
- Setup                         0.028
+ Phase Shift                   2.000
- Uncertainty                   0.100
= Required Time                 1.873
- Arrival Time                  1.527
= Slack Time                    0.347
     Clock Rise Edge                      0.000
     + Source Insertion Delay            -0.128
     = Beginpoint Arrival Time           -0.128
     Timing Path:
     +-----------------------------------------------------------------------------+ 
     |      Instance       |     Arc      |   Cell    | Delay | Arrival | Required | 
     |                     |              |           |       |  Time   |   Time   | 
     |---------------------+--------------+-----------+-------+---------+----------| 
     |                     | clk ^        |           |       |  -0.128 |    0.219 | 
     | CTS_ccl_a_buf_00084 | A ^ -> Z ^   | CLKBUF_X3 | 0.050 |  -0.077 |    0.269 | 
     | CTS_ccl_a_buf_00067 | A ^ -> Z ^   | CLKBUF_X3 | 0.076 |  -0.002 |    0.345 | 
     | _19477_             | CK ^ -> Q v  | DFF_X1    | 0.124 |   0.123 |    0.470 | 
     | FE_OFC18_ld_r       | A v -> Z v   | BUF_X1    | 0.081 |   0.204 |    0.550 | 
     | FE_OFC19_ld_r       | A v -> Z v   | BUF_X1    | 0.081 |   0.285 |    0.632 | 
     | _09768_             | A v -> ZN ^  | INV_X1    | 0.081 |   0.366 |    0.713 | 
     | FE_OFC31_00986      | A ^ -> Z ^   | BUF_X1    | 0.102 |   0.468 |    0.815 | 
     | FE_OFC34_00986      | A ^ -> Z ^   | BUF_X1    | 0.106 |   0.575 |    0.921 | 
     | FE_OFC38_00986      | A ^ -> Z ^   | BUF_X1    | 0.102 |   0.676 |    1.023 | 
     | FE_OFC40_00986      | A ^ -> Z ^   | BUF_X1    | 0.094 |   0.770 |    1.117 | 
     | FE_OFC41_00986      | A ^ -> Z ^   | BUF_X1    | 0.084 |   0.854 |    1.200 | 
     | _09801_             | S ^ -> Z v   | MUX2_X1   | 0.082 |   0.936 |    1.282 | 
     | _09802_             | B v -> ZN ^  | XNOR2_X1  | 0.034 |   0.970 |    1.316 | 
     | FE_OFC84_01020      | A ^ -> Z ^   | BUF_X1    | 0.093 |   1.063 |    1.409 | 
     | FE_OFC85_01020      | A ^ -> Z ^   | BUF_X1    | 0.110 |   1.172 |    1.519 | 
     | FE_OFC86_01020      | A ^ -> Z ^   | BUF_X1    | 0.108 |   1.281 |    1.627 | 
     | _10117_             | A ^ -> ZN v  | AOI211_X1 | 0.027 |   1.308 |    1.654 | 
     | _10118_             | A4 v -> ZN ^ | NOR4_X1   | 0.086 |   1.394 |    1.741 | 
     | _10119_             | A ^ -> ZN v  | AOI21_X1  | 0.020 |   1.414 |    1.761 | 
     | _10120_             | B1 v -> ZN ^ | OAI21_X1  | 0.030 |   1.444 |    1.791 | 
     | _10121_             | B1 ^ -> ZN v | AOI21_X1  | 0.020 |   1.464 |    1.811 | 
     | _10122_             | B v -> Z v   | MUX2_X1   | 0.062 |   1.527 |    1.873 | 
     | _19641_             | D v          | DFF_X1    | 0.000 |   1.527 |    1.873 | 
     +-----------------------------------------------------------------------------+ 
     Clock Rise Edge                      0.000
     + Source Insertion Delay            -0.128
     = Beginpoint Arrival Time           -0.128
     Other End Path:
     +---------------------------------------------------------------------------+ 
     |      Instance       |    Arc     |   Cell    | Delay | Arrival | Required | 
     |                     |            |           |       |  Time   |   Time   | 
     |---------------------+------------+-----------+-------+---------+----------| 
     |                     | clk ^      |           |       |  -0.128 |   -0.474 | 
     | CTS_ccl_a_buf_00086 | A ^ -> Z ^ | CLKBUF_X3 | 0.052 |  -0.075 |   -0.422 | 
     | CTS_ccl_a_buf_00075 | A ^ -> Z ^ | CLKBUF_X3 | 0.073 |  -0.002 |   -0.349 | 
     | _19641_             | CK ^       | DFF_X1    | 0.004 |   0.002 |   -0.345 | 
     +---------------------------------------------------------------------------+ 
Path 9: MET Setup Check with Pin _19709_/CK 
Endpoint:   _19709_/D (^) checked with  leading edge of 'aes_clk'
Beginpoint: _19477_/Q (v) triggered by  leading edge of 'aes_clk'
Path Groups: {aes_clk}
Analysis View: VIEW_TYP
Other End Arrival Time          0.002
- Setup                         0.031
+ Phase Shift                   2.000
- Uncertainty                   0.100
= Required Time                 1.871
- Arrival Time                  1.523
= Slack Time                    0.347
     Clock Rise Edge                      0.000
     + Source Insertion Delay            -0.128
     = Beginpoint Arrival Time           -0.128
     Timing Path:
     +-----------------------------------------------------------------------------+ 
     |      Instance       |     Arc      |   Cell    | Delay | Arrival | Required | 
     |                     |              |           |       |  Time   |   Time   | 
     |---------------------+--------------+-----------+-------+---------+----------| 
     |                     | clk ^        |           |       |  -0.128 |    0.220 | 
     | CTS_ccl_a_buf_00084 | A ^ -> Z ^   | CLKBUF_X3 | 0.050 |  -0.077 |    0.270 | 
     | CTS_ccl_a_buf_00067 | A ^ -> Z ^   | CLKBUF_X3 | 0.076 |  -0.002 |    0.346 | 
     | _19477_             | CK ^ -> Q v  | DFF_X1    | 0.124 |   0.123 |    0.470 | 
     | FE_OFC18_ld_r       | A v -> Z v   | BUF_X1    | 0.081 |   0.204 |    0.551 | 
     | FE_OFC19_ld_r       | A v -> Z v   | BUF_X1    | 0.081 |   0.285 |    0.632 | 
     | _09768_             | A v -> ZN ^  | INV_X1    | 0.081 |   0.366 |    0.714 | 
     | FE_OFC31_00986      | A ^ -> Z ^   | BUF_X1    | 0.102 |   0.468 |    0.815 | 
     | FE_OFC34_00986      | A ^ -> Z ^   | BUF_X1    | 0.106 |   0.575 |    0.922 | 
     | FE_OFC38_00986      | A ^ -> Z ^   | BUF_X1    | 0.102 |   0.676 |    1.024 | 
     | FE_OFC40_00986      | A ^ -> Z ^   | BUF_X1    | 0.094 |   0.770 |    1.117 | 
     | FE_OFC41_00986      | A ^ -> Z ^   | BUF_X1    | 0.084 |   0.854 |    1.201 | 
     | _16586_             | S ^ -> Z v   | MUX2_X1   | 0.073 |   0.927 |    1.275 | 
     | _16587_             | B v -> ZN ^  | XNOR2_X1  | 0.033 |   0.961 |    1.308 | 
     | FE_OFC491_07569     | A ^ -> Z ^   | BUF_X1    | 0.077 |   1.037 |    1.385 | 
     | FE_OFC492_07569     | A ^ -> Z ^   | BUF_X1    | 0.095 |   1.133 |    1.480 | 
     | _16590_             | A2 ^ -> ZN v | NAND2_X1  | 0.059 |   1.192 |    1.539 | 
     | _16635_             | A2 v -> ZN ^ | NOR2_X1   | 0.128 |   1.320 |    1.668 | 
     | _16641_             | A1 ^ -> ZN v | OAI22_X1  | 0.033 |   1.354 |    1.701 | 
     | _16654_             | B2 v -> ZN ^ | AOI221_X1 | 0.082 |   1.435 |    1.783 | 
     | _16656_             | A1 ^ -> ZN ^ | OR2_X1    | 0.031 |   1.466 |    1.813 | 
     | _16680_             | B1 ^ -> ZN v | OAI21_X1  | 0.015 |   1.482 |    1.829 | 
     | _16713_             | B2 v -> ZN ^ | AOI21_X1  | 0.042 |   1.523 |    1.871 | 
     | _19709_             | D ^          | DFF_X1    | 0.000 |   1.523 |    1.871 | 
     +-----------------------------------------------------------------------------+ 
     Clock Rise Edge                      0.000
     + Source Insertion Delay            -0.128
     = Beginpoint Arrival Time           -0.128
     Other End Path:
     +---------------------------------------------------------------------------+ 
     |      Instance       |    Arc     |   Cell    | Delay | Arrival | Required | 
     |                     |            |           |       |  Time   |   Time   | 
     |---------------------+------------+-----------+-------+---------+----------| 
     |                     | clk ^      |           |       |  -0.128 |   -0.475 | 
     | CTS_ccl_a_buf_00084 | A ^ -> Z ^ | CLKBUF_X3 | 0.050 |  -0.077 |   -0.425 | 
     | CTS_ccl_a_buf_00049 | A ^ -> Z ^ | CLKBUF_X3 | 0.076 |  -0.002 |   -0.349 | 
     | _19709_             | CK ^       | DFF_X1    | 0.003 |   0.002 |   -0.346 | 
     +---------------------------------------------------------------------------+ 
Path 10: MET Setup Check with Pin _19642_/CK 
Endpoint:   _19642_/D (v) checked with  leading edge of 'aes_clk'
Beginpoint: _19477_/Q (v) triggered by  leading edge of 'aes_clk'
Path Groups: {aes_clk}
Analysis View: VIEW_TYP
Other End Arrival Time          0.002
- Setup                         0.034
+ Phase Shift                   2.000
- Uncertainty                   0.100
= Required Time                 1.867
- Arrival Time                  1.511
= Slack Time                    0.357
     Clock Rise Edge                      0.000
     + Source Insertion Delay            -0.128
     = Beginpoint Arrival Time           -0.128
     Timing Path:
     +-----------------------------------------------------------------------------+ 
     |      Instance       |     Arc      |   Cell    | Delay | Arrival | Required | 
     |                     |              |           |       |  Time   |   Time   | 
     |---------------------+--------------+-----------+-------+---------+----------| 
     |                     | clk ^        |           |       |  -0.128 |    0.229 | 
     | CTS_ccl_a_buf_00084 | A ^ -> Z ^   | CLKBUF_X3 | 0.050 |  -0.077 |    0.279 | 
     | CTS_ccl_a_buf_00067 | A ^ -> Z ^   | CLKBUF_X3 | 0.076 |  -0.002 |    0.355 | 
     | _19477_             | CK ^ -> Q v  | DFF_X1    | 0.124 |   0.123 |    0.480 | 
     | FE_OFC18_ld_r       | A v -> Z v   | BUF_X1    | 0.081 |   0.204 |    0.560 | 
     | FE_OFC19_ld_r       | A v -> Z v   | BUF_X1    | 0.081 |   0.285 |    0.642 | 
     | _09768_             | A v -> ZN ^  | INV_X1    | 0.081 |   0.366 |    0.723 | 
     | FE_OFC31_00986      | A ^ -> Z ^   | BUF_X1    | 0.102 |   0.468 |    0.825 | 
     | FE_OFC34_00986      | A ^ -> Z ^   | BUF_X1    | 0.106 |   0.575 |    0.931 | 
     | FE_OFC38_00986      | A ^ -> Z ^   | BUF_X1    | 0.102 |   0.676 |    1.033 | 
     | FE_OFC40_00986      | A ^ -> Z ^   | BUF_X1    | 0.094 |   0.770 |    1.127 | 
     | FE_OFC41_00986      | A ^ -> Z ^   | BUF_X1    | 0.084 |   0.854 |    1.210 | 
     | _09801_             | S ^ -> Z ^   | MUX2_X1   | 0.069 |   0.922 |    1.279 | 
     | _09803_             | B ^ -> Z ^   | XOR2_X1   | 0.086 |   1.009 |    1.365 | 
     | FE_OFC87_01021      | A ^ -> Z ^   | BUF_X1    | 0.092 |   1.100 |    1.457 | 
     | FE_OFC89_01021      | A ^ -> Z ^   | BUF_X1    | 0.087 |   1.187 |    1.544 | 
     | FE_OFC90_01021      | A ^ -> Z ^   | BUF_X1    | 0.092 |   1.279 |    1.636 | 
     | _10004_             | A1 ^ -> ZN ^ | AND3_X1   | 0.080 |   1.359 |    1.715 | 
     | _10072_             | A2 ^ -> ZN v | NOR3_X1   | 0.015 |   1.374 |    1.731 | 
     | _10077_             | A v -> ZN ^  | AOI21_X1  | 0.048 |   1.422 |    1.779 | 
     | _10078_             | C1 ^ -> ZN v | OAI221_X1 | 0.029 |   1.451 |    1.808 | 
     | _10083_             | B v -> ZN ^  | OAI211_X1 | 0.033 |   1.484 |    1.841 | 
     | _10084_             | A ^ -> ZN v  | OAI21_X1  | 0.026 |   1.510 |    1.867 | 
     | _19642_             | D v          | DFF_X1    | 0.000 |   1.511 |    1.867 | 
     +-----------------------------------------------------------------------------+ 
     Clock Rise Edge                      0.000
     + Source Insertion Delay            -0.128
     = Beginpoint Arrival Time           -0.128
     Other End Path:
     +---------------------------------------------------------------------------+ 
     |      Instance       |    Arc     |   Cell    | Delay | Arrival | Required | 
     |                     |            |           |       |  Time   |   Time   | 
     |---------------------+------------+-----------+-------+---------+----------| 
     |                     | clk ^      |           |       |  -0.128 |   -0.484 | 
     | CTS_ccl_a_buf_00086 | A ^ -> Z ^ | CLKBUF_X3 | 0.052 |  -0.075 |   -0.432 | 
     | CTS_ccl_a_buf_00075 | A ^ -> Z ^ | CLKBUF_X3 | 0.073 |  -0.002 |   -0.359 | 
     | _19642_             | CK ^       | DFF_X1    | 0.004 |   0.002 |   -0.355 | 
     +---------------------------------------------------------------------------+ 
Path 11: MET Setup Check with Pin _19671_/CK 
Endpoint:   _19671_/D (v) checked with  leading edge of 'aes_clk'
Beginpoint: _19477_/Q (v) triggered by  leading edge of 'aes_clk'
Path Groups: {aes_clk}
Analysis View: VIEW_TYP
Other End Arrival Time         -0.000
- Setup                         0.030
+ Phase Shift                   2.000
- Uncertainty                   0.100
= Required Time                 1.870
- Arrival Time                  1.511
= Slack Time                    0.359
     Clock Rise Edge                      0.000
     + Source Insertion Delay            -0.128
     = Beginpoint Arrival Time           -0.128
     Timing Path:
     +-----------------------------------------------------------------------------+ 
     |      Instance       |     Arc      |   Cell    | Delay | Arrival | Required | 
     |                     |              |           |       |  Time   |   Time   | 
     |---------------------+--------------+-----------+-------+---------+----------| 
     |                     | clk ^        |           |       |  -0.128 |    0.231 | 
     | CTS_ccl_a_buf_00084 | A ^ -> Z ^   | CLKBUF_X3 | 0.050 |  -0.077 |    0.282 | 
     | CTS_ccl_a_buf_00067 | A ^ -> Z ^   | CLKBUF_X3 | 0.076 |  -0.002 |    0.357 | 
     | _19477_             | CK ^ -> Q v  | DFF_X1    | 0.124 |   0.123 |    0.482 | 
     | FE_OFC18_ld_r       | A v -> Z v   | BUF_X1    | 0.081 |   0.204 |    0.563 | 
     | FE_OFC19_ld_r       | A v -> Z v   | BUF_X1    | 0.081 |   0.285 |    0.644 | 
     | _09768_             | A v -> ZN ^  | INV_X1    | 0.081 |   0.366 |    0.725 | 
     | FE_OFC31_00986      | A ^ -> Z ^   | BUF_X1    | 0.102 |   0.468 |    0.827 | 
     | FE_OFC34_00986      | A ^ -> Z ^   | BUF_X1    | 0.106 |   0.575 |    0.934 | 
     | FE_OFC38_00986      | A ^ -> Z ^   | BUF_X1    | 0.102 |   0.676 |    1.035 | 
     | FE_OFC40_00986      | A ^ -> Z ^   | BUF_X1    | 0.094 |   0.770 |    1.129 | 
     | FE_OFC41_00986      | A ^ -> Z ^   | BUF_X1    | 0.084 |   0.854 |    1.213 | 
     | _18411_             | S ^ -> Z v   | MUX2_X1   | 0.076 |   0.930 |    1.289 | 
     | _18413_             | B v -> Z ^   | XOR2_X1   | 0.033 |   0.963 |    1.322 | 
     | FE_OFC550_09112     | A ^ -> Z ^   | BUF_X1    | 0.087 |   1.050 |    1.409 | 
     | FE_OFC551_09112     | A ^ -> Z ^   | BUF_X1    | 0.106 |   1.156 |    1.515 | 
     | FE_OFC552_09112     | A ^ -> Z ^   | BUF_X1    | 0.106 |   1.262 |    1.621 | 
     | _18484_             | A1 ^ -> ZN v | NOR2_X1   | 0.023 |   1.285 |    1.644 | 
     | _18553_             | A2 v -> ZN ^ | NOR2_X1   | 0.044 |   1.329 |    1.688 | 
     | _18554_             | A ^ -> ZN v  | OAI21_X1  | 0.030 |   1.359 |    1.718 | 
     | _18809_             | C1 v -> ZN ^ | OAI221_X1 | 0.042 |   1.401 |    1.760 | 
     | _18810_             | B2 ^ -> ZN v | AOI21_X1  | 0.021 |   1.422 |    1.781 | 
     | _18811_             | A3 v -> ZN ^ | NOR3_X1   | 0.070 |   1.492 |    1.851 | 
     | _18818_             | A ^ -> ZN v  | AOI21_X1  | 0.019 |   1.511 |    1.870 | 
     | _19671_             | D v          | DFF_X1    | 0.000 |   1.511 |    1.870 | 
     +-----------------------------------------------------------------------------+ 
     Clock Rise Edge                      0.000
     + Source Insertion Delay            -0.128
     = Beginpoint Arrival Time           -0.128
     Other End Path:
     +---------------------------------------------------------------------------+ 
     |      Instance       |    Arc     |   Cell    | Delay | Arrival | Required | 
     |                     |            |           |       |  Time   |   Time   | 
     |---------------------+------------+-----------+-------+---------+----------| 
     |                     | clk ^      |           |       |  -0.128 |   -0.487 | 
     | CTS_ccl_a_buf_00084 | A ^ -> Z ^ | CLKBUF_X3 | 0.050 |  -0.077 |   -0.436 | 
     | CTS_ccl_a_buf_00079 | A ^ -> Z ^ | CLKBUF_X3 | 0.075 |  -0.002 |   -0.361 | 
     | _19671_             | CK ^       | DFF_X1    | 0.002 |  -0.000 |   -0.359 | 
     +---------------------------------------------------------------------------+ 
Path 12: MET Setup Check with Pin _19644_/CK 
Endpoint:   _19644_/D (^) checked with  leading edge of 'aes_clk'
Beginpoint: _19477_/Q (v) triggered by  leading edge of 'aes_clk'
Path Groups: {aes_clk}
Analysis View: VIEW_TYP
Other End Arrival Time          0.002
- Setup                         0.033
+ Phase Shift                   2.000
- Uncertainty                   0.100
= Required Time                 1.869
- Arrival Time                  1.506
= Slack Time                    0.363
     Clock Rise Edge                      0.000
     + Source Insertion Delay            -0.128
     = Beginpoint Arrival Time           -0.128
     Timing Path:
     +-----------------------------------------------------------------------------+ 
     |      Instance       |     Arc      |   Cell    | Delay | Arrival | Required | 
     |                     |              |           |       |  Time   |   Time   | 
     |---------------------+--------------+-----------+-------+---------+----------| 
     |                     | clk ^        |           |       |  -0.128 |    0.235 | 
     | CTS_ccl_a_buf_00084 | A ^ -> Z ^   | CLKBUF_X3 | 0.050 |  -0.077 |    0.286 | 
     | CTS_ccl_a_buf_00067 | A ^ -> Z ^   | CLKBUF_X3 | 0.076 |  -0.002 |    0.361 | 
     | _19477_             | CK ^ -> Q v  | DFF_X1    | 0.124 |   0.123 |    0.486 | 
     | FE_OFC18_ld_r       | A v -> Z v   | BUF_X1    | 0.081 |   0.204 |    0.567 | 
     | FE_OFC19_ld_r       | A v -> Z v   | BUF_X1    | 0.081 |   0.285 |    0.648 | 
     | _09768_             | A v -> ZN ^  | INV_X1    | 0.081 |   0.366 |    0.729 | 
     | FE_OFC31_00986      | A ^ -> Z ^   | BUF_X1    | 0.102 |   0.468 |    0.831 | 
     | FE_OFC34_00986      | A ^ -> Z ^   | BUF_X1    | 0.106 |   0.575 |    0.938 | 
     | FE_OFC38_00986      | A ^ -> Z ^   | BUF_X1    | 0.102 |   0.676 |    1.039 | 
     | FE_OFC40_00986      | A ^ -> Z ^   | BUF_X1    | 0.094 |   0.770 |    1.133 | 
     | FE_OFC41_00986      | A ^ -> Z ^   | BUF_X1    | 0.084 |   0.854 |    1.217 | 
     | _09801_             | S ^ -> Z v   | MUX2_X1   | 0.082 |   0.936 |    1.299 | 
     | _09802_             | B v -> ZN ^  | XNOR2_X1  | 0.034 |   0.970 |    1.333 | 
     | FE_OFC84_01020      | A ^ -> Z ^   | BUF_X1    | 0.093 |   1.063 |    1.426 | 
     | FE_OFC85_01020      | A ^ -> Z ^   | BUF_X1    | 0.110 |   1.172 |    1.535 | 
     | FE_OFC86_01020      | A ^ -> Z ^   | BUF_X1    | 0.108 |   1.281 |    1.644 | 
     | _09975_             | B2 ^ -> ZN v | AOI22_X1  | 0.035 |   1.315 |    1.678 | 
     | _09976_             | B2 v -> ZN ^ | AOI21_X1  | 0.042 |   1.357 |    1.720 | 
     | _09980_             | A3 ^ -> ZN v | NOR3_X1   | 0.015 |   1.372 |    1.735 | 
     | _09981_             | B v -> ZN ^  | AOI211_X1 | 0.071 |   1.444 |    1.807 | 
     | _09995_             | A ^ -> ZN v  | AOI21_X1  | 0.020 |   1.463 |    1.826 | 
     | _09996_             | B1 v -> ZN ^ | AOI21_X1  | 0.042 |   1.505 |    1.868 | 
     | _19644_             | D ^          | DFF_X1    | 0.000 |   1.506 |    1.869 | 
     +-----------------------------------------------------------------------------+ 
     Clock Rise Edge                      0.000
     + Source Insertion Delay            -0.128
     = Beginpoint Arrival Time           -0.128
     Other End Path:
     +---------------------------------------------------------------------------+ 
     |      Instance       |    Arc     |   Cell    | Delay | Arrival | Required | 
     |                     |            |           |       |  Time   |   Time   | 
     |---------------------+------------+-----------+-------+---------+----------| 
     |                     | clk ^      |           |       |  -0.128 |   -0.491 | 
     | CTS_ccl_a_buf_00086 | A ^ -> Z ^ | CLKBUF_X3 | 0.052 |  -0.075 |   -0.438 | 
     | CTS_ccl_a_buf_00075 | A ^ -> Z ^ | CLKBUF_X3 | 0.073 |  -0.002 |   -0.365 | 
     | _19644_             | CK ^       | DFF_X1    | 0.004 |   0.002 |   -0.361 | 
     +---------------------------------------------------------------------------+ 
Path 13: MET Setup Check with Pin _19706_/CK 
Endpoint:   _19706_/D (v) checked with  leading edge of 'aes_clk'
Beginpoint: _19477_/Q (v) triggered by  leading edge of 'aes_clk'
Path Groups: {aes_clk}
Analysis View: VIEW_TYP
Other End Arrival Time          0.002
- Setup                         0.029
+ Phase Shift                   2.000
- Uncertainty                   0.100
= Required Time                 1.872
- Arrival Time                  1.507
= Slack Time                    0.365
     Clock Rise Edge                      0.000
     + Source Insertion Delay            -0.128
     = Beginpoint Arrival Time           -0.128
     Timing Path:
     +-----------------------------------------------------------------------------+ 
     |      Instance       |     Arc      |   Cell    | Delay | Arrival | Required | 
     |                     |              |           |       |  Time   |   Time   | 
     |---------------------+--------------+-----------+-------+---------+----------| 
     |                     | clk ^        |           |       |  -0.128 |    0.237 | 
     | CTS_ccl_a_buf_00084 | A ^ -> Z ^   | CLKBUF_X3 | 0.050 |  -0.077 |    0.288 | 
     | CTS_ccl_a_buf_00067 | A ^ -> Z ^   | CLKBUF_X3 | 0.076 |  -0.002 |    0.363 | 
     | _19477_             | CK ^ -> Q v  | DFF_X1    | 0.124 |   0.123 |    0.488 | 
     | FE_OFC18_ld_r       | A v -> Z v   | BUF_X1    | 0.081 |   0.204 |    0.569 | 
     | FE_OFC19_ld_r       | A v -> Z v   | BUF_X1    | 0.081 |   0.285 |    0.650 | 
     | _09768_             | A v -> ZN ^  | INV_X1    | 0.081 |   0.366 |    0.731 | 
     | FE_OFC31_00986      | A ^ -> Z ^   | BUF_X1    | 0.102 |   0.468 |    0.833 | 
     | FE_OFC34_00986      | A ^ -> Z ^   | BUF_X1    | 0.106 |   0.575 |    0.940 | 
     | FE_OFC38_00986      | A ^ -> Z ^   | BUF_X1    | 0.102 |   0.676 |    1.041 | 
     | FE_OFC40_00986      | A ^ -> Z ^   | BUF_X1    | 0.094 |   0.770 |    1.135 | 
     | FE_OFC41_00986      | A ^ -> Z ^   | BUF_X1    | 0.084 |   0.854 |    1.219 | 
     | _16596_             | S ^ -> Z v   | MUX2_X1   | 0.074 |   0.928 |    1.293 | 
     | _16598_             | B v -> ZN ^  | XNOR2_X1  | 0.033 |   0.960 |    1.325 | 
     | FE_OFC497_07580     | A ^ -> Z ^   | BUF_X1    | 0.098 |   1.058 |    1.423 | 
     | FE_OFC498_07580     | A ^ -> Z ^   | BUF_X1    | 0.105 |   1.163 |    1.528 | 
     | _16670_             | A2 ^ -> ZN v | NAND2_X1  | 0.071 |   1.234 |    1.599 | 
     | _16833_             | A1 v -> ZN ^ | NOR2_X1   | 0.076 |   1.311 |    1.676 | 
     | _16834_             | A3 ^ -> ZN v | NOR3_X1   | 0.018 |   1.328 |    1.693 | 
     | _16837_             | A2 v -> ZN ^ | NOR3_X1   | 0.064 |   1.393 |    1.758 | 
     | _16838_             | B ^ -> ZN v  | AOI211_X1 | 0.023 |   1.416 |    1.781 | 
     | _16846_             | B v -> ZN ^  | AOI211_X1 | 0.073 |   1.489 |    1.854 | 
     | _16847_             | A ^ -> ZN v  | AOI21_X1  | 0.018 |   1.507 |    1.872 | 
     | _19706_             | D v          | DFF_X1    | 0.000 |   1.507 |    1.872 | 
     +-----------------------------------------------------------------------------+ 
     Clock Rise Edge                      0.000
     + Source Insertion Delay            -0.128
     = Beginpoint Arrival Time           -0.128
     Other End Path:
     +---------------------------------------------------------------------------+ 
     |      Instance       |    Arc     |   Cell    | Delay | Arrival | Required | 
     |                     |            |           |       |  Time   |   Time   | 
     |---------------------+------------+-----------+-------+---------+----------| 
     |                     | clk ^      |           |       |  -0.128 |   -0.493 | 
     | CTS_ccl_a_buf_00084 | A ^ -> Z ^ | CLKBUF_X3 | 0.050 |  -0.077 |   -0.442 | 
     | CTS_ccl_a_buf_00049 | A ^ -> Z ^ | CLKBUF_X3 | 0.076 |  -0.002 |   -0.367 | 
     | _19706_             | CK ^       | DFF_X1    | 0.003 |   0.002 |   -0.363 | 
     +---------------------------------------------------------------------------+ 
Path 14: MET Setup Check with Pin _19323_/CK 
Endpoint:   _19323_/D (v) checked with  leading edge of 'aes_clk'
Beginpoint: _19477_/Q (v) triggered by  leading edge of 'aes_clk'
Path Groups: {aes_clk}
Analysis View: VIEW_TYP
Other End Arrival Time          0.001
- Setup                         0.030
+ Phase Shift                   2.000
- Uncertainty                   0.100
= Required Time                 1.872
- Arrival Time                  1.506
= Slack Time                    0.366
     Clock Rise Edge                      0.000
     + Source Insertion Delay            -0.128
     = Beginpoint Arrival Time           -0.128
     Timing Path:
     +-----------------------------------------------------------------------------+ 
     |      Instance       |     Arc      |   Cell    | Delay | Arrival | Required | 
     |                     |              |           |       |  Time   |   Time   | 
     |---------------------+--------------+-----------+-------+---------+----------| 
     |                     | clk ^        |           |       |  -0.128 |    0.238 | 
     | CTS_ccl_a_buf_00084 | A ^ -> Z ^   | CLKBUF_X3 | 0.050 |  -0.077 |    0.288 | 
     | CTS_ccl_a_buf_00067 | A ^ -> Z ^   | CLKBUF_X3 | 0.076 |  -0.002 |    0.364 | 
     | _19477_             | CK ^ -> Q v  | DFF_X1    | 0.124 |   0.123 |    0.489 | 
     | FE_OFC18_ld_r       | A v -> Z v   | BUF_X1    | 0.081 |   0.204 |    0.569 | 
     | FE_OFC19_ld_r       | A v -> Z v   | BUF_X1    | 0.081 |   0.285 |    0.651 | 
     | _09768_             | A v -> ZN ^  | INV_X1    | 0.081 |   0.366 |    0.732 | 
     | FE_OFC31_00986      | A ^ -> Z ^   | BUF_X1    | 0.102 |   0.468 |    0.834 | 
     | FE_OFC34_00986      | A ^ -> Z ^   | BUF_X1    | 0.106 |   0.575 |    0.940 | 
     | FE_OFC38_00986      | A ^ -> Z ^   | BUF_X1    | 0.102 |   0.676 |    1.042 | 
     | FE_OFC40_00986      | A ^ -> Z ^   | BUF_X1    | 0.094 |   0.770 |    1.136 | 
     | FE_OFC41_00986      | A ^ -> Z ^   | BUF_X1    | 0.084 |   0.854 |    1.220 | 
     | _16115_             | S ^ -> Z v   | MUX2_X1   | 0.079 |   0.933 |    1.298 | 
     | _16116_             | B v -> ZN ^  | XNOR2_X1  | 0.053 |   0.985 |    1.351 | 
     | FE_OFC464_07107     | A ^ -> Z ^   | BUF_X1    | 0.095 |   1.080 |    1.446 | 
     | FE_OFC465_07107     | A ^ -> Z ^   | BUF_X1    | 0.102 |   1.182 |    1.548 | 
     | FE_OFC466_07107     | A ^ -> Z ^   | BUF_X1    | 0.097 |   1.279 |    1.644 | 
     | FE_OFC467_07107     | A ^ -> Z ^   | BUF_X1    | 0.103 |   1.382 |    1.747 | 
     | _16176_             | A1 ^ -> ZN v | NAND3_X1  | 0.041 |   1.423 |    1.788 | 
     | _16181_             | A3 v -> ZN ^ | NAND4_X1  | 0.029 |   1.452 |    1.818 | 
     | _16191_             | A1 ^ -> ZN ^ | AND2_X1   | 0.033 |   1.485 |    1.850 | 
     | _16229_             | A1 ^ -> ZN v | OAI22_X1  | 0.021 |   1.506 |    1.871 | 
     | _19323_             | D v          | DFF_X1    | 0.000 |   1.506 |    1.872 | 
     +-----------------------------------------------------------------------------+ 
     Clock Rise Edge                      0.000
     + Source Insertion Delay            -0.128
     = Beginpoint Arrival Time           -0.128
     Other End Path:
     +---------------------------------------------------------------------------+ 
     |      Instance       |    Arc     |   Cell    | Delay | Arrival | Required | 
     |                     |            |           |       |  Time   |   Time   | 
     |---------------------+------------+-----------+-------+---------+----------| 
     |                     | clk ^      |           |       |  -0.128 |   -0.493 | 
     | CTS_ccl_a_buf_00084 | A ^ -> Z ^ | CLKBUF_X3 | 0.050 |  -0.077 |   -0.443 | 
     | CTS_ccl_a_buf_00067 | A ^ -> Z ^ | CLKBUF_X3 | 0.076 |  -0.002 |   -0.367 | 
     | _19323_             | CK ^       | DFF_X1    | 0.003 |   0.001 |   -0.365 | 
     +---------------------------------------------------------------------------+ 
Path 15: MET Setup Check with Pin _19639_/CK 
Endpoint:   _19639_/D (^) checked with  leading edge of 'aes_clk'
Beginpoint: _19477_/Q (v) triggered by  leading edge of 'aes_clk'
Path Groups: {aes_clk}
Analysis View: VIEW_TYP
Other End Arrival Time          0.002
- Setup                         0.031
+ Phase Shift                   2.000
- Uncertainty                   0.100
= Required Time                 1.871
- Arrival Time                  1.500
= Slack Time                    0.371
     Clock Rise Edge                      0.000
     + Source Insertion Delay            -0.128
     = Beginpoint Arrival Time           -0.128
     Timing Path:
     +-----------------------------------------------------------------------------+ 
     |      Instance       |     Arc      |   Cell    | Delay | Arrival | Required | 
     |                     |              |           |       |  Time   |   Time   | 
     |---------------------+--------------+-----------+-------+---------+----------| 
     |                     | clk ^        |           |       |  -0.128 |    0.243 | 
     | CTS_ccl_a_buf_00084 | A ^ -> Z ^   | CLKBUF_X3 | 0.050 |  -0.077 |    0.294 | 
     | CTS_ccl_a_buf_00067 | A ^ -> Z ^   | CLKBUF_X3 | 0.076 |  -0.002 |    0.369 | 
     | _19477_             | CK ^ -> Q v  | DFF_X1    | 0.124 |   0.123 |    0.494 | 
     | FE_OFC18_ld_r       | A v -> Z v   | BUF_X1    | 0.081 |   0.204 |    0.575 | 
     | FE_OFC19_ld_r       | A v -> Z v   | BUF_X1    | 0.081 |   0.285 |    0.656 | 
     | _09768_             | A v -> ZN ^  | INV_X1    | 0.081 |   0.366 |    0.737 | 
     | FE_OFC31_00986      | A ^ -> Z ^   | BUF_X1    | 0.102 |   0.468 |    0.839 | 
     | FE_OFC34_00986      | A ^ -> Z ^   | BUF_X1    | 0.106 |   0.575 |    0.946 | 
     | FE_OFC38_00986      | A ^ -> Z ^   | BUF_X1    | 0.102 |   0.676 |    1.047 | 
     | FE_OFC40_00986      | A ^ -> Z ^   | BUF_X1    | 0.094 |   0.770 |    1.141 | 
     | FE_OFC41_00986      | A ^ -> Z ^   | BUF_X1    | 0.084 |   0.854 |    1.225 | 
     | _09801_             | S ^ -> Z ^   | MUX2_X1   | 0.069 |   0.922 |    1.293 | 
     | _09803_             | B ^ -> Z ^   | XOR2_X1   | 0.086 |   1.009 |    1.380 | 
     | FE_OFC87_01021      | A ^ -> Z ^   | BUF_X1    | 0.092 |   1.100 |    1.471 | 
     | FE_OFC89_01021      | A ^ -> Z ^   | BUF_X1    | 0.087 |   1.187 |    1.558 | 
     | FE_OFC90_01021      | A ^ -> Z ^   | BUF_X1    | 0.092 |   1.279 |    1.650 | 
     | _10004_             | A1 ^ -> ZN ^ | AND3_X1   | 0.080 |   1.359 |    1.730 | 
     | _10179_             | B1 ^ -> ZN v | OAI221_X1 | 0.035 |   1.394 |    1.765 | 
     | _10182_             | B v -> ZN ^  | OAI211_X1 | 0.037 |   1.431 |    1.802 | 
     | _10183_             | B2 ^ -> ZN v | AOI21_X1  | 0.020 |   1.451 |    1.822 | 
     | _10185_             | A v -> ZN ^  | AOI21_X1  | 0.048 |   1.499 |    1.870 | 
     | _19639_             | D ^          | DFF_X1    | 0.000 |   1.500 |    1.871 | 
     +-----------------------------------------------------------------------------+ 
     Clock Rise Edge                      0.000
     + Source Insertion Delay            -0.128
     = Beginpoint Arrival Time           -0.128
     Other End Path:
     +---------------------------------------------------------------------------+ 
     |      Instance       |    Arc     |   Cell    | Delay | Arrival | Required | 
     |                     |            |           |       |  Time   |   Time   | 
     |---------------------+------------+-----------+-------+---------+----------| 
     |                     | clk ^      |           |       |  -0.128 |   -0.499 | 
     | CTS_ccl_a_buf_00086 | A ^ -> Z ^ | CLKBUF_X3 | 0.052 |  -0.075 |   -0.447 | 
     | CTS_ccl_a_buf_00075 | A ^ -> Z ^ | CLKBUF_X3 | 0.073 |  -0.002 |   -0.373 | 
     | _19639_             | CK ^       | DFF_X1    | 0.004 |   0.002 |   -0.369 | 
     +---------------------------------------------------------------------------+ 
Path 16: MET Setup Check with Pin _19640_/CK 
Endpoint:   _19640_/D (^) checked with  leading edge of 'aes_clk'
Beginpoint: _19477_/Q (v) triggered by  leading edge of 'aes_clk'
Path Groups: {aes_clk}
Analysis View: VIEW_TYP
Other End Arrival Time          0.002
- Setup                         0.033
+ Phase Shift                   2.000
- Uncertainty                   0.100
= Required Time                 1.869
- Arrival Time                  1.496
= Slack Time                    0.373
     Clock Rise Edge                      0.000
     + Source Insertion Delay            -0.128
     = Beginpoint Arrival Time           -0.128
     Timing Path:
     +-----------------------------------------------------------------------------+ 
     |      Instance       |     Arc      |   Cell    | Delay | Arrival | Required | 
     |                     |              |           |       |  Time   |   Time   | 
     |---------------------+--------------+-----------+-------+---------+----------| 
     |                     | clk ^        |           |       |  -0.128 |    0.246 | 
     | CTS_ccl_a_buf_00084 | A ^ -> Z ^   | CLKBUF_X3 | 0.050 |  -0.077 |    0.296 | 
     | CTS_ccl_a_buf_00067 | A ^ -> Z ^   | CLKBUF_X3 | 0.076 |  -0.002 |    0.372 | 
     | _19477_             | CK ^ -> Q v  | DFF_X1    | 0.124 |   0.123 |    0.496 | 
     | FE_OFC18_ld_r       | A v -> Z v   | BUF_X1    | 0.081 |   0.204 |    0.577 | 
     | FE_OFC19_ld_r       | A v -> Z v   | BUF_X1    | 0.081 |   0.285 |    0.658 | 
     | _09768_             | A v -> ZN ^  | INV_X1    | 0.081 |   0.366 |    0.740 | 
     | FE_OFC31_00986      | A ^ -> Z ^   | BUF_X1    | 0.102 |   0.468 |    0.841 | 
     | FE_OFC34_00986      | A ^ -> Z ^   | BUF_X1    | 0.106 |   0.575 |    0.948 | 
     | FE_OFC38_00986      | A ^ -> Z ^   | BUF_X1    | 0.102 |   0.676 |    1.050 | 
     | FE_OFC40_00986      | A ^ -> Z ^   | BUF_X1    | 0.094 |   0.770 |    1.143 | 
     | FE_OFC41_00986      | A ^ -> Z ^   | BUF_X1    | 0.084 |   0.854 |    1.227 | 
     | _09801_             | S ^ -> Z v   | MUX2_X1   | 0.082 |   0.936 |    1.309 | 
     | _09802_             | B v -> ZN ^  | XNOR2_X1  | 0.034 |   0.970 |    1.343 | 
     | FE_OFC84_01020      | A ^ -> Z ^   | BUF_X1    | 0.093 |   1.063 |    1.436 | 
     | FE_OFC85_01020      | A ^ -> Z ^   | BUF_X1    | 0.110 |   1.172 |    1.545 | 
     | FE_OFC86_01020      | A ^ -> Z ^   | BUF_X1    | 0.108 |   1.281 |    1.654 | 
     | _10019_             | C2 ^ -> ZN v | AOI211_X1 | 0.040 |   1.320 |    1.693 | 
     | _10134_             | C2 v -> ZN ^ | AOI211_X1 | 0.059 |   1.380 |    1.753 | 
     | _10135_             | A ^ -> ZN v  | AOI21_X1  | 0.018 |   1.398 |    1.771 | 
     | _10136_             | B v -> Z v   | MUX2_X1   | 0.061 |   1.459 |    1.832 | 
     | _10155_             | A2 v -> ZN ^ | OAI22_X1  | 0.037 |   1.495 |    1.869 | 
     | _19640_             | D ^          | DFF_X1    | 0.000 |   1.496 |    1.869 | 
     +-----------------------------------------------------------------------------+ 
     Clock Rise Edge                      0.000
     + Source Insertion Delay            -0.128
     = Beginpoint Arrival Time           -0.128
     Other End Path:
     +---------------------------------------------------------------------------+ 
     |      Instance       |    Arc     |   Cell    | Delay | Arrival | Required | 
     |                     |            |           |       |  Time   |   Time   | 
     |---------------------+------------+-----------+-------+---------+----------| 
     |                     | clk ^      |           |       |  -0.128 |   -0.501 | 
     | CTS_ccl_a_buf_00086 | A ^ -> Z ^ | CLKBUF_X3 | 0.052 |  -0.075 |   -0.449 | 
     | CTS_ccl_a_buf_00075 | A ^ -> Z ^ | CLKBUF_X3 | 0.073 |  -0.002 |   -0.376 | 
     | _19640_             | CK ^       | DFF_X1    | 0.004 |   0.002 |   -0.372 | 
     +---------------------------------------------------------------------------+ 
Path 17: MET Setup Check with Pin _19704_/CK 
Endpoint:   _19704_/D (v) checked with  leading edge of 'aes_clk'
Beginpoint: _19477_/Q (v) triggered by  leading edge of 'aes_clk'
Path Groups: {aes_clk}
Analysis View: VIEW_TYP
Other End Arrival Time          0.001
- Setup                         0.030
+ Phase Shift                   2.000
- Uncertainty                   0.100
= Required Time                 1.871
- Arrival Time                  1.493
= Slack Time                    0.378
     Clock Rise Edge                      0.000
     + Source Insertion Delay            -0.128
     = Beginpoint Arrival Time           -0.128
     Timing Path:
     +-----------------------------------------------------------------------------+ 
     |      Instance       |     Arc      |   Cell    | Delay | Arrival | Required | 
     |                     |              |           |       |  Time   |   Time   | 
     |---------------------+--------------+-----------+-------+---------+----------| 
     |                     | clk ^        |           |       |  -0.128 |    0.250 | 
     | CTS_ccl_a_buf_00084 | A ^ -> Z ^   | CLKBUF_X3 | 0.050 |  -0.077 |    0.301 | 
     | CTS_ccl_a_buf_00067 | A ^ -> Z ^   | CLKBUF_X3 | 0.076 |  -0.002 |    0.376 | 
     | _19477_             | CK ^ -> Q v  | DFF_X1    | 0.124 |   0.123 |    0.501 | 
     | FE_OFC18_ld_r       | A v -> Z v   | BUF_X1    | 0.081 |   0.204 |    0.582 | 
     | FE_OFC19_ld_r       | A v -> Z v   | BUF_X1    | 0.081 |   0.285 |    0.663 | 
     | _09768_             | A v -> ZN ^  | INV_X1    | 0.081 |   0.366 |    0.744 | 
     | FE_OFC31_00986      | A ^ -> Z ^   | BUF_X1    | 0.102 |   0.468 |    0.846 | 
     | FE_OFC34_00986      | A ^ -> Z ^   | BUF_X1    | 0.106 |   0.575 |    0.952 | 
     | FE_OFC38_00986      | A ^ -> Z ^   | BUF_X1    | 0.102 |   0.676 |    1.054 | 
     | FE_OFC40_00986      | A ^ -> Z ^   | BUF_X1    | 0.094 |   0.770 |    1.148 | 
     | FE_OFC41_00986      | A ^ -> Z ^   | BUF_X1    | 0.084 |   0.854 |    1.232 | 
     | _16586_             | S ^ -> Z v   | MUX2_X1   | 0.073 |   0.927 |    1.305 | 
     | _16587_             | B v -> ZN ^  | XNOR2_X1  | 0.033 |   0.961 |    1.339 | 
     | FE_OFC491_07569     | A ^ -> Z ^   | BUF_X1    | 0.077 |   1.037 |    1.415 | 
     | FE_OFC492_07569     | A ^ -> Z ^   | BUF_X1    | 0.095 |   1.133 |    1.511 | 
     | _16590_             | A2 ^ -> ZN v | NAND2_X1  | 0.059 |   1.192 |    1.570 | 
     | _16635_             | A2 v -> ZN ^ | NOR2_X1   | 0.128 |   1.320 |    1.698 | 
     | _16904_             | C2 ^ -> ZN v | OAI211_X1 | 0.036 |   1.356 |    1.734 | 
     | _16905_             | A3 v -> ZN v | AND3_X1   | 0.048 |   1.405 |    1.783 | 
     | _16909_             | B v -> ZN ^  | AOI211_X1 | 0.066 |   1.471 |    1.849 | 
     | _16919_             | B1 ^ -> ZN v | OAI21_X1  | 0.023 |   1.493 |    1.871 | 
     | _19704_             | D v          | DFF_X1    | 0.000 |   1.493 |    1.871 | 
     +-----------------------------------------------------------------------------+ 
     Clock Rise Edge                      0.000
     + Source Insertion Delay            -0.128
     = Beginpoint Arrival Time           -0.128
     Other End Path:
     +---------------------------------------------------------------------------+ 
     |      Instance       |    Arc     |   Cell    | Delay | Arrival | Required | 
     |                     |            |           |       |  Time   |   Time   | 
     |---------------------+------------+-----------+-------+---------+----------| 
     |                     | clk ^      |           |       |  -0.128 |   -0.506 | 
     | CTS_ccl_a_buf_00084 | A ^ -> Z ^ | CLKBUF_X3 | 0.050 |  -0.077 |   -0.455 | 
     | CTS_ccl_a_buf_00049 | A ^ -> Z ^ | CLKBUF_X3 | 0.076 |  -0.002 |   -0.380 | 
     | _19704_             | CK ^       | DFF_X1    | 0.003 |   0.001 |   -0.377 | 
     +---------------------------------------------------------------------------+ 
Path 18: MET Setup Check with Pin _19643_/CK 
Endpoint:   _19643_/D (v) checked with  leading edge of 'aes_clk'
Beginpoint: _19477_/Q (v) triggered by  leading edge of 'aes_clk'
Path Groups: {aes_clk}
Analysis View: VIEW_TYP
Other End Arrival Time          0.002
- Setup                         0.031
+ Phase Shift                   2.000
- Uncertainty                   0.100
= Required Time                 1.871
- Arrival Time                  1.492
= Slack Time                    0.378
     Clock Rise Edge                      0.000
     + Source Insertion Delay            -0.128
     = Beginpoint Arrival Time           -0.128
     Timing Path:
     +-----------------------------------------------------------------------------+ 
     |      Instance       |     Arc      |   Cell    | Delay | Arrival | Required | 
     |                     |              |           |       |  Time   |   Time   | 
     |---------------------+--------------+-----------+-------+---------+----------| 
     |                     | clk ^        |           |       |  -0.128 |    0.251 | 
     | CTS_ccl_a_buf_00084 | A ^ -> Z ^   | CLKBUF_X3 | 0.050 |  -0.077 |    0.301 | 
     | CTS_ccl_a_buf_00067 | A ^ -> Z ^   | CLKBUF_X3 | 0.076 |  -0.002 |    0.377 | 
     | _19477_             | CK ^ -> Q v  | DFF_X1    | 0.124 |   0.123 |    0.501 | 
     | FE_OFC18_ld_r       | A v -> Z v   | BUF_X1    | 0.081 |   0.204 |    0.582 | 
     | FE_OFC19_ld_r       | A v -> Z v   | BUF_X1    | 0.081 |   0.285 |    0.663 | 
     | _09768_             | A v -> ZN ^  | INV_X1    | 0.081 |   0.366 |    0.745 | 
     | FE_OFC31_00986      | A ^ -> Z ^   | BUF_X1    | 0.102 |   0.468 |    0.846 | 
     | FE_OFC34_00986      | A ^ -> Z ^   | BUF_X1    | 0.106 |   0.575 |    0.953 | 
     | FE_OFC38_00986      | A ^ -> Z ^   | BUF_X1    | 0.102 |   0.676 |    1.055 | 
     | FE_OFC40_00986      | A ^ -> Z ^   | BUF_X1    | 0.094 |   0.770 |    1.148 | 
     | FE_OFC41_00986      | A ^ -> Z ^   | BUF_X1    | 0.084 |   0.854 |    1.232 | 
     | _09801_             | S ^ -> Z v   | MUX2_X1   | 0.082 |   0.936 |    1.314 | 
     | _09802_             | B v -> ZN ^  | XNOR2_X1  | 0.034 |   0.970 |    1.348 | 
     | FE_OFC84_01020      | A ^ -> Z ^   | BUF_X1    | 0.093 |   1.063 |    1.441 | 
     | FE_OFC85_01020      | A ^ -> Z ^   | BUF_X1    | 0.110 |   1.172 |    1.551 | 
     | FE_OFC86_01020      | A ^ -> Z ^   | BUF_X1    | 0.108 |   1.281 |    1.659 | 
     | _09917_             | A1 ^ -> ZN v | NOR2_X1   | 0.028 |   1.308 |    1.687 | 
     | _10000_             | A2 v -> ZN v | OR3_X1    | 0.082 |   1.390 |    1.768 | 
     | _10015_             | B v -> ZN ^  | OAI211_X1 | 0.031 |   1.422 |    1.800 | 
     | _10017_             | A2 ^ -> ZN v | NAND3_X1  | 0.026 |   1.448 |    1.826 | 
     | _10018_             | A2 v -> ZN ^ | NAND2_X1  | 0.025 |   1.472 |    1.851 | 
     | _10039_             | A2 ^ -> ZN v | OAI22_X1  | 0.020 |   1.492 |    1.871 | 
     | _19643_             | D v          | DFF_X1    | 0.000 |   1.492 |    1.871 | 
     +-----------------------------------------------------------------------------+ 
     Clock Rise Edge                      0.000
     + Source Insertion Delay            -0.128
     = Beginpoint Arrival Time           -0.128
     Other End Path:
     +---------------------------------------------------------------------------+ 
     |      Instance       |    Arc     |   Cell    | Delay | Arrival | Required | 
     |                     |            |           |       |  Time   |   Time   | 
     |---------------------+------------+-----------+-------+---------+----------| 
     |                     | clk ^      |           |       |  -0.128 |   -0.506 | 
     | CTS_ccl_a_buf_00086 | A ^ -> Z ^ | CLKBUF_X3 | 0.052 |  -0.075 |   -0.454 | 
     | CTS_ccl_a_buf_00075 | A ^ -> Z ^ | CLKBUF_X3 | 0.073 |  -0.002 |   -0.381 | 
     | _19643_             | CK ^       | DFF_X1    | 0.004 |   0.002 |   -0.377 | 
     +---------------------------------------------------------------------------+ 
Path 19: MET Setup Check with Pin _19703_/CK 
Endpoint:   _19703_/D (v) checked with  leading edge of 'aes_clk'
Beginpoint: _19477_/Q (v) triggered by  leading edge of 'aes_clk'
Path Groups: {aes_clk}
Analysis View: VIEW_TYP
Other End Arrival Time          0.001
- Setup                         0.031
+ Phase Shift                   2.000
- Uncertainty                   0.100
= Required Time                 1.869
- Arrival Time                  1.490
= Slack Time                    0.379
     Clock Rise Edge                      0.000
     + Source Insertion Delay            -0.128
     = Beginpoint Arrival Time           -0.128
     Timing Path:
     +-----------------------------------------------------------------------------+ 
     |      Instance       |     Arc      |   Cell    | Delay | Arrival | Required | 
     |                     |              |           |       |  Time   |   Time   | 
     |---------------------+--------------+-----------+-------+---------+----------| 
     |                     | clk ^        |           |       |  -0.128 |    0.252 | 
     | CTS_ccl_a_buf_00084 | A ^ -> Z ^   | CLKBUF_X3 | 0.050 |  -0.077 |    0.302 | 
     | CTS_ccl_a_buf_00067 | A ^ -> Z ^   | CLKBUF_X3 | 0.076 |  -0.002 |    0.378 | 
     | _19477_             | CK ^ -> Q v  | DFF_X1    | 0.124 |   0.123 |    0.502 | 
     | FE_OFC18_ld_r       | A v -> Z v   | BUF_X1    | 0.081 |   0.204 |    0.583 | 
     | FE_OFC19_ld_r       | A v -> Z v   | BUF_X1    | 0.081 |   0.285 |    0.664 | 
     | _09768_             | A v -> ZN ^  | INV_X1    | 0.081 |   0.366 |    0.746 | 
     | FE_OFC31_00986      | A ^ -> Z ^   | BUF_X1    | 0.102 |   0.468 |    0.847 | 
     | FE_OFC34_00986      | A ^ -> Z ^   | BUF_X1    | 0.106 |   0.575 |    0.954 | 
     | FE_OFC38_00986      | A ^ -> Z ^   | BUF_X1    | 0.102 |   0.676 |    1.056 | 
     | FE_OFC40_00986      | A ^ -> Z ^   | BUF_X1    | 0.094 |   0.770 |    1.149 | 
     | FE_OFC41_00986      | A ^ -> Z ^   | BUF_X1    | 0.084 |   0.854 |    1.233 | 
     | _16586_             | S ^ -> Z v   | MUX2_X1   | 0.073 |   0.927 |    1.306 | 
     | _16587_             | B v -> ZN ^  | XNOR2_X1  | 0.033 |   0.961 |    1.340 | 
     | FE_OFC491_07569     | A ^ -> Z ^   | BUF_X1    | 0.077 |   1.037 |    1.417 | 
     | FE_OFC492_07569     | A ^ -> Z ^   | BUF_X1    | 0.095 |   1.133 |    1.512 | 
     | _16590_             | A2 ^ -> ZN v | NAND2_X1  | 0.059 |   1.192 |    1.571 | 
     | _16635_             | A2 v -> ZN ^ | NOR2_X1   | 0.128 |   1.320 |    1.699 | 
     | _16936_             | C1 ^ -> ZN v | OAI221_X1 | 0.049 |   1.369 |    1.748 | 
     | _16939_             | B1 v -> ZN ^ | AOI21_X1  | 0.039 |   1.407 |    1.787 | 
     | _16942_             | A ^ -> ZN v  | AOI21_X1  | 0.017 |   1.424 |    1.804 | 
     | _16948_             | B1 v -> ZN ^ | OAI21_X1  | 0.039 |   1.463 |    1.843 | 
     | _16949_             | B1 ^ -> ZN v | AOI21_X1  | 0.026 |   1.490 |    1.869 | 
     | _19703_             | D v          | DFF_X1    | 0.000 |   1.490 |    1.869 | 
     +-----------------------------------------------------------------------------+ 
     Clock Rise Edge                      0.000
     + Source Insertion Delay            -0.128
     = Beginpoint Arrival Time           -0.128
     Other End Path:
     +---------------------------------------------------------------------------+ 
     |      Instance       |    Arc     |   Cell    | Delay | Arrival | Required | 
     |                     |            |           |       |  Time   |   Time   | 
     |---------------------+------------+-----------+-------+---------+----------| 
     |                     | clk ^      |           |       |  -0.128 |   -0.507 | 
     | CTS_ccl_a_buf_00084 | A ^ -> Z ^ | CLKBUF_X3 | 0.050 |  -0.077 |   -0.457 | 
     | CTS_ccl_a_buf_00049 | A ^ -> Z ^ | CLKBUF_X3 | 0.076 |  -0.002 |   -0.381 | 
     | _19703_             | CK ^       | DFF_X1    | 0.003 |   0.001 |   -0.378 | 
     +---------------------------------------------------------------------------+ 
Path 20: MET Setup Check with Pin _19646_/CK 
Endpoint:   _19646_/D (^) checked with  leading edge of 'aes_clk'
Beginpoint: _19477_/Q (v) triggered by  leading edge of 'aes_clk'
Path Groups: {aes_clk}
Analysis View: VIEW_TYP
Other End Arrival Time          0.002
- Setup                         0.031
+ Phase Shift                   2.000
- Uncertainty                   0.100
= Required Time                 1.871
- Arrival Time                  1.490
= Slack Time                    0.381
     Clock Rise Edge                      0.000
     + Source Insertion Delay            -0.128
     = Beginpoint Arrival Time           -0.128
     Timing Path:
     +-----------------------------------------------------------------------------+ 
     |      Instance       |     Arc      |   Cell    | Delay | Arrival | Required | 
     |                     |              |           |       |  Time   |   Time   | 
     |---------------------+--------------+-----------+-------+---------+----------| 
     |                     | clk ^        |           |       |  -0.128 |    0.253 | 
     | CTS_ccl_a_buf_00084 | A ^ -> Z ^   | CLKBUF_X3 | 0.050 |  -0.077 |    0.304 | 
     | CTS_ccl_a_buf_00067 | A ^ -> Z ^   | CLKBUF_X3 | 0.076 |  -0.002 |    0.380 | 
     | _19477_             | CK ^ -> Q v  | DFF_X1    | 0.124 |   0.123 |    0.504 | 
     | FE_OFC18_ld_r       | A v -> Z v   | BUF_X1    | 0.081 |   0.204 |    0.585 | 
     | FE_OFC19_ld_r       | A v -> Z v   | BUF_X1    | 0.081 |   0.285 |    0.666 | 
     | _09768_             | A v -> ZN ^  | INV_X1    | 0.081 |   0.366 |    0.748 | 
     | FE_OFC31_00986      | A ^ -> Z ^   | BUF_X1    | 0.102 |   0.468 |    0.849 | 
     | FE_OFC34_00986      | A ^ -> Z ^   | BUF_X1    | 0.106 |   0.575 |    0.956 | 
     | FE_OFC38_00986      | A ^ -> Z ^   | BUF_X1    | 0.102 |   0.676 |    1.058 | 
     | FE_OFC40_00986      | A ^ -> Z ^   | BUF_X1    | 0.094 |   0.770 |    1.151 | 
     | FE_OFC41_00986      | A ^ -> Z ^   | BUF_X1    | 0.084 |   0.854 |    1.235 | 
     | _09801_             | S ^ -> Z ^   | MUX2_X1   | 0.069 |   0.922 |    1.303 | 
     | _09803_             | B ^ -> Z ^   | XOR2_X1   | 0.086 |   1.009 |    1.390 | 
     | FE_OFC87_01021      | A ^ -> Z ^   | BUF_X1    | 0.092 |   1.100 |    1.482 | 
     | FE_OFC89_01021      | A ^ -> Z ^   | BUF_X1    | 0.087 |   1.187 |    1.568 | 
     | FE_OFC90_01021      | A ^ -> Z ^   | BUF_X1    | 0.092 |   1.279 |    1.660 | 
     | _10095_             | A2 ^ -> ZN v | NAND3_X1  | 0.049 |   1.328 |    1.709 | 
     | _18162_             | B2 v -> ZN ^ | AOI221_X1 | 0.090 |   1.418 |    1.799 | 
     | _18163_             | B2 ^ -> ZN v | OAI21_X1  | 0.027 |   1.445 |    1.826 | 
     | _18174_             | B1 v -> ZN ^ | AOI22_X1  | 0.045 |   1.490 |    1.871 | 
     | _19646_             | D ^          | DFF_X1    | 0.000 |   1.490 |    1.871 | 
     +-----------------------------------------------------------------------------+ 
     Clock Rise Edge                      0.000
     + Source Insertion Delay            -0.128
     = Beginpoint Arrival Time           -0.128
     Other End Path:
     +---------------------------------------------------------------------------+ 
     |      Instance       |    Arc     |   Cell    | Delay | Arrival | Required | 
     |                     |            |           |       |  Time   |   Time   | 
     |---------------------+------------+-----------+-------+---------+----------| 
     |                     | clk ^      |           |       |  -0.128 |   -0.509 | 
     | CTS_ccl_a_buf_00086 | A ^ -> Z ^ | CLKBUF_X3 | 0.052 |  -0.075 |   -0.457 | 
     | CTS_ccl_a_buf_00075 | A ^ -> Z ^ | CLKBUF_X3 | 0.073 |  -0.002 |   -0.383 | 
     | _19646_             | CK ^       | DFF_X1    | 0.004 |   0.002 |   -0.379 | 
     +---------------------------------------------------------------------------+ 

