###############################################################
#  Generated by:      Cadence Innovus 19.10-p002_1
#  OS:                Linux x86_64(Host ID qingteng)
#  Generated on:      Tue Aug 18 01:50:57 2026
#  Design:            aes_cipher_top
#  Command:           report_timing -late -max_paths 1 -path_type full_clock
###############################################################
Starting SI iteration 1 using Infinite Timing Windows
#################################################################################
# Design Stage: PostRoute
# Design Name: aes_cipher_top
# Design Mode: 45nm
# Analysis Mode: MMMC OCV 
# Parasitics Mode: SPEF/RCDB
# Signoff Settings: SI On 
#################################################################################
AAE_INFO: 1 threads acquired from CTE.
Calculate early delays in OCV mode...
Calculate late delays in OCV mode...
Start delay calculation (fullDC) (1 T). (MEM=1033.14)
Initializing multi-corner capacitance tables ... 
Initializing multi-corner resistance tables ...
AAE_INFO: 1 threads acquired from CTE.
Total number of fetched objects 12594
AAE_INFO: Total number of nets for which stage creation was skipped for all views 0
AAE_INFO-618: Total number of nets in the design is 12627,  100.0 percent of the nets selected for SI analysis
End delay calculation. (MEM=1060.35 CPU=0:00:02.6 REAL=0:00:03.0)
End delay calculation (fullDC). (MEM=1060.35 CPU=0:00:03.2 REAL=0:00:03.0)
Loading CTE timing window with TwFlowType 0...(CPU = 0:00:00.0, REAL = 0:00:00.0, MEM = 1052.4M)
Add other clocks and setupCteToAAEClockMapping during iter 1
Loading CTE timing window is completed (CPU = 0:00:00.1, REAL = 0:00:00.0, MEM = 1052.4M)
Starting SI iteration 2
Calculate early delays in OCV mode...
Calculate late delays in OCV mode...
Start delay calculation (fullDC) (1 T). (MEM=1030.47)
Glitch Analysis: View VIEW_TYP -- Total Number of Nets Skipped = 0. 
Glitch Analysis: View VIEW_TYP -- Total Number of Nets Analyzed = 12594. 
Total number of fetched objects 12594
AAE_INFO: Total number of nets for which stage creation was skipped for all views 0
AAE_INFO-618: Total number of nets in the design is 12627,  0.3 percent of the nets selected for SI analysis
End delay calculation. (MEM=1036.62 CPU=0:00:00.1 REAL=0:00:00.0)
End delay calculation (fullDC). (MEM=1036.62 CPU=0:00:00.2 REAL=0:00:00.0)
Path 1: VIOLATED Setup Check with Pin _19318_/CK 
Endpoint:   _19318_/D (^) checked with  leading edge of 'aes_clk'
Beginpoint: _19477_/Q (v) triggered by  leading edge of 'aes_clk'
Path Groups: {aes_clk}
Analysis View: VIEW_TYP
Other End Arrival Time          0.129
- Setup                         0.035
+ Phase Shift                   2.000
+ CPPR Adjustment               0.000
- Uncertainty                   0.500
= Required Time                 1.594
- Arrival Time                  1.598
= Slack Time                   -0.004
     Clock Rise Edge                      0.000
     + Source Insertion Delay            -0.128
     = Beginpoint Arrival Time           -0.128
     Timing Path:
     +-----------------------------------------------------------------------------+ 
     |      Instance       |     Arc      |   Cell    | Delay | Arrival | Required | 
     |                     |              |           |       |  Time   |   Time   | 
     |---------------------+--------------+-----------+-------+---------+----------| 
     |                     | clk ^        |           |       |  -0.128 |   -0.131 | 
     | CTS_ccl_a_buf_00084 | A ^ -> Z ^   | CLKBUF_X3 | 0.050 |  -0.077 |   -0.081 | 
     | CTS_ccl_a_buf_00067 | A ^ -> Z ^   | CLKBUF_X3 | 0.076 |  -0.001 |   -0.005 | 
     | _19477_             | CK ^ -> Q v  | DFF_X1    | 0.124 |   0.123 |    0.120 | 
     | FE_OFC18_ld_r       | A v -> Z v   | BUF_X1    | 0.079 |   0.202 |    0.199 | 
     | FE_OFC19_ld_r       | A v -> Z v   | BUF_X1    | 0.081 |   0.284 |    0.280 | 
     | _09768_             | A v -> ZN ^  | INV_X1    | 0.077 |   0.360 |    0.356 | 
     | FE_OFC31_00986      | A ^ -> Z ^   | BUF_X1    | 0.099 |   0.459 |    0.456 | 
     | FE_OFC34_00986      | A ^ -> Z ^   | BUF_X1    | 0.105 |   0.564 |    0.561 | 
     | FE_OFC38_00986      | A ^ -> Z ^   | BUF_X1    | 0.102 |   0.667 |    0.663 | 
     | FE_OFC40_00986      | A ^ -> Z ^   | BUF_X1    | 0.094 |   0.761 |    0.757 | 
     | FE_OFC41_00986      | A ^ -> Z ^   | BUF_X1    | 0.084 |   0.845 |    0.841 | 
     | _16115_             | S ^ -> Z v   | MUX2_X1   | 0.079 |   0.923 |    0.920 | 
     | _16116_             | B v -> ZN ^  | XNOR2_X1  | 0.056 |   0.980 |    0.976 | 
     | FE_OFC464_07107     | A ^ -> Z ^   | BUF_X1    | 0.091 |   1.071 |    1.067 | 
     | FE_OFC465_07107     | A ^ -> Z ^   | BUF_X1    | 0.100 |   1.170 |    1.167 | 
     | FE_OFC466_07107     | A ^ -> Z ^   | BUF_X1    | 0.096 |   1.266 |    1.263 | 
     | FE_OFC467_07107     | A ^ -> Z ^   | BUF_X1    | 0.101 |   1.368 |    1.364 | 
     | _16419_             | A ^ -> ZN v  | OAI21_X1  | 0.036 |   1.404 |    1.400 | 
     | _16425_             | B2 v -> ZN ^ | OAI221_X1 | 0.058 |   1.462 |    1.458 | 
     | _16427_             | A ^ -> ZN v  | OAI21_X1  | 0.024 |   1.486 |    1.482 | 
     | _16428_             | B v -> Z v   | MUX2_X1   | 0.059 |   1.545 |    1.542 | 
     | _16447_             | A2 v -> ZN ^ | OAI22_X1  | 0.052 |   1.598 |    1.594 | 
     | _19318_             | D ^          | DFF_X1    | 0.000 |   1.598 |    1.594 | 
     +-----------------------------------------------------------------------------+ 
     Clock Rise Edge                      0.000
     = Beginpoint Arrival Time            0.000
     Other End Path:
     +---------------------------------------------------------------------------+ 
     |      Instance       |    Arc     |   Cell    | Delay | Arrival | Required | 
     |                     |            |           |       |  Time   |   Time   | 
     |---------------------+------------+-----------+-------+---------+----------| 
     |                     | clk ^      |           |       |   0.000 |    0.004 | 
     | CTS_ccl_a_buf_00084 | A ^ -> Z ^ | CLKBUF_X3 | 0.050 |   0.050 |    0.054 | 
     | CTS_ccl_a_buf_00067 | A ^ -> Z ^ | CLKBUF_X3 | 0.076 |   0.126 |    0.130 | 
     | _19318_             | CK ^       | DFF_X1    | 0.003 |   0.129 |    0.133 | 
     +---------------------------------------------------------------------------+ 

