###############################################################
#  Generated by:      Cadence Innovus 19.10-p002_1
#  OS:                Linux x86_64(Host ID qingteng)
#  Generated on:      Sat Aug 15 01:34:43 2026
#  Design:            aes_cipher_top
#  Command:           report_timing -early -max_paths 20 -path_type full_clock
###############################################################
Starting SI iteration 1 using Infinite Timing Windows
#################################################################################
# Design Stage: PostRoute
# Design Name: aes_cipher_top
# Design Mode: 45nm
# Analysis Mode: MMMC OCV 
# Parasitics Mode: SPEF/RCDB
# Signoff Settings: SI On 
#################################################################################
AAE_INFO: 1 threads acquired from CTE.
Calculate late delays in OCV mode...
Calculate early delays in OCV mode...
Start delay calculation (fullDC) (1 T). (MEM=988.906)
Total number of fetched objects 12594
AAE_INFO: Total number of nets for which stage creation was skipped for all views 0
AAE_INFO-618: Total number of nets in the design is 12627,  100.0 percent of the nets selected for SI analysis
End delay calculation. (MEM=1068.73 CPU=0:00:02.8 REAL=0:00:03.0)
End delay calculation (fullDC). (MEM=1068.73 CPU=0:00:03.2 REAL=0:00:03.0)
Loading CTE timing window with TwFlowType 0...(CPU = 0:00:00.0, REAL = 0:00:00.0, MEM = 1068.7M)
Add other clocks and setupCteToAAEClockMapping during iter 1
Loading CTE timing window is completed (CPU = 0:00:00.1, REAL = 0:00:00.0, MEM = 1068.7M)
Starting SI iteration 2
AAE_INFO: 1 threads acquired from CTE.
Calculate late delays in OCV mode...
Calculate early delays in OCV mode...
Start delay calculation (fullDC) (1 T). (MEM=1031.85)
Glitch Analysis: View VIEW_TYP -- Total Number of Nets Skipped = 0. 
Glitch Analysis: View VIEW_TYP -- Total Number of Nets Analyzed = 12594. 
Total number of fetched objects 12594
AAE_INFO: Total number of nets for which stage creation was skipped for all views 0
AAE_INFO-618: Total number of nets in the design is 12627,  2.0 percent of the nets selected for SI analysis
End delay calculation. (MEM=1038.01 CPU=0:00:00.2 REAL=0:00:00.0)
End delay calculation (fullDC). (MEM=1038.01 CPU=0:00:00.2 REAL=0:00:00.0)
Path 1: MET Hold Check with Pin _19212_/CK 
Endpoint:   _19212_/D   (^) checked with  leading edge of 'aes_clk'
Beginpoint: text_in[23] (^) triggered by  leading edge of 'aes_clk'
Path Groups: {aes_clk}
Analysis View: VIEW_TYP
Other End Arrival Time          0.002
+ Hold                          0.016
+ Phase Shift                   0.000
- CPPR Adjustment               0.000
+ Uncertainty                   0.100
= Required Time                 0.118
  Arrival Time                  0.144
  Slack Time                    0.026
     Clock Rise Edge                      0.000
     + Input Delay                        0.000
     = Beginpoint Arrival Time            0.000
     Timing Path:
     +--------------------------------------------------------------------------------+ 
     |       Instance        |      Arc      |   Cell    | Delay | Arrival | Required | 
     |                       |               |           |       |  Time   |   Time   | 
     |-----------------------+---------------+-----------+-------+---------+----------| 
     |                       | text_in[23] ^ |           |       |   0.000 |   -0.026 | 
     | FE_PHC1475_text_in_23 | A ^ -> Z ^    | CLKBUF_X1 | 0.035 |   0.035 |    0.009 | 
     | _17568_               | B ^ -> Z ^    | MUX2_X1   | 0.033 |   0.068 |    0.042 | 
     | FE_PHC917_00140       | A ^ -> Z ^    | CLKBUF_X1 | 0.028 |   0.096 |    0.070 | 
     | FE_PHC1249_00140      | A ^ -> Z ^    | BUF_X1    | 0.020 |   0.117 |    0.091 | 
     | FE_PHC963_00140       | A ^ -> Z ^    | CLKBUF_X1 | 0.027 |   0.144 |    0.118 | 
     | _19212_               | D ^           | DFF_X1    | 0.000 |   0.144 |    0.118 | 
     +--------------------------------------------------------------------------------+ 
     Clock Rise Edge                      0.000
     + Source Insertion Delay            -0.128
     = Beginpoint Arrival Time           -0.128
     Other End Path:
     +---------------------------------------------------------------------------+ 
     |      Instance       |    Arc     |   Cell    | Delay | Arrival | Required | 
     |                     |            |           |       |  Time   |   Time   | 
     |---------------------+------------+-----------+-------+---------+----------| 
     |                     | clk ^      |           |       |  -0.128 |   -0.102 | 
     | CTS_ccl_a_buf_00084 | A ^ -> Z ^ | CLKBUF_X3 | 0.050 |  -0.077 |   -0.051 | 
     | CTS_ccl_a_buf_00053 | A ^ -> Z ^ | CLKBUF_X3 | 0.075 |  -0.002 |    0.024 | 
     | _19212_             | CK ^       | DFF_X1    | 0.004 |   0.002 |    0.028 | 
     +---------------------------------------------------------------------------+ 
Path 2: MET Hold Check with Pin _19262_/CK 
Endpoint:   _19262_/D   (^) checked with  leading edge of 'aes_clk'
Beginpoint: text_in[73] (^) triggered by  leading edge of 'aes_clk'
Path Groups: {aes_clk}
Analysis View: VIEW_TYP
Other End Arrival Time         -0.001
+ Hold                          0.016
+ Phase Shift                   0.000
- CPPR Adjustment               0.000
+ Uncertainty                   0.100
= Required Time                 0.115
  Arrival Time                  0.147
  Slack Time                    0.031
     Clock Rise Edge                      0.000
     + Input Delay                        0.000
     = Beginpoint Arrival Time            0.000
     Timing Path:
     +--------------------------------------------------------------------------------+ 
     |       Instance        |      Arc      |   Cell    | Delay | Arrival | Required | 
     |                       |               |           |       |  Time   |   Time   | 
     |-----------------------+---------------+-----------+-------+---------+----------| 
     |                       | text_in[73] ^ |           |       |   0.000 |   -0.031 | 
     | FE_PHC1416_text_in_73 | A ^ -> Z ^    | CLKBUF_X1 | 0.042 |   0.042 |    0.011 | 
     | _17518_               | B ^ -> Z ^    | MUX2_X1   | 0.033 |   0.075 |    0.044 | 
     | FE_PHC887_00090       | A ^ -> Z ^    | CLKBUF_X1 | 0.027 |   0.102 |    0.070 | 
     | FE_PHC1292_00090      | A ^ -> Z ^    | BUF_X1    | 0.019 |   0.120 |    0.089 | 
     | FE_PHC1032_00090      | A ^ -> Z ^    | CLKBUF_X1 | 0.026 |   0.147 |    0.115 | 
     | _19262_               | D ^           | DFF_X1    | 0.000 |   0.147 |    0.115 | 
     +--------------------------------------------------------------------------------+ 
     Clock Rise Edge                      0.000
     + Source Insertion Delay            -0.128
     = Beginpoint Arrival Time           -0.128
     Other End Path:
     +---------------------------------------------------------------------------+ 
     |      Instance       |    Arc     |   Cell    | Delay | Arrival | Required | 
     |                     |            |           |       |  Time   |   Time   | 
     |---------------------+------------+-----------+-------+---------+----------| 
     |                     | clk ^      |           |       |  -0.128 |   -0.096 | 
     | CTS_ccl_a_buf_00086 | A ^ -> Z ^ | CLKBUF_X3 | 0.052 |  -0.076 |   -0.045 | 
     | CTS_ccl_a_buf_00061 | A ^ -> Z ^ | CLKBUF_X3 | 0.074 |  -0.002 |    0.029 | 
     | _19262_             | CK ^       | DFF_X1    | 0.002 |  -0.001 |    0.031 | 
     +---------------------------------------------------------------------------+ 
Path 3: MET Hold Check with Pin _19229_/CK 
Endpoint:   _19229_/D   (^) checked with  leading edge of 'aes_clk'
Beginpoint: text_in[40] (^) triggered by  leading edge of 'aes_clk'
Path Groups: {aes_clk}
Analysis View: VIEW_TYP
Other End Arrival Time         -0.004
+ Hold                          0.015
+ Phase Shift                   0.000
- CPPR Adjustment               0.000
+ Uncertainty                   0.100
= Required Time                 0.111
  Arrival Time                  0.143
  Slack Time                    0.032
     Clock Rise Edge                      0.000
     + Input Delay                        0.000
     = Beginpoint Arrival Time            0.000
     Timing Path:
     +--------------------------------------------------------------------------------+ 
     |       Instance        |      Arc      |   Cell    | Delay | Arrival | Required | 
     |                       |               |           |       |  Time   |   Time   | 
     |-----------------------+---------------+-----------+-------+---------+----------| 
     |                       | text_in[40] ^ |           |       |   0.000 |   -0.032 | 
     | FE_PHC1554_text_in_40 | A ^ -> Z ^    | CLKBUF_X1 | 0.036 |   0.036 |    0.004 | 
     | _17551_               | B ^ -> Z ^    | MUX2_X1   | 0.034 |   0.070 |    0.038 | 
     | FE_PHC922_00123       | A ^ -> Z ^    | CLKBUF_X1 | 0.027 |   0.097 |    0.065 | 
     | FE_PHC1355_00123      | A ^ -> Z ^    | BUF_X1    | 0.020 |   0.116 |    0.085 | 
     | FE_PHC1125_00123      | A ^ -> Z ^    | CLKBUF_X1 | 0.027 |   0.143 |    0.111 | 
     | _19229_               | D ^           | DFF_X1    | 0.000 |   0.143 |    0.111 | 
     +--------------------------------------------------------------------------------+ 
     Clock Rise Edge                      0.000
     + Source Insertion Delay            -0.128
     = Beginpoint Arrival Time           -0.128
     Other End Path:
     +---------------------------------------------------------------------------+ 
     |      Instance       |    Arc     |   Cell    | Delay | Arrival | Required | 
     |                     |            |           |       |  Time   |   Time   | 
     |---------------------+------------+-----------+-------+---------+----------| 
     |                     | clk ^      |           |       |  -0.128 |   -0.096 | 
     | CTS_ccl_a_buf_00084 | A ^ -> Z ^ | CLKBUF_X3 | 0.050 |  -0.077 |   -0.046 | 
     | CTS_ccl_a_buf_00051 | A ^ -> Z ^ | CLKBUF_X3 | 0.072 |  -0.005 |    0.027 | 
     | _19229_             | CK ^       | DFF_X1    | 0.001 |  -0.004 |    0.028 | 
     +---------------------------------------------------------------------------+ 
Path 4: MET Hold Check with Pin _19210_/CK 
Endpoint:   _19210_/D   (^) checked with  leading edge of 'aes_clk'
Beginpoint: text_in[21] (^) triggered by  leading edge of 'aes_clk'
Path Groups: {aes_clk}
Analysis View: VIEW_TYP
Other End Arrival Time          0.002
+ Hold                          0.016
+ Phase Shift                   0.000
- CPPR Adjustment               0.000
+ Uncertainty                   0.100
= Required Time                 0.118
  Arrival Time                  0.156
  Slack Time                    0.038
     Clock Rise Edge                      0.000
     + Input Delay                        0.000
     = Beginpoint Arrival Time            0.000
     Timing Path:
     +--------------------------------------------------------------------------------+ 
     |       Instance        |      Arc      |   Cell    | Delay | Arrival | Required | 
     |                       |               |           |       |  Time   |   Time   | 
     |-----------------------+---------------+-----------+-------+---------+----------| 
     |                       | text_in[21] ^ |           |       |   0.000 |   -0.038 | 
     | FE_PHC1513_text_in_21 | A ^ -> Z ^    | CLKBUF_X1 | 0.045 |   0.045 |    0.007 | 
     | _17570_               | B ^ -> Z ^    | MUX2_X1   | 0.034 |   0.078 |    0.041 | 
     | FE_PHC873_00142       | A ^ -> Z ^    | CLKBUF_X1 | 0.029 |   0.107 |    0.070 | 
     | FE_PHC1193_00142      | A ^ -> Z ^    | BUF_X1    | 0.021 |   0.129 |    0.091 | 
     | FE_PHC1039_00142      | A ^ -> Z ^    | CLKBUF_X1 | 0.027 |   0.156 |    0.118 | 
     | _19210_               | D ^           | DFF_X1    | 0.000 |   0.156 |    0.118 | 
     +--------------------------------------------------------------------------------+ 
     Clock Rise Edge                      0.000
     + Source Insertion Delay            -0.128
     = Beginpoint Arrival Time           -0.128
     Other End Path:
     +---------------------------------------------------------------------------+ 
     |      Instance       |    Arc     |   Cell    | Delay | Arrival | Required | 
     |                     |            |           |       |  Time   |   Time   | 
     |---------------------+------------+-----------+-------+---------+----------| 
     |                     | clk ^      |           |       |  -0.128 |   -0.090 | 
     | CTS_ccl_a_buf_00084 | A ^ -> Z ^ | CLKBUF_X3 | 0.050 |  -0.077 |   -0.039 | 
     | CTS_ccl_a_buf_00053 | A ^ -> Z ^ | CLKBUF_X3 | 0.075 |  -0.002 |    0.036 | 
     | _19210_             | CK ^       | DFF_X1    | 0.004 |   0.002 |    0.040 | 
     +---------------------------------------------------------------------------+ 
Path 5: MET Hold Check with Pin _19235_/CK 
Endpoint:   _19235_/D   (^) checked with  leading edge of 'aes_clk'
Beginpoint: text_in[46] (^) triggered by  leading edge of 'aes_clk'
Path Groups: {aes_clk}
Analysis View: VIEW_TYP
Other End Arrival Time         -0.002
+ Hold                          0.015
+ Phase Shift                   0.000
- CPPR Adjustment               0.000
+ Uncertainty                   0.100
= Required Time                 0.114
  Arrival Time                  0.152
  Slack Time                    0.039
     Clock Rise Edge                      0.000
     + Input Delay                        0.000
     = Beginpoint Arrival Time            0.000
     Timing Path:
     +--------------------------------------------------------------------------------+ 
     |       Instance        |      Arc      |   Cell    | Delay | Arrival | Required | 
     |                       |               |           |       |  Time   |   Time   | 
     |-----------------------+---------------+-----------+-------+---------+----------| 
     |                       | text_in[46] ^ |           |       |   0.000 |   -0.039 | 
     | FE_PHC1515_text_in_46 | A ^ -> Z ^    | CLKBUF_X1 | 0.044 |   0.044 |    0.005 | 
     | _17545_               | B ^ -> Z ^    | MUX2_X1   | 0.034 |   0.078 |    0.040 | 
     | FE_PHC817_00117       | A ^ -> Z ^    | CLKBUF_X1 | 0.028 |   0.106 |    0.067 | 
     | FE_PHC1343_00117      | A ^ -> Z ^    | BUF_X1    | 0.020 |   0.126 |    0.087 | 
     | FE_PHC1094_00117      | A ^ -> Z ^    | CLKBUF_X1 | 0.027 |   0.152 |    0.114 | 
     | _19235_               | D ^           | DFF_X1    | 0.000 |   0.152 |    0.114 | 
     +--------------------------------------------------------------------------------+ 
     Clock Rise Edge                      0.000
     + Source Insertion Delay            -0.128
     = Beginpoint Arrival Time           -0.128
     Other End Path:
     +---------------------------------------------------------------------------+ 
     |      Instance       |    Arc     |   Cell    | Delay | Arrival | Required | 
     |                     |            |           |       |  Time   |   Time   | 
     |---------------------+------------+-----------+-------+---------+----------| 
     |                     | clk ^      |           |       |  -0.128 |   -0.089 | 
     | CTS_ccl_a_buf_00084 | A ^ -> Z ^ | CLKBUF_X3 | 0.050 |  -0.077 |   -0.039 | 
     | CTS_ccl_a_buf_00051 | A ^ -> Z ^ | CLKBUF_X3 | 0.072 |  -0.005 |    0.034 | 
     | _19235_             | CK ^       | DFF_X1    | 0.003 |  -0.002 |    0.037 | 
     +---------------------------------------------------------------------------+ 
Path 6: MET Hold Check with Pin _19258_/CK 
Endpoint:   _19258_/D   (^) checked with  leading edge of 'aes_clk'
Beginpoint: text_in[69] (^) triggered by  leading edge of 'aes_clk'
Path Groups: {aes_clk}
Analysis View: VIEW_TYP
Other End Arrival Time         -0.000
+ Hold                          0.016
+ Phase Shift                   0.000
- CPPR Adjustment               0.000
+ Uncertainty                   0.100
= Required Time                 0.115
  Arrival Time                  0.154
  Slack Time                    0.039
     Clock Rise Edge                      0.000
     + Input Delay                        0.000
     = Beginpoint Arrival Time            0.000
     Timing Path:
     +--------------------------------------------------------------------------------+ 
     |       Instance        |      Arc      |   Cell    | Delay | Arrival | Required | 
     |                       |               |           |       |  Time   |   Time   | 
     |-----------------------+---------------+-----------+-------+---------+----------| 
     |                       | text_in[69] ^ |           |       |   0.000 |   -0.039 | 
     | FE_PHC1443_text_in_69 | A ^ -> Z ^    | CLKBUF_X1 | 0.044 |   0.044 |    0.005 | 
     | _17522_               | B ^ -> Z ^    | MUX2_X1   | 0.033 |   0.077 |    0.039 | 
     | FE_PHC865_00094       | A ^ -> Z ^    | CLKBUF_X1 | 0.028 |   0.106 |    0.067 | 
     | FE_PHC1279_00094      | A ^ -> Z ^    | BUF_X1    | 0.021 |   0.127 |    0.088 | 
     | FE_PHC1088_00094      | A ^ -> Z ^    | CLKBUF_X1 | 0.027 |   0.154 |    0.115 | 
     | _19258_               | D ^           | DFF_X1    | 0.000 |   0.154 |    0.115 | 
     +--------------------------------------------------------------------------------+ 
     Clock Rise Edge                      0.000
     + Source Insertion Delay            -0.128
     = Beginpoint Arrival Time           -0.128
     Other End Path:
     +---------------------------------------------------------------------------+ 
     |      Instance       |    Arc     |   Cell    | Delay | Arrival | Required | 
     |                     |            |           |       |  Time   |   Time   | 
     |---------------------+------------+-----------+-------+---------+----------| 
     |                     | clk ^      |           |       |  -0.128 |   -0.089 | 
     | CTS_ccl_a_buf_00086 | A ^ -> Z ^ | CLKBUF_X3 | 0.052 |  -0.076 |   -0.038 | 
     | CTS_ccl_a_buf_00061 | A ^ -> Z ^ | CLKBUF_X3 | 0.074 |  -0.002 |    0.037 | 
     | _19258_             | CK ^       | DFF_X1    | 0.002 |  -0.000 |    0.038 | 
     +---------------------------------------------------------------------------+ 
Path 7: MET Hold Check with Pin _19530_/CK 
Endpoint:   _19530_/D (^) checked with  leading edge of 'aes_clk'
Beginpoint: key[83]   (^) triggered by  leading edge of 'aes_clk'
Path Groups: {aes_clk}
Analysis View: VIEW_TYP
Other End Arrival Time         -0.001
+ Hold                          0.016
+ Phase Shift                   0.000
- CPPR Adjustment               0.000
+ Uncertainty                   0.100
= Required Time                 0.116
  Arrival Time                  0.155
  Slack Time                    0.039
     Clock Rise Edge                      0.000
     + Input Delay                        0.000
     = Beginpoint Arrival Time            0.000
     Timing Path:
     +-------------------------------------------------------------------------+ 
     |     Instance      |    Arc     |   Cell    | Delay | Arrival | Required | 
     |                   |            |           |       |  Time   |   Time   | 
     |-------------------+------------+-----------+-------+---------+----------| 
     |                   | key[83] ^  |           |       |   0.000 |   -0.039 | 
     | FE_PHC1408_key_83 | A ^ -> Z ^ | CLKBUF_X1 | 0.048 |   0.048 |    0.009 | 
     | _13177_           | A ^ -> Z ^ | MUX2_X1   | 0.035 |   0.083 |    0.044 | 
     | FE_PHC779_00223   | A ^ -> Z ^ | CLKBUF_X1 | 0.027 |   0.110 |    0.071 | 
     | FE_PHC1278_00223  | A ^ -> Z ^ | BUF_X1    | 0.019 |   0.129 |    0.090 | 
     | FE_PHC1129_00223  | A ^ -> Z ^ | CLKBUF_X1 | 0.026 |   0.155 |    0.116 | 
     | _19530_           | D ^        | DFF_X1    | 0.000 |   0.155 |    0.116 | 
     +-------------------------------------------------------------------------+ 
     Clock Rise Edge                      0.000
     + Source Insertion Delay            -0.128
     = Beginpoint Arrival Time           -0.128
     Other End Path:
     +---------------------------------------------------------------------------+ 
     |      Instance       |    Arc     |   Cell    | Delay | Arrival | Required | 
     |                     |            |           |       |  Time   |   Time   | 
     |---------------------+------------+-----------+-------+---------+----------| 
     |                     | clk ^      |           |       |  -0.128 |   -0.089 | 
     | CTS_ccl_a_buf_00084 | A ^ -> Z ^ | CLKBUF_X3 | 0.050 |  -0.077 |   -0.038 | 
     | CTS_ccl_a_buf_00067 | A ^ -> Z ^ | CLKBUF_X3 | 0.076 |  -0.001 |    0.038 | 
     | _19530_             | CK ^       | DFF_X1    | 0.001 |  -0.001 |    0.038 | 
     +---------------------------------------------------------------------------+ 
Path 8: MET Hold Check with Pin _19534_/CK 
Endpoint:   _19534_/D (^) checked with  leading edge of 'aes_clk'
Beginpoint: key[87]   (^) triggered by  leading edge of 'aes_clk'
Path Groups: {aes_clk}
Analysis View: VIEW_TYP
Other End Arrival Time         -0.000
+ Hold                          0.016
+ Phase Shift                   0.000
- CPPR Adjustment               0.000
+ Uncertainty                   0.100
= Required Time                 0.116
  Arrival Time                  0.155
  Slack Time                    0.039
     Clock Rise Edge                      0.000
     + Input Delay                        0.000
     = Beginpoint Arrival Time            0.000
     Timing Path:
     +-------------------------------------------------------------------------+ 
     |     Instance      |    Arc     |   Cell    | Delay | Arrival | Required | 
     |                   |            |           |       |  Time   |   Time   | 
     |-------------------+------------+-----------+-------+---------+----------| 
     |                   | key[87] ^  |           |       |   0.000 |   -0.039 | 
     | FE_PHC1420_key_87 | A ^ -> Z ^ | CLKBUF_X1 | 0.047 |   0.047 |    0.008 | 
     | _13169_           | A ^ -> Z ^ | MUX2_X1   | 0.035 |   0.081 |    0.042 | 
     | FE_PHC775_00228   | A ^ -> Z ^ | CLKBUF_X1 | 0.027 |   0.109 |    0.070 | 
     | FE_PHC1269_00228  | A ^ -> Z ^ | BUF_X1    | 0.020 |   0.128 |    0.089 | 
     | FE_PHC1073_00228  | A ^ -> Z ^ | CLKBUF_X1 | 0.027 |   0.155 |    0.116 | 
     | _19534_           | D ^        | DFF_X1    | 0.000 |   0.155 |    0.116 | 
     +-------------------------------------------------------------------------+ 
     Clock Rise Edge                      0.000
     + Source Insertion Delay            -0.128
     = Beginpoint Arrival Time           -0.128
     Other End Path:
     +---------------------------------------------------------------------------+ 
     |      Instance       |    Arc     |   Cell    | Delay | Arrival | Required | 
     |                     |            |           |       |  Time   |   Time   | 
     |---------------------+------------+-----------+-------+---------+----------| 
     |                     | clk ^      |           |       |  -0.128 |   -0.089 | 
     | CTS_ccl_a_buf_00084 | A ^ -> Z ^ | CLKBUF_X3 | 0.050 |  -0.077 |   -0.038 | 
     | CTS_ccl_a_buf_00067 | A ^ -> Z ^ | CLKBUF_X3 | 0.076 |  -0.001 |    0.038 | 
     | _19534_             | CK ^       | DFF_X1    | 0.001 |  -0.000 |    0.039 | 
     +---------------------------------------------------------------------------+ 
Path 9: MET Hold Check with Pin _19543_/CK 
Endpoint:   _19543_/D (^) checked with  leading edge of 'aes_clk'
Beginpoint: key[32]   (^) triggered by  leading edge of 'aes_clk'
Path Groups: {aes_clk}
Analysis View: VIEW_TYP
Other End Arrival Time          0.001
+ Hold                          0.016
+ Phase Shift                   0.000
- CPPR Adjustment               0.000
+ Uncertainty                   0.100
= Required Time                 0.117
  Arrival Time                  0.156
  Slack Time                    0.039
     Clock Rise Edge                      0.000
     + Input Delay                        0.000
     = Beginpoint Arrival Time            0.000
     Timing Path:
     +-------------------------------------------------------------------------+ 
     |     Instance      |    Arc     |   Cell    | Delay | Arrival | Required | 
     |                   |            |           |       |  Time   |   Time   | 
     |-------------------+------------+-----------+-------+---------+----------| 
     |                   | key[32] ^  |           |       |   0.000 |   -0.039 | 
     | FE_PHC1406_key_32 | A ^ -> Z ^ | CLKBUF_X1 | 0.050 |   0.050 |    0.010 | 
     | _13282_           | A ^ -> Z ^ | MUX2_X1   | 0.035 |   0.084 |    0.045 | 
     | FE_PHC913_00245   | A ^ -> Z ^ | CLKBUF_X1 | 0.026 |   0.111 |    0.071 | 
     | FE_PHC1217_00245  | A ^ -> Z ^ | BUF_X1    | 0.019 |   0.130 |    0.090 | 
     | FE_PHC1143_00245  | A ^ -> Z ^ | CLKBUF_X1 | 0.026 |   0.156 |    0.117 | 
     | _19543_           | D ^        | DFF_X1    | 0.000 |   0.156 |    0.117 | 
     +-------------------------------------------------------------------------+ 
     Clock Rise Edge                      0.000
     + Source Insertion Delay            -0.128
     = Beginpoint Arrival Time           -0.128
     Other End Path:
     +---------------------------------------------------------------------------+ 
     |      Instance       |    Arc     |   Cell    | Delay | Arrival | Required | 
     |                     |            |           |       |  Time   |   Time   | 
     |---------------------+------------+-----------+-------+---------+----------| 
     |                     | clk ^      |           |       |  -0.128 |   -0.088 | 
     | CTS_ccl_a_buf_00084 | A ^ -> Z ^ | CLKBUF_X3 | 0.050 |  -0.077 |   -0.038 | 
     | CTS_ccl_a_buf_00049 | A ^ -> Z ^ | CLKBUF_X3 | 0.076 |  -0.001 |    0.038 | 
     | _19543_             | CK ^       | DFF_X1    | 0.002 |   0.001 |    0.040 | 
     +---------------------------------------------------------------------------+ 
Path 10: MET Hold Check with Pin _19518_/CK 
Endpoint:   _19518_/D (^) checked with  leading edge of 'aes_clk'
Beginpoint: key[71]   (^) triggered by  leading edge of 'aes_clk'
Path Groups: {aes_clk}
Analysis View: VIEW_TYP
Other End Arrival Time          0.000
+ Hold                          0.016
+ Phase Shift                   0.000
- CPPR Adjustment               0.000
+ Uncertainty                   0.100
= Required Time                 0.117
  Arrival Time                  0.156
  Slack Time                    0.039
     Clock Rise Edge                      0.000
     + Input Delay                        0.000
     = Beginpoint Arrival Time            0.000
     Timing Path:
     +-------------------------------------------------------------------------+ 
     |     Instance      |    Arc     |   Cell    | Delay | Arrival | Required | 
     |                   |            |           |       |  Time   |   Time   | 
     |-------------------+------------+-----------+-------+---------+----------| 
     |                   | key[71] ^  |           |       |   0.000 |   -0.039 | 
     | FE_PHC1411_key_71 | A ^ -> Z ^ | CLKBUF_X1 | 0.048 |   0.048 |    0.009 | 
     | _13201_           | A ^ -> Z ^ | MUX2_X1   | 0.035 |   0.083 |    0.044 | 
     | FE_PHC838_00242   | A ^ -> Z ^ | CLKBUF_X1 | 0.027 |   0.110 |    0.071 | 
     | FE_PHC1270_00242  | A ^ -> Z ^ | BUF_X1    | 0.020 |   0.130 |    0.090 | 
     | FE_PHC1008_00242  | A ^ -> Z ^ | CLKBUF_X1 | 0.026 |   0.156 |    0.117 | 
     | _19518_           | D ^        | DFF_X1    | 0.000 |   0.156 |    0.117 | 
     +-------------------------------------------------------------------------+ 
     Clock Rise Edge                      0.000
     + Source Insertion Delay            -0.128
     = Beginpoint Arrival Time           -0.128
     Other End Path:
     +---------------------------------------------------------------------------+ 
     |      Instance       |    Arc     |   Cell    | Delay | Arrival | Required | 
     |                     |            |           |       |  Time   |   Time   | 
     |---------------------+------------+-----------+-------+---------+----------| 
     |                     | clk ^      |           |       |  -0.128 |   -0.088 | 
     | CTS_ccl_a_buf_00084 | A ^ -> Z ^ | CLKBUF_X3 | 0.050 |  -0.077 |   -0.038 | 
     | CTS_ccl_a_buf_00055 | A ^ -> Z ^ | CLKBUF_X3 | 0.076 |  -0.001 |    0.039 | 
     | _19518_             | CK ^       | DFF_X1    | 0.001 |   0.000 |    0.040 | 
     +---------------------------------------------------------------------------+ 
Path 11: MET Hold Check with Pin _19532_/CK 
Endpoint:   _19532_/D (^) checked with  leading edge of 'aes_clk'
Beginpoint: key[85]   (^) triggered by  leading edge of 'aes_clk'
Path Groups: {aes_clk}
Analysis View: VIEW_TYP
Other End Arrival Time         -0.000
+ Hold                          0.016
+ Phase Shift                   0.000
- CPPR Adjustment               0.000
+ Uncertainty                   0.100
= Required Time                 0.116
  Arrival Time                  0.156
  Slack Time                    0.040
     Clock Rise Edge                      0.000
     + Input Delay                        0.000
     = Beginpoint Arrival Time            0.000
     Timing Path:
     +-------------------------------------------------------------------------+ 
     |     Instance      |    Arc     |   Cell    | Delay | Arrival | Required | 
     |                   |            |           |       |  Time   |   Time   | 
     |-------------------+------------+-----------+-------+---------+----------| 
     |                   | key[85] ^  |           |       |   0.000 |   -0.040 | 
     | FE_PHC1412_key_85 | A ^ -> Z ^ | CLKBUF_X1 | 0.048 |   0.048 |    0.008 | 
     | _13173_           | A ^ -> Z ^ | MUX2_X1   | 0.035 |   0.083 |    0.043 | 
     | FE_PHC930_00226   | A ^ -> Z ^ | CLKBUF_X1 | 0.027 |   0.110 |    0.070 | 
     | FE_PHC1232_00226  | A ^ -> Z ^ | BUF_X1    | 0.019 |   0.129 |    0.089 | 
     | FE_PHC1072_00226  | A ^ -> Z ^ | CLKBUF_X1 | 0.027 |   0.156 |    0.116 | 
     | _19532_           | D ^        | DFF_X1    | 0.000 |   0.156 |    0.116 | 
     +-------------------------------------------------------------------------+ 
     Clock Rise Edge                      0.000
     + Source Insertion Delay            -0.128
     = Beginpoint Arrival Time           -0.128
     Other End Path:
     +---------------------------------------------------------------------------+ 
     |      Instance       |    Arc     |   Cell    | Delay | Arrival | Required | 
     |                     |            |           |       |  Time   |   Time   | 
     |---------------------+------------+-----------+-------+---------+----------| 
     |                     | clk ^      |           |       |  -0.128 |   -0.088 | 
     | CTS_ccl_a_buf_00084 | A ^ -> Z ^ | CLKBUF_X3 | 0.050 |  -0.077 |   -0.037 | 
     | CTS_ccl_a_buf_00067 | A ^ -> Z ^ | CLKBUF_X3 | 0.076 |  -0.001 |    0.039 | 
     | _19532_             | CK ^       | DFF_X1    | 0.001 |  -0.000 |    0.039 | 
     +---------------------------------------------------------------------------+ 
Path 12: MET Hold Check with Pin _19232_/CK 
Endpoint:   _19232_/D   (^) checked with  leading edge of 'aes_clk'
Beginpoint: text_in[43] (^) triggered by  leading edge of 'aes_clk'
Path Groups: {aes_clk}
Analysis View: VIEW_TYP
Other End Arrival Time         -0.003
+ Hold                          0.015
+ Phase Shift                   0.000
- CPPR Adjustment               0.000
+ Uncertainty                   0.100
= Required Time                 0.112
  Arrival Time                  0.152
  Slack Time                    0.040
     Clock Rise Edge                      0.000
     + Input Delay                        0.000
     = Beginpoint Arrival Time            0.000
     Timing Path:
     +--------------------------------------------------------------------------------+ 
     |       Instance        |      Arc      |   Cell    | Delay | Arrival | Required | 
     |                       |               |           |       |  Time   |   Time   | 
     |-----------------------+---------------+-----------+-------+---------+----------| 
     |                       | text_in[43] ^ |           |       |   0.000 |   -0.040 | 
     | FE_PHC1454_text_in_43 | A ^ -> Z ^    | CLKBUF_X1 | 0.042 |   0.042 |    0.003 | 
     | _17548_               | B ^ -> Z ^    | MUX2_X1   | 0.034 |   0.076 |    0.036 | 
     | FE_PHC869_00120       | A ^ -> Z ^    | CLKBUF_X1 | 0.028 |   0.104 |    0.064 | 
     | FE_PHC1351_00120      | A ^ -> Z ^    | BUF_X1    | 0.021 |   0.124 |    0.085 | 
     | FE_PHC1156_00120      | A ^ -> Z ^    | CLKBUF_X1 | 0.028 |   0.152 |    0.112 | 
     | _19232_               | D ^           | DFF_X1    | 0.000 |   0.152 |    0.112 | 
     +--------------------------------------------------------------------------------+ 
     Clock Rise Edge                      0.000
     + Source Insertion Delay            -0.128
     = Beginpoint Arrival Time           -0.128
     Other End Path:
     +---------------------------------------------------------------------------+ 
     |      Instance       |    Arc     |   Cell    | Delay | Arrival | Required | 
     |                     |            |           |       |  Time   |   Time   | 
     |---------------------+------------+-----------+-------+---------+----------| 
     |                     | clk ^      |           |       |  -0.128 |   -0.088 | 
     | CTS_ccl_a_buf_00084 | A ^ -> Z ^ | CLKBUF_X3 | 0.050 |  -0.077 |   -0.037 | 
     | CTS_ccl_a_buf_00051 | A ^ -> Z ^ | CLKBUF_X3 | 0.072 |  -0.005 |    0.035 | 
     | _19232_             | CK ^       | DFF_X1    | 0.002 |  -0.003 |    0.037 | 
     +---------------------------------------------------------------------------+ 
Path 13: MET Hold Check with Pin _19535_/CK 
Endpoint:   _19535_/D (^) checked with  leading edge of 'aes_clk'
Beginpoint: key[88]   (^) triggered by  leading edge of 'aes_clk'
Path Groups: {aes_clk}
Analysis View: VIEW_TYP
Other End Arrival Time         -0.001
+ Hold                          0.016
+ Phase Shift                   0.000
- CPPR Adjustment               0.000
+ Uncertainty                   0.100
= Required Time                 0.115
  Arrival Time                  0.155
  Slack Time                    0.040
     Clock Rise Edge                      0.000
     + Input Delay                        0.000
     = Beginpoint Arrival Time            0.000
     Timing Path:
     +-------------------------------------------------------------------------+ 
     |     Instance      |    Arc     |   Cell    | Delay | Arrival | Required | 
     |                   |            |           |       |  Time   |   Time   | 
     |-------------------+------------+-----------+-------+---------+----------| 
     |                   | key[88] ^  |           |       |   0.000 |   -0.040 | 
     | FE_PHC1462_key_88 | A ^ -> Z ^ | BUF_X1    | 0.039 |   0.039 |   -0.001 | 
     | _13166_           | B ^ -> Z ^ | MUX2_X1   | 0.036 |   0.075 |    0.035 | 
     | _13167_           | A ^ -> Z ^ | MUX2_X1   | 0.033 |   0.108 |    0.068 | 
     | FE_PHC729_00229   | A ^ -> Z ^ | CLKBUF_X1 | 0.027 |   0.135 |    0.095 | 
     | FE_PHC1167_00229  | A ^ -> Z ^ | BUF_X1    | 0.020 |   0.155 |    0.115 | 
     | _19535_           | D ^        | DFF_X1    | 0.000 |   0.155 |    0.115 | 
     +-------------------------------------------------------------------------+ 
     Clock Rise Edge                      0.000
     + Source Insertion Delay            -0.128
     = Beginpoint Arrival Time           -0.128
     Other End Path:
     +---------------------------------------------------------------------------+ 
     |      Instance       |    Arc     |   Cell    | Delay | Arrival | Required | 
     |                     |            |           |       |  Time   |   Time   | 
     |---------------------+------------+-----------+-------+---------+----------| 
     |                     | clk ^      |           |       |  -0.128 |   -0.088 | 
     | CTS_ccl_a_buf_00084 | A ^ -> Z ^ | CLKBUF_X3 | 0.050 |  -0.077 |   -0.037 | 
     | CTS_ccl_a_buf_00067 | A ^ -> Z ^ | CLKBUF_X3 | 0.076 |  -0.001 |    0.039 | 
     | _19535_             | CK ^       | DFF_X1    | 0.001 |  -0.001 |    0.039 | 
     +---------------------------------------------------------------------------+ 
Path 14: MET Hold Check with Pin _19285_/CK 
Endpoint:   _19285_/D   (^) checked with  leading edge of 'aes_clk'
Beginpoint: text_in[96] (^) triggered by  leading edge of 'aes_clk'
Path Groups: {aes_clk}
Analysis View: VIEW_TYP
Other End Arrival Time         -0.001
+ Hold                          0.016
+ Phase Shift                   0.000
- CPPR Adjustment               0.000
+ Uncertainty                   0.100
= Required Time                 0.115
  Arrival Time                  0.155
  Slack Time                    0.040
     Clock Rise Edge                      0.000
     + Input Delay                        0.000
     = Beginpoint Arrival Time            0.000
     Timing Path:
     +--------------------------------------------------------------------------------+ 
     |       Instance        |      Arc      |   Cell    | Delay | Arrival | Required | 
     |                       |               |           |       |  Time   |   Time   | 
     |-----------------------+---------------+-----------+-------+---------+----------| 
     |                       | text_in[96] ^ |           |       |   0.000 |   -0.040 | 
     | FE_PHC1428_text_in_96 | A ^ -> Z ^    | CLKBUF_X1 | 0.047 |   0.047 |    0.008 | 
     | _17495_               | B ^ -> Z ^    | MUX2_X1   | 0.034 |   0.081 |    0.041 | 
     | FE_PHC905_00067       | A ^ -> Z ^    | CLKBUF_X1 | 0.027 |   0.109 |    0.069 | 
     | FE_PHC1289_00067      | A ^ -> Z ^    | BUF_X1    | 0.019 |   0.128 |    0.088 | 
     | FE_PHC976_00067       | A ^ -> Z ^    | CLKBUF_X1 | 0.027 |   0.155 |    0.115 | 
     | _19285_               | D ^           | DFF_X1    | 0.000 |   0.155 |    0.115 | 
     +--------------------------------------------------------------------------------+ 
     Clock Rise Edge                      0.000
     + Source Insertion Delay            -0.128
     = Beginpoint Arrival Time           -0.128
     Other End Path:
     +---------------------------------------------------------------------------+ 
     |      Instance       |    Arc     |   Cell    | Delay | Arrival | Required | 
     |                     |            |           |       |  Time   |   Time   | 
     |---------------------+------------+-----------+-------+---------+----------| 
     |                     | clk ^      |           |       |  -0.128 |   -0.088 | 
     | CTS_ccl_a_buf_00086 | A ^ -> Z ^ | CLKBUF_X3 | 0.052 |  -0.076 |   -0.036 | 
     | CTS_ccl_a_buf_00061 | A ^ -> Z ^ | CLKBUF_X3 | 0.074 |  -0.002 |    0.038 | 
     | _19285_             | CK ^       | DFF_X1    | 0.002 |  -0.001 |    0.039 | 
     +---------------------------------------------------------------------------+ 
Path 15: MET Hold Check with Pin _19545_/CK 
Endpoint:   _19545_/D (^) checked with  leading edge of 'aes_clk'
Beginpoint: key[34]   (^) triggered by  leading edge of 'aes_clk'
Path Groups: {aes_clk}
Analysis View: VIEW_TYP
Other End Arrival Time          0.001
+ Hold                          0.016
+ Phase Shift                   0.000
- CPPR Adjustment               0.000
+ Uncertainty                   0.100
= Required Time                 0.117
  Arrival Time                  0.157
  Slack Time                    0.040
     Clock Rise Edge                      0.000
     + Input Delay                        0.000
     = Beginpoint Arrival Time            0.000
     Timing Path:
     +-------------------------------------------------------------------------+ 
     |     Instance      |    Arc     |   Cell    | Delay | Arrival | Required | 
     |                   |            |           |       |  Time   |   Time   | 
     |-------------------+------------+-----------+-------+---------+----------| 
     |                   | key[34] ^  |           |       |   0.000 |   -0.040 | 
     | FE_PHC1417_key_34 | A ^ -> Z ^ | CLKBUF_X1 | 0.048 |   0.048 |    0.008 | 
     | _13277_           | A ^ -> Z ^ | MUX2_X1   | 0.034 |   0.083 |    0.042 | 
     | FE_PHC931_00267   | A ^ -> Z ^ | CLKBUF_X1 | 0.028 |   0.110 |    0.070 | 
     | FE_PHC1252_00267  | A ^ -> Z ^ | BUF_X1    | 0.020 |   0.130 |    0.090 | 
     | FE_PHC965_00267   | A ^ -> Z ^ | CLKBUF_X1 | 0.027 |   0.157 |    0.117 | 
     | _19545_           | D ^        | DFF_X1    | 0.000 |   0.157 |    0.117 | 
     +-------------------------------------------------------------------------+ 
     Clock Rise Edge                      0.000
     + Source Insertion Delay            -0.128
     = Beginpoint Arrival Time           -0.128
     Other End Path:
     +---------------------------------------------------------------------------+ 
     |      Instance       |    Arc     |   Cell    | Delay | Arrival | Required | 
     |                     |            |           |       |  Time   |   Time   | 
     |---------------------+------------+-----------+-------+---------+----------| 
     |                     | clk ^      |           |       |  -0.128 |   -0.088 | 
     | CTS_ccl_a_buf_00084 | A ^ -> Z ^ | CLKBUF_X3 | 0.050 |  -0.077 |   -0.037 | 
     | CTS_ccl_a_buf_00049 | A ^ -> Z ^ | CLKBUF_X3 | 0.076 |  -0.001 |    0.039 | 
     | _19545_             | CK ^       | DFF_X1    | 0.002 |   0.001 |    0.041 | 
     +---------------------------------------------------------------------------+ 
Path 16: MET Hold Check with Pin _19528_/CK 
Endpoint:   _19528_/D (^) checked with  leading edge of 'aes_clk'
Beginpoint: key[81]   (^) triggered by  leading edge of 'aes_clk'
Path Groups: {aes_clk}
Analysis View: VIEW_TYP
Other End Arrival Time         -0.000
+ Hold                          0.016
+ Phase Shift                   0.000
- CPPR Adjustment               0.000
+ Uncertainty                   0.100
= Required Time                 0.116
  Arrival Time                  0.156
  Slack Time                    0.040
     Clock Rise Edge                      0.000
     + Input Delay                        0.000
     = Beginpoint Arrival Time            0.000
     Timing Path:
     +-------------------------------------------------------------------------+ 
     |     Instance      |    Arc     |   Cell    | Delay | Arrival | Required | 
     |                   |            |           |       |  Time   |   Time   | 
     |-------------------+------------+-----------+-------+---------+----------| 
     |                   | key[81] ^  |           |       |   0.000 |   -0.040 | 
     | FE_PHC1415_key_81 | A ^ -> Z ^ | CLKBUF_X1 | 0.048 |   0.048 |    0.008 | 
     | _13181_           | A ^ -> Z ^ | MUX2_X1   | 0.035 |   0.083 |    0.043 | 
     | FE_PHC899_00221   | A ^ -> Z ^ | CLKBUF_X1 | 0.027 |   0.109 |    0.069 | 
     | FE_PHC1244_00221  | A ^ -> Z ^ | BUF_X1    | 0.020 |   0.130 |    0.089 | 
     | FE_PHC1097_00221  | A ^ -> Z ^ | CLKBUF_X1 | 0.027 |   0.156 |    0.116 | 
     | _19528_           | D ^        | DFF_X1    | 0.000 |   0.156 |    0.116 | 
     +-------------------------------------------------------------------------+ 
     Clock Rise Edge                      0.000
     + Source Insertion Delay            -0.128
     = Beginpoint Arrival Time           -0.128
     Other End Path:
     +---------------------------------------------------------------------------+ 
     |      Instance       |    Arc     |   Cell    | Delay | Arrival | Required | 
     |                     |            |           |       |  Time   |   Time   | 
     |---------------------+------------+-----------+-------+---------+----------| 
     |                     | clk ^      |           |       |  -0.128 |   -0.088 | 
     | CTS_ccl_a_buf_00084 | A ^ -> Z ^ | CLKBUF_X3 | 0.050 |  -0.077 |   -0.037 | 
     | CTS_ccl_a_buf_00055 | A ^ -> Z ^ | CLKBUF_X3 | 0.076 |  -0.001 |    0.039 | 
     | _19528_             | CK ^       | DFF_X1    | 0.001 |  -0.000 |    0.040 | 
     +---------------------------------------------------------------------------+ 
Path 17: MET Hold Check with Pin _19327_/CK 
Endpoint:   _19327_/D (^) checked with  leading edge of 'aes_clk'
Beginpoint: key[23]   (v) triggered by  leading edge of 'aes_clk'
Path Groups: {aes_clk}
Analysis View: VIEW_TYP
Other End Arrival Time         -0.003
+ Hold                          0.018
+ Phase Shift                   0.000
- CPPR Adjustment               0.000
+ Uncertainty                   0.100
= Required Time                 0.114
  Arrival Time                  0.154
  Slack Time                    0.040
     Clock Rise Edge                      0.000
     + Input Delay                        0.000
     = Beginpoint Arrival Time            0.000
     Timing Path:
     +-----------------------------------------------------------------+ 
     | Instance |     Arc      |   Cell   | Delay | Arrival | Required | 
     |          |              |          |       |  Time   |   Time   | 
     |----------+--------------+----------+-------+---------+----------| 
     |          | key[23] v    |          |       |   0.000 |   -0.040 | 
     | _13284_  | A v -> Z v   | MUX2_X1  | 0.117 |   0.117 |    0.077 | 
     | _15494_  | A1 v -> ZN ^ | AOI22_X1 | 0.037 |   0.154 |    0.114 | 
     | _19327_  | D ^          | DFF_X1   | 0.000 |   0.154 |    0.114 | 
     +-----------------------------------------------------------------+ 
     Clock Rise Edge                      0.000
     + Source Insertion Delay            -0.128
     = Beginpoint Arrival Time           -0.128
     Other End Path:
     +---------------------------------------------------------------------------+ 
     |      Instance       |    Arc     |   Cell    | Delay | Arrival | Required | 
     |                     |            |           |       |  Time   |   Time   | 
     |---------------------+------------+-----------+-------+---------+----------| 
     |                     | clk ^      |           |       |  -0.128 |   -0.087 | 
     | CTS_ccl_a_buf_00084 | A ^ -> Z ^ | CLKBUF_X3 | 0.050 |  -0.077 |   -0.037 | 
     | CTS_ccl_a_buf_00047 | A ^ -> Z ^ | CLKBUF_X3 | 0.072 |  -0.005 |    0.035 | 
     | _19327_             | CK ^       | DFF_X1    | 0.002 |  -0.003 |    0.037 | 
     +---------------------------------------------------------------------------+ 
Path 18: MET Hold Check with Pin _19198_/CK 
Endpoint:   _19198_/D  (^) checked with  leading edge of 'aes_clk'
Beginpoint: text_in[9] (^) triggered by  leading edge of 'aes_clk'
Path Groups: {aes_clk}
Analysis View: VIEW_TYP
Other End Arrival Time          0.001
+ Hold                          0.016
+ Phase Shift                   0.000
- CPPR Adjustment               0.000
+ Uncertainty                   0.100
= Required Time                 0.117
  Arrival Time                  0.157
  Slack Time                    0.040
     Clock Rise Edge                      0.000
     + Input Delay                        0.000
     = Beginpoint Arrival Time            0.000
     Timing Path:
     +------------------------------------------------------------------------------+ 
     |       Instance       |     Arc      |   Cell    | Delay | Arrival | Required | 
     |                      |              |           |       |  Time   |   Time   | 
     |----------------------+--------------+-----------+-------+---------+----------| 
     |                      | text_in[9] ^ |           |       |   0.000 |   -0.040 | 
     | FE_PHC1483_text_in_9 | A ^ -> Z ^   | CLKBUF_X1 | 0.047 |   0.047 |    0.007 | 
     | _17582_              | B ^ -> Z ^   | MUX2_X1   | 0.033 |   0.081 |    0.040 | 
     | FE_PHC937_00154      | A ^ -> Z ^   | CLKBUF_X1 | 0.028 |   0.109 |    0.069 | 
     | FE_PHC1248_00154     | A ^ -> Z ^   | BUF_X1    | 0.021 |   0.130 |    0.090 | 
     | FE_PHC983_00154      | A ^ -> Z ^   | CLKBUF_X1 | 0.028 |   0.157 |    0.117 | 
     | _19198_              | D ^          | DFF_X1    | 0.000 |   0.157 |    0.117 | 
     +------------------------------------------------------------------------------+ 
     Clock Rise Edge                      0.000
     + Source Insertion Delay            -0.128
     = Beginpoint Arrival Time           -0.128
     Other End Path:
     +---------------------------------------------------------------------------+ 
     |      Instance       |    Arc     |   Cell    | Delay | Arrival | Required | 
     |                     |            |           |       |  Time   |   Time   | 
     |---------------------+------------+-----------+-------+---------+----------| 
     |                     | clk ^      |           |       |  -0.128 |   -0.087 | 
     | CTS_ccl_a_buf_00084 | A ^ -> Z ^ | CLKBUF_X3 | 0.050 |  -0.077 |   -0.037 | 
     | CTS_ccl_a_buf_00053 | A ^ -> Z ^ | CLKBUF_X3 | 0.075 |  -0.002 |    0.038 | 
     | _19198_             | CK ^       | DFF_X1    | 0.003 |   0.001 |    0.041 | 
     +---------------------------------------------------------------------------+ 
Path 19: MET Hold Check with Pin _19281_/CK 
Endpoint:   _19281_/D   (^) checked with  leading edge of 'aes_clk'
Beginpoint: text_in[92] (^) triggered by  leading edge of 'aes_clk'
Path Groups: {aes_clk}
Analysis View: VIEW_TYP
Other End Arrival Time          0.000
+ Hold                          0.016
+ Phase Shift                   0.000
- CPPR Adjustment               0.000
+ Uncertainty                   0.100
= Required Time                 0.116
  Arrival Time                  0.156
  Slack Time                    0.040
     Clock Rise Edge                      0.000
     + Input Delay                        0.000
     = Beginpoint Arrival Time            0.000
     Timing Path:
     +--------------------------------------------------------------------------------+ 
     |       Instance        |      Arc      |   Cell    | Delay | Arrival | Required | 
     |                       |               |           |       |  Time   |   Time   | 
     |-----------------------+---------------+-----------+-------+---------+----------| 
     |                       | text_in[92] ^ |           |       |   0.000 |   -0.040 | 
     | FE_PHC1441_text_in_92 | A ^ -> Z ^    | CLKBUF_X1 | 0.045 |   0.045 |    0.005 | 
     | _17499_               | B ^ -> Z ^    | MUX2_X1   | 0.034 |   0.079 |    0.039 | 
     | FE_PHC916_00071       | A ^ -> Z ^    | CLKBUF_X1 | 0.029 |   0.108 |    0.067 | 
     | FE_PHC1283_00071      | A ^ -> Z ^    | BUF_X1    | 0.021 |   0.129 |    0.089 | 
     | FE_PHC1055_00071      | A ^ -> Z ^    | CLKBUF_X1 | 0.028 |   0.156 |    0.116 | 
     | _19281_               | D ^           | DFF_X1    | 0.000 |   0.156 |    0.116 | 
     +--------------------------------------------------------------------------------+ 
     Clock Rise Edge                      0.000
     + Source Insertion Delay            -0.128
     = Beginpoint Arrival Time           -0.128
     Other End Path:
     +---------------------------------------------------------------------------+ 
     |      Instance       |    Arc     |   Cell    | Delay | Arrival | Required | 
     |                     |            |           |       |  Time   |   Time   | 
     |---------------------+------------+-----------+-------+---------+----------| 
     |                     | clk ^      |           |       |  -0.128 |   -0.087 | 
     | CTS_ccl_a_buf_00086 | A ^ -> Z ^ | CLKBUF_X3 | 0.052 |  -0.076 |   -0.036 | 
     | CTS_ccl_a_buf_00061 | A ^ -> Z ^ | CLKBUF_X3 | 0.074 |  -0.002 |    0.038 | 
     | _19281_             | CK ^       | DFF_X1    | 0.002 |   0.000 |    0.041 | 
     +---------------------------------------------------------------------------+ 
Path 20: MET Hold Check with Pin _19506_/CK 
Endpoint:   _19506_/D (^) checked with  leading edge of 'aes_clk'
Beginpoint: key[123]  (^) triggered by  leading edge of 'aes_clk'
Path Groups: {aes_clk}
Analysis View: VIEW_TYP
Other End Arrival Time          0.001
+ Hold                          0.018
+ Phase Shift                   0.000
- CPPR Adjustment               0.000
+ Uncertainty                   0.100
= Required Time                 0.119
  Arrival Time                  0.160
  Slack Time                    0.040
     Clock Rise Edge                      0.000
     + Input Delay                        0.000
     = Beginpoint Arrival Time            0.000
     Timing Path:
     +----------------------------------------------------------------------------+ 
     |      Instance      |     Arc      |   Cell    | Delay | Arrival | Required | 
     |                    |              |           |       |  Time   |   Time   | 
     |--------------------+--------------+-----------+-------+---------+----------| 
     |                    | key[123] ^   |           |       |   0.000 |   -0.040 | 
     | FE_PHC1447_key_123 | A ^ -> Z ^   | CLKBUF_X1 | 0.045 |   0.045 |    0.004 | 
     | _13094_            | A2 ^ -> ZN v | NAND2_X1  | 0.022 |   0.067 |    0.026 | 
     | _13096_            | A v -> ZN ^  | OAI21_X1  | 0.020 |   0.086 |    0.046 | 
     | FE_PHC1110_00200   | A ^ -> Z ^   | CLKBUF_X1 | 0.027 |   0.114 |    0.073 | 
     | FE_PHC1383_00200   | A ^ -> Z ^   | BUF_X1    | 0.019 |   0.133 |    0.092 | 
     | FE_PHC749_00200    | A ^ -> Z ^   | CLKBUF_X1 | 0.027 |   0.160 |    0.119 | 
     | _19506_            | D ^          | DFF_X1    | 0.000 |   0.160 |    0.119 | 
     +----------------------------------------------------------------------------+ 
     Clock Rise Edge                      0.000
     + Source Insertion Delay            -0.128
     = Beginpoint Arrival Time           -0.128
     Other End Path:
     +---------------------------------------------------------------------------+ 
     |      Instance       |    Arc     |   Cell    | Delay | Arrival | Required | 
     |                     |            |           |       |  Time   |   Time   | 
     |---------------------+------------+-----------+-------+---------+----------| 
     |                     | clk ^      |           |       |  -0.128 |   -0.087 | 
     | CTS_ccl_a_buf_00084 | A ^ -> Z ^ | CLKBUF_X3 | 0.050 |  -0.077 |   -0.037 | 
     | CTS_ccl_a_buf_00069 | A ^ -> Z ^ | CLKBUF_X2 | 0.077 |  -0.001 |    0.040 | 
     | _19506_             | CK ^       | DFF_X1    | 0.002 |   0.001 |    0.041 | 
     +---------------------------------------------------------------------------+ 

