###############################################################
#  Generated by:      Cadence Innovus 19.10-p002_1
#  OS:                Linux x86_64(Host ID qingteng)
#  Generated on:      Sat Aug 15 01:34:36 2026
#  Design:            aes_cipher_top
#  Command:           report_timing -late -max_paths 20 -path_type full_clock
###############################################################
Starting SI iteration 1 using Infinite Timing Windows
#################################################################################
# Design Stage: PostRoute
# Design Name: aes_cipher_top
# Design Mode: 45nm
# Analysis Mode: MMMC OCV 
# Parasitics Mode: No SPEF/RCDB
# Signoff Settings: SI On 
#################################################################################
Extraction called for design 'aes_cipher_top' of instances=12781 and nets=12627 using extraction engine 'postRoute' at effort level 'low' .
PostRoute (effortLevel low) RC Extraction called for design aes_cipher_top.
RC Extraction called in multi-corner(1) mode.
Process corner(s) are loaded.
 Corner: RC_TYP
extractDetailRC Option : -outfile /tmp/innovus_temp_6247_qingteng_host_AII3wi/aes_cipher_top_6247_z7Kbtj.rcdb.d  -extended
RC Mode: PostRoute -effortLevel low [Extended CapTable, RC Table Resistances]
      RC Corner Indexes            0   
Capacitance Scaling Factor   : 1.00000 
Coupling Cap. Scaling Factor : 1.00000 
Resistance Scaling Factor    : 1.00000 
Clock Cap. Scaling Factor    : 1.00000 
Clock Res. Scaling Factor    : 1.00000 
Shrink Factor                : 1.00000
Initializing multi-corner capacitance tables ... 
Initializing multi-corner resistance tables ...
Checking LVS Completed (CPU Time= 0:00:00.0  MEM= 894.1M)
Extracted 10.0011% (CPU Time= 0:00:00.3  MEM= 994.4M)
Extracted 20.0014% (CPU Time= 0:00:00.4  MEM= 996.4M)
Extracted 30.0011% (CPU Time= 0:00:00.5  MEM= 999.4M)
Extracted 40.0014% (CPU Time= 0:00:00.5  MEM= 1003.4M)
Extracted 50.0011% (CPU Time= 0:00:00.6  MEM= 1006.4M)
Extracted 60.0014% (CPU Time= 0:00:00.7  MEM= 1010.4M)
Extracted 70.0011% (CPU Time= 0:00:00.8  MEM= 1012.4M)
Extracted 80.0014% (CPU Time= 0:00:00.9  MEM= 1014.4M)
Extracted 90.0011% (CPU Time= 0:00:01.0  MEM= 1020.4M)
Extracted 100% (CPU Time= 0:00:01.4  MEM= 1021.4M)
Number of Extracted Resistors     : 232263
Number of Extracted Ground Cap.   : 243119
Number of Extracted Coupling Cap. : 801476
Filtering XCap in 'relativeAndCoupling' mode using values coupling_c_threshold=0.1fF, relative_c_threshold=1, and total_c_threshold=0fF.
 Corner: RC_TYP
Checking LVS Completed (CPU Time= 0:00:00.0  MEM= 1005.4M)
PostRoute (effortLevel low) RC Extraction DONE (CPU Time: 0:00:01.9  Real Time: 0:00:02.0  MEM: 1005.375M)
AAE_INFO: 1 threads acquired from CTE.
Calculate early delays in OCV mode...
Calculate late delays in OCV mode...
Start delay calculation (fullDC) (1 T). (MEM=1021.67)
Initializing multi-corner capacitance tables ... 
Initializing multi-corner resistance tables ...
AAE_INFO: 1 threads acquired from CTE.
Total number of fetched objects 12594
AAE_INFO: Total number of nets for which stage creation was skipped for all views 0
AAE_INFO-618: Total number of nets in the design is 12627,  100.0 percent of the nets selected for SI analysis
End delay calculation. (MEM=1048.88 CPU=0:00:02.7 REAL=0:00:02.0)
End delay calculation (fullDC). (MEM=1048.88 CPU=0:00:03.4 REAL=0:00:04.0)
Loading CTE timing window with TwFlowType 0...(CPU = 0:00:00.0, REAL = 0:00:00.0, MEM = 1040.9M)
Add other clocks and setupCteToAAEClockMapping during iter 1
Loading CTE timing window is completed (CPU = 0:00:00.1, REAL = 0:00:00.0, MEM = 1040.9M)
Starting SI iteration 2
Calculate early delays in OCV mode...
Calculate late delays in OCV mode...
Start delay calculation (fullDC) (1 T). (MEM=1019)
Glitch Analysis: View VIEW_TYP -- Total Number of Nets Skipped = 0. 
Glitch Analysis: View VIEW_TYP -- Total Number of Nets Analyzed = 12594. 
Total number of fetched objects 12594
AAE_INFO: Total number of nets for which stage creation was skipped for all views 0
AAE_INFO-618: Total number of nets in the design is 12627,  0.1 percent of the nets selected for SI analysis
End delay calculation. (MEM=995.156 CPU=0:00:00.1 REAL=0:00:00.0)
End delay calculation (fullDC). (MEM=995.156 CPU=0:00:00.2 REAL=0:00:00.0)
Path 1: MET Setup Check with Pin _19318_/CK 
Endpoint:   _19318_/D (^) checked with  leading edge of 'aes_clk'
Beginpoint: _19477_/Q (v) triggered by  leading edge of 'aes_clk'
Path Groups: {aes_clk}
Analysis View: VIEW_TYP
Other End Arrival Time          0.129
- Setup                         0.035
+ Phase Shift                   2.000
+ CPPR Adjustment               0.000
- Uncertainty                   0.100
= Required Time                 1.994
- Arrival Time                  1.605
= Slack Time                    0.390
     Clock Rise Edge                      0.000
     + Source Insertion Delay            -0.128
     = Beginpoint Arrival Time           -0.128
     Timing Path:
     +-----------------------------------------------------------------------------+ 
     |      Instance       |     Arc      |   Cell    | Delay | Arrival | Required | 
     |                     |              |           |       |  Time   |   Time   | 
     |---------------------+--------------+-----------+-------+---------+----------| 
     |                     | clk ^        |           |       |  -0.128 |    0.262 | 
     | CTS_ccl_a_buf_00084 | A ^ -> Z ^   | CLKBUF_X3 | 0.050 |  -0.077 |    0.312 | 
     | CTS_ccl_a_buf_00067 | A ^ -> Z ^   | CLKBUF_X3 | 0.076 |  -0.001 |    0.388 | 
     | _19477_             | CK ^ -> Q v  | DFF_X1    | 0.125 |   0.124 |    0.514 | 
     | FE_OFC18_ld_r       | A v -> Z v   | BUF_X1    | 0.080 |   0.204 |    0.594 | 
     | FE_OFC19_ld_r       | A v -> Z v   | BUF_X1    | 0.081 |   0.285 |    0.675 | 
     | _09768_             | A v -> ZN ^  | INV_X1    | 0.077 |   0.362 |    0.751 | 
     | FE_OFC31_00986      | A ^ -> Z ^   | BUF_X1    | 0.099 |   0.461 |    0.851 | 
     | FE_OFC34_00986      | A ^ -> Z ^   | BUF_X1    | 0.105 |   0.566 |    0.956 | 
     | FE_OFC38_00986      | A ^ -> Z ^   | BUF_X1    | 0.102 |   0.668 |    1.058 | 
     | FE_OFC40_00986      | A ^ -> Z ^   | BUF_X1    | 0.094 |   0.762 |    1.152 | 
     | FE_OFC41_00986      | A ^ -> Z ^   | BUF_X1    | 0.084 |   0.847 |    1.236 | 
     | _16115_             | S ^ -> Z v   | MUX2_X1   | 0.079 |   0.925 |    1.315 | 
     | _16116_             | B v -> ZN ^  | XNOR2_X1  | 0.056 |   0.981 |    1.371 | 
     | FE_OFC464_07107     | A ^ -> Z ^   | BUF_X1    | 0.091 |   1.072 |    1.462 | 
     | FE_OFC465_07107     | A ^ -> Z ^   | BUF_X1    | 0.100 |   1.172 |    1.562 | 
     | FE_OFC466_07107     | A ^ -> Z ^   | BUF_X1    | 0.096 |   1.268 |    1.658 | 
     | FE_OFC467_07107     | A ^ -> Z ^   | BUF_X1    | 0.101 |   1.369 |    1.759 | 
     | _16419_             | A ^ -> ZN v  | OAI21_X1  | 0.036 |   1.405 |    1.795 | 
     | _16425_             | B2 v -> ZN ^ | OAI221_X1 | 0.058 |   1.463 |    1.853 | 
     | _16427_             | A ^ -> ZN v  | OAI21_X1  | 0.024 |   1.488 |    1.877 | 
     | _16428_             | B v -> Z v   | MUX2_X1   | 0.059 |   1.547 |    1.937 | 
     | _16447_             | A2 v -> ZN ^ | OAI22_X1  | 0.057 |   1.604 |    1.994 | 
     | _19318_             | D ^          | DFF_X1    | 0.000 |   1.605 |    1.994 | 
     +-----------------------------------------------------------------------------+ 
     Clock Rise Edge                      0.000
     = Beginpoint Arrival Time            0.000
     Other End Path:
     +---------------------------------------------------------------------------+ 
     |      Instance       |    Arc     |   Cell    | Delay | Arrival | Required | 
     |                     |            |           |       |  Time   |   Time   | 
     |---------------------+------------+-----------+-------+---------+----------| 
     |                     | clk ^      |           |       |   0.000 |   -0.390 | 
     | CTS_ccl_a_buf_00084 | A ^ -> Z ^ | CLKBUF_X3 | 0.050 |   0.050 |   -0.339 | 
     | CTS_ccl_a_buf_00067 | A ^ -> Z ^ | CLKBUF_X3 | 0.076 |   0.127 |   -0.263 | 
     | _19318_             | CK ^       | DFF_X1    | 0.003 |   0.129 |   -0.260 | 
     +---------------------------------------------------------------------------+ 
Path 2: MET Setup Check with Pin _19317_/CK 
Endpoint:   _19317_/D (v) checked with  leading edge of 'aes_clk'
Beginpoint: _19477_/Q (v) triggered by  leading edge of 'aes_clk'
Path Groups: {aes_clk}
Analysis View: VIEW_TYP
Other End Arrival Time          0.127
- Setup                         0.029
+ Phase Shift                   2.000
+ CPPR Adjustment               0.000
- Uncertainty                   0.100
= Required Time                 1.998
- Arrival Time                  1.595
= Slack Time                    0.403
     Clock Rise Edge                      0.000
     + Source Insertion Delay            -0.128
     = Beginpoint Arrival Time           -0.128
     Timing Path:
     +-----------------------------------------------------------------------------+ 
     |      Instance       |     Arc      |   Cell    | Delay | Arrival | Required | 
     |                     |              |           |       |  Time   |   Time   | 
     |---------------------+--------------+-----------+-------+---------+----------| 
     |                     | clk ^        |           |       |  -0.128 |    0.276 | 
     | CTS_ccl_a_buf_00084 | A ^ -> Z ^   | CLKBUF_X3 | 0.050 |  -0.077 |    0.326 | 
     | CTS_ccl_a_buf_00067 | A ^ -> Z ^   | CLKBUF_X3 | 0.076 |  -0.001 |    0.402 | 
     | _19477_             | CK ^ -> Q v  | DFF_X1    | 0.125 |   0.124 |    0.527 | 
     | FE_OFC18_ld_r       | A v -> Z v   | BUF_X1    | 0.080 |   0.204 |    0.608 | 
     | FE_OFC19_ld_r       | A v -> Z v   | BUF_X1    | 0.081 |   0.285 |    0.689 | 
     | _09768_             | A v -> ZN ^  | INV_X1    | 0.077 |   0.362 |    0.765 | 
     | FE_OFC31_00986      | A ^ -> Z ^   | BUF_X1    | 0.099 |   0.461 |    0.865 | 
     | FE_OFC34_00986      | A ^ -> Z ^   | BUF_X1    | 0.105 |   0.566 |    0.969 | 
     | FE_OFC38_00986      | A ^ -> Z ^   | BUF_X1    | 0.102 |   0.668 |    1.072 | 
     | FE_OFC40_00986      | A ^ -> Z ^   | BUF_X1    | 0.094 |   0.762 |    1.166 | 
     | FE_OFC41_00986      | A ^ -> Z ^   | BUF_X1    | 0.084 |   0.847 |    1.250 | 
     | _16115_             | S ^ -> Z v   | MUX2_X1   | 0.079 |   0.925 |    1.329 | 
     | _16116_             | B v -> ZN ^  | XNOR2_X1  | 0.056 |   0.981 |    1.385 | 
     | FE_OFC464_07107     | A ^ -> Z ^   | BUF_X1    | 0.091 |   1.072 |    1.476 | 
     | FE_OFC465_07107     | A ^ -> Z ^   | BUF_X1    | 0.100 |   1.172 |    1.576 | 
     | FE_OFC466_07107     | A ^ -> Z ^   | BUF_X1    | 0.096 |   1.268 |    1.671 | 
     | FE_OFC467_07107     | A ^ -> Z ^   | BUF_X1    | 0.101 |   1.369 |    1.773 | 
     | _16450_             | A ^ -> ZN v  | OAI21_X1  | 0.030 |   1.400 |    1.803 | 
     | _16451_             | B2 v -> ZN ^ | OAI33_X1  | 0.094 |   1.494 |    1.897 | 
     | _16469_             | C1 ^ -> ZN v | OAI211_X1 | 0.029 |   1.523 |    1.927 | 
     | _16470_             | B2 v -> ZN ^ | AOI21_X1  | 0.047 |   1.570 |    1.973 | 
     | _16474_             | A1 ^ -> ZN v | NOR2_X1   | 0.024 |   1.594 |    1.997 | 
     | _19317_             | D v          | DFF_X1    | 0.001 |   1.595 |    1.998 | 
     +-----------------------------------------------------------------------------+ 
     Clock Rise Edge                      0.000
     = Beginpoint Arrival Time            0.000
     Other End Path:
     +---------------------------------------------------------------------------+ 
     |      Instance       |    Arc     |   Cell    | Delay | Arrival | Required | 
     |                     |            |           |       |  Time   |   Time   | 
     |---------------------+------------+-----------+-------+---------+----------| 
     |                     | clk ^      |           |       |   0.000 |   -0.403 | 
     | CTS_ccl_a_buf_00086 | A ^ -> Z ^ | CLKBUF_X3 | 0.052 |   0.051 |   -0.352 | 
     | CTS_ccl_a_buf_00071 | A ^ -> Z ^ | CLKBUF_X3 | 0.074 |   0.125 |   -0.278 | 
     | _19317_             | CK ^       | DFF_X1    | 0.002 |   0.127 |   -0.276 | 
     +---------------------------------------------------------------------------+ 
Path 3: MET Setup Check with Pin _19322_/CK 
Endpoint:   _19322_/D (^) checked with  leading edge of 'aes_clk'
Beginpoint: _19477_/Q (v) triggered by  leading edge of 'aes_clk'
Path Groups: {aes_clk}
Analysis View: VIEW_TYP
Other End Arrival Time          0.127
- Setup                         0.035
+ Phase Shift                   2.000
+ CPPR Adjustment               0.000
- Uncertainty                   0.100
= Required Time                 1.993
- Arrival Time                  1.566
= Slack Time                    0.427
     Clock Rise Edge                      0.000
     + Source Insertion Delay            -0.128
     = Beginpoint Arrival Time           -0.128
     Timing Path:
     +-----------------------------------------------------------------------------+ 
     |      Instance       |     Arc      |   Cell    | Delay | Arrival | Required | 
     |                     |              |           |       |  Time   |   Time   | 
     |---------------------+--------------+-----------+-------+---------+----------| 
     |                     | clk ^        |           |       |  -0.128 |    0.299 | 
     | CTS_ccl_a_buf_00084 | A ^ -> Z ^   | CLKBUF_X3 | 0.050 |  -0.077 |    0.349 | 
     | CTS_ccl_a_buf_00067 | A ^ -> Z ^   | CLKBUF_X3 | 0.076 |  -0.001 |    0.425 | 
     | _19477_             | CK ^ -> Q v  | DFF_X1    | 0.125 |   0.124 |    0.551 | 
     | FE_OFC18_ld_r       | A v -> Z v   | BUF_X1    | 0.080 |   0.204 |    0.631 | 
     | FE_OFC19_ld_r       | A v -> Z v   | BUF_X1    | 0.081 |   0.285 |    0.712 | 
     | _09768_             | A v -> ZN ^  | INV_X1    | 0.077 |   0.362 |    0.788 | 
     | FE_OFC31_00986      | A ^ -> Z ^   | BUF_X1    | 0.099 |   0.461 |    0.888 | 
     | FE_OFC34_00986      | A ^ -> Z ^   | BUF_X1    | 0.105 |   0.566 |    0.993 | 
     | FE_OFC38_00986      | A ^ -> Z ^   | BUF_X1    | 0.102 |   0.668 |    1.095 | 
     | FE_OFC40_00986      | A ^ -> Z ^   | BUF_X1    | 0.094 |   0.762 |    1.189 | 
     | FE_OFC41_00986      | A ^ -> Z ^   | BUF_X1    | 0.084 |   0.847 |    1.273 | 
     | _16115_             | S ^ -> Z v   | MUX2_X1   | 0.079 |   0.925 |    1.352 | 
     | _16117_             | B v -> Z ^   | XOR2_X1   | 0.059 |   0.984 |    1.411 | 
     | FE_OFC468_07108     | A ^ -> Z ^   | BUF_X1    | 0.082 |   1.067 |    1.493 | 
     | FE_OFC469_07108     | A ^ -> Z ^   | BUF_X1    | 0.093 |   1.160 |    1.586 | 
     | FE_OFC470_07108     | A ^ -> Z ^   | BUF_X1    | 0.100 |   1.259 |    1.686 | 
     | FE_OFC471_07108     | A ^ -> Z ^   | BUF_X1    | 0.105 |   1.364 |    1.790 | 
     | _16259_             | A1 ^ -> ZN v | NOR2_X1   | 0.017 |   1.381 |    1.808 | 
     | _16260_             | A3 v -> ZN ^ | NAND3_X1  | 0.031 |   1.412 |    1.838 | 
     | _16285_             | B ^ -> ZN v  | OAI211_X1 | 0.029 |   1.440 |    1.867 | 
     | _16286_             | B v -> ZN ^  | OAI211_X1 | 0.032 |   1.472 |    1.898 | 
     | _16287_             | A2 ^ -> ZN v | NAND2_X1  | 0.017 |   1.489 |    1.916 | 
     | _16288_             | B2 v -> ZN ^ | OAI21_X1  | 0.076 |   1.565 |    1.992 | 
     | _19322_             | D ^          | DFF_X1    | 0.001 |   1.566 |    1.993 | 
     +-----------------------------------------------------------------------------+ 
     Clock Rise Edge                      0.000
     = Beginpoint Arrival Time            0.000
     Other End Path:
     +---------------------------------------------------------------------------+ 
     |      Instance       |    Arc     |   Cell    | Delay | Arrival | Required | 
     |                     |            |           |       |  Time   |   Time   | 
     |---------------------+------------+-----------+-------+---------+----------| 
     |                     | clk ^      |           |       |   0.000 |   -0.427 | 
     | CTS_ccl_a_buf_00086 | A ^ -> Z ^ | CLKBUF_X3 | 0.052 |   0.052 |   -0.375 | 
     | CTS_ccl_a_buf_00071 | A ^ -> Z ^ | CLKBUF_X3 | 0.074 |   0.125 |   -0.301 | 
     | _19322_             | CK ^       | DFF_X1    | 0.002 |   0.127 |   -0.299 | 
     +---------------------------------------------------------------------------+ 
Path 4: MET Setup Check with Pin _19319_/CK 
Endpoint:   _19319_/D (v) checked with  leading edge of 'aes_clk'
Beginpoint: _19477_/Q (v) triggered by  leading edge of 'aes_clk'
Path Groups: {aes_clk}
Analysis View: VIEW_TYP
Other End Arrival Time          0.129
- Setup                         0.029
+ Phase Shift                   2.000
+ CPPR Adjustment               0.000
- Uncertainty                   0.100
= Required Time                 2.001
- Arrival Time                  1.571
= Slack Time                    0.429
     Clock Rise Edge                      0.000
     + Source Insertion Delay            -0.128
     = Beginpoint Arrival Time           -0.128
     Timing Path:
     +-----------------------------------------------------------------------------+ 
     |      Instance       |     Arc      |   Cell    | Delay | Arrival | Required | 
     |                     |              |           |       |  Time   |   Time   | 
     |---------------------+--------------+-----------+-------+---------+----------| 
     |                     | clk ^        |           |       |  -0.128 |    0.302 | 
     | CTS_ccl_a_buf_00084 | A ^ -> Z ^   | CLKBUF_X3 | 0.050 |  -0.077 |    0.352 | 
     | CTS_ccl_a_buf_00067 | A ^ -> Z ^   | CLKBUF_X3 | 0.076 |  -0.001 |    0.428 | 
     | _19477_             | CK ^ -> Q v  | DFF_X1    | 0.125 |   0.124 |    0.553 | 
     | FE_OFC18_ld_r       | A v -> Z v   | BUF_X1    | 0.080 |   0.204 |    0.633 | 
     | FE_OFC19_ld_r       | A v -> Z v   | BUF_X1    | 0.081 |   0.285 |    0.715 | 
     | _09768_             | A v -> ZN ^  | INV_X1    | 0.077 |   0.362 |    0.791 | 
     | FE_OFC31_00986      | A ^ -> Z ^   | BUF_X1    | 0.099 |   0.461 |    0.890 | 
     | FE_OFC34_00986      | A ^ -> Z ^   | BUF_X1    | 0.105 |   0.566 |    0.995 | 
     | FE_OFC38_00986      | A ^ -> Z ^   | BUF_X1    | 0.102 |   0.668 |    1.098 | 
     | FE_OFC40_00986      | A ^ -> Z ^   | BUF_X1    | 0.094 |   0.762 |    1.192 | 
     | FE_OFC41_00986      | A ^ -> Z ^   | BUF_X1    | 0.084 |   0.847 |    1.276 | 
     | _16115_             | S ^ -> Z v   | MUX2_X1   | 0.079 |   0.925 |    1.355 | 
     | _16117_             | B v -> Z ^   | XOR2_X1   | 0.059 |   0.984 |    1.414 | 
     | FE_OFC468_07108     | A ^ -> Z ^   | BUF_X1    | 0.082 |   1.067 |    1.496 | 
     | FE_OFC469_07108     | A ^ -> Z ^   | BUF_X1    | 0.093 |   1.160 |    1.589 | 
     | FE_OFC470_07108     | A ^ -> Z ^   | BUF_X1    | 0.100 |   1.259 |    1.689 | 
     | FE_OFC471_07108     | A ^ -> Z ^   | BUF_X1    | 0.105 |   1.364 |    1.793 | 
     | _16270_             | A ^ -> ZN v  | OAI21_X1  | 0.031 |   1.395 |    1.824 | 
     | _16387_             | A v -> ZN ^  | AOI21_X1  | 0.044 |   1.439 |    1.868 | 
     | _16389_             | B1 ^ -> ZN v | OAI21_X1  | 0.020 |   1.459 |    1.888 | 
     | _16391_             | A v -> ZN ^  | OAI21_X1  | 0.025 |   1.484 |    1.914 | 
     | _16394_             | A2 ^ -> ZN v | AOI22_X1  | 0.017 |   1.501 |    1.930 | 
     | _16414_             | A v -> Z v   | MUX2_X1   | 0.070 |   1.571 |    2.000 | 
     | _19319_             | D v          | DFF_X1    | 0.000 |   1.571 |    2.001 | 
     +-----------------------------------------------------------------------------+ 
     Clock Rise Edge                      0.000
     = Beginpoint Arrival Time            0.000
     Other End Path:
     +---------------------------------------------------------------------------+ 
     |      Instance       |    Arc     |   Cell    | Delay | Arrival | Required | 
     |                     |            |           |       |  Time   |   Time   | 
     |---------------------+------------+-----------+-------+---------+----------| 
     |                     | clk ^      |           |       |   0.000 |   -0.429 | 
     | CTS_ccl_a_buf_00084 | A ^ -> Z ^ | CLKBUF_X3 | 0.050 |   0.050 |   -0.379 | 
     | CTS_ccl_a_buf_00067 | A ^ -> Z ^ | CLKBUF_X3 | 0.076 |   0.127 |   -0.303 | 
     | _19319_             | CK ^       | DFF_X1    | 0.003 |   0.129 |   -0.300 | 
     +---------------------------------------------------------------------------+ 
Path 5: MET Setup Check with Pin _19324_/CK 
Endpoint:   _19324_/D (v) checked with  leading edge of 'aes_clk'
Beginpoint: _19477_/Q (v) triggered by  leading edge of 'aes_clk'
Path Groups: {aes_clk}
Analysis View: VIEW_TYP
Other End Arrival Time          0.129
- Setup                         0.029
+ Phase Shift                   2.000
+ CPPR Adjustment               0.000
- Uncertainty                   0.100
= Required Time                 2.000
- Arrival Time                  1.556
= Slack Time                    0.444
     Clock Rise Edge                      0.000
     + Source Insertion Delay            -0.128
     = Beginpoint Arrival Time           -0.128
     Timing Path:
     +-----------------------------------------------------------------------------+ 
     |      Instance       |     Arc      |   Cell    | Delay | Arrival | Required | 
     |                     |              |           |       |  Time   |   Time   | 
     |---------------------+--------------+-----------+-------+---------+----------| 
     |                     | clk ^        |           |       |  -0.128 |    0.316 | 
     | CTS_ccl_a_buf_00084 | A ^ -> Z ^   | CLKBUF_X3 | 0.050 |  -0.077 |    0.367 | 
     | CTS_ccl_a_buf_00067 | A ^ -> Z ^   | CLKBUF_X3 | 0.076 |  -0.001 |    0.443 | 
     | _19477_             | CK ^ -> Q v  | DFF_X1    | 0.125 |   0.124 |    0.568 | 
     | FE_OFC18_ld_r       | A v -> Z v   | BUF_X1    | 0.080 |   0.204 |    0.648 | 
     | FE_OFC19_ld_r       | A v -> Z v   | BUF_X1    | 0.081 |   0.285 |    0.729 | 
     | _09768_             | A v -> ZN ^  | INV_X1    | 0.077 |   0.362 |    0.806 | 
     | FE_OFC31_00986      | A ^ -> Z ^   | BUF_X1    | 0.099 |   0.461 |    0.905 | 
     | FE_OFC34_00986      | A ^ -> Z ^   | BUF_X1    | 0.105 |   0.566 |    1.010 | 
     | FE_OFC38_00986      | A ^ -> Z ^   | BUF_X1    | 0.102 |   0.668 |    1.112 | 
     | FE_OFC40_00986      | A ^ -> Z ^   | BUF_X1    | 0.094 |   0.762 |    1.206 | 
     | FE_OFC41_00986      | A ^ -> Z ^   | BUF_X1    | 0.084 |   0.847 |    1.291 | 
     | _16115_             | S ^ -> Z v   | MUX2_X1   | 0.079 |   0.925 |    1.369 | 
     | _16116_             | B v -> ZN ^  | XNOR2_X1  | 0.056 |   0.981 |    1.425 | 
     | FE_OFC464_07107     | A ^ -> Z ^   | BUF_X1    | 0.091 |   1.072 |    1.516 | 
     | FE_OFC465_07107     | A ^ -> Z ^   | BUF_X1    | 0.100 |   1.172 |    1.616 | 
     | FE_OFC466_07107     | A ^ -> Z ^   | BUF_X1    | 0.096 |   1.268 |    1.712 | 
     | FE_OFC467_07107     | A ^ -> Z ^   | BUF_X1    | 0.101 |   1.369 |    1.813 | 
     | _16419_             | A ^ -> ZN v  | OAI21_X1  | 0.036 |   1.405 |    1.849 | 
     | _18848_             | C2 v -> ZN ^ | OAI221_X1 | 0.042 |   1.447 |    1.891 | 
     | _18849_             | B2 ^ -> ZN v | AOI21_X1  | 0.021 |   1.468 |    1.912 | 
     | _18850_             | B v -> ZN ^  | AOI211_X1 | 0.069 |   1.538 |    1.982 | 
     | _18851_             | A2 ^ -> ZN v | NOR2_X1   | 0.018 |   1.556 |    2.000 | 
     | _19324_             | D v          | DFF_X1    | 0.000 |   1.556 |    2.000 | 
     +-----------------------------------------------------------------------------+ 
     Clock Rise Edge                      0.000
     = Beginpoint Arrival Time            0.000
     Other End Path:
     +---------------------------------------------------------------------------+ 
     |      Instance       |    Arc     |   Cell    | Delay | Arrival | Required | 
     |                     |            |           |       |  Time   |   Time   | 
     |---------------------+------------+-----------+-------+---------+----------| 
     |                     | clk ^      |           |       |   0.000 |   -0.444 | 
     | CTS_ccl_a_buf_00084 | A ^ -> Z ^ | CLKBUF_X3 | 0.050 |   0.050 |   -0.394 | 
     | CTS_ccl_a_buf_00067 | A ^ -> Z ^ | CLKBUF_X3 | 0.076 |   0.127 |   -0.318 | 
     | _19324_             | CK ^       | DFF_X1    | 0.003 |   0.129 |   -0.315 | 
     +---------------------------------------------------------------------------+ 
Path 6: MET Setup Check with Pin _19321_/CK 
Endpoint:   _19321_/D (^) checked with  leading edge of 'aes_clk'
Beginpoint: _19477_/Q (v) triggered by  leading edge of 'aes_clk'
Path Groups: {aes_clk}
Analysis View: VIEW_TYP
Other End Arrival Time          0.129
- Setup                         0.031
+ Phase Shift                   2.000
+ CPPR Adjustment               0.000
- Uncertainty                   0.100
= Required Time                 1.998
- Arrival Time                  1.540
= Slack Time                    0.458
     Clock Rise Edge                      0.000
     + Source Insertion Delay            -0.128
     = Beginpoint Arrival Time           -0.128
     Timing Path:
     +-----------------------------------------------------------------------------+ 
     |      Instance       |     Arc      |   Cell    | Delay | Arrival | Required | 
     |                     |              |           |       |  Time   |   Time   | 
     |---------------------+--------------+-----------+-------+---------+----------| 
     |                     | clk ^        |           |       |  -0.128 |    0.331 | 
     | CTS_ccl_a_buf_00084 | A ^ -> Z ^   | CLKBUF_X3 | 0.050 |  -0.077 |    0.381 | 
     | CTS_ccl_a_buf_00067 | A ^ -> Z ^   | CLKBUF_X3 | 0.076 |  -0.001 |    0.457 | 
     | _19477_             | CK ^ -> Q v  | DFF_X1    | 0.125 |   0.124 |    0.582 | 
     | FE_OFC18_ld_r       | A v -> Z v   | BUF_X1    | 0.080 |   0.204 |    0.663 | 
     | FE_OFC19_ld_r       | A v -> Z v   | BUF_X1    | 0.081 |   0.285 |    0.744 | 
     | _09768_             | A v -> ZN ^  | INV_X1    | 0.077 |   0.362 |    0.820 | 
     | FE_OFC31_00986      | A ^ -> Z ^   | BUF_X1    | 0.099 |   0.461 |    0.920 | 
     | FE_OFC34_00986      | A ^ -> Z ^   | BUF_X1    | 0.105 |   0.566 |    1.024 | 
     | FE_OFC38_00986      | A ^ -> Z ^   | BUF_X1    | 0.102 |   0.668 |    1.127 | 
     | FE_OFC40_00986      | A ^ -> Z ^   | BUF_X1    | 0.094 |   0.762 |    1.221 | 
     | FE_OFC41_00986      | A ^ -> Z ^   | BUF_X1    | 0.084 |   0.847 |    1.305 | 
     | _16115_             | S ^ -> Z v   | MUX2_X1   | 0.079 |   0.925 |    1.384 | 
     | _16117_             | B v -> Z ^   | XOR2_X1   | 0.059 |   0.984 |    1.443 | 
     | FE_OFC468_07108     | A ^ -> Z ^   | BUF_X1    | 0.082 |   1.067 |    1.525 | 
     | FE_OFC469_07108     | A ^ -> Z ^   | BUF_X1    | 0.093 |   1.160 |    1.618 | 
     | FE_OFC470_07108     | A ^ -> Z ^   | BUF_X1    | 0.100 |   1.259 |    1.718 | 
     | FE_OFC471_07108     | A ^ -> Z ^   | BUF_X1    | 0.105 |   1.364 |    1.822 | 
     | _16302_             | A ^ -> ZN v  | OAI21_X1  | 0.042 |   1.406 |    1.864 | 
     | _16306_             | B1 v -> ZN ^ | OAI21_X1  | 0.034 |   1.439 |    1.898 | 
     | _16308_             | B2 ^ -> ZN v | OAI21_X1  | 0.020 |   1.460 |    1.918 | 
     | _16309_             | A2 v -> ZN ^ | NOR2_X1   | 0.031 |   1.491 |    1.950 | 
     | _16310_             | B2 ^ -> ZN v | OAI21_X1  | 0.020 |   1.511 |    1.970 | 
     | _16333_             | A v -> ZN ^  | OAI21_X1  | 0.028 |   1.540 |    1.998 | 
     | _19321_             | D ^          | DFF_X1    | 0.000 |   1.540 |    1.998 | 
     +-----------------------------------------------------------------------------+ 
     Clock Rise Edge                      0.000
     = Beginpoint Arrival Time            0.000
     Other End Path:
     +---------------------------------------------------------------------------+ 
     |      Instance       |    Arc     |   Cell    | Delay | Arrival | Required | 
     |                     |            |           |       |  Time   |   Time   | 
     |---------------------+------------+-----------+-------+---------+----------| 
     |                     | clk ^      |           |       |   0.000 |   -0.458 | 
     | CTS_ccl_a_buf_00084 | A ^ -> Z ^ | CLKBUF_X3 | 0.050 |   0.050 |   -0.408 | 
     | CTS_ccl_a_buf_00067 | A ^ -> Z ^ | CLKBUF_X3 | 0.076 |   0.127 |   -0.332 | 
     | _19321_             | CK ^       | DFF_X1    | 0.003 |   0.129 |   -0.329 | 
     +---------------------------------------------------------------------------+ 
Path 7: MET Setup Check with Pin _19706_/CK 
Endpoint:   _19706_/D (v) checked with  leading edge of 'aes_clk'
Beginpoint: _19477_/Q (v) triggered by  leading edge of 'aes_clk'
Path Groups: {aes_clk}
Analysis View: VIEW_TYP
Other End Arrival Time          0.130
- Setup                         0.029
+ Phase Shift                   2.000
+ CPPR Adjustment               0.000
- Uncertainty                   0.100
= Required Time                 2.001
- Arrival Time                  1.541
= Slack Time                    0.460
     Clock Rise Edge                      0.000
     + Source Insertion Delay            -0.128
     = Beginpoint Arrival Time           -0.128
     Timing Path:
     +-----------------------------------------------------------------------------+ 
     |      Instance       |     Arc      |   Cell    | Delay | Arrival | Required | 
     |                     |              |           |       |  Time   |   Time   | 
     |---------------------+--------------+-----------+-------+---------+----------| 
     |                     | clk ^        |           |       |  -0.128 |    0.332 | 
     | CTS_ccl_a_buf_00084 | A ^ -> Z ^   | CLKBUF_X3 | 0.050 |  -0.077 |    0.383 | 
     | CTS_ccl_a_buf_00067 | A ^ -> Z ^   | CLKBUF_X3 | 0.076 |  -0.001 |    0.459 | 
     | _19477_             | CK ^ -> Q v  | DFF_X1    | 0.125 |   0.124 |    0.584 | 
     | FE_OFC18_ld_r       | A v -> Z v   | BUF_X1    | 0.080 |   0.204 |    0.664 | 
     | FE_OFC19_ld_r       | A v -> Z v   | BUF_X1    | 0.081 |   0.285 |    0.745 | 
     | _09768_             | A v -> ZN ^  | INV_X1    | 0.077 |   0.362 |    0.822 | 
     | FE_OFC31_00986      | A ^ -> Z ^   | BUF_X1    | 0.099 |   0.461 |    0.921 | 
     | FE_OFC34_00986      | A ^ -> Z ^   | BUF_X1    | 0.105 |   0.566 |    1.026 | 
     | FE_OFC38_00986      | A ^ -> Z ^   | BUF_X1    | 0.102 |   0.668 |    1.128 | 
     | FE_OFC40_00986      | A ^ -> Z ^   | BUF_X1    | 0.094 |   0.762 |    1.222 | 
     | FE_OFC41_00986      | A ^ -> Z ^   | BUF_X1    | 0.084 |   0.847 |    1.307 | 
     | _16596_             | S ^ -> Z v   | MUX2_X1   | 0.074 |   0.921 |    1.380 | 
     | _16598_             | B v -> ZN ^  | XNOR2_X1  | 0.032 |   0.952 |    1.412 | 
     | FE_OFC497_07580     | A ^ -> Z ^   | BUF_X1    | 0.100 |   1.053 |    1.513 | 
     | FE_OFC498_07580     | A ^ -> Z ^   | BUF_X1    | 0.107 |   1.160 |    1.619 | 
     | _16670_             | A2 ^ -> ZN v | NAND2_X1  | 0.077 |   1.237 |    1.697 | 
     | _16833_             | A1 v -> ZN ^ | NOR2_X1   | 0.076 |   1.313 |    1.773 | 
     | _16834_             | A3 ^ -> ZN v | NOR3_X1   | 0.018 |   1.331 |    1.791 | 
     | _16837_             | A2 v -> ZN ^ | NOR3_X1   | 0.094 |   1.425 |    1.885 | 
     | _16838_             | B ^ -> ZN v  | AOI211_X1 | 0.026 |   1.451 |    1.910 | 
     | _16846_             | B v -> ZN ^  | AOI211_X1 | 0.072 |   1.522 |    1.982 | 
     | _16847_             | A ^ -> ZN v  | AOI21_X1  | 0.018 |   1.541 |    2.001 | 
     | _19706_             | D v          | DFF_X1    | 0.000 |   1.541 |    2.001 | 
     +-----------------------------------------------------------------------------+ 
     Clock Rise Edge                      0.000
     = Beginpoint Arrival Time            0.000
     Other End Path:
     +---------------------------------------------------------------------------+ 
     |      Instance       |    Arc     |   Cell    | Delay | Arrival | Required | 
     |                     |            |           |       |  Time   |   Time   | 
     |---------------------+------------+-----------+-------+---------+----------| 
     |                     | clk ^      |           |       |   0.000 |   -0.460 | 
     | CTS_ccl_a_buf_00084 | A ^ -> Z ^ | CLKBUF_X3 | 0.050 |   0.050 |   -0.410 | 
     | CTS_ccl_a_buf_00049 | A ^ -> Z ^ | CLKBUF_X3 | 0.076 |   0.127 |   -0.333 | 
     | _19706_             | CK ^       | DFF_X1    | 0.003 |   0.130 |   -0.330 | 
     +---------------------------------------------------------------------------+ 
Path 8: MET Setup Check with Pin _19709_/CK 
Endpoint:   _19709_/D (^) checked with  leading edge of 'aes_clk'
Beginpoint: _19477_/Q (v) triggered by  leading edge of 'aes_clk'
Path Groups: {aes_clk}
Analysis View: VIEW_TYP
Other End Arrival Time          0.130
- Setup                         0.030
+ Phase Shift                   2.000
+ CPPR Adjustment               0.000
- Uncertainty                   0.100
= Required Time                 2.000
- Arrival Time                  1.532
= Slack Time                    0.467
     Clock Rise Edge                      0.000
     + Source Insertion Delay            -0.128
     = Beginpoint Arrival Time           -0.128
     Timing Path:
     +-----------------------------------------------------------------------------+ 
     |      Instance       |     Arc      |   Cell    | Delay | Arrival | Required | 
     |                     |              |           |       |  Time   |   Time   | 
     |---------------------+--------------+-----------+-------+---------+----------| 
     |                     | clk ^        |           |       |  -0.128 |    0.340 | 
     | CTS_ccl_a_buf_00084 | A ^ -> Z ^   | CLKBUF_X3 | 0.050 |  -0.077 |    0.390 | 
     | CTS_ccl_a_buf_00067 | A ^ -> Z ^   | CLKBUF_X3 | 0.076 |  -0.001 |    0.466 | 
     | _19477_             | CK ^ -> Q v  | DFF_X1    | 0.125 |   0.124 |    0.591 | 
     | FE_OFC18_ld_r       | A v -> Z v   | BUF_X1    | 0.080 |   0.204 |    0.671 | 
     | FE_OFC19_ld_r       | A v -> Z v   | BUF_X1    | 0.081 |   0.285 |    0.753 | 
     | _09768_             | A v -> ZN ^  | INV_X1    | 0.077 |   0.362 |    0.829 | 
     | FE_OFC31_00986      | A ^ -> Z ^   | BUF_X1    | 0.099 |   0.461 |    0.928 | 
     | FE_OFC34_00986      | A ^ -> Z ^   | BUF_X1    | 0.105 |   0.566 |    1.033 | 
     | FE_OFC38_00986      | A ^ -> Z ^   | BUF_X1    | 0.102 |   0.668 |    1.136 | 
     | FE_OFC40_00986      | A ^ -> Z ^   | BUF_X1    | 0.094 |   0.762 |    1.230 | 
     | FE_OFC41_00986      | A ^ -> Z ^   | BUF_X1    | 0.084 |   0.847 |    1.314 | 
     | _16586_             | S ^ -> Z v   | MUX2_X1   | 0.073 |   0.920 |    1.387 | 
     | _16587_             | B v -> ZN ^  | XNOR2_X1  | 0.033 |   0.953 |    1.420 | 
     | FE_OFC491_07569     | A ^ -> Z ^   | BUF_X1    | 0.077 |   1.030 |    1.498 | 
     | FE_OFC492_07569     | A ^ -> Z ^   | BUF_X1    | 0.095 |   1.126 |    1.593 | 
     | _16590_             | A2 ^ -> ZN v | NAND2_X1  | 0.060 |   1.186 |    1.653 | 
     | _16635_             | A2 v -> ZN ^ | NOR2_X1   | 0.144 |   1.329 |    1.797 | 
     | _16641_             | A1 ^ -> ZN v | OAI22_X1  | 0.034 |   1.363 |    1.831 | 
     | _16654_             | B2 v -> ZN ^ | AOI221_X1 | 0.082 |   1.445 |    1.912 | 
     | _16656_             | A1 ^ -> ZN ^ | OR2_X1    | 0.031 |   1.476 |    1.943 | 
     | _16680_             | B1 ^ -> ZN v | OAI21_X1  | 0.015 |   1.492 |    1.959 | 
     | _16713_             | B2 v -> ZN ^ | AOI21_X1  | 0.041 |   1.532 |    1.999 | 
     | _19709_             | D ^          | DFF_X1    | 0.000 |   1.532 |    2.000 | 
     +-----------------------------------------------------------------------------+ 
     Clock Rise Edge                      0.000
     = Beginpoint Arrival Time            0.000
     Other End Path:
     +---------------------------------------------------------------------------+ 
     |      Instance       |    Arc     |   Cell    | Delay | Arrival | Required | 
     |                     |            |           |       |  Time   |   Time   | 
     |---------------------+------------+-----------+-------+---------+----------| 
     |                     | clk ^      |           |       |   0.000 |   -0.467 | 
     | CTS_ccl_a_buf_00084 | A ^ -> Z ^ | CLKBUF_X3 | 0.050 |   0.050 |   -0.417 | 
     | CTS_ccl_a_buf_00049 | A ^ -> Z ^ | CLKBUF_X3 | 0.076 |   0.127 |   -0.341 | 
     | _19709_             | CK ^       | DFF_X1    | 0.003 |   0.130 |   -0.337 | 
     +---------------------------------------------------------------------------+ 
Path 9: MET Setup Check with Pin _19320_/CK 
Endpoint:   _19320_/D (v) checked with  leading edge of 'aes_clk'
Beginpoint: _19477_/Q (v) triggered by  leading edge of 'aes_clk'
Path Groups: {aes_clk}
Analysis View: VIEW_TYP
Other End Arrival Time          0.129
- Setup                         0.029
+ Phase Shift                   2.000
+ CPPR Adjustment               0.000
- Uncertainty                   0.100
= Required Time                 2.000
- Arrival Time                  1.522
= Slack Time                    0.477
     Clock Rise Edge                      0.000
     + Source Insertion Delay            -0.128
     = Beginpoint Arrival Time           -0.128
     Timing Path:
     +-----------------------------------------------------------------------------+ 
     |      Instance       |     Arc      |   Cell    | Delay | Arrival | Required | 
     |                     |              |           |       |  Time   |   Time   | 
     |---------------------+--------------+-----------+-------+---------+----------| 
     |                     | clk ^        |           |       |  -0.128 |    0.350 | 
     | CTS_ccl_a_buf_00084 | A ^ -> Z ^   | CLKBUF_X3 | 0.050 |  -0.077 |    0.400 | 
     | CTS_ccl_a_buf_00067 | A ^ -> Z ^   | CLKBUF_X3 | 0.076 |  -0.001 |    0.476 | 
     | _19477_             | CK ^ -> Q v  | DFF_X1    | 0.125 |   0.124 |    0.601 | 
     | FE_OFC18_ld_r       | A v -> Z v   | BUF_X1    | 0.080 |   0.204 |    0.682 | 
     | FE_OFC19_ld_r       | A v -> Z v   | BUF_X1    | 0.081 |   0.285 |    0.763 | 
     | _09768_             | A v -> ZN ^  | INV_X1    | 0.077 |   0.362 |    0.839 | 
     | FE_OFC31_00986      | A ^ -> Z ^   | BUF_X1    | 0.099 |   0.461 |    0.939 | 
     | FE_OFC34_00986      | A ^ -> Z ^   | BUF_X1    | 0.105 |   0.566 |    1.043 | 
     | FE_OFC38_00986      | A ^ -> Z ^   | BUF_X1    | 0.102 |   0.668 |    1.146 | 
     | FE_OFC40_00986      | A ^ -> Z ^   | BUF_X1    | 0.094 |   0.762 |    1.240 | 
     | FE_OFC41_00986      | A ^ -> Z ^   | BUF_X1    | 0.084 |   0.847 |    1.324 | 
     | _16076_             | A2 ^ -> ZN v | NOR2_X1   | 0.020 |   0.867 |    1.344 | 
     | _16080_             | A v -> ZN ^  | AOI21_X1  | 0.071 |   0.938 |    1.415 | 
     | _16081_             | B ^ -> ZN ^  | XNOR2_X1  | 0.057 |   0.995 |    1.473 | 
     | FE_OFC451_07072     | A ^ -> Z ^   | BUF_X1    | 0.092 |   1.088 |    1.565 | 
     | FE_OFC452_07072     | A ^ -> Z ^   | BUF_X1    | 0.109 |   1.196 |    1.674 | 
     | _16129_             | B2 ^ -> ZN v | AOI21_X1  | 0.022 |   1.218 |    1.696 | 
     | FE_OFC673_07120     | A v -> Z v   | BUF_X1    | 0.058 |   1.276 |    1.753 | 
     | _16130_             | B2 v -> ZN ^ | AOI22_X1  | 0.076 |   1.352 |    1.829 | 
     | _16350_             | A ^ -> ZN v  | OAI21_X1  | 0.026 |   1.378 |    1.855 | 
     | _16351_             | C1 v -> ZN ^ | AOI211_X1 | 0.066 |   1.444 |    1.922 | 
     | _16352_             | A ^ -> ZN v  | AOI21_X1  | 0.023 |   1.468 |    1.945 | 
     | _16353_             | B1 v -> ZN ^ | OAI21_X1  | 0.033 |   1.501 |    1.978 | 
     | _16376_             | B1 ^ -> ZN v | OAI21_X1  | 0.021 |   1.522 |    1.999 | 
     | _19320_             | D v          | DFF_X1    | 0.000 |   1.522 |    2.000 | 
     +-----------------------------------------------------------------------------+ 
     Clock Rise Edge                      0.000
     = Beginpoint Arrival Time            0.000
     Other End Path:
     +---------------------------------------------------------------------------+ 
     |      Instance       |    Arc     |   Cell    | Delay | Arrival | Required | 
     |                     |            |           |       |  Time   |   Time   | 
     |---------------------+------------+-----------+-------+---------+----------| 
     |                     | clk ^      |           |       |   0.000 |   -0.477 | 
     | CTS_ccl_a_buf_00084 | A ^ -> Z ^ | CLKBUF_X3 | 0.050 |   0.050 |   -0.427 | 
     | CTS_ccl_a_buf_00067 | A ^ -> Z ^ | CLKBUF_X3 | 0.076 |   0.127 |   -0.351 | 
     | _19320_             | CK ^       | DFF_X1    | 0.002 |   0.129 |   -0.348 | 
     +---------------------------------------------------------------------------+ 
Path 10: MET Setup Check with Pin _19641_/CK 
Endpoint:   _19641_/D (v) checked with  leading edge of 'aes_clk'
Beginpoint: _19477_/Q (v) triggered by  leading edge of 'aes_clk'
Path Groups: {aes_clk}
Analysis View: VIEW_TYP
Other End Arrival Time          0.128
- Setup                         0.028
+ Phase Shift                   2.000
+ CPPR Adjustment               0.000
- Uncertainty                   0.100
= Required Time                 2.000
- Arrival Time                  1.522
= Slack Time                    0.478
     Clock Rise Edge                      0.000
     + Source Insertion Delay            -0.128
     = Beginpoint Arrival Time           -0.128
     Timing Path:
     +-----------------------------------------------------------------------------+ 
     |      Instance       |     Arc      |   Cell    | Delay | Arrival | Required | 
     |                     |              |           |       |  Time   |   Time   | 
     |---------------------+--------------+-----------+-------+---------+----------| 
     |                     | clk ^        |           |       |  -0.128 |    0.350 | 
     | CTS_ccl_a_buf_00084 | A ^ -> Z ^   | CLKBUF_X3 | 0.050 |  -0.077 |    0.400 | 
     | CTS_ccl_a_buf_00067 | A ^ -> Z ^   | CLKBUF_X3 | 0.076 |  -0.001 |    0.476 | 
     | _19477_             | CK ^ -> Q v  | DFF_X1    | 0.125 |   0.124 |    0.602 | 
     | FE_OFC18_ld_r       | A v -> Z v   | BUF_X1    | 0.080 |   0.204 |    0.682 | 
     | FE_OFC19_ld_r       | A v -> Z v   | BUF_X1    | 0.081 |   0.285 |    0.763 | 
     | _09768_             | A v -> ZN ^  | INV_X1    | 0.077 |   0.362 |    0.839 | 
     | FE_OFC31_00986      | A ^ -> Z ^   | BUF_X1    | 0.099 |   0.461 |    0.939 | 
     | FE_OFC34_00986      | A ^ -> Z ^   | BUF_X1    | 0.105 |   0.566 |    1.044 | 
     | FE_OFC38_00986      | A ^ -> Z ^   | BUF_X1    | 0.102 |   0.668 |    1.146 | 
     | FE_OFC40_00986      | A ^ -> Z ^   | BUF_X1    | 0.094 |   0.762 |    1.240 | 
     | FE_OFC41_00986      | A ^ -> Z ^   | BUF_X1    | 0.084 |   0.847 |    1.324 | 
     | _09801_             | S ^ -> Z ^   | MUX2_X1   | 0.075 |   0.922 |    1.399 | 
     | _09802_             | B ^ -> ZN ^  | XNOR2_X1  | 0.042 |   0.964 |    1.441 | 
     | FE_OFC84_01020      | A ^ -> Z ^   | BUF_X1    | 0.091 |   1.054 |    1.532 | 
     | FE_OFC85_01020      | A ^ -> Z ^   | BUF_X1    | 0.113 |   1.167 |    1.645 | 
     | FE_OFC86_01020      | A ^ -> Z ^   | BUF_X1    | 0.109 |   1.276 |    1.754 | 
     | _10117_             | A ^ -> ZN v  | AOI211_X1 | 0.026 |   1.303 |    1.780 | 
     | _10118_             | A4 v -> ZN ^ | NOR4_X1   | 0.087 |   1.389 |    1.867 | 
     | _10119_             | A ^ -> ZN v  | AOI21_X1  | 0.020 |   1.409 |    1.887 | 
     | _10120_             | B1 v -> ZN ^ | OAI21_X1  | 0.030 |   1.439 |    1.917 | 
     | _10121_             | B1 ^ -> ZN v | AOI21_X1  | 0.021 |   1.460 |    1.937 | 
     | _10122_             | B v -> Z v   | MUX2_X1   | 0.062 |   1.522 |    2.000 | 
     | _19641_             | D v          | DFF_X1    | 0.000 |   1.522 |    2.000 | 
     +-----------------------------------------------------------------------------+ 
     Clock Rise Edge                      0.000
     = Beginpoint Arrival Time            0.000
     Other End Path:
     +---------------------------------------------------------------------------+ 
     |      Instance       |    Arc     |   Cell    | Delay | Arrival | Required | 
     |                     |            |           |       |  Time   |   Time   | 
     |---------------------+------------+-----------+-------+---------+----------| 
     |                     | clk ^      |           |       |   0.000 |   -0.478 | 
     | CTS_ccl_a_buf_00086 | A ^ -> Z ^ | CLKBUF_X3 | 0.052 |   0.051 |   -0.426 | 
     | CTS_ccl_a_buf_00075 | A ^ -> Z ^ | CLKBUF_X3 | 0.073 |   0.124 |   -0.353 | 
     | _19641_             | CK ^       | DFF_X1    | 0.004 |   0.128 |   -0.349 | 
     +---------------------------------------------------------------------------+ 
Path 11: MET Setup Check with Pin _19642_/CK 
Endpoint:   _19642_/D (v) checked with  leading edge of 'aes_clk'
Beginpoint: _19477_/Q (v) triggered by  leading edge of 'aes_clk'
Path Groups: {aes_clk}
Analysis View: VIEW_TYP
Other End Arrival Time          0.128
- Setup                         0.034
+ Phase Shift                   2.000
+ CPPR Adjustment               0.000
- Uncertainty                   0.100
= Required Time                 1.994
- Arrival Time                  1.511
= Slack Time                    0.483
     Clock Rise Edge                      0.000
     + Source Insertion Delay            -0.128
     = Beginpoint Arrival Time           -0.128
     Timing Path:
     +-----------------------------------------------------------------------------+ 
     |      Instance       |     Arc      |   Cell    | Delay | Arrival | Required | 
     |                     |              |           |       |  Time   |   Time   | 
     |---------------------+--------------+-----------+-------+---------+----------| 
     |                     | clk ^        |           |       |  -0.128 |    0.356 | 
     | CTS_ccl_a_buf_00084 | A ^ -> Z ^   | CLKBUF_X3 | 0.050 |  -0.077 |    0.406 | 
     | CTS_ccl_a_buf_00067 | A ^ -> Z ^   | CLKBUF_X3 | 0.076 |  -0.001 |    0.482 | 
     | _19477_             | CK ^ -> Q v  | DFF_X1    | 0.125 |   0.124 |    0.607 | 
     | FE_OFC18_ld_r       | A v -> Z v   | BUF_X1    | 0.080 |   0.204 |    0.688 | 
     | FE_OFC19_ld_r       | A v -> Z v   | BUF_X1    | 0.081 |   0.285 |    0.769 | 
     | _09768_             | A v -> ZN ^  | INV_X1    | 0.077 |   0.362 |    0.845 | 
     | FE_OFC31_00986      | A ^ -> Z ^   | BUF_X1    | 0.099 |   0.461 |    0.945 | 
     | FE_OFC34_00986      | A ^ -> Z ^   | BUF_X1    | 0.105 |   0.566 |    1.049 | 
     | FE_OFC38_00986      | A ^ -> Z ^   | BUF_X1    | 0.102 |   0.668 |    1.152 | 
     | FE_OFC40_00986      | A ^ -> Z ^   | BUF_X1    | 0.094 |   0.762 |    1.246 | 
     | FE_OFC41_00986      | A ^ -> Z ^   | BUF_X1    | 0.084 |   0.847 |    1.330 | 
     | _09801_             | S ^ -> Z ^   | MUX2_X1   | 0.075 |   0.922 |    1.405 | 
     | _09803_             | B ^ -> Z ^   | XOR2_X1   | 0.085 |   1.007 |    1.490 | 
     | FE_OFC87_01021      | A ^ -> Z ^   | BUF_X1    | 0.092 |   1.099 |    1.582 | 
     | FE_OFC89_01021      | A ^ -> Z ^   | BUF_X1    | 0.087 |   1.185 |    1.669 | 
     | FE_OFC90_01021      | A ^ -> Z ^   | BUF_X1    | 0.092 |   1.277 |    1.760 | 
     | _10004_             | A1 ^ -> ZN ^ | AND3_X1   | 0.084 |   1.361 |    1.844 | 
     | _10072_             | A2 ^ -> ZN v | NOR3_X1   | 0.015 |   1.376 |    1.859 | 
     | _10077_             | A v -> ZN ^  | AOI21_X1  | 0.047 |   1.423 |    1.906 | 
     | _10078_             | C1 ^ -> ZN v | OAI221_X1 | 0.028 |   1.451 |    1.934 | 
     | _10083_             | B v -> ZN ^  | OAI211_X1 | 0.033 |   1.483 |    1.967 | 
     | _10084_             | A ^ -> ZN v  | OAI21_X1  | 0.027 |   1.510 |    1.994 | 
     | _19642_             | D v          | DFF_X1    | 0.000 |   1.511 |    1.994 | 
     +-----------------------------------------------------------------------------+ 
     Clock Rise Edge                      0.000
     = Beginpoint Arrival Time            0.000
     Other End Path:
     +---------------------------------------------------------------------------+ 
     |      Instance       |    Arc     |   Cell    | Delay | Arrival | Required | 
     |                     |            |           |       |  Time   |   Time   | 
     |---------------------+------------+-----------+-------+---------+----------| 
     |                     | clk ^      |           |       |   0.000 |   -0.483 | 
     | CTS_ccl_a_buf_00086 | A ^ -> Z ^ | CLKBUF_X3 | 0.052 |   0.051 |   -0.432 | 
     | CTS_ccl_a_buf_00075 | A ^ -> Z ^ | CLKBUF_X3 | 0.073 |   0.124 |   -0.359 | 
     | _19642_             | CK ^       | DFF_X1    | 0.004 |   0.128 |   -0.355 | 
     +---------------------------------------------------------------------------+ 
Path 12: MET Setup Check with Pin _19644_/CK 
Endpoint:   _19644_/D (^) checked with  leading edge of 'aes_clk'
Beginpoint: _19477_/Q (v) triggered by  leading edge of 'aes_clk'
Path Groups: {aes_clk}
Analysis View: VIEW_TYP
Other End Arrival Time          0.128
- Setup                         0.032
+ Phase Shift                   2.000
+ CPPR Adjustment               0.000
- Uncertainty                   0.100
= Required Time                 1.996
- Arrival Time                  1.507
= Slack Time                    0.489
     Clock Rise Edge                      0.000
     + Source Insertion Delay            -0.128
     = Beginpoint Arrival Time           -0.128
     Timing Path:
     +-----------------------------------------------------------------------------+ 
     |      Instance       |     Arc      |   Cell    | Delay | Arrival | Required | 
     |                     |              |           |       |  Time   |   Time   | 
     |---------------------+--------------+-----------+-------+---------+----------| 
     |                     | clk ^        |           |       |  -0.128 |    0.361 | 
     | CTS_ccl_a_buf_00084 | A ^ -> Z ^   | CLKBUF_X3 | 0.050 |  -0.077 |    0.412 | 
     | CTS_ccl_a_buf_00067 | A ^ -> Z ^   | CLKBUF_X3 | 0.076 |  -0.001 |    0.488 | 
     | _19477_             | CK ^ -> Q v  | DFF_X1    | 0.125 |   0.124 |    0.613 | 
     | FE_OFC18_ld_r       | A v -> Z v   | BUF_X1    | 0.080 |   0.204 |    0.693 | 
     | FE_OFC19_ld_r       | A v -> Z v   | BUF_X1    | 0.081 |   0.285 |    0.774 | 
     | _09768_             | A v -> ZN ^  | INV_X1    | 0.077 |   0.362 |    0.851 | 
     | FE_OFC31_00986      | A ^ -> Z ^   | BUF_X1    | 0.099 |   0.461 |    0.950 | 
     | FE_OFC34_00986      | A ^ -> Z ^   | BUF_X1    | 0.105 |   0.566 |    1.055 | 
     | FE_OFC38_00986      | A ^ -> Z ^   | BUF_X1    | 0.102 |   0.668 |    1.157 | 
     | FE_OFC40_00986      | A ^ -> Z ^   | BUF_X1    | 0.094 |   0.762 |    1.251 | 
     | FE_OFC41_00986      | A ^ -> Z ^   | BUF_X1    | 0.084 |   0.847 |    1.335 | 
     | _09801_             | S ^ -> Z ^   | MUX2_X1   | 0.075 |   0.922 |    1.410 | 
     | _09802_             | B ^ -> ZN ^  | XNOR2_X1  | 0.042 |   0.964 |    1.452 | 
     | FE_OFC84_01020      | A ^ -> Z ^   | BUF_X1    | 0.091 |   1.054 |    1.543 | 
     | FE_OFC85_01020      | A ^ -> Z ^   | BUF_X1    | 0.113 |   1.167 |    1.656 | 
     | FE_OFC86_01020      | A ^ -> Z ^   | BUF_X1    | 0.109 |   1.276 |    1.765 | 
     | _09975_             | B2 ^ -> ZN v | AOI22_X1  | 0.035 |   1.311 |    1.800 | 
     | _09976_             | B2 v -> ZN ^ | AOI21_X1  | 0.048 |   1.359 |    1.848 | 
     | _09980_             | A3 ^ -> ZN v | NOR3_X1   | 0.015 |   1.374 |    1.863 | 
     | _09981_             | B v -> ZN ^  | AOI211_X1 | 0.069 |   1.443 |    1.932 | 
     | _09995_             | A ^ -> ZN v  | AOI21_X1  | 0.019 |   1.462 |    1.951 | 
     | _09996_             | B1 v -> ZN ^ | AOI21_X1  | 0.045 |   1.507 |    1.996 | 
     | _19644_             | D ^          | DFF_X1    | 0.000 |   1.507 |    1.996 | 
     +-----------------------------------------------------------------------------+ 
     Clock Rise Edge                      0.000
     = Beginpoint Arrival Time            0.000
     Other End Path:
     +---------------------------------------------------------------------------+ 
     |      Instance       |    Arc     |   Cell    | Delay | Arrival | Required | 
     |                     |            |           |       |  Time   |   Time   | 
     |---------------------+------------+-----------+-------+---------+----------| 
     |                     | clk ^      |           |       |   0.000 |   -0.489 | 
     | CTS_ccl_a_buf_00086 | A ^ -> Z ^ | CLKBUF_X3 | 0.052 |   0.051 |   -0.437 | 
     | CTS_ccl_a_buf_00075 | A ^ -> Z ^ | CLKBUF_X3 | 0.073 |   0.124 |   -0.364 | 
     | _19644_             | CK ^       | DFF_X1    | 0.004 |   0.128 |   -0.361 | 
     +---------------------------------------------------------------------------+ 
Path 13: MET Setup Check with Pin _19704_/CK 
Endpoint:   _19704_/D (v) checked with  leading edge of 'aes_clk'
Beginpoint: _19477_/Q (v) triggered by  leading edge of 'aes_clk'
Path Groups: {aes_clk}
Analysis View: VIEW_TYP
Other End Arrival Time          0.129
- Setup                         0.029
+ Phase Shift                   2.000
+ CPPR Adjustment               0.000
- Uncertainty                   0.100
= Required Time                 2.000
- Arrival Time                  1.503
= Slack Time                    0.497
     Clock Rise Edge                      0.000
     + Source Insertion Delay            -0.128
     = Beginpoint Arrival Time           -0.128
     Timing Path:
     +-----------------------------------------------------------------------------+ 
     |      Instance       |     Arc      |   Cell    | Delay | Arrival | Required | 
     |                     |              |           |       |  Time   |   Time   | 
     |---------------------+--------------+-----------+-------+---------+----------| 
     |                     | clk ^        |           |       |  -0.128 |    0.369 | 
     | CTS_ccl_a_buf_00084 | A ^ -> Z ^   | CLKBUF_X3 | 0.050 |  -0.077 |    0.419 | 
     | CTS_ccl_a_buf_00067 | A ^ -> Z ^   | CLKBUF_X3 | 0.076 |  -0.001 |    0.495 | 
     | _19477_             | CK ^ -> Q v  | DFF_X1    | 0.125 |   0.124 |    0.621 | 
     | FE_OFC18_ld_r       | A v -> Z v   | BUF_X1    | 0.080 |   0.204 |    0.701 | 
     | FE_OFC19_ld_r       | A v -> Z v   | BUF_X1    | 0.081 |   0.285 |    0.782 | 
     | _09768_             | A v -> ZN ^  | INV_X1    | 0.077 |   0.362 |    0.858 | 
     | FE_OFC31_00986      | A ^ -> Z ^   | BUF_X1    | 0.099 |   0.461 |    0.958 | 
     | FE_OFC34_00986      | A ^ -> Z ^   | BUF_X1    | 0.105 |   0.566 |    1.063 | 
     | FE_OFC38_00986      | A ^ -> Z ^   | BUF_X1    | 0.102 |   0.668 |    1.165 | 
     | FE_OFC40_00986      | A ^ -> Z ^   | BUF_X1    | 0.094 |   0.762 |    1.259 | 
     | FE_OFC41_00986      | A ^ -> Z ^   | BUF_X1    | 0.084 |   0.847 |    1.343 | 
     | _16586_             | S ^ -> Z v   | MUX2_X1   | 0.073 |   0.920 |    1.416 | 
     | _16587_             | B v -> ZN ^  | XNOR2_X1  | 0.033 |   0.953 |    1.449 | 
     | FE_OFC491_07569     | A ^ -> Z ^   | BUF_X1    | 0.077 |   1.030 |    1.527 | 
     | FE_OFC492_07569     | A ^ -> Z ^   | BUF_X1    | 0.095 |   1.126 |    1.622 | 
     | _16590_             | A2 ^ -> ZN v | NAND2_X1  | 0.060 |   1.186 |    1.682 | 
     | _16635_             | A2 v -> ZN ^ | NOR2_X1   | 0.144 |   1.329 |    1.826 | 
     | _16904_             | C2 ^ -> ZN v | OAI211_X1 | 0.037 |   1.367 |    1.863 | 
     | _16905_             | A3 v -> ZN v | AND3_X1   | 0.049 |   1.416 |    1.912 | 
     | _16909_             | B v -> ZN ^  | AOI211_X1 | 0.065 |   1.481 |    1.978 | 
     | _16919_             | B1 ^ -> ZN v | OAI21_X1  | 0.022 |   1.503 |    2.000 | 
     | _19704_             | D v          | DFF_X1    | 0.000 |   1.503 |    2.000 | 
     +-----------------------------------------------------------------------------+ 
     Clock Rise Edge                      0.000
     = Beginpoint Arrival Time            0.000
     Other End Path:
     +---------------------------------------------------------------------------+ 
     |      Instance       |    Arc     |   Cell    | Delay | Arrival | Required | 
     |                     |            |           |       |  Time   |   Time   | 
     |---------------------+------------+-----------+-------+---------+----------| 
     |                     | clk ^      |           |       |   0.000 |   -0.497 | 
     | CTS_ccl_a_buf_00084 | A ^ -> Z ^ | CLKBUF_X3 | 0.050 |   0.050 |   -0.446 | 
     | CTS_ccl_a_buf_00049 | A ^ -> Z ^ | CLKBUF_X3 | 0.076 |   0.127 |   -0.370 | 
     | _19704_             | CK ^       | DFF_X1    | 0.003 |   0.129 |   -0.367 | 
     +---------------------------------------------------------------------------+ 
Path 14: MET Setup Check with Pin _19639_/CK 
Endpoint:   _19639_/D (^) checked with  leading edge of 'aes_clk'
Beginpoint: _19477_/Q (v) triggered by  leading edge of 'aes_clk'
Path Groups: {aes_clk}
Analysis View: VIEW_TYP
Other End Arrival Time          0.128
- Setup                         0.031
+ Phase Shift                   2.000
+ CPPR Adjustment               0.000
- Uncertainty                   0.100
= Required Time                 1.997
- Arrival Time                  1.500
= Slack Time                    0.497
     Clock Rise Edge                      0.000
     + Source Insertion Delay            -0.128
     = Beginpoint Arrival Time           -0.128
     Timing Path:
     +-----------------------------------------------------------------------------+ 
     |      Instance       |     Arc      |   Cell    | Delay | Arrival | Required | 
     |                     |              |           |       |  Time   |   Time   | 
     |---------------------+--------------+-----------+-------+---------+----------| 
     |                     | clk ^        |           |       |  -0.128 |    0.370 | 
     | CTS_ccl_a_buf_00084 | A ^ -> Z ^   | CLKBUF_X3 | 0.050 |  -0.077 |    0.420 | 
     | CTS_ccl_a_buf_00067 | A ^ -> Z ^   | CLKBUF_X3 | 0.076 |  -0.001 |    0.496 | 
     | _19477_             | CK ^ -> Q v  | DFF_X1    | 0.125 |   0.124 |    0.621 | 
     | FE_OFC18_ld_r       | A v -> Z v   | BUF_X1    | 0.080 |   0.204 |    0.701 | 
     | FE_OFC19_ld_r       | A v -> Z v   | BUF_X1    | 0.081 |   0.285 |    0.783 | 
     | _09768_             | A v -> ZN ^  | INV_X1    | 0.077 |   0.362 |    0.859 | 
     | FE_OFC31_00986      | A ^ -> Z ^   | BUF_X1    | 0.099 |   0.461 |    0.958 | 
     | FE_OFC34_00986      | A ^ -> Z ^   | BUF_X1    | 0.105 |   0.566 |    1.063 | 
     | FE_OFC38_00986      | A ^ -> Z ^   | BUF_X1    | 0.102 |   0.668 |    1.166 | 
     | FE_OFC40_00986      | A ^ -> Z ^   | BUF_X1    | 0.094 |   0.762 |    1.260 | 
     | FE_OFC41_00986      | A ^ -> Z ^   | BUF_X1    | 0.084 |   0.847 |    1.344 | 
     | _09801_             | S ^ -> Z ^   | MUX2_X1   | 0.075 |   0.922 |    1.419 | 
     | _09803_             | B ^ -> Z ^   | XOR2_X1   | 0.085 |   1.007 |    1.504 | 
     | FE_OFC87_01021      | A ^ -> Z ^   | BUF_X1    | 0.092 |   1.099 |    1.596 | 
     | FE_OFC89_01021      | A ^ -> Z ^   | BUF_X1    | 0.087 |   1.185 |    1.682 | 
     | FE_OFC90_01021      | A ^ -> Z ^   | BUF_X1    | 0.092 |   1.277 |    1.774 | 
     | _10004_             | A1 ^ -> ZN ^ | AND3_X1   | 0.084 |   1.361 |    1.858 | 
     | _10179_             | B1 ^ -> ZN v | OAI221_X1 | 0.035 |   1.395 |    1.893 | 
     | _10182_             | B v -> ZN ^  | OAI211_X1 | 0.036 |   1.432 |    1.929 | 
     | _10183_             | B2 ^ -> ZN v | AOI21_X1  | 0.020 |   1.451 |    1.948 | 
     | _10185_             | A v -> ZN ^  | AOI21_X1  | 0.049 |   1.500 |    1.997 | 
     | _19639_             | D ^          | DFF_X1    | 0.000 |   1.500 |    1.997 | 
     +-----------------------------------------------------------------------------+ 
     Clock Rise Edge                      0.000
     = Beginpoint Arrival Time            0.000
     Other End Path:
     +---------------------------------------------------------------------------+ 
     |      Instance       |    Arc     |   Cell    | Delay | Arrival | Required | 
     |                     |            |           |       |  Time   |   Time   | 
     |---------------------+------------+-----------+-------+---------+----------| 
     |                     | clk ^      |           |       |   0.000 |   -0.497 | 
     | CTS_ccl_a_buf_00086 | A ^ -> Z ^ | CLKBUF_X3 | 0.052 |   0.051 |   -0.446 | 
     | CTS_ccl_a_buf_00075 | A ^ -> Z ^ | CLKBUF_X3 | 0.073 |   0.124 |   -0.373 | 
     | _19639_             | CK ^       | DFF_X1    | 0.004 |   0.128 |   -0.369 | 
     +---------------------------------------------------------------------------+ 
Path 15: MET Setup Check with Pin _19671_/CK 
Endpoint:   _19671_/D (v) checked with  leading edge of 'aes_clk'
Beginpoint: _19477_/Q (v) triggered by  leading edge of 'aes_clk'
Path Groups: {aes_clk}
Analysis View: VIEW_TYP
Other End Arrival Time          0.127
- Setup                         0.030
+ Phase Shift                   2.000
+ CPPR Adjustment               0.000
- Uncertainty                   0.100
= Required Time                 1.996
- Arrival Time                  1.499
= Slack Time                    0.498
     Clock Rise Edge                      0.000
     + Source Insertion Delay            -0.128
     = Beginpoint Arrival Time           -0.128
     Timing Path:
     +-----------------------------------------------------------------------------+ 
     |      Instance       |     Arc      |   Cell    | Delay | Arrival | Required | 
     |                     |              |           |       |  Time   |   Time   | 
     |---------------------+--------------+-----------+-------+---------+----------| 
     |                     | clk ^        |           |       |  -0.128 |    0.370 | 
     | CTS_ccl_a_buf_00084 | A ^ -> Z ^   | CLKBUF_X3 | 0.050 |  -0.077 |    0.420 | 
     | CTS_ccl_a_buf_00067 | A ^ -> Z ^   | CLKBUF_X3 | 0.076 |  -0.001 |    0.496 | 
     | _19477_             | CK ^ -> Q v  | DFF_X1    | 0.125 |   0.124 |    0.622 | 
     | FE_OFC18_ld_r       | A v -> Z v   | BUF_X1    | 0.080 |   0.204 |    0.702 | 
     | FE_OFC19_ld_r       | A v -> Z v   | BUF_X1    | 0.081 |   0.285 |    0.783 | 
     | _09768_             | A v -> ZN ^  | INV_X1    | 0.077 |   0.362 |    0.859 | 
     | FE_OFC31_00986      | A ^ -> Z ^   | BUF_X1    | 0.099 |   0.461 |    0.959 | 
     | FE_OFC34_00986      | A ^ -> Z ^   | BUF_X1    | 0.105 |   0.566 |    1.064 | 
     | FE_OFC38_00986      | A ^ -> Z ^   | BUF_X1    | 0.102 |   0.668 |    1.166 | 
     | FE_OFC40_00986      | A ^ -> Z ^   | BUF_X1    | 0.094 |   0.762 |    1.260 | 
     | FE_OFC41_00986      | A ^ -> Z ^   | BUF_X1    | 0.084 |   0.847 |    1.344 | 
     | _18411_             | S ^ -> Z v   | MUX2_X1   | 0.077 |   0.924 |    1.421 | 
     | _18413_             | B v -> Z ^   | XOR2_X1   | 0.032 |   0.956 |    1.453 | 
     | FE_OFC550_09112     | A ^ -> Z ^   | BUF_X1    | 0.088 |   1.043 |    1.541 | 
     | FE_OFC551_09112     | A ^ -> Z ^   | BUF_X1    | 0.103 |   1.146 |    1.643 | 
     | FE_OFC552_09112     | A ^ -> Z ^   | BUF_X1    | 0.104 |   1.250 |    1.748 | 
     | _18484_             | A1 ^ -> ZN v | NOR2_X1   | 0.023 |   1.273 |    1.770 | 
     | _18553_             | A2 v -> ZN ^ | NOR2_X1   | 0.043 |   1.315 |    1.813 | 
     | _18554_             | A ^ -> ZN v  | OAI21_X1  | 0.031 |   1.346 |    1.844 | 
     | _18809_             | C1 v -> ZN ^ | OAI221_X1 | 0.041 |   1.387 |    1.884 | 
     | _18810_             | B2 ^ -> ZN v | AOI21_X1  | 0.021 |   1.407 |    1.905 | 
     | _18811_             | A3 v -> ZN ^ | NOR3_X1   | 0.073 |   1.480 |    1.978 | 
     | _18818_             | A ^ -> ZN v  | AOI21_X1  | 0.019 |   1.499 |    1.996 | 
     | _19671_             | D v          | DFF_X1    | 0.000 |   1.499 |    1.996 | 
     +-----------------------------------------------------------------------------+ 
     Clock Rise Edge                      0.000
     = Beginpoint Arrival Time            0.000
     Other End Path:
     +---------------------------------------------------------------------------+ 
     |      Instance       |    Arc     |   Cell    | Delay | Arrival | Required | 
     |                     |            |           |       |  Time   |   Time   | 
     |---------------------+------------+-----------+-------+---------+----------| 
     |                     | clk ^      |           |       |   0.000 |   -0.498 | 
     | CTS_ccl_a_buf_00084 | A ^ -> Z ^ | CLKBUF_X3 | 0.050 |   0.050 |   -0.447 | 
     | CTS_ccl_a_buf_00079 | A ^ -> Z ^ | CLKBUF_X3 | 0.074 |   0.125 |   -0.373 | 
     | _19671_             | CK ^       | DFF_X1    | 0.002 |   0.127 |   -0.371 | 
     +---------------------------------------------------------------------------+ 
Path 16: MET Setup Check with Pin _19326_/CK 
Endpoint:   _19326_/D (v) checked with  leading edge of 'aes_clk'
Beginpoint: ld        (v) triggered by  leading edge of 'aes_clk'
Path Groups: {aes_clk}
Analysis View: VIEW_TYP
Other End Arrival Time          0.125
- Setup                         0.029
+ Phase Shift                   2.000
+ CPPR Adjustment               0.000
- Uncertainty                   0.100
= Required Time                 1.996
- Arrival Time                  1.496
= Slack Time                    0.500
     Clock Rise Edge                      0.000
     + Input Delay                        0.200
     = Beginpoint Arrival Time            0.200
     Timing Path:
     +-------------------------------------------------------------------------+ 
     |    Instance     |     Arc      |   Cell    | Delay | Arrival | Required | 
     |                 |              |           |       |  Time   |   Time   | 
     |-----------------+--------------+-----------+-------+---------+----------| 
     |                 | ld v         |           |       |   0.200 |    0.700 | 
     | FE_PHC1622_ld   | A v -> Z v   | BUF_X1    | 0.067 |   0.267 |    0.767 | 
     | FE_OFC0_ld      | A v -> Z v   | BUF_X1    | 0.062 |   0.328 |    0.828 | 
     | _09743_         | A v -> ZN ^  | INV_X1    | 0.092 |   0.420 |    0.920 | 
     | FE_OFC20_00961  | A ^ -> Z ^   | BUF_X1    | 0.068 |   0.488 |    0.988 | 
     | FE_OFC23_00961  | A ^ -> Z ^   | BUF_X1    | 0.112 |   0.600 |    1.100 | 
     | FE_OFC27_00961  | A ^ -> Z ^   | BUF_X1    | 0.122 |   0.722 |    1.222 | 
     | _13320_         | A1 ^ -> ZN v | AOI22_X1  | 0.038 |   0.760 |    1.260 | 
     | _13322_         | A2 v -> ZN ^ | NOR2_X1   | 0.111 |   0.871 |    1.371 | 
     | FE_OFC296_04377 | A ^ -> Z ^   | BUF_X1    | 0.121 |   0.991 |    1.491 | 
     | _13323_         | A ^ -> ZN v  | INV_X1    | 0.032 |   1.023 |    1.523 | 
     | FE_OFC587_00284 | A v -> Z v   | BUF_X1    | 0.078 |   1.101 |    1.601 | 
     | _15238_         | A3 v -> ZN ^ | NOR3_X1   | 0.151 |   1.252 |    1.752 | 
     | _15356_         | A4 ^ -> ZN v | NOR4_X1   | 0.032 |   1.285 |    1.785 | 
     | _15510_         | B1 v -> ZN ^ | AOI21_X1  | 0.036 |   1.321 |    1.821 | 
     | _15522_         | A2 ^ -> ZN v | NOR2_X1   | 0.013 |   1.334 |    1.834 | 
     | _15524_         | B2 v -> ZN ^ | AOI221_X1 | 0.083 |   1.417 |    1.917 | 
     | _15525_         | A ^ -> ZN v  | AOI21_X1  | 0.019 |   1.436 |    1.936 | 
     | _15526_         | B v -> Z v   | MUX2_X1   | 0.060 |   1.496 |    1.996 | 
     | _19326_         | D v          | DFF_X1    | 0.000 |   1.496 |    1.996 | 
     +-------------------------------------------------------------------------+ 
     Clock Rise Edge                      0.000
     = Beginpoint Arrival Time            0.000
     Other End Path:
     +---------------------------------------------------------------------------+ 
     |      Instance       |    Arc     |   Cell    | Delay | Arrival | Required | 
     |                     |            |           |       |  Time   |   Time   | 
     |---------------------+------------+-----------+-------+---------+----------| 
     |                     | clk ^      |           |       |   0.000 |   -0.500 | 
     | CTS_ccl_a_buf_00084 | A ^ -> Z ^ | CLKBUF_X3 | 0.050 |   0.050 |   -0.450 | 
     | CTS_ccl_a_buf_00047 | A ^ -> Z ^ | CLKBUF_X3 | 0.072 |   0.123 |   -0.377 | 
     | _19326_             | CK ^       | DFF_X1    | 0.002 |   0.125 |   -0.375 | 
     +---------------------------------------------------------------------------+ 
Path 17: MET Setup Check with Pin _19703_/CK 
Endpoint:   _19703_/D (v) checked with  leading edge of 'aes_clk'
Beginpoint: _19477_/Q (v) triggered by  leading edge of 'aes_clk'
Path Groups: {aes_clk}
Analysis View: VIEW_TYP
Other End Arrival Time          0.129
- Setup                         0.031
+ Phase Shift                   2.000
+ CPPR Adjustment               0.000
- Uncertainty                   0.100
= Required Time                 1.998
- Arrival Time                  1.497
= Slack Time                    0.502
     Clock Rise Edge                      0.000
     + Source Insertion Delay            -0.128
     = Beginpoint Arrival Time           -0.128
     Timing Path:
     +-----------------------------------------------------------------------------+ 
     |      Instance       |     Arc      |   Cell    | Delay | Arrival | Required | 
     |                     |              |           |       |  Time   |   Time   | 
     |---------------------+--------------+-----------+-------+---------+----------| 
     |                     | clk ^        |           |       |  -0.128 |    0.374 | 
     | CTS_ccl_a_buf_00084 | A ^ -> Z ^   | CLKBUF_X3 | 0.050 |  -0.077 |    0.425 | 
     | CTS_ccl_a_buf_00067 | A ^ -> Z ^   | CLKBUF_X3 | 0.076 |  -0.001 |    0.501 | 
     | _19477_             | CK ^ -> Q v  | DFF_X1    | 0.125 |   0.124 |    0.626 | 
     | FE_OFC18_ld_r       | A v -> Z v   | BUF_X1    | 0.080 |   0.204 |    0.706 | 
     | FE_OFC19_ld_r       | A v -> Z v   | BUF_X1    | 0.081 |   0.285 |    0.787 | 
     | _09768_             | A v -> ZN ^  | INV_X1    | 0.077 |   0.362 |    0.864 | 
     | FE_OFC31_00986      | A ^ -> Z ^   | BUF_X1    | 0.099 |   0.461 |    0.963 | 
     | FE_OFC34_00986      | A ^ -> Z ^   | BUF_X1    | 0.105 |   0.566 |    1.068 | 
     | FE_OFC38_00986      | A ^ -> Z ^   | BUF_X1    | 0.102 |   0.668 |    1.170 | 
     | FE_OFC40_00986      | A ^ -> Z ^   | BUF_X1    | 0.094 |   0.762 |    1.264 | 
     | FE_OFC41_00986      | A ^ -> Z ^   | BUF_X1    | 0.084 |   0.847 |    1.348 | 
     | _16586_             | S ^ -> Z v   | MUX2_X1   | 0.073 |   0.920 |    1.422 | 
     | _16587_             | B v -> ZN ^  | XNOR2_X1  | 0.033 |   0.953 |    1.455 | 
     | FE_OFC491_07569     | A ^ -> Z ^   | BUF_X1    | 0.077 |   1.030 |    1.532 | 
     | FE_OFC492_07569     | A ^ -> Z ^   | BUF_X1    | 0.095 |   1.126 |    1.628 | 
     | _16590_             | A2 ^ -> ZN v | NAND2_X1  | 0.060 |   1.186 |    1.687 | 
     | _16635_             | A2 v -> ZN ^ | NOR2_X1   | 0.144 |   1.329 |    1.831 | 
     | _16936_             | C1 ^ -> ZN v | OAI221_X1 | 0.047 |   1.376 |    1.878 | 
     | _16939_             | B1 v -> ZN ^ | AOI21_X1  | 0.041 |   1.417 |    1.919 | 
     | _16942_             | A ^ -> ZN v  | AOI21_X1  | 0.017 |   1.435 |    1.937 | 
     | _16948_             | B1 v -> ZN ^ | OAI21_X1  | 0.037 |   1.472 |    1.974 | 
     | _16949_             | B1 ^ -> ZN v | AOI21_X1  | 0.024 |   1.496 |    1.998 | 
     | _19703_             | D v          | DFF_X1    | 0.000 |   1.497 |    1.998 | 
     +-----------------------------------------------------------------------------+ 
     Clock Rise Edge                      0.000
     = Beginpoint Arrival Time            0.000
     Other End Path:
     +---------------------------------------------------------------------------+ 
     |      Instance       |    Arc     |   Cell    | Delay | Arrival | Required | 
     |                     |            |           |       |  Time   |   Time   | 
     |---------------------+------------+-----------+-------+---------+----------| 
     |                     | clk ^      |           |       |   0.000 |   -0.502 | 
     | CTS_ccl_a_buf_00084 | A ^ -> Z ^ | CLKBUF_X3 | 0.050 |   0.050 |   -0.451 | 
     | CTS_ccl_a_buf_00049 | A ^ -> Z ^ | CLKBUF_X3 | 0.076 |   0.127 |   -0.375 | 
     | _19703_             | CK ^       | DFF_X1    | 0.003 |   0.129 |   -0.372 | 
     +---------------------------------------------------------------------------+ 
Path 18: MET Setup Check with Pin _19323_/CK 
Endpoint:   _19323_/D (v) checked with  leading edge of 'aes_clk'
Beginpoint: _19477_/Q (v) triggered by  leading edge of 'aes_clk'
Path Groups: {aes_clk}
Analysis View: VIEW_TYP
Other End Arrival Time          0.129
- Setup                         0.029
+ Phase Shift                   2.000
+ CPPR Adjustment               0.000
- Uncertainty                   0.100
= Required Time                 2.000
- Arrival Time                  1.493
= Slack Time                    0.507
     Clock Rise Edge                      0.000
     + Source Insertion Delay            -0.128
     = Beginpoint Arrival Time           -0.128
     Timing Path:
     +-----------------------------------------------------------------------------+ 
     |      Instance       |     Arc      |   Cell    | Delay | Arrival | Required | 
     |                     |              |           |       |  Time   |   Time   | 
     |---------------------+--------------+-----------+-------+---------+----------| 
     |                     | clk ^        |           |       |  -0.128 |    0.379 | 
     | CTS_ccl_a_buf_00084 | A ^ -> Z ^   | CLKBUF_X3 | 0.050 |  -0.077 |    0.430 | 
     | CTS_ccl_a_buf_00067 | A ^ -> Z ^   | CLKBUF_X3 | 0.076 |  -0.001 |    0.506 | 
     | _19477_             | CK ^ -> Q v  | DFF_X1    | 0.125 |   0.124 |    0.631 | 
     | FE_OFC18_ld_r       | A v -> Z v   | BUF_X1    | 0.080 |   0.204 |    0.711 | 
     | FE_OFC19_ld_r       | A v -> Z v   | BUF_X1    | 0.081 |   0.285 |    0.792 | 
     | _09768_             | A v -> ZN ^  | INV_X1    | 0.077 |   0.362 |    0.869 | 
     | FE_OFC31_00986      | A ^ -> Z ^   | BUF_X1    | 0.099 |   0.461 |    0.968 | 
     | FE_OFC34_00986      | A ^ -> Z ^   | BUF_X1    | 0.105 |   0.566 |    1.073 | 
     | FE_OFC38_00986      | A ^ -> Z ^   | BUF_X1    | 0.102 |   0.668 |    1.175 | 
     | FE_OFC40_00986      | A ^ -> Z ^   | BUF_X1    | 0.094 |   0.762 |    1.269 | 
     | FE_OFC41_00986      | A ^ -> Z ^   | BUF_X1    | 0.084 |   0.847 |    1.354 | 
     | _16115_             | S ^ -> Z v   | MUX2_X1   | 0.079 |   0.925 |    1.432 | 
     | _16116_             | B v -> ZN ^  | XNOR2_X1  | 0.056 |   0.981 |    1.488 | 
     | FE_OFC464_07107     | A ^ -> Z ^   | BUF_X1    | 0.091 |   1.072 |    1.579 | 
     | FE_OFC465_07107     | A ^ -> Z ^   | BUF_X1    | 0.100 |   1.172 |    1.679 | 
     | FE_OFC466_07107     | A ^ -> Z ^   | BUF_X1    | 0.096 |   1.268 |    1.775 | 
     | FE_OFC467_07107     | A ^ -> Z ^   | BUF_X1    | 0.101 |   1.369 |    1.876 | 
     | _16176_             | A1 ^ -> ZN v | NAND3_X1  | 0.041 |   1.410 |    1.917 | 
     | _16181_             | A3 v -> ZN ^ | NAND4_X1  | 0.029 |   1.439 |    1.946 | 
     | _16191_             | A1 ^ -> ZN ^ | AND2_X1   | 0.033 |   1.471 |    1.978 | 
     | _16229_             | A1 ^ -> ZN v | OAI22_X1  | 0.021 |   1.493 |    2.000 | 
     | _19323_             | D v          | DFF_X1    | 0.000 |   1.493 |    2.000 | 
     +-----------------------------------------------------------------------------+ 
     Clock Rise Edge                      0.000
     = Beginpoint Arrival Time            0.000
     Other End Path:
     +---------------------------------------------------------------------------+ 
     |      Instance       |    Arc     |   Cell    | Delay | Arrival | Required | 
     |                     |            |           |       |  Time   |   Time   | 
     |---------------------+------------+-----------+-------+---------+----------| 
     |                     | clk ^      |           |       |   0.000 |   -0.507 | 
     | CTS_ccl_a_buf_00084 | A ^ -> Z ^ | CLKBUF_X3 | 0.050 |   0.050 |   -0.457 | 
     | CTS_ccl_a_buf_00067 | A ^ -> Z ^ | CLKBUF_X3 | 0.076 |   0.127 |   -0.380 | 
     | _19323_             | CK ^       | DFF_X1    | 0.003 |   0.129 |   -0.378 | 
     +---------------------------------------------------------------------------+ 
Path 19: MET Setup Check with Pin _19707_/CK 
Endpoint:   _19707_/D (v) checked with  leading edge of 'aes_clk'
Beginpoint: _19477_/Q (v) triggered by  leading edge of 'aes_clk'
Path Groups: {aes_clk}
Analysis View: VIEW_TYP
Other End Arrival Time          0.130
- Setup                         0.034
+ Phase Shift                   2.000
+ CPPR Adjustment               0.000
- Uncertainty                   0.100
= Required Time                 1.996
- Arrival Time                  1.487
= Slack Time                    0.509
     Clock Rise Edge                      0.000
     + Source Insertion Delay            -0.128
     = Beginpoint Arrival Time           -0.128
     Timing Path:
     +-----------------------------------------------------------------------------+ 
     |      Instance       |     Arc      |   Cell    | Delay | Arrival | Required | 
     |                     |              |           |       |  Time   |   Time   | 
     |---------------------+--------------+-----------+-------+---------+----------| 
     |                     | clk ^        |           |       |  -0.128 |    0.382 | 
     | CTS_ccl_a_buf_00084 | A ^ -> Z ^   | CLKBUF_X3 | 0.050 |  -0.077 |    0.432 | 
     | CTS_ccl_a_buf_00067 | A ^ -> Z ^   | CLKBUF_X3 | 0.076 |  -0.001 |    0.508 | 
     | _19477_             | CK ^ -> Q v  | DFF_X1    | 0.125 |   0.124 |    0.633 | 
     | FE_OFC18_ld_r       | A v -> Z v   | BUF_X1    | 0.080 |   0.204 |    0.713 | 
     | FE_OFC19_ld_r       | A v -> Z v   | BUF_X1    | 0.081 |   0.285 |    0.795 | 
     | _09768_             | A v -> ZN ^  | INV_X1    | 0.077 |   0.362 |    0.871 | 
     | FE_OFC31_00986      | A ^ -> Z ^   | BUF_X1    | 0.099 |   0.461 |    0.970 | 
     | FE_OFC34_00986      | A ^ -> Z ^   | BUF_X1    | 0.105 |   0.566 |    1.075 | 
     | FE_OFC38_00986      | A ^ -> Z ^   | BUF_X1    | 0.102 |   0.668 |    1.178 | 
     | FE_OFC40_00986      | A ^ -> Z ^   | BUF_X1    | 0.094 |   0.762 |    1.272 | 
     | FE_OFC41_00986      | A ^ -> Z ^   | BUF_X1    | 0.084 |   0.847 |    1.356 | 
     | _16586_             | S ^ -> Z v   | MUX2_X1   | 0.073 |   0.920 |    1.429 | 
     | _16587_             | B v -> ZN ^  | XNOR2_X1  | 0.033 |   0.953 |    1.462 | 
     | FE_OFC491_07569     | A ^ -> Z ^   | BUF_X1    | 0.077 |   1.030 |    1.540 | 
     | FE_OFC492_07569     | A ^ -> Z ^   | BUF_X1    | 0.095 |   1.126 |    1.635 | 
     | _16590_             | A2 ^ -> ZN v | NAND2_X1  | 0.060 |   1.186 |    1.695 | 
     | _16635_             | A2 v -> ZN ^ | NOR2_X1   | 0.144 |   1.329 |    1.839 | 
     | _16782_             | B1 ^ -> ZN v | OAI21_X1  | 0.030 |   1.359 |    1.868 | 
     | _16803_             | C1 v -> ZN ^ | OAI211_X1 | 0.043 |   1.402 |    1.911 | 
     | _16804_             | A2 ^ -> ZN v | NAND2_X1  | 0.017 |   1.419 |    1.929 | 
     | _16807_             | C1 v -> ZN ^ | OAI211_X1 | 0.040 |   1.460 |    1.969 | 
     | _16808_             | A ^ -> ZN v  | OAI21_X1  | 0.027 |   1.487 |    1.996 | 
     | _19707_             | D v          | DFF_X1    | 0.000 |   1.487 |    1.996 | 
     +-----------------------------------------------------------------------------+ 
     Clock Rise Edge                      0.000
     = Beginpoint Arrival Time            0.000
     Other End Path:
     +---------------------------------------------------------------------------+ 
     |      Instance       |    Arc     |   Cell    | Delay | Arrival | Required | 
     |                     |            |           |       |  Time   |   Time   | 
     |---------------------+------------+-----------+-------+---------+----------| 
     |                     | clk ^      |           |       |   0.000 |   -0.509 | 
     | CTS_ccl_a_buf_00084 | A ^ -> Z ^ | CLKBUF_X3 | 0.050 |   0.050 |   -0.459 | 
     | CTS_ccl_a_buf_00049 | A ^ -> Z ^ | CLKBUF_X3 | 0.076 |   0.127 |   -0.383 | 
     | _19707_             | CK ^       | DFF_X1    | 0.003 |   0.130 |   -0.379 | 
     +---------------------------------------------------------------------------+ 
Path 20: MET Setup Check with Pin _19640_/CK 
Endpoint:   _19640_/D (^) checked with  leading edge of 'aes_clk'
Beginpoint: _19477_/Q (v) triggered by  leading edge of 'aes_clk'
Path Groups: {aes_clk}
Analysis View: VIEW_TYP
Other End Arrival Time          0.128
- Setup                         0.032
+ Phase Shift                   2.000
+ CPPR Adjustment               0.000
- Uncertainty                   0.100
= Required Time                 1.996
- Arrival Time                  1.487
= Slack Time                    0.509
     Clock Rise Edge                      0.000
     + Source Insertion Delay            -0.128
     = Beginpoint Arrival Time           -0.128
     Timing Path:
     +-----------------------------------------------------------------------------+ 
     |      Instance       |     Arc      |   Cell    | Delay | Arrival | Required | 
     |                     |              |           |       |  Time   |   Time   | 
     |---------------------+--------------+-----------+-------+---------+----------| 
     |                     | clk ^        |           |       |  -0.128 |    0.382 | 
     | CTS_ccl_a_buf_00084 | A ^ -> Z ^   | CLKBUF_X3 | 0.050 |  -0.077 |    0.432 | 
     | CTS_ccl_a_buf_00067 | A ^ -> Z ^   | CLKBUF_X3 | 0.076 |  -0.001 |    0.508 | 
     | _19477_             | CK ^ -> Q v  | DFF_X1    | 0.125 |   0.124 |    0.633 | 
     | FE_OFC18_ld_r       | A v -> Z v   | BUF_X1    | 0.080 |   0.204 |    0.713 | 
     | FE_OFC19_ld_r       | A v -> Z v   | BUF_X1    | 0.081 |   0.285 |    0.795 | 
     | _09768_             | A v -> ZN ^  | INV_X1    | 0.077 |   0.362 |    0.871 | 
     | FE_OFC31_00986      | A ^ -> Z ^   | BUF_X1    | 0.099 |   0.461 |    0.970 | 
     | FE_OFC34_00986      | A ^ -> Z ^   | BUF_X1    | 0.105 |   0.566 |    1.075 | 
     | FE_OFC38_00986      | A ^ -> Z ^   | BUF_X1    | 0.102 |   0.668 |    1.178 | 
     | FE_OFC40_00986      | A ^ -> Z ^   | BUF_X1    | 0.094 |   0.762 |    1.272 | 
     | FE_OFC41_00986      | A ^ -> Z ^   | BUF_X1    | 0.084 |   0.847 |    1.356 | 
     | _09801_             | S ^ -> Z ^   | MUX2_X1   | 0.075 |   0.922 |    1.431 | 
     | _09802_             | B ^ -> ZN ^  | XNOR2_X1  | 0.042 |   0.964 |    1.473 | 
     | FE_OFC84_01020      | A ^ -> Z ^   | BUF_X1    | 0.091 |   1.054 |    1.564 | 
     | FE_OFC85_01020      | A ^ -> Z ^   | BUF_X1    | 0.113 |   1.167 |    1.676 | 
     | FE_OFC86_01020      | A ^ -> Z ^   | BUF_X1    | 0.109 |   1.276 |    1.786 | 
     | _10019_             | C2 ^ -> ZN v | AOI211_X1 | 0.039 |   1.316 |    1.825 | 
     | _10134_             | C2 v -> ZN ^ | AOI211_X1 | 0.058 |   1.373 |    1.882 | 
     | _10135_             | A ^ -> ZN v  | AOI21_X1  | 0.018 |   1.391 |    1.901 | 
     | _10136_             | B v -> Z v   | MUX2_X1   | 0.061 |   1.452 |    1.962 | 
     | _10155_             | A2 v -> ZN ^ | OAI22_X1  | 0.034 |   1.486 |    1.996 | 
     | _19640_             | D ^          | DFF_X1    | 0.000 |   1.487 |    1.996 | 
     +-----------------------------------------------------------------------------+ 
     Clock Rise Edge                      0.000
     = Beginpoint Arrival Time            0.000
     Other End Path:
     +---------------------------------------------------------------------------+ 
     |      Instance       |    Arc     |   Cell    | Delay | Arrival | Required | 
     |                     |            |           |       |  Time   |   Time   | 
     |---------------------+------------+-----------+-------+---------+----------| 
     |                     | clk ^      |           |       |   0.000 |   -0.509 | 
     | CTS_ccl_a_buf_00086 | A ^ -> Z ^ | CLKBUF_X3 | 0.052 |   0.051 |   -0.458 | 
     | CTS_ccl_a_buf_00075 | A ^ -> Z ^ | CLKBUF_X3 | 0.073 |   0.124 |   -0.385 | 
     | _19640_             | CK ^       | DFF_X1    | 0.004 |   0.128 |   -0.381 | 
     +---------------------------------------------------------------------------+ 

