CHECKPOINT = /home/host/aes_baseline/outputs/aes_route.enc.dat
CONSTRAINT_MODES = FUNC
###############################################################
#  Generated by:      Cadence Innovus 19.10-p002_1
#  OS:                Linux x86_64(Host ID qingteng)
#  Generated on:      Sat Aug 15 01:34:47 2026
#  Design:            aes_cipher_top
#  Command:           report_timing -late -max_paths 1
###############################################################
Starting SI iteration 1 using Infinite Timing Windows
#################################################################################
# Design Stage: PostRoute
# Design Name: aes_cipher_top
# Design Mode: 45nm
# Analysis Mode: MMMC OCV 
# Parasitics Mode: SPEF/RCDB
# Signoff Settings: SI On 
#################################################################################
AAE_INFO: 1 threads acquired from CTE.
Calculate early delays in OCV mode...
Calculate late delays in OCV mode...
Start delay calculation (fullDC) (1 T). (MEM=1029.76)
Total number of fetched objects 12594
AAE_INFO: Total number of nets for which stage creation was skipped for all views 0
AAE_INFO-618: Total number of nets in the design is 12627,  100.0 percent of the nets selected for SI analysis
End delay calculation. (MEM=1056.89 CPU=0:00:02.5 REAL=0:00:03.0)
End delay calculation (fullDC). (MEM=1056.89 CPU=0:00:03.0 REAL=0:00:03.0)
Loading CTE timing window with TwFlowType 0...(CPU = 0:00:00.0, REAL = 0:00:00.0, MEM = 1056.9M)
Add other clocks and setupCteToAAEClockMapping during iter 1
Loading CTE timing window is completed (CPU = 0:00:00.1, REAL = 0:00:00.0, MEM = 1056.9M)
Starting SI iteration 2
AAE_INFO: 1 threads acquired from CTE.
Calculate early delays in OCV mode...
Calculate late delays in OCV mode...
Start delay calculation (fullDC) (1 T). (MEM=1033.01)
Glitch Analysis: View VIEW_TYP -- Total Number of Nets Skipped = 0. 
Glitch Analysis: View VIEW_TYP -- Total Number of Nets Analyzed = 12594. 
Total number of fetched objects 12594
AAE_INFO: Total number of nets for which stage creation was skipped for all views 0
AAE_INFO-618: Total number of nets in the design is 12627,  0.1 percent of the nets selected for SI analysis
End delay calculation. (MEM=1039.16 CPU=0:00:00.1 REAL=0:00:00.0)
End delay calculation (fullDC). (MEM=1039.16 CPU=0:00:00.1 REAL=0:00:00.0)
Path 1: MET Setup Check with Pin _19318_/CK 
Endpoint:   _19318_/D (^) checked with  leading edge of 'aes_clk'
Beginpoint: _19477_/Q (v) triggered by  leading edge of 'aes_clk'
Path Groups: {aes_clk}
Analysis View: VIEW_TYP
Other End Arrival Time          0.129
- Setup                         0.035
+ Phase Shift                   2.000
+ CPPR Adjustment               0.000
- Uncertainty                   0.100
= Required Time                 1.994
- Arrival Time                  1.605
= Slack Time                    0.390
     Clock Rise Edge                 0.000
     + Clock Network Latency (Prop)  0.000
     = Beginpoint Arrival Time       0.000
     +-------------------------------------------------------------------------+ 
     |    Instance     |     Arc      |   Cell    | Delay | Arrival | Required | 
     |                 |              |           |       |  Time   |   Time   | 
     |-----------------+--------------+-----------+-------+---------+----------| 
     | _19477_         | CK ^         |           |       |   0.000 |    0.390 | 
     | _19477_         | CK ^ -> Q v  | DFF_X1    | 0.124 |   0.124 |    0.514 | 
     | FE_OFC18_ld_r   | A v -> Z v   | BUF_X1    | 0.080 |   0.204 |    0.594 | 
     | FE_OFC19_ld_r   | A v -> Z v   | BUF_X1    | 0.081 |   0.285 |    0.675 | 
     | _09768_         | A v -> ZN ^  | INV_X1    | 0.077 |   0.362 |    0.751 | 
     | FE_OFC31_00986  | A ^ -> Z ^   | BUF_X1    | 0.099 |   0.461 |    0.851 | 
     | FE_OFC34_00986  | A ^ -> Z ^   | BUF_X1    | 0.105 |   0.566 |    0.956 | 
     | FE_OFC38_00986  | A ^ -> Z ^   | BUF_X1    | 0.102 |   0.668 |    1.058 | 
     | FE_OFC40_00986  | A ^ -> Z ^   | BUF_X1    | 0.094 |   0.762 |    1.152 | 
     | FE_OFC41_00986  | A ^ -> Z ^   | BUF_X1    | 0.084 |   0.847 |    1.236 | 
     | _16115_         | S ^ -> Z v   | MUX2_X1   | 0.079 |   0.925 |    1.315 | 
     | _16116_         | B v -> ZN ^  | XNOR2_X1  | 0.056 |   0.981 |    1.371 | 
     | FE_OFC464_07107 | A ^ -> Z ^   | BUF_X1    | 0.091 |   1.072 |    1.462 | 
     | FE_OFC465_07107 | A ^ -> Z ^   | BUF_X1    | 0.100 |   1.172 |    1.562 | 
     | FE_OFC466_07107 | A ^ -> Z ^   | BUF_X1    | 0.096 |   1.268 |    1.658 | 
     | FE_OFC467_07107 | A ^ -> Z ^   | BUF_X1    | 0.101 |   1.369 |    1.759 | 
     | _16419_         | A ^ -> ZN v  | OAI21_X1  | 0.036 |   1.405 |    1.795 | 
     | _16425_         | B2 v -> ZN ^ | OAI221_X1 | 0.058 |   1.463 |    1.853 | 
     | _16427_         | A ^ -> ZN v  | OAI21_X1  | 0.024 |   1.488 |    1.877 | 
     | _16428_         | B v -> Z v   | MUX2_X1   | 0.059 |   1.547 |    1.937 | 
     | _16447_         | A2 v -> ZN ^ | OAI22_X1  | 0.057 |   1.604 |    1.994 | 
     | _19318_         | D ^          | DFF_X1    | 0.000 |   1.605 |    1.994 | 
     +-------------------------------------------------------------------------+ 

###############################################################
#  Generated by:      Cadence Innovus 19.10-p002_1
#  OS:                Linux x86_64(Host ID qingteng)
#  Generated on:      Sat Aug 15 01:34:52 2026
#  Design:            aes_cipher_top
#  Command:           report_timing -early -max_paths 1
###############################################################
Starting SI iteration 1 using Infinite Timing Windows
#################################################################################
# Design Stage: PostRoute
# Design Name: aes_cipher_top
# Design Mode: 45nm
# Analysis Mode: MMMC OCV 
# Parasitics Mode: SPEF/RCDB
# Signoff Settings: SI On 
#################################################################################
AAE_INFO: 1 threads acquired from CTE.
Calculate late delays in OCV mode...
Calculate early delays in OCV mode...
Start delay calculation (fullDC) (1 T). (MEM=1030.91)
Total number of fetched objects 12594
AAE_INFO: Total number of nets for which stage creation was skipped for all views 0
AAE_INFO-618: Total number of nets in the design is 12627,  100.0 percent of the nets selected for SI analysis
End delay calculation. (MEM=1082.12 CPU=0:00:02.4 REAL=0:00:03.0)
End delay calculation (fullDC). (MEM=1082.12 CPU=0:00:02.8 REAL=0:00:03.0)
Loading CTE timing window with TwFlowType 0...(CPU = 0:00:00.0, REAL = 0:00:00.0, MEM = 1082.1M)
Add other clocks and setupCteToAAEClockMapping during iter 1
Loading CTE timing window is completed (CPU = 0:00:00.1, REAL = 0:00:00.0, MEM = 1082.1M)
Starting SI iteration 2
AAE_INFO: 1 threads acquired from CTE.
Calculate late delays in OCV mode...
Calculate early delays in OCV mode...
Start delay calculation (fullDC) (1 T). (MEM=1034.24)
Glitch Analysis: View VIEW_TYP -- Total Number of Nets Skipped = 0. 
Glitch Analysis: View VIEW_TYP -- Total Number of Nets Analyzed = 12594. 
Total number of fetched objects 12594
AAE_INFO: Total number of nets for which stage creation was skipped for all views 0
AAE_INFO-618: Total number of nets in the design is 12627,  2.0 percent of the nets selected for SI analysis
End delay calculation. (MEM=1040.4 CPU=0:00:00.2 REAL=0:00:01.0)
End delay calculation (fullDC). (MEM=1040.4 CPU=0:00:00.3 REAL=0:00:01.0)
Path 1: MET Hold Check with Pin _19212_/CK 
Endpoint:   _19212_/D   (^) checked with  leading edge of 'aes_clk'
Beginpoint: text_in[23] (^) triggered by  leading edge of 'aes_clk'
Path Groups: {aes_clk}
Analysis View: VIEW_TYP
Other End Arrival Time          0.002
+ Hold                          0.016
+ Phase Shift                   0.000
- CPPR Adjustment               0.000
+ Uncertainty                   0.100
= Required Time                 0.118
  Arrival Time                  0.144
  Slack Time                    0.026
     Clock Rise Edge                      0.000
     + Input Delay                        0.000
     = Beginpoint Arrival Time            0.000
     +--------------------------------------------------------------------------------+ 
     |       Instance        |      Arc      |   Cell    | Delay | Arrival | Required | 
     |                       |               |           |       |  Time   |   Time   | 
     |-----------------------+---------------+-----------+-------+---------+----------| 
     |                       | text_in[23] ^ |           |       |   0.000 |   -0.026 | 
     | FE_PHC1475_text_in_23 | A ^ -> Z ^    | CLKBUF_X1 | 0.035 |   0.035 |    0.009 | 
     | _17568_               | B ^ -> Z ^    | MUX2_X1   | 0.033 |   0.068 |    0.042 | 
     | FE_PHC917_00140       | A ^ -> Z ^    | CLKBUF_X1 | 0.028 |   0.096 |    0.070 | 
     | FE_PHC1249_00140      | A ^ -> Z ^    | BUF_X1    | 0.020 |   0.117 |    0.091 | 
     | FE_PHC963_00140       | A ^ -> Z ^    | CLKBUF_X1 | 0.027 |   0.144 |    0.118 | 
     | _19212_               | D ^           | DFF_X1    | 0.000 |   0.144 |    0.118 | 
     +--------------------------------------------------------------------------------+ 

