###############################################################
#  Generated by:      Cadence Innovus 19.10-p002_1
#  OS:                Linux x86_64(Host ID qingteng)
#  Generated on:      Sun Aug 16 19:15:43 2026
#  Design:            aes_cipher_top
#  Command:           report_timing -early -max_paths 20 -path_type full_clock
###############################################################
#################################################################################
# Design Stage: PreRoute
# Design Name: aes_cipher_top
# Design Mode: 90nm
# Analysis Mode: MMMC Non-OCV 
# Parasitics Mode: No SPEF/RCDB
# Signoff Settings: SI Off 
#################################################################################
AAE_INFO: 1 threads acquired from CTE.
Calculate delays in Single mode...
Start delay calculation (fullDC) (1 T). (MEM=1108.88)
Total number of fetched objects 10816
AAE_INFO: Total number of nets for which stage creation was skipped for all views 0
End delay calculation. (MEM=1109.01 CPU=0:00:01.0 REAL=0:00:01.0)
End delay calculation (fullDC). (MEM=1109.01 CPU=0:00:01.3 REAL=0:00:02.0)
Path 1: VIOLATED Hold Check with Pin _19477_/CK 
Endpoint:   _19477_/D (^) checked with  leading edge of 'aes_clk'
Beginpoint: ld        (^) triggered by  leading edge of 'aes_clk'
Path Groups: {aes_clk}
Analysis View: VIEW_TYP
Other End Arrival Time          0.000
+ Hold                          0.033
+ Phase Shift                   0.000
+ Uncertainty                   0.100
= Required Time                 0.133
  Arrival Time                  0.000
  Slack Time                   -0.133
     Clock Rise Edge                      0.000
     + Input Delay                        0.000
     = Beginpoint Arrival Time            0.000
     Timing Path:
     +--------------------------------------------------------+ 
     | Instance |  Arc  |  Cell  | Delay | Arrival | Required | 
     |          |       |        |       |  Time   |   Time   | 
     |----------+-------+--------+-------+---------+----------| 
     |          | ld ^  |        |       |   0.000 |    0.133 | 
     | _19477_  | D ^   | DFF_X1 | 0.000 |   0.000 |    0.133 | 
     +--------------------------------------------------------+ 
     Clock Rise Edge                      0.000
     = Beginpoint Arrival Time            0.000
     Other End Path:
     +--------------------------------------------------------+ 
     | Instance |  Arc  |  Cell  | Delay | Arrival | Required | 
     |          |       |        |       |  Time   |   Time   | 
     |----------+-------+--------+-------+---------+----------| 
     |          | clk ^ |        |       |   0.000 |   -0.133 | 
     | _19477_  | CK ^  | DFF_X1 | 0.000 |   0.000 |   -0.133 | 
     +--------------------------------------------------------+ 
Path 2: VIOLATED Hold Check with Pin _19181_/CK 
Endpoint:   _19181_/D (v) checked with  leading edge of 'aes_clk'
Beginpoint: ld        (^) triggered by  leading edge of 'aes_clk'
Path Groups: {aes_clk}
Analysis View: VIEW_TYP
Other End Arrival Time          0.000
+ Hold                          0.011
+ Phase Shift                   0.000
+ Uncertainty                   0.100
= Required Time                 0.111
  Arrival Time                  0.009
  Slack Time                   -0.102
     Clock Rise Edge                      0.000
     + Input Delay                        0.000
     = Beginpoint Arrival Time            0.000
     Timing Path:
     +----------------------------------------------------------------+ 
     | Instance |     Arc      |  Cell   | Delay | Arrival | Required | 
     |          |              |         |       |  Time   |   Time   | 
     |----------+--------------+---------+-------+---------+----------| 
     |          | ld ^         |         |       |   0.000 |    0.102 | 
     | _17608_  | A1 ^ -> ZN v | NOR2_X1 | 0.009 |   0.009 |    0.111 | 
     | _19181_  | D v          | DFF_X1  | 0.000 |   0.009 |    0.111 | 
     +----------------------------------------------------------------+ 
     Clock Rise Edge                      0.000
     = Beginpoint Arrival Time            0.000
     Other End Path:
     +--------------------------------------------------------+ 
     | Instance |  Arc  |  Cell  | Delay | Arrival | Required | 
     |          |       |        |       |  Time   |   Time   | 
     |----------+-------+--------+-------+---------+----------| 
     |          | clk ^ |        |       |   0.000 |   -0.102 | 
     | _19181_  | CK ^  | DFF_X1 | 0.000 |   0.000 |   -0.102 | 
     +--------------------------------------------------------+ 
Path 3: VIOLATED Hold Check with Pin _19177_/CK 
Endpoint:   _19177_/D (v) checked with  leading edge of 'aes_clk'
Beginpoint: ld        (^) triggered by  leading edge of 'aes_clk'
Path Groups: {aes_clk}
Analysis View: VIEW_TYP
Other End Arrival Time          0.000
+ Hold                          0.011
+ Phase Shift                   0.000
+ Uncertainty                   0.100
= Required Time                 0.111
  Arrival Time                  0.009
  Slack Time                   -0.102
     Clock Rise Edge                      0.000
     + Input Delay                        0.000
     = Beginpoint Arrival Time            0.000
     Timing Path:
     +----------------------------------------------------------------+ 
     | Instance |     Arc      |  Cell   | Delay | Arrival | Required | 
     |          |              |         |       |  Time   |   Time   | 
     |----------+--------------+---------+-------+---------+----------| 
     |          | ld ^         |         |       |   0.000 |    0.102 | 
     | _17618_  | A1 ^ -> ZN v | NOR2_X1 | 0.009 |   0.009 |    0.111 | 
     | _19177_  | D v          | DFF_X1  | 0.000 |   0.009 |    0.111 | 
     +----------------------------------------------------------------+ 
     Clock Rise Edge                      0.000
     = Beginpoint Arrival Time            0.000
     Other End Path:
     +--------------------------------------------------------+ 
     | Instance |  Arc  |  Cell  | Delay | Arrival | Required | 
     |          |       |        |       |  Time   |   Time   | 
     |----------+-------+--------+-------+---------+----------| 
     |          | clk ^ |        |       |   0.000 |   -0.102 | 
     | _19177_  | CK ^  | DFF_X1 | 0.000 |   0.000 |   -0.102 | 
     +--------------------------------------------------------+ 
Path 4: VIOLATED Hold Check with Pin _19175_/CK 
Endpoint:   _19175_/D (v) checked with  leading edge of 'aes_clk'
Beginpoint: ld        (^) triggered by  leading edge of 'aes_clk'
Path Groups: {aes_clk}
Analysis View: VIEW_TYP
Other End Arrival Time          0.000
+ Hold                          0.011
+ Phase Shift                   0.000
+ Uncertainty                   0.100
= Required Time                 0.111
  Arrival Time                  0.009
  Slack Time                   -0.102
     Clock Rise Edge                      0.000
     + Input Delay                        0.000
     = Beginpoint Arrival Time            0.000
     Timing Path:
     +----------------------------------------------------------------+ 
     | Instance |     Arc      |  Cell   | Delay | Arrival | Required | 
     |          |              |         |       |  Time   |   Time   | 
     |----------+--------------+---------+-------+---------+----------| 
     |          | ld ^         |         |       |   0.000 |    0.102 | 
     | _17626_  | A1 ^ -> ZN v | NOR2_X1 | 0.009 |   0.009 |    0.111 | 
     | _19175_  | D v          | DFF_X1  | 0.000 |   0.009 |    0.111 | 
     +----------------------------------------------------------------+ 
     Clock Rise Edge                      0.000
     = Beginpoint Arrival Time            0.000
     Other End Path:
     +--------------------------------------------------------+ 
     | Instance |  Arc  |  Cell  | Delay | Arrival | Required | 
     |          |       |        |       |  Time   |   Time   | 
     |----------+-------+--------+-------+---------+----------| 
     |          | clk ^ |        |       |   0.000 |   -0.102 | 
     | _19175_  | CK ^  | DFF_X1 | 0.000 |   0.000 |   -0.102 | 
     +--------------------------------------------------------+ 
Path 5: VIOLATED Hold Check with Pin _19182_/CK 
Endpoint:   _19182_/D (v) checked with  leading edge of 'aes_clk'
Beginpoint: ld        (^) triggered by  leading edge of 'aes_clk'
Path Groups: {aes_clk}
Analysis View: VIEW_TYP
Other End Arrival Time          0.000
+ Hold                          0.011
+ Phase Shift                   0.000
+ Uncertainty                   0.100
= Required Time                 0.111
  Arrival Time                  0.009
  Slack Time                   -0.102
     Clock Rise Edge                      0.000
     + Input Delay                        0.000
     = Beginpoint Arrival Time            0.000
     Timing Path:
     +----------------------------------------------------------------+ 
     | Instance |     Arc      |  Cell   | Delay | Arrival | Required | 
     |          |              |         |       |  Time   |   Time   | 
     |----------+--------------+---------+-------+---------+----------| 
     |          | ld ^         |         |       |   0.000 |    0.102 | 
     | _17607_  | A1 ^ -> ZN v | NOR2_X1 | 0.009 |   0.009 |    0.111 | 
     | _19182_  | D v          | DFF_X1  | 0.000 |   0.009 |    0.111 | 
     +----------------------------------------------------------------+ 
     Clock Rise Edge                      0.000
     = Beginpoint Arrival Time            0.000
     Other End Path:
     +--------------------------------------------------------+ 
     | Instance |  Arc  |  Cell  | Delay | Arrival | Required | 
     |          |       |        |       |  Time   |   Time   | 
     |----------+-------+--------+-------+---------+----------| 
     |          | clk ^ |        |       |   0.000 |   -0.102 | 
     | _19182_  | CK ^  | DFF_X1 | 0.000 |   0.000 |   -0.102 | 
     +--------------------------------------------------------+ 
Path 6: VIOLATED Hold Check with Pin _19184_/CK 
Endpoint:   _19184_/D (v) checked with  leading edge of 'aes_clk'
Beginpoint: ld        (^) triggered by  leading edge of 'aes_clk'
Path Groups: {aes_clk}
Analysis View: VIEW_TYP
Other End Arrival Time          0.000
+ Hold                          0.011
+ Phase Shift                   0.000
+ Uncertainty                   0.100
= Required Time                 0.111
  Arrival Time                  0.009
  Slack Time                   -0.102
     Clock Rise Edge                      0.000
     + Input Delay                        0.000
     = Beginpoint Arrival Time            0.000
     Timing Path:
     +----------------------------------------------------------------+ 
     | Instance |     Arc      |  Cell   | Delay | Arrival | Required | 
     |          |              |         |       |  Time   |   Time   | 
     |----------+--------------+---------+-------+---------+----------| 
     |          | ld ^         |         |       |   0.000 |    0.102 | 
     | _19140_  | A1 ^ -> ZN v | NOR2_X1 | 0.009 |   0.009 |    0.111 | 
     | _19184_  | D v          | DFF_X1  | 0.000 |   0.009 |    0.111 | 
     +----------------------------------------------------------------+ 
     Clock Rise Edge                      0.000
     = Beginpoint Arrival Time            0.000
     Other End Path:
     +--------------------------------------------------------+ 
     | Instance |  Arc  |  Cell  | Delay | Arrival | Required | 
     |          |       |        |       |  Time   |   Time   | 
     |----------+-------+--------+-------+---------+----------| 
     |          | clk ^ |        |       |   0.000 |   -0.102 | 
     | _19184_  | CK ^  | DFF_X1 | 0.000 |   0.000 |   -0.102 | 
     +--------------------------------------------------------+ 
Path 7: VIOLATED Hold Check with Pin _19183_/CK 
Endpoint:   _19183_/D (v) checked with  leading edge of 'aes_clk'
Beginpoint: ld        (^) triggered by  leading edge of 'aes_clk'
Path Groups: {aes_clk}
Analysis View: VIEW_TYP
Other End Arrival Time          0.000
+ Hold                          0.011
+ Phase Shift                   0.000
+ Uncertainty                   0.100
= Required Time                 0.111
  Arrival Time                  0.009
  Slack Time                   -0.102
     Clock Rise Edge                      0.000
     + Input Delay                        0.000
     = Beginpoint Arrival Time            0.000
     Timing Path:
     +----------------------------------------------------------------+ 
     | Instance |     Arc      |  Cell   | Delay | Arrival | Required | 
     |          |              |         |       |  Time   |   Time   | 
     |----------+--------------+---------+-------+---------+----------| 
     |          | ld ^         |         |       |   0.000 |    0.102 | 
     | _17603_  | A1 ^ -> ZN v | NOR2_X1 | 0.009 |   0.009 |    0.111 | 
     | _19183_  | D v          | DFF_X1  | 0.000 |   0.009 |    0.111 | 
     +----------------------------------------------------------------+ 
     Clock Rise Edge                      0.000
     = Beginpoint Arrival Time            0.000
     Other End Path:
     +--------------------------------------------------------+ 
     | Instance |  Arc  |  Cell  | Delay | Arrival | Required | 
     |          |       |        |       |  Time   |   Time   | 
     |----------+-------+--------+-------+---------+----------| 
     |          | clk ^ |        |       |   0.000 |   -0.102 | 
     | _19183_  | CK ^  | DFF_X1 | 0.000 |   0.000 |   -0.102 | 
     +--------------------------------------------------------+ 
Path 8: VIOLATED Hold Check with Pin _19179_/CK 
Endpoint:   _19179_/D (v) checked with  leading edge of 'aes_clk'
Beginpoint: ld        (^) triggered by  leading edge of 'aes_clk'
Path Groups: {aes_clk}
Analysis View: VIEW_TYP
Other End Arrival Time          0.000
+ Hold                          0.011
+ Phase Shift                   0.000
+ Uncertainty                   0.100
= Required Time                 0.111
  Arrival Time                  0.010
  Slack Time                   -0.101
     Clock Rise Edge                      0.000
     + Input Delay                        0.000
     = Beginpoint Arrival Time            0.000
     Timing Path:
     +----------------------------------------------------------------+ 
     | Instance |     Arc      |  Cell   | Delay | Arrival | Required | 
     |          |              |         |       |  Time   |   Time   | 
     |----------+--------------+---------+-------+---------+----------| 
     |          | ld ^         |         |       |   0.000 |    0.101 | 
     | _17610_  | A1 ^ -> ZN v | NOR3_X1 | 0.010 |   0.010 |    0.111 | 
     | _19179_  | D v          | DFF_X1  | 0.000 |   0.010 |    0.111 | 
     +----------------------------------------------------------------+ 
     Clock Rise Edge                      0.000
     = Beginpoint Arrival Time            0.000
     Other End Path:
     +--------------------------------------------------------+ 
     | Instance |  Arc  |  Cell  | Delay | Arrival | Required | 
     |          |       |        |       |  Time   |   Time   | 
     |----------+-------+--------+-------+---------+----------| 
     |          | clk ^ |        |       |   0.000 |   -0.101 | 
     | _19179_  | CK ^  | DFF_X1 | 0.000 |   0.000 |   -0.101 | 
     +--------------------------------------------------------+ 
Path 9: VIOLATED Hold Check with Pin _19180_/CK 
Endpoint:   _19180_/D (v) checked with  leading edge of 'aes_clk'
Beginpoint: ld        (^) triggered by  leading edge of 'aes_clk'
Path Groups: {aes_clk}
Analysis View: VIEW_TYP
Other End Arrival Time          0.000
+ Hold                          0.011
+ Phase Shift                   0.000
+ Uncertainty                   0.100
= Required Time                 0.111
  Arrival Time                  0.012
  Slack Time                   -0.099
     Clock Rise Edge                      0.000
     + Input Delay                        0.000
     = Beginpoint Arrival Time            0.000
     Timing Path:
     +----------------------------------------------------------------+ 
     | Instance |     Arc      |  Cell   | Delay | Arrival | Required | 
     |          |              |         |       |  Time   |   Time   | 
     |----------+--------------+---------+-------+---------+----------| 
     |          | ld ^         |         |       |   0.000 |    0.099 | 
     | _19139_  | A1 ^ -> ZN v | NOR4_X1 | 0.012 |   0.012 |    0.111 | 
     | _19180_  | D v          | DFF_X1  | 0.000 |   0.012 |    0.111 | 
     +----------------------------------------------------------------+ 
     Clock Rise Edge                      0.000
     = Beginpoint Arrival Time            0.000
     Other End Path:
     +--------------------------------------------------------+ 
     | Instance |  Arc  |  Cell  | Delay | Arrival | Required | 
     |          |       |        |       |  Time   |   Time   | 
     |----------+-------+--------+-------+---------+----------| 
     |          | clk ^ |        |       |   0.000 |   -0.099 | 
     | _19180_  | CK ^  | DFF_X1 | 0.000 |   0.000 |   -0.099 | 
     +--------------------------------------------------------+ 
Path 10: VIOLATED Hold Check with Pin _19188_/CK 
Endpoint:   _19188_/D (v) checked with  leading edge of 'aes_clk'
Beginpoint: ld        (^) triggered by  leading edge of 'aes_clk'
Path Groups: {aes_clk}
Analysis View: VIEW_TYP
Other End Arrival Time          0.000
+ Hold                          0.011
+ Phase Shift                   0.000
+ Uncertainty                   0.100
= Required Time                 0.111
  Arrival Time                  0.012
  Slack Time                   -0.099
     Clock Rise Edge                      0.000
     + Input Delay                        0.000
     = Beginpoint Arrival Time            0.000
     Timing Path:
     +----------------------------------------------------------------+ 
     | Instance |     Arc      |  Cell   | Delay | Arrival | Required | 
     |          |              |         |       |  Time   |   Time   | 
     |----------+--------------+---------+-------+---------+----------| 
     |          | ld ^         |         |       |   0.000 |    0.099 | 
     | _19149_  | A1 ^ -> ZN v | NOR4_X1 | 0.012 |   0.012 |    0.111 | 
     | _19188_  | D v          | DFF_X1  | 0.000 |   0.012 |    0.111 | 
     +----------------------------------------------------------------+ 
     Clock Rise Edge                      0.000
     = Beginpoint Arrival Time            0.000
     Other End Path:
     +--------------------------------------------------------+ 
     | Instance |  Arc  |  Cell  | Delay | Arrival | Required | 
     |          |       |        |       |  Time   |   Time   | 
     |----------+-------+--------+-------+---------+----------| 
     |          | clk ^ |        |       |   0.000 |   -0.099 | 
     | _19188_  | CK ^  | DFF_X1 | 0.000 |   0.000 |   -0.099 | 
     +--------------------------------------------------------+ 
Path 11: VIOLATED Hold Check with Pin _19178_/CK 
Endpoint:   _19178_/D (v) checked with  leading edge of 'aes_clk'
Beginpoint: ld        (^) triggered by  leading edge of 'aes_clk'
Path Groups: {aes_clk}
Analysis View: VIEW_TYP
Other End Arrival Time          0.000
+ Hold                          0.011
+ Phase Shift                   0.000
+ Uncertainty                   0.100
= Required Time                 0.111
  Arrival Time                  0.019
  Slack Time                   -0.092
     Clock Rise Edge                      0.000
     + Input Delay                        0.000
     = Beginpoint Arrival Time            0.000
     Timing Path:
     +-----------------------------------------------------------------+ 
     | Instance |     Arc     |   Cell    | Delay | Arrival | Required | 
     |          |             |           |       |  Time   |   Time   | 
     |----------+-------------+-----------+-------+---------+----------| 
     |          | ld ^        |           |       |   0.000 |    0.092 | 
     | _17630_  | A ^ -> ZN v | AOI211_X1 | 0.019 |   0.019 |    0.111 | 
     | _19178_  | D v         | DFF_X1    | 0.000 |   0.019 |    0.111 | 
     +-----------------------------------------------------------------+ 
     Clock Rise Edge                      0.000
     = Beginpoint Arrival Time            0.000
     Other End Path:
     +--------------------------------------------------------+ 
     | Instance |  Arc  |  Cell  | Delay | Arrival | Required | 
     |          |       |        |       |  Time   |   Time   | 
     |----------+-------+--------+-------+---------+----------| 
     |          | clk ^ |        |       |   0.000 |   -0.092 | 
     | _19178_  | CK ^  | DFF_X1 | 0.000 |   0.000 |   -0.092 | 
     +--------------------------------------------------------+ 
Path 12: VIOLATED Hold Check with Pin _19187_/CK 
Endpoint:   _19187_/D (^) checked with  leading edge of 'aes_clk'
Beginpoint: rst       (^) triggered by  leading edge of 'aes_clk'
Path Groups: {aes_clk}
Analysis View: VIEW_TYP
Other End Arrival Time          0.000
+ Hold                          0.017
+ Phase Shift                   0.000
+ Uncertainty                   0.100
= Required Time                 0.117
  Arrival Time                  0.029
  Slack Time                   -0.089
     Clock Rise Edge                      0.000
     + Input Delay                        0.000
     = Beginpoint Arrival Time            0.000
     Timing Path:
     +-----------------------------------------------------------------+ 
     | Instance |     Arc      |   Cell   | Delay | Arrival | Required | 
     |          |              |          |       |  Time   |   Time   | 
     |----------+--------------+----------+-------+---------+----------| 
     |          | rst ^        |          |       |   0.000 |    0.089 | 
     | _19146_  | A1 ^ -> ZN v | NAND2_X1 | 0.019 |   0.019 |    0.107 | 
     | _19147_  | A v -> ZN ^  | INV_X1   | 0.010 |   0.029 |    0.117 | 
     | _19187_  | D ^          | DFF_X1   | 0.000 |   0.029 |    0.117 | 
     +-----------------------------------------------------------------+ 
     Clock Rise Edge                      0.000
     = Beginpoint Arrival Time            0.000
     Other End Path:
     +--------------------------------------------------------+ 
     | Instance |  Arc  |  Cell  | Delay | Arrival | Required | 
     |          |       |        |       |  Time   |   Time   | 
     |----------+-------+--------+-------+---------+----------| 
     |          | clk ^ |        |       |   0.000 |   -0.089 | 
     | _19187_  | CK ^  | DFF_X1 | 0.000 |   0.000 |   -0.089 | 
     +--------------------------------------------------------+ 
Path 13: VIOLATED Hold Check with Pin _19553_/CK 
Endpoint:   _19553_/D (v) checked with  leading edge of 'aes_clk'
Beginpoint: ld        (^) triggered by  leading edge of 'aes_clk'
Path Groups: {aes_clk}
Analysis View: VIEW_TYP
Other End Arrival Time          0.000
+ Hold                          0.011
+ Phase Shift                   0.000
+ Uncertainty                   0.100
= Required Time                 0.111
  Arrival Time                  0.023
  Slack Time                   -0.088
     Clock Rise Edge                      0.000
     + Input Delay                        0.000
     = Beginpoint Arrival Time            0.000
     Timing Path:
     +-----------------------------------------------------------------+ 
     | Instance |     Arc      |   Cell   | Delay | Arrival | Required | 
     |          |              |          |       |  Time   |   Time   | 
     |----------+--------------+----------+-------+---------+----------| 
     |          | ld ^         |          |       |   0.000 |    0.088 | 
     | _13258_  | B2 ^ -> ZN v | OAI21_X1 | 0.023 |   0.023 |    0.111 | 
     | _19553_  | D v          | DFF_X1   | 0.000 |   0.023 |    0.111 | 
     +-----------------------------------------------------------------+ 
     Clock Rise Edge                      0.000
     = Beginpoint Arrival Time            0.000
     Other End Path:
     +--------------------------------------------------------+ 
     | Instance |  Arc  |  Cell  | Delay | Arrival | Required | 
     |          |       |        |       |  Time   |   Time   | 
     |----------+-------+--------+-------+---------+----------| 
     |          | clk ^ |        |       |   0.000 |   -0.088 | 
     | _19553_  | CK ^  | DFF_X1 | 0.000 |   0.000 |   -0.088 | 
     +--------------------------------------------------------+ 
Path 14: VIOLATED Hold Check with Pin _19552_/CK 
Endpoint:   _19552_/D (v) checked with  leading edge of 'aes_clk'
Beginpoint: ld        (^) triggered by  leading edge of 'aes_clk'
Path Groups: {aes_clk}
Analysis View: VIEW_TYP
Other End Arrival Time          0.000
+ Hold                          0.011
+ Phase Shift                   0.000
+ Uncertainty                   0.100
= Required Time                 0.111
  Arrival Time                  0.023
  Slack Time                   -0.088
     Clock Rise Edge                      0.000
     + Input Delay                        0.000
     = Beginpoint Arrival Time            0.000
     Timing Path:
     +-----------------------------------------------------------------+ 
     | Instance |     Arc      |   Cell   | Delay | Arrival | Required | 
     |          |              |          |       |  Time   |   Time   | 
     |----------+--------------+----------+-------+---------+----------| 
     |          | ld ^         |          |       |   0.000 |    0.088 | 
     | _13261_  | B2 ^ -> ZN v | OAI21_X1 | 0.023 |   0.023 |    0.111 | 
     | _19552_  | D v          | DFF_X1   | 0.000 |   0.023 |    0.111 | 
     +-----------------------------------------------------------------+ 
     Clock Rise Edge                      0.000
     = Beginpoint Arrival Time            0.000
     Other End Path:
     +--------------------------------------------------------+ 
     | Instance |  Arc  |  Cell  | Delay | Arrival | Required | 
     |          |       |        |       |  Time   |   Time   | 
     |----------+-------+--------+-------+---------+----------| 
     |          | clk ^ |        |       |   0.000 |   -0.088 | 
     | _19552_  | CK ^  | DFF_X1 | 0.000 |   0.000 |   -0.088 | 
     +--------------------------------------------------------+ 
Path 15: VIOLATED Hold Check with Pin _19551_/CK 
Endpoint:   _19551_/D (v) checked with  leading edge of 'aes_clk'
Beginpoint: ld        (^) triggered by  leading edge of 'aes_clk'
Path Groups: {aes_clk}
Analysis View: VIEW_TYP
Other End Arrival Time          0.000
+ Hold                          0.011
+ Phase Shift                   0.000
+ Uncertainty                   0.100
= Required Time                 0.111
  Arrival Time                  0.023
  Slack Time                   -0.088
     Clock Rise Edge                      0.000
     + Input Delay                        0.000
     = Beginpoint Arrival Time            0.000
     Timing Path:
     +-----------------------------------------------------------------+ 
     | Instance |     Arc      |   Cell   | Delay | Arrival | Required | 
     |          |              |          |       |  Time   |   Time   | 
     |----------+--------------+----------+-------+---------+----------| 
     |          | ld ^         |          |       |   0.000 |    0.088 | 
     | _13264_  | B2 ^ -> ZN v | OAI21_X1 | 0.023 |   0.023 |    0.111 | 
     | _19551_  | D v          | DFF_X1   | 0.000 |   0.023 |    0.111 | 
     +-----------------------------------------------------------------+ 
     Clock Rise Edge                      0.000
     = Beginpoint Arrival Time            0.000
     Other End Path:
     +--------------------------------------------------------+ 
     | Instance |  Arc  |  Cell  | Delay | Arrival | Required | 
     |          |       |        |       |  Time   |   Time   | 
     |----------+-------+--------+-------+---------+----------| 
     |          | clk ^ |        |       |   0.000 |   -0.088 | 
     | _19551_  | CK ^  | DFF_X1 | 0.000 |   0.000 |   -0.088 | 
     +--------------------------------------------------------+ 
Path 16: VIOLATED Hold Check with Pin _19510_/CK 
Endpoint:   _19510_/D (v) checked with  leading edge of 'aes_clk'
Beginpoint: ld        (^) triggered by  leading edge of 'aes_clk'
Path Groups: {aes_clk}
Analysis View: VIEW_TYP
Other End Arrival Time          0.000
+ Hold                          0.011
+ Phase Shift                   0.000
+ Uncertainty                   0.100
= Required Time                 0.111
  Arrival Time                  0.023
  Slack Time                   -0.088
     Clock Rise Edge                      0.000
     + Input Delay                        0.000
     = Beginpoint Arrival Time            0.000
     Timing Path:
     +-----------------------------------------------------------------+ 
     | Instance |     Arc      |   Cell   | Delay | Arrival | Required | 
     |          |              |          |       |  Time   |   Time   | 
     |----------+--------------+----------+-------+---------+----------| 
     |          | ld ^         |          |       |   0.000 |    0.088 | 
     | _19152_  | B2 ^ -> ZN v | OAI21_X1 | 0.023 |   0.023 |    0.111 | 
     | _19510_  | D v          | DFF_X1   | 0.000 |   0.023 |    0.111 | 
     +-----------------------------------------------------------------+ 
     Clock Rise Edge                      0.000
     = Beginpoint Arrival Time            0.000
     Other End Path:
     +--------------------------------------------------------+ 
     | Instance |  Arc  |  Cell  | Delay | Arrival | Required | 
     |          |       |        |       |  Time   |   Time   | 
     |----------+-------+--------+-------+---------+----------| 
     |          | clk ^ |        |       |   0.000 |   -0.088 | 
     | _19510_  | CK ^  | DFF_X1 | 0.000 |   0.000 |   -0.088 | 
     +--------------------------------------------------------+ 
Path 17: VIOLATED Hold Check with Pin _19506_/CK 
Endpoint:   _19506_/D (v) checked with  leading edge of 'aes_clk'
Beginpoint: ld        (^) triggered by  leading edge of 'aes_clk'
Path Groups: {aes_clk}
Analysis View: VIEW_TYP
Other End Arrival Time          0.000
+ Hold                          0.011
+ Phase Shift                   0.000
+ Uncertainty                   0.100
= Required Time                 0.111
  Arrival Time                  0.023
  Slack Time                   -0.088
     Clock Rise Edge                      0.000
     + Input Delay                        0.000
     = Beginpoint Arrival Time            0.000
     Timing Path:
     +-----------------------------------------------------------------+ 
     | Instance |     Arc      |   Cell   | Delay | Arrival | Required | 
     |          |              |          |       |  Time   |   Time   | 
     |----------+--------------+----------+-------+---------+----------| 
     |          | ld ^         |          |       |   0.000 |    0.088 | 
     | _13096_  | B2 ^ -> ZN v | OAI21_X1 | 0.023 |   0.023 |    0.111 | 
     | _19506_  | D v          | DFF_X1   | 0.000 |   0.023 |    0.111 | 
     +-----------------------------------------------------------------+ 
     Clock Rise Edge                      0.000
     = Beginpoint Arrival Time            0.000
     Other End Path:
     +--------------------------------------------------------+ 
     | Instance |  Arc  |  Cell  | Delay | Arrival | Required | 
     |          |       |        |       |  Time   |   Time   | 
     |----------+-------+--------+-------+---------+----------| 
     |          | clk ^ |        |       |   0.000 |   -0.088 | 
     | _19506_  | CK ^  | DFF_X1 | 0.000 |   0.000 |   -0.088 | 
     +--------------------------------------------------------+ 
Path 18: VIOLATED Hold Check with Pin _19505_/CK 
Endpoint:   _19505_/D (v) checked with  leading edge of 'aes_clk'
Beginpoint: ld        (^) triggered by  leading edge of 'aes_clk'
Path Groups: {aes_clk}
Analysis View: VIEW_TYP
Other End Arrival Time          0.000
+ Hold                          0.011
+ Phase Shift                   0.000
+ Uncertainty                   0.100
= Required Time                 0.111
  Arrival Time                  0.023
  Slack Time                   -0.088
     Clock Rise Edge                      0.000
     + Input Delay                        0.000
     = Beginpoint Arrival Time            0.000
     Timing Path:
     +-----------------------------------------------------------------+ 
     | Instance |     Arc      |   Cell   | Delay | Arrival | Required | 
     |          |              |          |       |  Time   |   Time   | 
     |----------+--------------+----------+-------+---------+----------| 
     |          | ld ^         |          |       |   0.000 |    0.088 | 
     | _13099_  | B2 ^ -> ZN v | OAI21_X1 | 0.023 |   0.023 |    0.111 | 
     | _19505_  | D v          | DFF_X1   | 0.000 |   0.023 |    0.111 | 
     +-----------------------------------------------------------------+ 
     Clock Rise Edge                      0.000
     = Beginpoint Arrival Time            0.000
     Other End Path:
     +--------------------------------------------------------+ 
     | Instance |  Arc  |  Cell  | Delay | Arrival | Required | 
     |          |       |        |       |  Time   |   Time   | 
     |----------+-------+--------+-------+---------+----------| 
     |          | clk ^ |        |       |   0.000 |   -0.088 | 
     | _19505_  | CK ^  | DFF_X1 | 0.000 |   0.000 |   -0.088 | 
     +--------------------------------------------------------+ 
Path 19: VIOLATED Hold Check with Pin _19504_/CK 
Endpoint:   _19504_/D (v) checked with  leading edge of 'aes_clk'
Beginpoint: ld        (^) triggered by  leading edge of 'aes_clk'
Path Groups: {aes_clk}
Analysis View: VIEW_TYP
Other End Arrival Time          0.000
+ Hold                          0.011
+ Phase Shift                   0.000
+ Uncertainty                   0.100
= Required Time                 0.111
  Arrival Time                  0.023
  Slack Time                   -0.088
     Clock Rise Edge                      0.000
     + Input Delay                        0.000
     = Beginpoint Arrival Time            0.000
     Timing Path:
     +-----------------------------------------------------------------+ 
     | Instance |     Arc      |   Cell   | Delay | Arrival | Required | 
     |          |              |          |       |  Time   |   Time   | 
     |----------+--------------+----------+-------+---------+----------| 
     |          | ld ^         |          |       |   0.000 |    0.088 | 
     | _13102_  | B2 ^ -> ZN v | OAI21_X1 | 0.023 |   0.023 |    0.111 | 
     | _19504_  | D v          | DFF_X1   | 0.000 |   0.023 |    0.111 | 
     +-----------------------------------------------------------------+ 
     Clock Rise Edge                      0.000
     = Beginpoint Arrival Time            0.000
     Other End Path:
     +--------------------------------------------------------+ 
     | Instance |  Arc  |  Cell  | Delay | Arrival | Required | 
     |          |       |        |       |  Time   |   Time   | 
     |----------+-------+--------+-------+---------+----------| 
     |          | clk ^ |        |       |   0.000 |   -0.088 | 
     | _19504_  | CK ^  | DFF_X1 | 0.000 |   0.000 |   -0.088 | 
     +--------------------------------------------------------+ 
Path 20: VIOLATED Hold Check with Pin _19503_/CK 
Endpoint:   _19503_/D (v) checked with  leading edge of 'aes_clk'
Beginpoint: ld        (^) triggered by  leading edge of 'aes_clk'
Path Groups: {aes_clk}
Analysis View: VIEW_TYP
Other End Arrival Time          0.000
+ Hold                          0.011
+ Phase Shift                   0.000
+ Uncertainty                   0.100
= Required Time                 0.111
  Arrival Time                  0.023
  Slack Time                   -0.088
     Clock Rise Edge                      0.000
     + Input Delay                        0.000
     = Beginpoint Arrival Time            0.000
     Timing Path:
     +-----------------------------------------------------------------+ 
     | Instance |     Arc      |   Cell   | Delay | Arrival | Required | 
     |          |              |          |       |  Time   |   Time   | 
     |----------+--------------+----------+-------+---------+----------| 
     |          | ld ^         |          |       |   0.000 |    0.088 | 
     | _13105_  | B2 ^ -> ZN v | OAI21_X1 | 0.023 |   0.023 |    0.111 | 
     | _19503_  | D v          | DFF_X1   | 0.000 |   0.023 |    0.111 | 
     +-----------------------------------------------------------------+ 
     Clock Rise Edge                      0.000
     = Beginpoint Arrival Time            0.000
     Other End Path:
     +--------------------------------------------------------+ 
     | Instance |  Arc  |  Cell  | Delay | Arrival | Required | 
     |          |       |        |       |  Time   |   Time   | 
     |----------+-------+--------+-------+---------+----------| 
     |          | clk ^ |        |       |   0.000 |   -0.088 | 
     | _19503_  | CK ^  | DFF_X1 | 0.000 |   0.000 |   -0.088 | 
     +--------------------------------------------------------+ 

