###############################################################
#  Generated by:      Cadence Innovus 19.10-p002_1
#  OS:                Linux x86_64(Host ID qingteng)
#  Generated on:      Sun Aug 16 19:15:41 2026
#  Design:            aes_cipher_top
#  Command:           report_timing -late -max_paths 20 -path_type full_clock
###############################################################
AAE DB initialization (MEM=1002.06 CPU=0:00:00.1 REAL=0:00:00.0) 
#################################################################################
# Design Stage: PreRoute
# Design Name: aes_cipher_top
# Design Mode: 90nm
# Analysis Mode: MMMC Non-OCV 
# Parasitics Mode: No SPEF/RCDB
# Signoff Settings: SI Off 
#################################################################################
AAE_INFO: 1 threads acquired from CTE.
Calculate delays in Single mode...
Start delay calculation (fullDC) (1 T). (MEM=1031.1)
siFlow : Timing analysis mode is single, using late cdB files
Total number of fetched objects 10816
AAE_INFO: Total number of nets for which stage creation was skipped for all views 0
End delay calculation. (MEM=1122.01 CPU=0:00:01.0 REAL=0:00:01.0)
End delay calculation (fullDC). (MEM=1122.01 CPU=0:00:01.4 REAL=0:00:01.0)
Path 1: VIOLATED Setup Check with Pin _19702_/CK 
Endpoint:   _19702_/D (v) checked with  leading edge of 'aes_clk'
Beginpoint: _19477_/Q (v) triggered by  leading edge of 'aes_clk'
Path Groups: {aes_clk}
Analysis View: VIEW_TYP
Other End Arrival Time          0.000
- Setup                         0.025
+ Phase Shift                   2.000
- Uncertainty                   0.100
= Required Time                 1.875
- Arrival Time                  1.950
= Slack Time                   -0.076
     Clock Rise Edge                      0.000
     = Beginpoint Arrival Time            0.000
     Timing Path:
     +------------------------------------------------------------------+ 
     | Instance |     Arc      |   Cell    | Delay | Arrival | Required | 
     |          |              |           |       |  Time   |   Time   | 
     |----------+--------------+-----------+-------+---------+----------| 
     |          | clk ^        |           |       |   0.000 |   -0.076 | 
     | _19477_  | CK ^ -> Q v  | DFF_X1    | 0.163 |   0.163 |    0.087 | 
     | _09768_  | A v -> ZN ^  | INV_X1    | 0.760 |   0.922 |    0.847 | 
     | _10626_  | S ^ -> Z ^   | MUX2_X1   | 0.081 |   1.003 |    0.927 | 
     | _10628_  | B ^ -> Z ^   | XOR2_X1   | 0.645 |   1.647 |    1.572 | 
     | _10752_  | A1 ^ -> ZN v | NAND2_X1  | 0.055 |   1.703 |    1.627 | 
     | _17679_  | A v -> ZN ^  | AOI221_X1 | 0.107 |   1.809 |    1.734 | 
     | _17681_  | A ^ -> ZN v  | AOI21_X1  | 0.019 |   1.829 |    1.753 | 
     | _17682_  | B1 v -> ZN ^ | OAI21_X1  | 0.039 |   1.868 |    1.792 | 
     | _17690_  | B1 ^ -> ZN v | OAI21_X1  | 0.016 |   1.884 |    1.808 | 
     | _17691_  | B v -> Z v   | MUX2_X1   | 0.067 |   1.950 |    1.875 | 
     | _19702_  | D v          | DFF_X1    | 0.000 |   1.950 |    1.875 | 
     +------------------------------------------------------------------+ 
     Clock Rise Edge                      0.000
     = Beginpoint Arrival Time            0.000
     Other End Path:
     +--------------------------------------------------------+ 
     | Instance |  Arc  |  Cell  | Delay | Arrival | Required | 
     |          |       |        |       |  Time   |   Time   | 
     |----------+-------+--------+-------+---------+----------| 
     |          | clk ^ |        |       |   0.000 |    0.076 | 
     | _19702_  | CK ^  | DFF_X1 | 0.000 |   0.000 |    0.076 | 
     +--------------------------------------------------------+ 
Path 2: VIOLATED Setup Check with Pin _19701_/CK 
Endpoint:   _19701_/D (v) checked with  leading edge of 'aes_clk'
Beginpoint: _19477_/Q (v) triggered by  leading edge of 'aes_clk'
Path Groups: {aes_clk}
Analysis View: VIEW_TYP
Other End Arrival Time          0.000
- Setup                         0.028
+ Phase Shift                   2.000
- Uncertainty                   0.100
= Required Time                 1.872
- Arrival Time                  1.906
= Slack Time                   -0.034
     Clock Rise Edge                      0.000
     = Beginpoint Arrival Time            0.000
     Timing Path:
     +-----------------------------------------------------------------+ 
     | Instance |     Arc      |   Cell   | Delay | Arrival | Required | 
     |          |              |          |       |  Time   |   Time   | 
     |----------+--------------+----------+-------+---------+----------| 
     |          | clk ^        |          |       |   0.000 |   -0.034 | 
     | _19477_  | CK ^ -> Q v  | DFF_X1   | 0.163 |   0.163 |    0.129 | 
     | _09768_  | A v -> ZN ^  | INV_X1   | 0.760 |   0.922 |    0.888 | 
     | _10626_  | S ^ -> Z ^   | MUX2_X1  | 0.081 |   1.003 |    0.969 | 
     | _10628_  | B ^ -> Z ^   | XOR2_X1  | 0.645 |   1.647 |    1.614 | 
     | _10752_  | A1 ^ -> ZN v | NAND2_X1 | 0.055 |   1.703 |    1.669 | 
     | _10754_  | A v -> ZN ^  | AOI21_X1 | 0.083 |   1.786 |    1.752 | 
     | _10755_  | B2 ^ -> ZN v | AOI21_X1 | 0.020 |   1.806 |    1.772 | 
     | _10762_  | A2 v -> ZN ^ | AOI22_X1 | 0.045 |   1.851 |    1.818 | 
     | _10763_  | B ^ -> Z ^   | MUX2_X1  | 0.040 |   1.891 |    1.858 | 
     | _10765_  | B1 ^ -> ZN v | AOI21_X1 | 0.015 |   1.906 |    1.872 | 
     | _19701_  | D v          | DFF_X1   | 0.000 |   1.906 |    1.872 | 
     +-----------------------------------------------------------------+ 
     Clock Rise Edge                      0.000
     = Beginpoint Arrival Time            0.000
     Other End Path:
     +--------------------------------------------------------+ 
     | Instance |  Arc  |  Cell  | Delay | Arrival | Required | 
     |          |       |        |       |  Time   |   Time   | 
     |----------+-------+--------+-------+---------+----------| 
     |          | clk ^ |        |       |   0.000 |    0.034 | 
     | _19701_  | CK ^  | DFF_X1 | 0.000 |   0.000 |    0.034 | 
     +--------------------------------------------------------+ 
Path 3: VIOLATED Setup Check with Pin _19647_/CK 
Endpoint:   _19647_/D (^) checked with  leading edge of 'aes_clk'
Beginpoint: _19477_/Q (v) triggered by  leading edge of 'aes_clk'
Path Groups: {aes_clk}
Analysis View: VIEW_TYP
Other End Arrival Time          0.000
- Setup                         0.030
+ Phase Shift                   2.000
- Uncertainty                   0.100
= Required Time                 1.870
- Arrival Time                  1.895
= Slack Time                   -0.025
     Clock Rise Edge                      0.000
     = Beginpoint Arrival Time            0.000
     Timing Path:
     +------------------------------------------------------------------+ 
     | Instance |     Arc      |   Cell    | Delay | Arrival | Required | 
     |          |              |           |       |  Time   |   Time   | 
     |----------+--------------+-----------+-------+---------+----------| 
     |          | clk ^        |           |       |   0.000 |   -0.025 | 
     | _19477_  | CK ^ -> Q v  | DFF_X1    | 0.163 |   0.163 |    0.138 | 
     | _09768_  | A v -> ZN ^  | INV_X1    | 0.760 |   0.922 |    0.897 | 
     | _11445_  | S ^ -> Z ^   | MUX2_X1   | 0.081 |   1.003 |    0.978 | 
     | _11447_  | B ^ -> Z ^   | XOR2_X1   | 0.565 |   1.567 |    1.542 | 
     | _11509_  | A ^ -> ZN v  | AOI21_X1  | 0.082 |   1.649 |    1.624 | 
     | _11519_  | A2 v -> ZN ^ | NAND2_X1  | 0.063 |   1.713 |    1.688 | 
     | _12214_  | B2 ^ -> ZN v | OAI221_X1 | 0.037 |   1.750 |    1.725 | 
     | _12216_  | B v -> ZN ^  | OAI211_X1 | 0.048 |   1.797 |    1.772 | 
     | _12217_  | B ^ -> ZN v  | OAI211_X1 | 0.030 |   1.827 |    1.802 | 
     | _12218_  | A2 v -> ZN v | AND2_X1   | 0.047 |   1.873 |    1.848 | 
     | _12219_  | B1 v -> ZN ^ | AOI21_X1  | 0.022 |   1.895 |    1.870 | 
     | _19647_  | D ^          | DFF_X1    | 0.000 |   1.895 |    1.870 | 
     +------------------------------------------------------------------+ 
     Clock Rise Edge                      0.000
     = Beginpoint Arrival Time            0.000
     Other End Path:
     +--------------------------------------------------------+ 
     | Instance |  Arc  |  Cell  | Delay | Arrival | Required | 
     |          |       |        |       |  Time   |   Time   | 
     |----------+-------+--------+-------+---------+----------| 
     |          | clk ^ |        |       |   0.000 |    0.025 | 
     | _19647_  | CK ^  | DFF_X1 | 0.000 |   0.000 |    0.025 | 
     +--------------------------------------------------------+ 
Path 4: VIOLATED Setup Check with Pin _19649_/CK 
Endpoint:   _19649_/D (v) checked with  leading edge of 'aes_clk'
Beginpoint: _19477_/Q (v) triggered by  leading edge of 'aes_clk'
Path Groups: {aes_clk}
Analysis View: VIEW_TYP
Other End Arrival Time          0.000
- Setup                         0.027
+ Phase Shift                   2.000
- Uncertainty                   0.100
= Required Time                 1.873
- Arrival Time                  1.896
= Slack Time                   -0.024
     Clock Rise Edge                      0.000
     = Beginpoint Arrival Time            0.000
     Timing Path:
     +------------------------------------------------------------------+ 
     | Instance |     Arc      |   Cell    | Delay | Arrival | Required | 
     |          |              |           |       |  Time   |   Time   | 
     |----------+--------------+-----------+-------+---------+----------| 
     |          | clk ^        |           |       |   0.000 |   -0.024 | 
     | _19477_  | CK ^ -> Q v  | DFF_X1    | 0.163 |   0.163 |    0.139 | 
     | _09768_  | A v -> ZN ^  | INV_X1    | 0.760 |   0.922 |    0.898 | 
     | _11445_  | S ^ -> Z ^   | MUX2_X1   | 0.081 |   1.003 |    0.979 | 
     | _11447_  | B ^ -> Z ^   | XOR2_X1   | 0.565 |   1.567 |    1.544 | 
     | _11480_  | A ^ -> ZN v  | AOI21_X1  | 0.040 |   1.608 |    1.584 | 
     | _12116_  | A3 v -> ZN ^ | NAND3_X1  | 0.065 |   1.673 |    1.649 | 
     | _12118_  | B1 ^ -> ZN v | AOI21_X1  | 0.019 |   1.691 |    1.668 | 
     | _12120_  | B v -> ZN ^  | AOI211_X1 | 0.087 |   1.778 |    1.754 | 
     | _12125_  | A2 ^ -> ZN v | NOR2_X1   | 0.014 |   1.792 |    1.768 | 
     | _12134_  | B2 v -> ZN ^ | AOI221_X1 | 0.087 |   1.879 |    1.855 | 
     | _12155_  | A ^ -> ZN v  | AOI21_X1  | 0.018 |   1.896 |    1.873 | 
     | _19649_  | D v          | DFF_X1    | 0.000 |   1.896 |    1.873 | 
     +------------------------------------------------------------------+ 
     Clock Rise Edge                      0.000
     = Beginpoint Arrival Time            0.000
     Other End Path:
     +--------------------------------------------------------+ 
     | Instance |  Arc  |  Cell  | Delay | Arrival | Required | 
     |          |       |        |       |  Time   |   Time   | 
     |----------+-------+--------+-------+---------+----------| 
     |          | clk ^ |        |       |   0.000 |    0.024 | 
     | _19649_  | CK ^  | DFF_X1 | 0.000 |   0.000 |    0.024 | 
     +--------------------------------------------------------+ 
Path 5: VIOLATED Setup Check with Pin _19696_/CK 
Endpoint:   _19696_/D (^) checked with  leading edge of 'aes_clk'
Beginpoint: _19477_/Q (v) triggered by  leading edge of 'aes_clk'
Path Groups: {aes_clk}
Analysis View: VIEW_TYP
Other End Arrival Time          0.000
- Setup                         0.029
+ Phase Shift                   2.000
- Uncertainty                   0.100
= Required Time                 1.871
- Arrival Time                  1.886
= Slack Time                   -0.015
     Clock Rise Edge                      0.000
     = Beginpoint Arrival Time            0.000
     Timing Path:
     +------------------------------------------------------------------+ 
     | Instance |     Arc      |   Cell    | Delay | Arrival | Required | 
     |          |              |           |       |  Time   |   Time   | 
     |----------+--------------+-----------+-------+---------+----------| 
     |          | clk ^        |           |       |   0.000 |   -0.015 | 
     | _19477_  | CK ^ -> Q v  | DFF_X1    | 0.163 |   0.163 |    0.148 | 
     | _09768_  | A v -> ZN ^  | INV_X1    | 0.760 |   0.922 |    0.908 | 
     | _10626_  | S ^ -> Z ^   | MUX2_X1   | 0.081 |   1.003 |    0.988 | 
     | _10628_  | B ^ -> Z ^   | XOR2_X1   | 0.645 |   1.647 |    1.633 | 
     | _10752_  | A1 ^ -> ZN v | NAND2_X1  | 0.055 |   1.703 |    1.688 | 
     | _10947_  | A v -> ZN ^  | AOI211_X1 | 0.095 |   1.798 |    1.783 | 
     | _10950_  | B1 ^ -> ZN v | OAI21_X1  | 0.020 |   1.818 |    1.803 | 
     | _10957_  | A2 v -> ZN ^ | NAND3_X1  | 0.027 |   1.845 |    1.830 | 
     | _10974_  | A2 ^ -> ZN v | NAND2_X1  | 0.017 |   1.861 |    1.847 | 
     | _10976_  | B1 v -> ZN ^ | OAI21_X1  | 0.024 |   1.886 |    1.871 | 
     | _19696_  | D ^          | DFF_X1    | 0.000 |   1.886 |    1.871 | 
     +------------------------------------------------------------------+ 
     Clock Rise Edge                      0.000
     = Beginpoint Arrival Time            0.000
     Other End Path:
     +--------------------------------------------------------+ 
     | Instance |  Arc  |  Cell  | Delay | Arrival | Required | 
     |          |       |        |       |  Time   |   Time   | 
     |----------+-------+--------+-------+---------+----------| 
     |          | clk ^ |        |       |   0.000 |    0.015 | 
     | _19696_  | CK ^  | DFF_X1 | 0.000 |   0.000 |    0.015 | 
     +--------------------------------------------------------+ 
Path 6: VIOLATED Setup Check with Pin _19674_/CK 
Endpoint:   _19674_/D (^) checked with  leading edge of 'aes_clk'
Beginpoint: _19477_/Q (v) triggered by  leading edge of 'aes_clk'
Path Groups: {aes_clk}
Analysis View: VIEW_TYP
Other End Arrival Time          0.000
- Setup                         0.030
+ Phase Shift                   2.000
- Uncertainty                   0.100
= Required Time                 1.870
- Arrival Time                  1.874
= Slack Time                   -0.005
     Clock Rise Edge                      0.000
     = Beginpoint Arrival Time            0.000
     Timing Path:
     +------------------------------------------------------------------+ 
     | Instance |     Arc      |   Cell    | Delay | Arrival | Required | 
     |          |              |           |       |  Time   |   Time   | 
     |----------+--------------+-----------+-------+---------+----------| 
     |          | clk ^        |           |       |   0.000 |   -0.005 | 
     | _19477_  | CK ^ -> Q v  | DFF_X1    | 0.163 |   0.163 |    0.158 | 
     | _09768_  | A v -> ZN ^  | INV_X1    | 0.760 |   0.922 |    0.918 | 
     | _18411_  | S ^ -> Z ^   | MUX2_X1   | 0.081 |   1.003 |    0.998 | 
     | _18413_  | B ^ -> Z ^   | XOR2_X1   | 0.527 |   1.529 |    1.525 | 
     | _18498_  | A1 ^ -> ZN v | NAND2_X1  | 0.095 |   1.625 |    1.620 | 
     | _18681_  | B2 v -> ZN ^ | OAI221_X1 | 0.086 |   1.711 |    1.706 | 
     | _18682_  | B2 ^ -> ZN v | AOI21_X1  | 0.021 |   1.731 |    1.727 | 
     | _18709_  | B v -> ZN ^  | AOI211_X1 | 0.083 |   1.814 |    1.810 | 
     | _18711_  | A2 ^ -> ZN v | NOR2_X1   | 0.014 |   1.828 |    1.824 | 
     | _18712_  | B2 v -> ZN ^ | AOI22_X1  | 0.046 |   1.874 |    1.870 | 
     | _19674_  | D ^          | DFF_X1    | 0.000 |   1.874 |    1.870 | 
     +------------------------------------------------------------------+ 
     Clock Rise Edge                      0.000
     = Beginpoint Arrival Time            0.000
     Other End Path:
     +--------------------------------------------------------+ 
     | Instance |  Arc  |  Cell  | Delay | Arrival | Required | 
     |          |       |        |       |  Time   |   Time   | 
     |----------+-------+--------+-------+---------+----------| 
     |          | clk ^ |        |       |   0.000 |    0.005 | 
     | _19674_  | CK ^  | DFF_X1 | 0.000 |   0.000 |    0.005 | 
     +--------------------------------------------------------+ 
Path 7: MET Setup Check with Pin _19699_/CK 
Endpoint:   _19699_/D (v) checked with  leading edge of 'aes_clk'
Beginpoint: _19477_/Q (v) triggered by  leading edge of 'aes_clk'
Path Groups: {aes_clk}
Analysis View: VIEW_TYP
Other End Arrival Time          0.000
- Setup                         0.028
+ Phase Shift                   2.000
- Uncertainty                   0.100
= Required Time                 1.872
- Arrival Time                  1.872
= Slack Time                    0.000
     Clock Rise Edge                      0.000
     = Beginpoint Arrival Time            0.000
     Timing Path:
     +------------------------------------------------------------------+ 
     | Instance |     Arc      |   Cell    | Delay | Arrival | Required | 
     |          |              |           |       |  Time   |   Time   | 
     |----------+--------------+-----------+-------+---------+----------| 
     |          | clk ^        |           |       |   0.000 |    0.000 | 
     | _19477_  | CK ^ -> Q v  | DFF_X1    | 0.163 |   0.163 |    0.163 | 
     | _09768_  | A v -> ZN ^  | INV_X1    | 0.760 |   0.922 |    0.922 | 
     | _10626_  | S ^ -> Z ^   | MUX2_X1   | 0.081 |   1.003 |    1.003 | 
     | _10628_  | B ^ -> Z ^   | XOR2_X1   | 0.645 |   1.647 |    1.648 | 
     | _10857_  | A ^ -> ZN v  | OAI221_X1 | 0.086 |   1.734 |    1.734 | 
     | _10860_  | A2 v -> ZN ^ | NAND3_X1  | 0.042 |   1.776 |    1.776 | 
     | _10861_  | B ^ -> ZN v  | OAI211_X1 | 0.030 |   1.805 |    1.806 | 
     | _10862_  | B2 v -> ZN ^ | AOI21_X1  | 0.051 |   1.856 |    1.856 | 
     | _10863_  | A ^ -> ZN v  | AOI21_X1  | 0.016 |   1.872 |    1.872 | 
     | _19699_  | D v          | DFF_X1    | 0.000 |   1.872 |    1.872 | 
     +------------------------------------------------------------------+ 
     Clock Rise Edge                      0.000
     = Beginpoint Arrival Time            0.000
     Other End Path:
     +--------------------------------------------------------+ 
     | Instance |  Arc  |  Cell  | Delay | Arrival | Required | 
     |          |       |        |       |  Time   |   Time   | 
     |----------+-------+--------+-------+---------+----------| 
     |          | clk ^ |        |       |   0.000 |   -0.000 | 
     | _19699_  | CK ^  | DFF_X1 | 0.000 |   0.000 |   -0.000 | 
     +--------------------------------------------------------+ 
Path 8: MET Setup Check with Pin _19654_/CK 
Endpoint:   _19654_/D (^) checked with  leading edge of 'aes_clk'
Beginpoint: _19477_/Q (v) triggered by  leading edge of 'aes_clk'
Path Groups: {aes_clk}
Analysis View: VIEW_TYP
Other End Arrival Time          0.000
- Setup                         0.031
+ Phase Shift                   2.000
- Uncertainty                   0.100
= Required Time                 1.869
- Arrival Time                  1.869
= Slack Time                    0.000
     Clock Rise Edge                      0.000
     = Beginpoint Arrival Time            0.000
     Timing Path:
     +-----------------------------------------------------------------+ 
     | Instance |     Arc      |   Cell   | Delay | Arrival | Required | 
     |          |              |          |       |  Time   |   Time   | 
     |----------+--------------+----------+-------+---------+----------| 
     |          | clk ^        |          |       |   0.000 |    0.000 | 
     | _19477_  | CK ^ -> Q v  | DFF_X1   | 0.163 |   0.163 |    0.163 | 
     | _09768_  | A v -> ZN ^  | INV_X1   | 0.760 |   0.922 |    0.922 | 
     | _11445_  | S ^ -> Z ^   | MUX2_X1  | 0.081 |   1.003 |    1.003 | 
     | _11447_  | B ^ -> Z ^   | XOR2_X1  | 0.565 |   1.567 |    1.568 | 
     | _11509_  | A ^ -> ZN v  | AOI21_X1 | 0.082 |   1.649 |    1.650 | 
     | _18107_  | A2 v -> ZN ^ | NAND2_X1 | 0.043 |   1.693 |    1.693 | 
     | _18111_  | A3 ^ -> ZN ^ | AND3_X1  | 0.046 |   1.739 |    1.739 | 
     | _18112_  | A3 ^ -> ZN v | NOR3_X1  | 0.014 |   1.753 |    1.753 | 
     | _18116_  | A2 v -> ZN ^ | NOR3_X1  | 0.055 |   1.807 |    1.808 | 
     | _18124_  | A2 ^ -> ZN v | NOR3_X1  | 0.014 |   1.822 |    1.822 | 
     | _18140_  | A v -> ZN ^  | AOI21_X1 | 0.047 |   1.869 |    1.869 | 
     | _19654_  | D ^          | DFF_X1   | 0.000 |   1.869 |    1.869 | 
     +-----------------------------------------------------------------+ 
     Clock Rise Edge                      0.000
     = Beginpoint Arrival Time            0.000
     Other End Path:
     +--------------------------------------------------------+ 
     | Instance |  Arc  |  Cell  | Delay | Arrival | Required | 
     |          |       |        |       |  Time   |   Time   | 
     |----------+-------+--------+-------+---------+----------| 
     |          | clk ^ |        |       |   0.000 |   -0.000 | 
     | _19654_  | CK ^  | DFF_X1 | 0.000 |   0.000 |   -0.000 | 
     +--------------------------------------------------------+ 
Path 9: MET Setup Check with Pin _19700_/CK 
Endpoint:   _19700_/D (v) checked with  leading edge of 'aes_clk'
Beginpoint: _19477_/Q (v) triggered by  leading edge of 'aes_clk'
Path Groups: {aes_clk}
Analysis View: VIEW_TYP
Other End Arrival Time          0.000
- Setup                         0.027
+ Phase Shift                   2.000
- Uncertainty                   0.100
= Required Time                 1.873
- Arrival Time                  1.872
= Slack Time                    0.000
     Clock Rise Edge                      0.000
     = Beginpoint Arrival Time            0.000
     Timing Path:
     +------------------------------------------------------------------+ 
     | Instance |     Arc      |   Cell    | Delay | Arrival | Required | 
     |          |              |           |       |  Time   |   Time   | 
     |----------+--------------+-----------+-------+---------+----------| 
     |          | clk ^        |           |       |   0.000 |    0.000 | 
     | _19477_  | CK ^ -> Q v  | DFF_X1    | 0.163 |   0.163 |    0.163 | 
     | _09768_  | A v -> ZN ^  | INV_X1    | 0.760 |   0.922 |    0.923 | 
     | _10626_  | S ^ -> Z ^   | MUX2_X1   | 0.081 |   1.003 |    1.003 | 
     | _10628_  | B ^ -> Z ^   | XOR2_X1   | 0.645 |   1.647 |    1.648 | 
     | _10812_  | A ^ -> ZN v  | OAI21_X1  | 0.046 |   1.693 |    1.694 | 
     | _10813_  | A v -> ZN ^  | AOI21_X1  | 0.063 |   1.756 |    1.757 | 
     | _10814_  | B ^ -> ZN v  | AOI211_X1 | 0.019 |   1.776 |    1.776 | 
     | _10817_  | B v -> ZN ^  | AOI211_X1 | 0.079 |   1.855 |    1.855 | 
     | _10819_  | B1 ^ -> ZN v | OAI21_X1  | 0.018 |   1.872 |    1.873 | 
     | _19700_  | D v          | DFF_X1    | 0.000 |   1.872 |    1.873 | 
     +------------------------------------------------------------------+ 
     Clock Rise Edge                      0.000
     = Beginpoint Arrival Time            0.000
     Other End Path:
     +--------------------------------------------------------+ 
     | Instance |  Arc  |  Cell  | Delay | Arrival | Required | 
     |          |       |        |       |  Time   |   Time   | 
     |----------+-------+--------+-------+---------+----------| 
     |          | clk ^ |        |       |   0.000 |   -0.000 | 
     | _19700_  | CK ^  | DFF_X1 | 0.000 |   0.000 |   -0.000 | 
     +--------------------------------------------------------+ 
Path 10: MET Setup Check with Pin _19651_/CK 
Endpoint:   _19651_/D (v) checked with  leading edge of 'aes_clk'
Beginpoint: _19477_/Q (v) triggered by  leading edge of 'aes_clk'
Path Groups: {aes_clk}
Analysis View: VIEW_TYP
Other End Arrival Time          0.000
- Setup                         0.026
+ Phase Shift                   2.000
- Uncertainty                   0.100
= Required Time                 1.874
- Arrival Time                  1.869
= Slack Time                    0.005
     Clock Rise Edge                      0.000
     = Beginpoint Arrival Time            0.000
     Timing Path:
     +------------------------------------------------------------------+ 
     | Instance |     Arc      |   Cell    | Delay | Arrival | Required | 
     |          |              |           |       |  Time   |   Time   | 
     |----------+--------------+-----------+-------+---------+----------| 
     |          | clk ^        |           |       |   0.000 |    0.005 | 
     | _19477_  | CK ^ -> Q v  | DFF_X1    | 0.163 |   0.163 |    0.167 | 
     | _09768_  | A v -> ZN ^  | INV_X1    | 0.760 |   0.922 |    0.927 | 
     | _11445_  | S ^ -> Z ^   | MUX2_X1   | 0.081 |   1.003 |    1.007 | 
     | _11447_  | B ^ -> Z ^   | XOR2_X1   | 0.565 |   1.567 |    1.572 | 
     | _11509_  | A ^ -> ZN v  | AOI21_X1  | 0.082 |   1.649 |    1.654 | 
     | _11519_  | A2 v -> ZN ^ | NAND2_X1  | 0.063 |   1.713 |    1.717 | 
     | _12051_  | A2 ^ -> ZN v | NOR2_X1   | 0.014 |   1.727 |    1.732 | 
     | _12053_  | A3 v -> ZN ^ | OAI33_X1  | 0.058 |   1.785 |    1.790 | 
     | _12067_  | C1 ^ -> ZN v | AOI211_X1 | 0.022 |   1.807 |    1.811 | 
     | _12069_  | B1 v -> ZN ^ | OAI21_X1  | 0.042 |   1.849 |    1.853 | 
     | _12070_  | A ^ -> ZN v  | OAI21_X1  | 0.021 |   1.869 |    1.874 | 
     | _19651_  | D v          | DFF_X1    | 0.000 |   1.869 |    1.874 | 
     +------------------------------------------------------------------+ 
     Clock Rise Edge                      0.000
     = Beginpoint Arrival Time            0.000
     Other End Path:
     +--------------------------------------------------------+ 
     | Instance |  Arc  |  Cell  | Delay | Arrival | Required | 
     |          |       |        |       |  Time   |   Time   | 
     |----------+-------+--------+-------+---------+----------| 
     |          | clk ^ |        |       |   0.000 |   -0.005 | 
     | _19651_  | CK ^  | DFF_X1 | 0.000 |   0.000 |   -0.005 | 
     +--------------------------------------------------------+ 
Path 11: MET Setup Check with Pin _19650_/CK 
Endpoint:   _19650_/D (^) checked with  leading edge of 'aes_clk'
Beginpoint: _19477_/Q (v) triggered by  leading edge of 'aes_clk'
Path Groups: {aes_clk}
Analysis View: VIEW_TYP
Other End Arrival Time          0.000
- Setup                         0.031
+ Phase Shift                   2.000
- Uncertainty                   0.100
= Required Time                 1.869
- Arrival Time                  1.864
= Slack Time                    0.005
     Clock Rise Edge                      0.000
     = Beginpoint Arrival Time            0.000
     Timing Path:
     +-----------------------------------------------------------------+ 
     | Instance |     Arc      |   Cell   | Delay | Arrival | Required | 
     |          |              |          |       |  Time   |   Time   | 
     |----------+--------------+----------+-------+---------+----------| 
     |          | clk ^        |          |       |   0.000 |    0.005 | 
     | _19477_  | CK ^ -> Q v  | DFF_X1   | 0.163 |   0.163 |    0.168 | 
     | _09768_  | A v -> ZN ^  | INV_X1   | 0.760 |   0.922 |    0.928 | 
     | _11445_  | S ^ -> Z ^   | MUX2_X1  | 0.081 |   1.003 |    1.008 | 
     | _11447_  | B ^ -> Z ^   | XOR2_X1  | 0.565 |   1.567 |    1.573 | 
     | _11467_  | A ^ -> ZN v  | OAI21_X1 | 0.057 |   1.624 |    1.630 | 
     | _12104_  | A3 v -> ZN ^ | NOR3_X1  | 0.066 |   1.690 |    1.696 | 
     | _12105_  | B2 ^ -> ZN v | OAI21_X1 | 0.022 |   1.712 |    1.717 | 
     | _12107_  | B1 v -> ZN ^ | AOI21_X1 | 0.046 |   1.757 |    1.763 | 
     | _12113_  | A2 ^ -> ZN v | NOR3_X1  | 0.013 |   1.770 |    1.776 | 
     | _12114_  | A2 v -> ZN v | OR2_X1   | 0.059 |   1.829 |    1.835 | 
     | _12115_  | B1 v -> ZN ^ | OAI22_X1 | 0.035 |   1.864 |    1.869 | 
     | _19650_  | D ^          | DFF_X1   | 0.000 |   1.864 |    1.869 | 
     +-----------------------------------------------------------------+ 
     Clock Rise Edge                      0.000
     = Beginpoint Arrival Time            0.000
     Other End Path:
     +--------------------------------------------------------+ 
     | Instance |  Arc  |  Cell  | Delay | Arrival | Required | 
     |          |       |        |       |  Time   |   Time   | 
     |----------+-------+--------+-------+---------+----------| 
     |          | clk ^ |        |       |   0.000 |   -0.005 | 
     | _19650_  | CK ^  | DFF_X1 | 0.000 |   0.000 |   -0.005 | 
     +--------------------------------------------------------+ 
Path 12: MET Setup Check with Pin _19697_/CK 
Endpoint:   _19697_/D (v) checked with  leading edge of 'aes_clk'
Beginpoint: _19477_/Q (v) triggered by  leading edge of 'aes_clk'
Path Groups: {aes_clk}
Analysis View: VIEW_TYP
Other End Arrival Time          0.000
- Setup                         0.027
+ Phase Shift                   2.000
- Uncertainty                   0.100
= Required Time                 1.873
- Arrival Time                  1.868
= Slack Time                    0.005
     Clock Rise Edge                      0.000
     = Beginpoint Arrival Time            0.000
     Timing Path:
     +------------------------------------------------------------------+ 
     | Instance |     Arc      |   Cell    | Delay | Arrival | Required | 
     |          |              |           |       |  Time   |   Time   | 
     |----------+--------------+-----------+-------+---------+----------| 
     |          | clk ^        |           |       |   0.000 |    0.005 | 
     | _19477_  | CK ^ -> Q v  | DFF_X1    | 0.163 |   0.163 |    0.168 | 
     | _09768_  | A v -> ZN ^  | INV_X1    | 0.760 |   0.922 |    0.928 | 
     | _10626_  | S ^ -> Z ^   | MUX2_X1   | 0.081 |   1.003 |    1.008 | 
     | _10628_  | B ^ -> Z ^   | XOR2_X1   | 0.645 |   1.647 |    1.653 | 
     | _10924_  | A ^ -> ZN v  | OAI221_X1 | 0.086 |   1.733 |    1.739 | 
     | _10925_  | A v -> ZN ^  | OAI21_X1  | 0.047 |   1.781 |    1.786 | 
     | _10929_  | C1 ^ -> ZN v | OAI221_X1 | 0.032 |   1.812 |    1.818 | 
     | _10937_  | A v -> ZN ^  | OAI21_X1  | 0.039 |   1.852 |    1.857 | 
     | _10938_  | B1 ^ -> ZN v | AOI21_X1  | 0.016 |   1.868 |    1.873 | 
     | _19697_  | D v          | DFF_X1    | 0.000 |   1.868 |    1.873 | 
     +------------------------------------------------------------------+ 
     Clock Rise Edge                      0.000
     = Beginpoint Arrival Time            0.000
     Other End Path:
     +--------------------------------------------------------+ 
     | Instance |  Arc  |  Cell  | Delay | Arrival | Required | 
     |          |       |        |       |  Time   |   Time   | 
     |----------+-------+--------+-------+---------+----------| 
     |          | clk ^ |        |       |   0.000 |   -0.005 | 
     | _19697_  | CK ^  | DFF_X1 | 0.000 |   0.000 |   -0.005 | 
     +--------------------------------------------------------+ 
Path 13: MET Setup Check with Pin _19695_/CK 
Endpoint:   _19695_/D (v) checked with  leading edge of 'aes_clk'
Beginpoint: _19477_/Q (v) triggered by  leading edge of 'aes_clk'
Path Groups: {aes_clk}
Analysis View: VIEW_TYP
Other End Arrival Time          0.000
- Setup                         0.026
+ Phase Shift                   2.000
- Uncertainty                   0.100
= Required Time                 1.874
- Arrival Time                  1.867
= Slack Time                    0.006
     Clock Rise Edge                      0.000
     = Beginpoint Arrival Time            0.000
     Timing Path:
     +------------------------------------------------------------------+ 
     | Instance |     Arc      |   Cell    | Delay | Arrival | Required | 
     |          |              |           |       |  Time   |   Time   | 
     |----------+--------------+-----------+-------+---------+----------| 
     |          | clk ^        |           |       |   0.000 |    0.006 | 
     | _19477_  | CK ^ -> Q v  | DFF_X1    | 0.163 |   0.163 |    0.169 | 
     | _09768_  | A v -> ZN ^  | INV_X1    | 0.760 |   0.922 |    0.929 | 
     | _10626_  | S ^ -> Z ^   | MUX2_X1   | 0.081 |   1.003 |    1.009 | 
     | _10628_  | B ^ -> Z ^   | XOR2_X1   | 0.645 |   1.647 |    1.654 | 
     | _10752_  | A1 ^ -> ZN v | NAND2_X1  | 0.055 |   1.703 |    1.709 | 
     | _10754_  | A v -> ZN ^  | AOI21_X1  | 0.083 |   1.786 |    1.792 | 
     | _11002_  | C2 ^ -> ZN v | AOI221_X1 | 0.022 |   1.808 |    1.814 | 
     | _11005_  | B1 v -> ZN ^ | OAI21_X1  | 0.043 |   1.851 |    1.858 | 
     | _11006_  | B1 ^ -> ZN v | OAI21_X1  | 0.016 |   1.867 |    1.874 | 
     | _19695_  | D v          | DFF_X1    | 0.000 |   1.867 |    1.874 | 
     +------------------------------------------------------------------+ 
     Clock Rise Edge                      0.000
     = Beginpoint Arrival Time            0.000
     Other End Path:
     +--------------------------------------------------------+ 
     | Instance |  Arc  |  Cell  | Delay | Arrival | Required | 
     |          |       |        |       |  Time   |   Time   | 
     |----------+-------+--------+-------+---------+----------| 
     |          | clk ^ |        |       |   0.000 |   -0.006 | 
     | _19695_  | CK ^  | DFF_X1 | 0.000 |   0.000 |   -0.006 | 
     +--------------------------------------------------------+ 
Path 14: MET Setup Check with Pin _19643_/CK 
Endpoint:   _19643_/D (v) checked with  leading edge of 'aes_clk'
Beginpoint: _19477_/Q (v) triggered by  leading edge of 'aes_clk'
Path Groups: {aes_clk}
Analysis View: VIEW_TYP
Other End Arrival Time          0.000
- Setup                         0.030
+ Phase Shift                   2.000
- Uncertainty                   0.100
= Required Time                 1.870
- Arrival Time                  1.863
= Slack Time                    0.006
     Clock Rise Edge                      0.000
     = Beginpoint Arrival Time            0.000
     Timing Path:
     +-----------------------------------------------------------------+ 
     | Instance |     Arc      |   Cell   | Delay | Arrival | Required | 
     |          |              |          |       |  Time   |   Time   | 
     |----------+--------------+----------+-------+---------+----------| 
     |          | clk ^        |          |       |   0.000 |    0.006 | 
     | _19477_  | CK ^ -> Q v  | DFF_X1   | 0.163 |   0.163 |    0.169 | 
     | _09768_  | A v -> ZN ^  | INV_X1   | 0.760 |   0.922 |    0.929 | 
     | _09801_  | S ^ -> Z ^   | MUX2_X1  | 0.081 |   1.003 |    1.009 | 
     | _09803_  | B ^ -> Z ^   | XOR2_X1  | 0.513 |   1.516 |    1.523 | 
     | _09963_  | A ^ -> ZN v  | AOI21_X1 | 0.075 |   1.591 |    1.598 | 
     | _10022_  | A3 v -> ZN v | AND3_X1  | 0.079 |   1.670 |    1.677 | 
     | _10023_  | A3 v -> ZN v | OR3_X1   | 0.081 |   1.751 |    1.758 | 
     | _10026_  | A v -> ZN ^  | OAI21_X1 | 0.025 |   1.776 |    1.782 | 
     | _10028_  | B1 ^ -> ZN v | OAI21_X1 | 0.018 |   1.794 |    1.801 | 
     | _10038_  | A2 v -> ZN ^ | OAI22_X1 | 0.046 |   1.840 |    1.847 | 
     | _10039_  | B1 ^ -> ZN v | OAI22_X1 | 0.023 |   1.863 |    1.870 | 
     | _19643_  | D v          | DFF_X1   | 0.000 |   1.863 |    1.870 | 
     +-----------------------------------------------------------------+ 
     Clock Rise Edge                      0.000
     = Beginpoint Arrival Time            0.000
     Other End Path:
     +--------------------------------------------------------+ 
     | Instance |  Arc  |  Cell  | Delay | Arrival | Required | 
     |          |       |        |       |  Time   |   Time   | 
     |----------+-------+--------+-------+---------+----------| 
     |          | clk ^ |        |       |   0.000 |   -0.006 | 
     | _19643_  | CK ^  | DFF_X1 | 0.000 |   0.000 |   -0.006 | 
     +--------------------------------------------------------+ 
Path 15: MET Setup Check with Pin _19641_/CK 
Endpoint:   _19641_/D (v) checked with  leading edge of 'aes_clk'
Beginpoint: _19477_/Q (v) triggered by  leading edge of 'aes_clk'
Path Groups: {aes_clk}
Analysis View: VIEW_TYP
Other End Arrival Time          0.000
- Setup                         0.025
+ Phase Shift                   2.000
- Uncertainty                   0.100
= Required Time                 1.875
- Arrival Time                  1.868
= Slack Time                    0.007
     Clock Rise Edge                      0.000
     = Beginpoint Arrival Time            0.000
     Timing Path:
     +------------------------------------------------------------------+ 
     | Instance |     Arc      |   Cell    | Delay | Arrival | Required | 
     |          |              |           |       |  Time   |   Time   | 
     |----------+--------------+-----------+-------+---------+----------| 
     |          | clk ^        |           |       |   0.000 |    0.007 | 
     | _19477_  | CK ^ -> Q v  | DFF_X1    | 0.163 |   0.163 |    0.170 | 
     | _09768_  | A v -> ZN ^  | INV_X1    | 0.760 |   0.922 |    0.929 | 
     | _09801_  | S ^ -> Z ^   | MUX2_X1   | 0.081 |   1.003 |    1.010 | 
     | _09803_  | B ^ -> Z ^   | XOR2_X1   | 0.513 |   1.516 |    1.523 | 
     | _09963_  | A ^ -> ZN v  | AOI21_X1  | 0.075 |   1.591 |    1.598 | 
     | _10022_  | A3 v -> ZN v | AND3_X1   | 0.079 |   1.670 |    1.677 | 
     | _10108_  | A v -> ZN ^  | AOI21_X1  | 0.041 |   1.711 |    1.718 | 
     | _10109_  | B1 ^ -> ZN v | OAI21_X1  | 0.018 |   1.729 |    1.736 | 
     | _10111_  | C1 v -> ZN ^ | AOI211_X1 | 0.061 |   1.790 |    1.797 | 
     | _10121_  | A ^ -> ZN v  | AOI21_X1  | 0.018 |   1.808 |    1.815 | 
     | _10122_  | B v -> Z v   | MUX2_X1   | 0.060 |   1.868 |    1.875 | 
     | _19641_  | D v          | DFF_X1    | 0.000 |   1.868 |    1.875 | 
     +------------------------------------------------------------------+ 
     Clock Rise Edge                      0.000
     = Beginpoint Arrival Time            0.000
     Other End Path:
     +--------------------------------------------------------+ 
     | Instance |  Arc  |  Cell  | Delay | Arrival | Required | 
     |          |       |        |       |  Time   |   Time   | 
     |----------+-------+--------+-------+---------+----------| 
     |          | clk ^ |        |       |   0.000 |   -0.007 | 
     | _19641_  | CK ^  | DFF_X1 | 0.000 |   0.000 |   -0.007 | 
     +--------------------------------------------------------+ 
Path 16: MET Setup Check with Pin _19648_/CK 
Endpoint:   _19648_/D (^) checked with  leading edge of 'aes_clk'
Beginpoint: _19477_/Q (v) triggered by  leading edge of 'aes_clk'
Path Groups: {aes_clk}
Analysis View: VIEW_TYP
Other End Arrival Time          0.000
- Setup                         0.032
+ Phase Shift                   2.000
- Uncertainty                   0.100
= Required Time                 1.868
- Arrival Time                  1.850
= Slack Time                    0.018
     Clock Rise Edge                      0.000
     = Beginpoint Arrival Time            0.000
     Timing Path:
     +------------------------------------------------------------------+ 
     | Instance |     Arc      |   Cell    | Delay | Arrival | Required | 
     |          |              |           |       |  Time   |   Time   | 
     |----------+--------------+-----------+-------+---------+----------| 
     |          | clk ^        |           |       |   0.000 |    0.018 | 
     | _19477_  | CK ^ -> Q v  | DFF_X1    | 0.163 |   0.163 |    0.181 | 
     | _09768_  | A v -> ZN ^  | INV_X1    | 0.760 |   0.922 |    0.940 | 
     | _11445_  | S ^ -> Z ^   | MUX2_X1   | 0.081 |   1.003 |    1.021 | 
     | _11447_  | B ^ -> Z ^   | XOR2_X1   | 0.565 |   1.567 |    1.585 | 
     | _11566_  | A ^ -> ZN v  | OAI211_X1 | 0.094 |   1.661 |    1.679 | 
     | _12172_  | C1 v -> ZN ^ | OAI221_X1 | 0.059 |   1.720 |    1.738 | 
     | _12188_  | A2 ^ -> ZN v | NAND3_X1  | 0.028 |   1.748 |    1.766 | 
     | _12189_  | A v -> ZN ^  | OAI21_X1  | 0.032 |   1.780 |    1.798 | 
     | _12190_  | B1 ^ -> ZN v | OAI21_X1  | 0.018 |   1.798 |    1.816 | 
     | _12191_  | B2 v -> ZN ^ | OAI22_X1  | 0.053 |   1.850 |    1.868 | 
     | _19648_  | D ^          | DFF_X1    | 0.000 |   1.850 |    1.868 | 
     +------------------------------------------------------------------+ 
     Clock Rise Edge                      0.000
     = Beginpoint Arrival Time            0.000
     Other End Path:
     +--------------------------------------------------------+ 
     | Instance |  Arc  |  Cell  | Delay | Arrival | Required | 
     |          |       |        |       |  Time   |   Time   | 
     |----------+-------+--------+-------+---------+----------| 
     |          | clk ^ |        |       |   0.000 |   -0.018 | 
     | _19648_  | CK ^  | DFF_X1 | 0.000 |   0.000 |   -0.018 | 
     +--------------------------------------------------------+ 
Path 17: MET Setup Check with Pin _19653_/CK 
Endpoint:   _19653_/D (^) checked with  leading edge of 'aes_clk'
Beginpoint: _19477_/Q (v) triggered by  leading edge of 'aes_clk'
Path Groups: {aes_clk}
Analysis View: VIEW_TYP
Other End Arrival Time          0.000
- Setup                         0.029
+ Phase Shift                   2.000
- Uncertainty                   0.100
= Required Time                 1.871
- Arrival Time                  1.853
= Slack Time                    0.018
     Clock Rise Edge                      0.000
     = Beginpoint Arrival Time            0.000
     Timing Path:
     +------------------------------------------------------------------+ 
     | Instance |     Arc      |   Cell    | Delay | Arrival | Required | 
     |          |              |           |       |  Time   |   Time   | 
     |----------+--------------+-----------+-------+---------+----------| 
     |          | clk ^        |           |       |   0.000 |    0.018 | 
     | _19477_  | CK ^ -> Q v  | DFF_X1    | 0.163 |   0.163 |    0.181 | 
     | _09768_  | A v -> ZN ^  | INV_X1    | 0.760 |   0.922 |    0.940 | 
     | _11445_  | S ^ -> Z ^   | MUX2_X1   | 0.081 |   1.003 |    1.021 | 
     | _11447_  | B ^ -> Z ^   | XOR2_X1   | 0.565 |   1.567 |    1.585 | 
     | _11480_  | A ^ -> ZN v  | AOI21_X1  | 0.040 |   1.608 |    1.626 | 
     | _11481_  | A2 v -> ZN ^ | NAND2_X1  | 0.066 |   1.673 |    1.691 | 
     | _11486_  | B1 ^ -> ZN v | AOI21_X1  | 0.019 |   1.692 |    1.710 | 
     | _11492_  | B v -> ZN ^  | AOI211_X1 | 0.081 |   1.773 |    1.791 | 
     | _11494_  | A1 ^ -> ZN ^ | OR2_X1    | 0.030 |   1.803 |    1.821 | 
     | _11532_  | A2 ^ -> ZN v | AOI22_X1  | 0.014 |   1.817 |    1.835 | 
     | _11557_  | B1 v -> ZN ^ | OAI21_X1  | 0.036 |   1.853 |    1.871 | 
     | _19653_  | D ^          | DFF_X1    | 0.000 |   1.853 |    1.871 | 
     +------------------------------------------------------------------+ 
     Clock Rise Edge                      0.000
     = Beginpoint Arrival Time            0.000
     Other End Path:
     +--------------------------------------------------------+ 
     | Instance |  Arc  |  Cell  | Delay | Arrival | Required | 
     |          |       |        |       |  Time   |   Time   | 
     |----------+-------+--------+-------+---------+----------| 
     |          | clk ^ |        |       |   0.000 |   -0.018 | 
     | _19653_  | CK ^  | DFF_X1 | 0.000 |   0.000 |   -0.018 | 
     +--------------------------------------------------------+ 
Path 18: MET Setup Check with Pin _19652_/CK 
Endpoint:   _19652_/D (v) checked with  leading edge of 'aes_clk'
Beginpoint: _19477_/Q (v) triggered by  leading edge of 'aes_clk'
Path Groups: {aes_clk}
Analysis View: VIEW_TYP
Other End Arrival Time          0.000
- Setup                         0.026
+ Phase Shift                   2.000
- Uncertainty                   0.100
= Required Time                 1.874
- Arrival Time                  1.849
= Slack Time                    0.025
     Clock Rise Edge                      0.000
     = Beginpoint Arrival Time            0.000
     Timing Path:
     +------------------------------------------------------------------+ 
     | Instance |     Arc      |   Cell    | Delay | Arrival | Required | 
     |          |              |           |       |  Time   |   Time   | 
     |----------+--------------+-----------+-------+---------+----------| 
     |          | clk ^        |           |       |   0.000 |    0.025 | 
     | _19477_  | CK ^ -> Q v  | DFF_X1    | 0.163 |   0.163 |    0.187 | 
     | _09768_  | A v -> ZN ^  | INV_X1    | 0.760 |   0.922 |    0.947 | 
     | _11445_  | S ^ -> Z ^   | MUX2_X1   | 0.081 |   1.003 |    1.027 | 
     | _11447_  | B ^ -> Z ^   | XOR2_X1   | 0.565 |   1.567 |    1.592 | 
     | _11490_  | A2 ^ -> ZN v | NOR2_X1   | 0.015 |   1.582 |    1.607 | 
     | _11600_  | A1 v -> ZN ^ | NOR2_X1   | 0.074 |   1.657 |    1.681 | 
     | _11601_  | A4 ^ -> ZN v | NOR4_X1   | 0.018 |   1.675 |    1.699 | 
     | _11607_  | B v -> ZN ^  | AOI211_X1 | 0.084 |   1.759 |    1.783 | 
     | _11608_  | A3 ^ -> ZN v | NOR3_X1   | 0.017 |   1.776 |    1.800 | 
     | _11609_  | A3 v -> ZN ^ | NOR3_X1   | 0.058 |   1.833 |    1.858 | 
     | _11610_  | A ^ -> ZN v  | AOI21_X1  | 0.016 |   1.849 |    1.874 | 
     | _19652_  | D v          | DFF_X1    | 0.000 |   1.849 |    1.874 | 
     +------------------------------------------------------------------+ 
     Clock Rise Edge                      0.000
     = Beginpoint Arrival Time            0.000
     Other End Path:
     +--------------------------------------------------------+ 
     | Instance |  Arc  |  Cell  | Delay | Arrival | Required | 
     |          |       |        |       |  Time   |   Time   | 
     |----------+-------+--------+-------+---------+----------| 
     |          | clk ^ |        |       |   0.000 |   -0.025 | 
     | _19652_  | CK ^  | DFF_X1 | 0.000 |   0.000 |   -0.025 | 
     +--------------------------------------------------------+ 
Path 19: MET Setup Check with Pin _19671_/CK 
Endpoint:   _19671_/D (^) checked with  leading edge of 'aes_clk'
Beginpoint: _19477_/Q (v) triggered by  leading edge of 'aes_clk'
Path Groups: {aes_clk}
Analysis View: VIEW_TYP
Other End Arrival Time          0.000
- Setup                         0.029
+ Phase Shift                   2.000
- Uncertainty                   0.100
= Required Time                 1.871
- Arrival Time                  1.845
= Slack Time                    0.026
     Clock Rise Edge                      0.000
     = Beginpoint Arrival Time            0.000
     Timing Path:
     +------------------------------------------------------------------+ 
     | Instance |     Arc      |   Cell    | Delay | Arrival | Required | 
     |          |              |           |       |  Time   |   Time   | 
     |----------+--------------+-----------+-------+---------+----------| 
     |          | clk ^        |           |       |   0.000 |    0.026 | 
     | _19477_  | CK ^ -> Q v  | DFF_X1    | 0.163 |   0.163 |    0.188 | 
     | _09768_  | A v -> ZN ^  | INV_X1    | 0.760 |   0.922 |    0.948 | 
     | _18411_  | S ^ -> Z ^   | MUX2_X1   | 0.081 |   1.003 |    1.028 | 
     | _18413_  | B ^ -> Z ^   | XOR2_X1   | 0.527 |   1.529 |    1.555 | 
     | _18498_  | A1 ^ -> ZN v | NAND2_X1  | 0.095 |   1.625 |    1.650 | 
     | _18541_  | C1 v -> ZN ^ | OAI211_X1 | 0.076 |   1.701 |    1.726 | 
     | _18809_  | B2 ^ -> ZN v | OAI221_X1 | 0.038 |   1.739 |    1.764 | 
     | _18810_  | B2 v -> ZN ^ | AOI21_X1  | 0.051 |   1.790 |    1.816 | 
     | _18811_  | A3 ^ -> ZN v | NOR3_X1   | 0.015 |   1.805 |    1.831 | 
     | _18818_  | A v -> ZN ^  | AOI21_X1  | 0.040 |   1.845 |    1.871 | 
     | _19671_  | D ^          | DFF_X1    | 0.000 |   1.845 |    1.871 | 
     +------------------------------------------------------------------+ 
     Clock Rise Edge                      0.000
     = Beginpoint Arrival Time            0.000
     Other End Path:
     +--------------------------------------------------------+ 
     | Instance |  Arc  |  Cell  | Delay | Arrival | Required | 
     |          |       |        |       |  Time   |   Time   | 
     |----------+-------+--------+-------+---------+----------| 
     |          | clk ^ |        |       |   0.000 |   -0.026 | 
     | _19671_  | CK ^  | DFF_X1 | 0.000 |   0.000 |   -0.026 | 
     +--------------------------------------------------------+ 
Path 20: MET Setup Check with Pin _19673_/CK 
Endpoint:   _19673_/D (v) checked with  leading edge of 'aes_clk'
Beginpoint: _19477_/Q (v) triggered by  leading edge of 'aes_clk'
Path Groups: {aes_clk}
Analysis View: VIEW_TYP
Other End Arrival Time          0.000
- Setup                         0.028
+ Phase Shift                   2.000
- Uncertainty                   0.100
= Required Time                 1.872
- Arrival Time                  1.839
= Slack Time                    0.034
     Clock Rise Edge                      0.000
     = Beginpoint Arrival Time            0.000
     Timing Path:
     +------------------------------------------------------------------+ 
     | Instance |     Arc      |   Cell    | Delay | Arrival | Required | 
     |          |              |           |       |  Time   |   Time   | 
     |----------+--------------+-----------+-------+---------+----------| 
     |          | clk ^        |           |       |   0.000 |    0.034 | 
     | _19477_  | CK ^ -> Q v  | DFF_X1    | 0.163 |   0.163 |    0.196 | 
     | _09768_  | A v -> ZN ^  | INV_X1    | 0.760 |   0.922 |    0.956 | 
     | _18411_  | S ^ -> Z ^   | MUX2_X1   | 0.081 |   1.003 |    1.036 | 
     | _18413_  | B ^ -> Z ^   | XOR2_X1   | 0.527 |   1.529 |    1.563 | 
     | _18498_  | A1 ^ -> ZN v | NAND2_X1  | 0.095 |   1.625 |    1.658 | 
     | _18714_  | B1 v -> ZN ^ | AOI221_X1 | 0.098 |   1.723 |    1.757 | 
     | _18715_  | B ^ -> ZN v  | AOI211_X1 | 0.021 |   1.744 |    1.778 | 
     | _18745_  | A2 v -> ZN ^ | NOR3_X1   | 0.052 |   1.796 |    1.830 | 
     | _18746_  | A2 ^ -> ZN ^ | OR2_X1    | 0.031 |   1.827 |    1.861 | 
     | _18749_  | B1 ^ -> ZN v | AOI21_X1  | 0.012 |   1.839 |    1.872 | 
     | _19673_  | D v          | DFF_X1    | 0.000 |   1.839 |    1.872 | 
     +------------------------------------------------------------------+ 
     Clock Rise Edge                      0.000
     = Beginpoint Arrival Time            0.000
     Other End Path:
     +--------------------------------------------------------+ 
     | Instance |  Arc  |  Cell  | Delay | Arrival | Required | 
     |          |       |        |       |  Time   |   Time   | 
     |----------+-------+--------+-------+---------+----------| 
     |          | clk ^ |        |       |   0.000 |   -0.034 | 
     | _19673_  | CK ^  | DFF_X1 | 0.000 |   0.000 |   -0.034 | 
     +--------------------------------------------------------+ 

