###############################################################
#  Generated by:      Cadence Innovus 19.10-p002_1
#  OS:                Linux x86_64(Host ID qingteng)
#  Generated on:      Sun Aug 16 19:15:37 2026
#  Design:            aes_cipher_top
#  Command:           report_timing -early -max_paths 20 -path_type full_clock
###############################################################
#################################################################################
# Design Stage: PreRoute
# Design Name: aes_cipher_top
# Design Mode: 45nm
# Analysis Mode: MMMC Non-OCV 
# Parasitics Mode: No SPEF/RCDB
# Signoff Settings: SI Off 
#################################################################################
AAE_INFO: 1 threads acquired from CTE.
Calculate delays in Single mode...
Start delay calculation (fullDC) (1 T). (MEM=1098.16)
Total number of fetched objects 10816
AAE_INFO: Total number of nets for which stage creation was skipped for all views 0
End delay calculation. (MEM=1117.38 CPU=0:00:01.3 REAL=0:00:02.0)
End delay calculation (fullDC). (MEM=1117.38 CPU=0:00:01.8 REAL=0:00:02.0)
Path 1: VIOLATED Hold Check with Pin _19477_/CK 
Endpoint:   _19477_/D (v) checked with  leading edge of 'aes_clk'
Beginpoint: ld        (v) triggered by  leading edge of 'aes_clk'
Path Groups: {aes_clk}
Analysis View: VIEW_TYP
Other End Arrival Time          0.000
+ Hold                          0.164
+ Phase Shift                   0.000
+ Uncertainty                   0.100
= Required Time                 0.264
  Arrival Time                  0.096
  Slack Time                   -0.168
     Clock Rise Edge                      0.000
     + Input Delay                        0.000
     = Beginpoint Arrival Time            0.000
     Timing Path:
     +--------------------------------------------------------+ 
     | Instance |  Arc  |  Cell  | Delay | Arrival | Required | 
     |          |       |        |       |  Time   |   Time   | 
     |----------+-------+--------+-------+---------+----------| 
     |          | ld v  |        |       |   0.000 |    0.168 | 
     | _19477_  | D v   | DFF_X1 | 0.096 |   0.096 |    0.264 | 
     +--------------------------------------------------------+ 
     Clock Rise Edge                      0.000
     = Beginpoint Arrival Time            0.000
     Other End Path:
     +--------------------------------------------------------+ 
     | Instance |  Arc  |  Cell  | Delay | Arrival | Required | 
     |          |       |        |       |  Time   |   Time   | 
     |----------+-------+--------+-------+---------+----------| 
     |          | clk ^ |        |       |   0.000 |   -0.168 | 
     | _19477_  | CK ^  | DFF_X1 | 0.000 |   0.000 |   -0.168 | 
     +--------------------------------------------------------+ 
Path 2: VIOLATED Hold Check with Pin _19188_/CK 
Endpoint:   _19188_/D (v) checked with  leading edge of 'aes_clk'
Beginpoint: ld        (^) triggered by  leading edge of 'aes_clk'
Path Groups: {aes_clk}
Analysis View: VIEW_TYP
Other End Arrival Time          0.000
+ Hold                          0.011
+ Phase Shift                   0.000
+ Uncertainty                   0.100
= Required Time                 0.111
  Arrival Time                  0.015
  Slack Time                   -0.096
     Clock Rise Edge                      0.000
     + Input Delay                        0.000
     = Beginpoint Arrival Time            0.000
     Timing Path:
     +----------------------------------------------------------------+ 
     | Instance |     Arc      |  Cell   | Delay | Arrival | Required | 
     |          |              |         |       |  Time   |   Time   | 
     |----------+--------------+---------+-------+---------+----------| 
     |          | ld ^         |         |       |   0.000 |    0.096 | 
     | _19149_  | A1 ^ -> ZN v | NOR4_X1 | 0.015 |   0.015 |    0.111 | 
     | _19188_  | D v          | DFF_X1  | 0.000 |   0.015 |    0.111 | 
     +----------------------------------------------------------------+ 
     Clock Rise Edge                      0.000
     = Beginpoint Arrival Time            0.000
     Other End Path:
     +--------------------------------------------------------+ 
     | Instance |  Arc  |  Cell  | Delay | Arrival | Required | 
     |          |       |        |       |  Time   |   Time   | 
     |----------+-------+--------+-------+---------+----------| 
     |          | clk ^ |        |       |   0.000 |   -0.096 | 
     | _19188_  | CK ^  | DFF_X1 | 0.000 |   0.000 |   -0.096 | 
     +--------------------------------------------------------+ 
Path 3: VIOLATED Hold Check with Pin _19187_/CK 
Endpoint:   _19187_/D (^) checked with  leading edge of 'aes_clk'
Beginpoint: rst       (^) triggered by  leading edge of 'aes_clk'
Path Groups: {aes_clk}
Analysis View: VIEW_TYP
Other End Arrival Time          0.000
+ Hold                          0.018
+ Phase Shift                   0.000
+ Uncertainty                   0.100
= Required Time                 0.118
  Arrival Time                  0.031
  Slack Time                   -0.086
     Clock Rise Edge                      0.000
     + Input Delay                        0.000
     = Beginpoint Arrival Time            0.000
     Timing Path:
     +-----------------------------------------------------------------+ 
     | Instance |     Arc      |   Cell   | Delay | Arrival | Required | 
     |          |              |          |       |  Time   |   Time   | 
     |----------+--------------+----------+-------+---------+----------| 
     |          | rst ^        |          |       |   0.000 |    0.086 | 
     | _19146_  | A1 ^ -> ZN v | NAND2_X1 | 0.020 |   0.020 |    0.106 | 
     | _19147_  | A v -> ZN ^  | INV_X1   | 0.011 |   0.031 |    0.118 | 
     | _19187_  | D ^          | DFF_X1   | 0.000 |   0.031 |    0.118 | 
     +-----------------------------------------------------------------+ 
     Clock Rise Edge                      0.000
     = Beginpoint Arrival Time            0.000
     Other End Path:
     +--------------------------------------------------------+ 
     | Instance |  Arc  |  Cell  | Delay | Arrival | Required | 
     |          |       |        |       |  Time   |   Time   | 
     |----------+-------+--------+-------+---------+----------| 
     |          | clk ^ |        |       |   0.000 |   -0.086 | 
     | _19187_  | CK ^  | DFF_X1 | 0.000 |   0.000 |   -0.086 | 
     +--------------------------------------------------------+ 
Path 4: VIOLATED Hold Check with Pin _19186_/CK 
Endpoint:   _19186_/D (^) checked with  leading edge of 'aes_clk'
Beginpoint: rst       (^) triggered by  leading edge of 'aes_clk'
Path Groups: {aes_clk}
Analysis View: VIEW_TYP
Other End Arrival Time          0.000
+ Hold                          0.018
+ Phase Shift                   0.000
+ Uncertainty                   0.100
= Required Time                 0.118
  Arrival Time                  0.035
  Slack Time                   -0.083
     Clock Rise Edge                      0.000
     + Input Delay                        0.000
     = Beginpoint Arrival Time            0.000
     Timing Path:
     +----------------------------------------------------------------+ 
     | Instance |     Arc     |   Cell   | Delay | Arrival | Required | 
     |          |             |          |       |  Time   |   Time   | 
     |----------+-------------+----------+-------+---------+----------| 
     |          | rst ^       |          |       |   0.000 |    0.083 | 
     | _17597_  | A ^ -> ZN v | OAI21_X1 | 0.022 |   0.022 |    0.105 | 
     | _17598_  | A v -> ZN ^ | INV_X1   | 0.013 |   0.035 |    0.118 | 
     | _19186_  | D ^         | DFF_X1   | 0.000 |   0.035 |    0.118 | 
     +----------------------------------------------------------------+ 
     Clock Rise Edge                      0.000
     = Beginpoint Arrival Time            0.000
     Other End Path:
     +--------------------------------------------------------+ 
     | Instance |  Arc  |  Cell  | Delay | Arrival | Required | 
     |          |       |        |       |  Time   |   Time   | 
     |----------+-------+--------+-------+---------+----------| 
     |          | clk ^ |        |       |   0.000 |   -0.083 | 
     | _19186_  | CK ^  | DFF_X1 | 0.000 |   0.000 |   -0.083 | 
     +--------------------------------------------------------+ 
Path 5: VIOLATED Hold Check with Pin _19571_/CK 
Endpoint:   _19571_/D (^) checked with  leading edge of 'aes_clk'
Beginpoint: key[60]   (^) triggered by  leading edge of 'aes_clk'
Path Groups: {aes_clk}
Analysis View: VIEW_TYP
Other End Arrival Time          0.000
+ Hold                          0.018
+ Phase Shift                   0.000
+ Uncertainty                   0.100
= Required Time                 0.118
  Arrival Time                  0.035
  Slack Time                   -0.083
     Clock Rise Edge                      0.000
     + Input Delay                        0.000
     = Beginpoint Arrival Time            0.000
     Timing Path:
     +-----------------------------------------------------------------+ 
     | Instance |     Arc      |   Cell   | Delay | Arrival | Required | 
     |          |              |          |       |  Time   |   Time   | 
     |----------+--------------+----------+-------+---------+----------| 
     |          | key[60] ^    |          |       |   0.000 |    0.083 | 
     | _13220_  | B1 ^ -> ZN v | AOI21_X1 | 0.021 |   0.021 |    0.104 | 
     | _13221_  | A v -> ZN ^  | INV_X1   | 0.014 |   0.035 |    0.118 | 
     | _19571_  | D ^          | DFF_X1   | 0.000 |   0.035 |    0.118 | 
     +-----------------------------------------------------------------+ 
     Clock Rise Edge                      0.000
     = Beginpoint Arrival Time            0.000
     Other End Path:
     +--------------------------------------------------------+ 
     | Instance |  Arc  |  Cell  | Delay | Arrival | Required | 
     |          |       |        |       |  Time   |   Time   | 
     |----------+-------+--------+-------+---------+----------| 
     |          | clk ^ |        |       |   0.000 |   -0.083 | 
     | _19571_  | CK ^  | DFF_X1 | 0.000 |   0.000 |   -0.083 | 
     +--------------------------------------------------------+ 
Path 6: VIOLATED Hold Check with Pin _19507_/CK 
Endpoint:   _19507_/D (^) checked with  leading edge of 'aes_clk'
Beginpoint: key[124]  (^) triggered by  leading edge of 'aes_clk'
Path Groups: {aes_clk}
Analysis View: VIEW_TYP
Other End Arrival Time          0.000
+ Hold                          0.018
+ Phase Shift                   0.000
+ Uncertainty                   0.100
= Required Time                 0.118
  Arrival Time                  0.035
  Slack Time                   -0.083
     Clock Rise Edge                      0.000
     + Input Delay                        0.000
     = Beginpoint Arrival Time            0.000
     Timing Path:
     +-----------------------------------------------------------------+ 
     | Instance |     Arc      |   Cell   | Delay | Arrival | Required | 
     |          |              |          |       |  Time   |   Time   | 
     |----------+--------------+----------+-------+---------+----------| 
     |          | key[124] ^   |          |       |   0.000 |    0.083 | 
     | _13092_  | B1 ^ -> ZN v | AOI21_X1 | 0.021 |   0.021 |    0.104 | 
     | _13093_  | A v -> ZN ^  | INV_X1   | 0.014 |   0.035 |    0.118 | 
     | _19507_  | D ^          | DFF_X1   | 0.000 |   0.035 |    0.118 | 
     +-----------------------------------------------------------------+ 
     Clock Rise Edge                      0.000
     = Beginpoint Arrival Time            0.000
     Other End Path:
     +--------------------------------------------------------+ 
     | Instance |  Arc  |  Cell  | Delay | Arrival | Required | 
     |          |       |        |       |  Time   |   Time   | 
     |----------+-------+--------+-------+---------+----------| 
     |          | clk ^ |        |       |   0.000 |   -0.083 | 
     | _19507_  | CK ^  | DFF_X1 | 0.000 |   0.000 |   -0.083 | 
     +--------------------------------------------------------+ 
Path 7: VIOLATED Hold Check with Pin _19572_/CK 
Endpoint:   _19572_/D (^) checked with  leading edge of 'aes_clk'
Beginpoint: key[61]   (^) triggered by  leading edge of 'aes_clk'
Path Groups: {aes_clk}
Analysis View: VIEW_TYP
Other End Arrival Time          0.000
+ Hold                          0.018
+ Phase Shift                   0.000
+ Uncertainty                   0.100
= Required Time                 0.118
  Arrival Time                  0.035
  Slack Time                   -0.083
     Clock Rise Edge                      0.000
     + Input Delay                        0.000
     = Beginpoint Arrival Time            0.000
     Timing Path:
     +-----------------------------------------------------------------+ 
     | Instance |     Arc      |   Cell   | Delay | Arrival | Required | 
     |          |              |          |       |  Time   |   Time   | 
     |----------+--------------+----------+-------+---------+----------| 
     |          | key[61] ^    |          |       |   0.000 |    0.083 | 
     | _13218_  | B1 ^ -> ZN v | AOI21_X1 | 0.022 |   0.022 |    0.104 | 
     | _13219_  | A v -> ZN ^  | INV_X1   | 0.014 |   0.035 |    0.118 | 
     | _19572_  | D ^          | DFF_X1   | 0.000 |   0.035 |    0.118 | 
     +-----------------------------------------------------------------+ 
     Clock Rise Edge                      0.000
     = Beginpoint Arrival Time            0.000
     Other End Path:
     +--------------------------------------------------------+ 
     | Instance |  Arc  |  Cell  | Delay | Arrival | Required | 
     |          |       |        |       |  Time   |   Time   | 
     |----------+-------+--------+-------+---------+----------| 
     |          | clk ^ |        |       |   0.000 |   -0.083 | 
     | _19572_  | CK ^  | DFF_X1 | 0.000 |   0.000 |   -0.083 | 
     +--------------------------------------------------------+ 
Path 8: VIOLATED Hold Check with Pin _19508_/CK 
Endpoint:   _19508_/D (^) checked with  leading edge of 'aes_clk'
Beginpoint: key[125]  (^) triggered by  leading edge of 'aes_clk'
Path Groups: {aes_clk}
Analysis View: VIEW_TYP
Other End Arrival Time          0.000
+ Hold                          0.018
+ Phase Shift                   0.000
+ Uncertainty                   0.100
= Required Time                 0.118
  Arrival Time                  0.035
  Slack Time                   -0.083
     Clock Rise Edge                      0.000
     + Input Delay                        0.000
     = Beginpoint Arrival Time            0.000
     Timing Path:
     +-----------------------------------------------------------------+ 
     | Instance |     Arc      |   Cell   | Delay | Arrival | Required | 
     |          |              |          |       |  Time   |   Time   | 
     |----------+--------------+----------+-------+---------+----------| 
     |          | key[125] ^   |          |       |   0.000 |    0.083 | 
     | _13089_  | B1 ^ -> ZN v | AOI21_X1 | 0.022 |   0.022 |    0.104 | 
     | _13090_  | A v -> ZN ^  | INV_X1   | 0.014 |   0.035 |    0.118 | 
     | _19508_  | D ^          | DFF_X1   | 0.000 |   0.035 |    0.118 | 
     +-----------------------------------------------------------------+ 
     Clock Rise Edge                      0.000
     = Beginpoint Arrival Time            0.000
     Other End Path:
     +--------------------------------------------------------+ 
     | Instance |  Arc  |  Cell  | Delay | Arrival | Required | 
     |          |       |        |       |  Time   |   Time   | 
     |----------+-------+--------+-------+---------+----------| 
     |          | clk ^ |        |       |   0.000 |   -0.083 | 
     | _19508_  | CK ^  | DFF_X1 | 0.000 |   0.000 |   -0.083 | 
     +--------------------------------------------------------+ 
Path 9: VIOLATED Hold Check with Pin _19509_/CK 
Endpoint:   _19509_/D (^) checked with  leading edge of 'aes_clk'
Beginpoint: key[126]  (^) triggered by  leading edge of 'aes_clk'
Path Groups: {aes_clk}
Analysis View: VIEW_TYP
Other End Arrival Time          0.000
+ Hold                          0.018
+ Phase Shift                   0.000
+ Uncertainty                   0.100
= Required Time                 0.118
  Arrival Time                  0.035
  Slack Time                   -0.083
     Clock Rise Edge                      0.000
     + Input Delay                        0.000
     = Beginpoint Arrival Time            0.000
     Timing Path:
     +-----------------------------------------------------------------+ 
     | Instance |     Arc      |   Cell   | Delay | Arrival | Required | 
     |          |              |          |       |  Time   |   Time   | 
     |----------+--------------+----------+-------+---------+----------| 
     |          | key[126] ^   |          |       |   0.000 |    0.083 | 
     | _13086_  | B2 ^ -> ZN v | AOI21_X1 | 0.022 |   0.022 |    0.105 | 
     | _13087_  | A v -> ZN ^  | INV_X1   | 0.013 |   0.035 |    0.118 | 
     | _19509_  | D ^          | DFF_X1   | 0.000 |   0.035 |    0.118 | 
     +-----------------------------------------------------------------+ 
     Clock Rise Edge                      0.000
     = Beginpoint Arrival Time            0.000
     Other End Path:
     +--------------------------------------------------------+ 
     | Instance |  Arc  |  Cell  | Delay | Arrival | Required | 
     |          |       |        |       |  Time   |   Time   | 
     |----------+-------+--------+-------+---------+----------| 
     |          | clk ^ |        |       |   0.000 |   -0.083 | 
     | _19509_  | CK ^  | DFF_X1 | 0.000 |   0.000 |   -0.083 | 
     +--------------------------------------------------------+ 
Path 10: VIOLATED Hold Check with Pin _19574_/CK 
Endpoint:   _19574_/D (^) checked with  leading edge of 'aes_clk'
Beginpoint: key[63]   (^) triggered by  leading edge of 'aes_clk'
Path Groups: {aes_clk}
Analysis View: VIEW_TYP
Other End Arrival Time          0.000
+ Hold                          0.018
+ Phase Shift                   0.000
+ Uncertainty                   0.100
= Required Time                 0.118
  Arrival Time                  0.035
  Slack Time                   -0.082
     Clock Rise Edge                      0.000
     + Input Delay                        0.000
     = Beginpoint Arrival Time            0.000
     Timing Path:
     +-----------------------------------------------------------------+ 
     | Instance |     Arc      |   Cell   | Delay | Arrival | Required | 
     |          |              |          |       |  Time   |   Time   | 
     |----------+--------------+----------+-------+---------+----------| 
     |          | key[63] ^    |          |       |   0.000 |    0.082 | 
     | _19153_  | B1 ^ -> ZN v | AOI21_X1 | 0.023 |   0.023 |    0.106 | 
     | _19154_  | A v -> ZN ^  | INV_X1   | 0.012 |   0.035 |    0.118 | 
     | _19574_  | D ^          | DFF_X1   | 0.000 |   0.035 |    0.118 | 
     +-----------------------------------------------------------------+ 
     Clock Rise Edge                      0.000
     = Beginpoint Arrival Time            0.000
     Other End Path:
     +--------------------------------------------------------+ 
     | Instance |  Arc  |  Cell  | Delay | Arrival | Required | 
     |          |       |        |       |  Time   |   Time   | 
     |----------+-------+--------+-------+---------+----------| 
     |          | clk ^ |        |       |   0.000 |   -0.082 | 
     | _19574_  | CK ^  | DFF_X1 | 0.000 |   0.000 |   -0.082 | 
     +--------------------------------------------------------+ 
Path 11: VIOLATED Hold Check with Pin _19573_/CK 
Endpoint:   _19573_/D (^) checked with  leading edge of 'aes_clk'
Beginpoint: key[62]   (^) triggered by  leading edge of 'aes_clk'
Path Groups: {aes_clk}
Analysis View: VIEW_TYP
Other End Arrival Time          0.000
+ Hold                          0.018
+ Phase Shift                   0.000
+ Uncertainty                   0.100
= Required Time                 0.118
  Arrival Time                  0.038
  Slack Time                   -0.080
     Clock Rise Edge                      0.000
     + Input Delay                        0.000
     = Beginpoint Arrival Time            0.000
     Timing Path:
     +-----------------------------------------------------------------+ 
     | Instance |     Arc      |   Cell   | Delay | Arrival | Required | 
     |          |              |          |       |  Time   |   Time   | 
     |----------+--------------+----------+-------+---------+----------| 
     |          | key[62] ^    |          |       |   0.000 |    0.080 | 
     | _13216_  | B1 ^ -> ZN v | AOI21_X1 | 0.024 |   0.024 |    0.104 | 
     | _13217_  | A v -> ZN ^  | INV_X1   | 0.014 |   0.038 |    0.118 | 
     | _19573_  | D ^          | DFF_X1   | 0.000 |   0.038 |    0.118 | 
     +-----------------------------------------------------------------+ 
     Clock Rise Edge                      0.000
     = Beginpoint Arrival Time            0.000
     Other End Path:
     +--------------------------------------------------------+ 
     | Instance |  Arc  |  Cell  | Delay | Arrival | Required | 
     |          |       |        |       |  Time   |   Time   | 
     |----------+-------+--------+-------+---------+----------| 
     |          | clk ^ |        |       |   0.000 |   -0.080 | 
     | _19573_  | CK ^  | DFF_X1 | 0.000 |   0.000 |   -0.080 | 
     +--------------------------------------------------------+ 
Path 12: VIOLATED Hold Check with Pin _19185_/CK 
Endpoint:   _19185_/D (^) checked with  leading edge of 'aes_clk'
Beginpoint: rst       (^) triggered by  leading edge of 'aes_clk'
Path Groups: {aes_clk}
Analysis View: VIEW_TYP
Other End Arrival Time          0.000
+ Hold                          0.020
+ Phase Shift                   0.000
+ Uncertainty                   0.100
= Required Time                 0.120
  Arrival Time                  0.040
  Slack Time                   -0.080
     Clock Rise Edge                      0.000
     + Input Delay                        0.000
     = Beginpoint Arrival Time            0.000
     Timing Path:
     +----------------------------------------------------------------+ 
     | Instance |     Arc      |  Cell   | Delay | Arrival | Required | 
     |          |              |         |       |  Time   |   Time   | 
     |----------+--------------+---------+-------+---------+----------| 
     |          | rst ^        |         |       |   0.000 |    0.080 | 
     | _09767_  | A ^ -> ZN v  | INV_X1  | 0.016 |   0.016 |    0.096 | 
     | _17600_  | A1 v -> ZN ^ | NOR2_X1 | 0.024 |   0.040 |    0.120 | 
     | _19185_  | D ^          | DFF_X1  | 0.000 |   0.040 |    0.120 | 
     +----------------------------------------------------------------+ 
     Clock Rise Edge                      0.000
     = Beginpoint Arrival Time            0.000
     Other End Path:
     +--------------------------------------------------------+ 
     | Instance |  Arc  |  Cell  | Delay | Arrival | Required | 
     |          |       |        |       |  Time   |   Time   | 
     |----------+-------+--------+-------+---------+----------| 
     |          | clk ^ |        |       |   0.000 |   -0.080 | 
     | _19185_  | CK ^  | DFF_X1 | 0.000 |   0.000 |   -0.080 | 
     +--------------------------------------------------------+ 
Path 13: VIOLATED Hold Check with Pin _19554_/CK 
Endpoint:   _19554_/D (^) checked with  leading edge of 'aes_clk'
Beginpoint: key[43]   (^) triggered by  leading edge of 'aes_clk'
Path Groups: {aes_clk}
Analysis View: VIEW_TYP
Other End Arrival Time          0.000
+ Hold                          0.019
+ Phase Shift                   0.000
+ Uncertainty                   0.100
= Required Time                 0.119
  Arrival Time                  0.042
  Slack Time                   -0.077
     Clock Rise Edge                      0.000
     + Input Delay                        0.000
     = Beginpoint Arrival Time            0.000
     Timing Path:
     +-----------------------------------------------------------------+ 
     | Instance |     Arc      |   Cell   | Delay | Arrival | Required | 
     |          |              |          |       |  Time   |   Time   | 
     |----------+--------------+----------+-------+---------+----------| 
     |          | key[43] ^    |          |       |   0.000 |    0.077 | 
     | _13253_  | A2 ^ -> ZN v | NAND2_X1 | 0.022 |   0.022 |    0.099 | 
     | _13255_  | A v -> ZN ^  | OAI21_X1 | 0.020 |   0.042 |    0.119 | 
     | _19554_  | D ^          | DFF_X1   | 0.000 |   0.042 |    0.119 | 
     +-----------------------------------------------------------------+ 
     Clock Rise Edge                      0.000
     = Beginpoint Arrival Time            0.000
     Other End Path:
     +--------------------------------------------------------+ 
     | Instance |  Arc  |  Cell  | Delay | Arrival | Required | 
     |          |       |        |       |  Time   |   Time   | 
     |----------+-------+--------+-------+---------+----------| 
     |          | clk ^ |        |       |   0.000 |   -0.077 | 
     | _19554_  | CK ^  | DFF_X1 | 0.000 |   0.000 |   -0.077 | 
     +--------------------------------------------------------+ 
Path 14: VIOLATED Hold Check with Pin _19551_/CK 
Endpoint:   _19551_/D (^) checked with  leading edge of 'aes_clk'
Beginpoint: key[40]   (^) triggered by  leading edge of 'aes_clk'
Path Groups: {aes_clk}
Analysis View: VIEW_TYP
Other End Arrival Time          0.000
+ Hold                          0.019
+ Phase Shift                   0.000
+ Uncertainty                   0.100
= Required Time                 0.119
  Arrival Time                  0.043
  Slack Time                   -0.076
     Clock Rise Edge                      0.000
     + Input Delay                        0.000
     = Beginpoint Arrival Time            0.000
     Timing Path:
     +-----------------------------------------------------------------+ 
     | Instance |     Arc      |   Cell   | Delay | Arrival | Required | 
     |          |              |          |       |  Time   |   Time   | 
     |----------+--------------+----------+-------+---------+----------| 
     |          | key[40] ^    |          |       |   0.000 |    0.076 | 
     | _13262_  | A2 ^ -> ZN v | NAND2_X1 | 0.023 |   0.023 |    0.099 | 
     | _13264_  | A v -> ZN ^  | OAI21_X1 | 0.020 |   0.043 |    0.119 | 
     | _19551_  | D ^          | DFF_X1   | 0.000 |   0.043 |    0.119 | 
     +-----------------------------------------------------------------+ 
     Clock Rise Edge                      0.000
     = Beginpoint Arrival Time            0.000
     Other End Path:
     +--------------------------------------------------------+ 
     | Instance |  Arc  |  Cell  | Delay | Arrival | Required | 
     |          |       |        |       |  Time   |   Time   | 
     |----------+-------+--------+-------+---------+----------| 
     |          | clk ^ |        |       |   0.000 |   -0.076 | 
     | _19551_  | CK ^  | DFF_X1 | 0.000 |   0.000 |   -0.076 | 
     +--------------------------------------------------------+ 
Path 15: VIOLATED Hold Check with Pin _19552_/CK 
Endpoint:   _19552_/D (^) checked with  leading edge of 'aes_clk'
Beginpoint: key[41]   (^) triggered by  leading edge of 'aes_clk'
Path Groups: {aes_clk}
Analysis View: VIEW_TYP
Other End Arrival Time          0.000
+ Hold                          0.019
+ Phase Shift                   0.000
+ Uncertainty                   0.100
= Required Time                 0.119
  Arrival Time                  0.044
  Slack Time                   -0.075
     Clock Rise Edge                      0.000
     + Input Delay                        0.000
     = Beginpoint Arrival Time            0.000
     Timing Path:
     +-----------------------------------------------------------------+ 
     | Instance |     Arc      |   Cell   | Delay | Arrival | Required | 
     |          |              |          |       |  Time   |   Time   | 
     |----------+--------------+----------+-------+---------+----------| 
     |          | key[41] ^    |          |       |   0.000 |    0.075 | 
     | _13259_  | A2 ^ -> ZN v | NAND2_X1 | 0.023 |   0.023 |    0.098 | 
     | _13261_  | A v -> ZN ^  | OAI21_X1 | 0.021 |   0.044 |    0.119 | 
     | _19552_  | D ^          | DFF_X1   | 0.000 |   0.044 |    0.119 | 
     +-----------------------------------------------------------------+ 
     Clock Rise Edge                      0.000
     = Beginpoint Arrival Time            0.000
     Other End Path:
     +--------------------------------------------------------+ 
     | Instance |  Arc  |  Cell  | Delay | Arrival | Required | 
     |          |       |        |       |  Time   |   Time   | 
     |----------+-------+--------+-------+---------+----------| 
     |          | clk ^ |        |       |   0.000 |   -0.075 | 
     | _19552_  | CK ^  | DFF_X1 | 0.000 |   0.000 |   -0.075 | 
     +--------------------------------------------------------+ 
Path 16: VIOLATED Hold Check with Pin _19311_/CK 
Endpoint:   _19311_/D    (^) checked with  leading edge of 'aes_clk'
Beginpoint: text_in[122] (^) triggered by  leading edge of 'aes_clk'
Path Groups: {aes_clk}
Analysis View: VIEW_TYP
Other End Arrival Time          0.000
+ Hold                          0.018
+ Phase Shift                   0.000
+ Uncertainty                   0.100
= Required Time                 0.118
  Arrival Time                  0.045
  Slack Time                   -0.074
     Clock Rise Edge                      0.000
     + Input Delay                        0.000
     = Beginpoint Arrival Time            0.000
     Timing Path:
     +------------------------------------------------------------------+ 
     | Instance |      Arc       |  Cell   | Delay | Arrival | Required | 
     |          |                |         |       |  Time   |   Time   | 
     |----------+----------------+---------+-------+---------+----------| 
     |          | text_in[122] ^ |         |       |   0.000 |    0.074 | 
     | _17469_  | B ^ -> Z ^     | MUX2_X1 | 0.045 |   0.045 |    0.118 | 
     | _19311_  | D ^            | DFF_X1  | 0.000 |   0.045 |    0.118 | 
     +------------------------------------------------------------------+ 
     Clock Rise Edge                      0.000
     = Beginpoint Arrival Time            0.000
     Other End Path:
     +--------------------------------------------------------+ 
     | Instance |  Arc  |  Cell  | Delay | Arrival | Required | 
     |          |       |        |       |  Time   |   Time   | 
     |----------+-------+--------+-------+---------+----------| 
     |          | clk ^ |        |       |   0.000 |   -0.074 | 
     | _19311_  | CK ^  | DFF_X1 | 0.000 |   0.000 |   -0.074 | 
     +--------------------------------------------------------+ 
Path 17: VIOLATED Hold Check with Pin _19290_/CK 
Endpoint:   _19290_/D    (^) checked with  leading edge of 'aes_clk'
Beginpoint: text_in[101] (^) triggered by  leading edge of 'aes_clk'
Path Groups: {aes_clk}
Analysis View: VIEW_TYP
Other End Arrival Time          0.000
+ Hold                          0.018
+ Phase Shift                   0.000
+ Uncertainty                   0.100
= Required Time                 0.118
  Arrival Time                  0.045
  Slack Time                   -0.074
     Clock Rise Edge                      0.000
     + Input Delay                        0.000
     = Beginpoint Arrival Time            0.000
     Timing Path:
     +------------------------------------------------------------------+ 
     | Instance |      Arc       |  Cell   | Delay | Arrival | Required | 
     |          |                |         |       |  Time   |   Time   | 
     |----------+----------------+---------+-------+---------+----------| 
     |          | text_in[101] ^ |         |       |   0.000 |    0.074 | 
     | _17490_  | B ^ -> Z ^     | MUX2_X1 | 0.045 |   0.045 |    0.118 | 
     | _19290_  | D ^            | DFF_X1  | 0.000 |   0.045 |    0.118 | 
     +------------------------------------------------------------------+ 
     Clock Rise Edge                      0.000
     = Beginpoint Arrival Time            0.000
     Other End Path:
     +--------------------------------------------------------+ 
     | Instance |  Arc  |  Cell  | Delay | Arrival | Required | 
     |          |       |        |       |  Time   |   Time   | 
     |----------+-------+--------+-------+---------+----------| 
     |          | clk ^ |        |       |   0.000 |   -0.074 | 
     | _19290_  | CK ^  | DFF_X1 | 0.000 |   0.000 |   -0.074 | 
     +--------------------------------------------------------+ 
Path 18: VIOLATED Hold Check with Pin _19315_/CK 
Endpoint:   _19315_/D    (^) checked with  leading edge of 'aes_clk'
Beginpoint: text_in[126] (^) triggered by  leading edge of 'aes_clk'
Path Groups: {aes_clk}
Analysis View: VIEW_TYP
Other End Arrival Time          0.000
+ Hold                          0.018
+ Phase Shift                   0.000
+ Uncertainty                   0.100
= Required Time                 0.118
  Arrival Time                  0.045
  Slack Time                   -0.074
     Clock Rise Edge                      0.000
     + Input Delay                        0.000
     = Beginpoint Arrival Time            0.000
     Timing Path:
     +------------------------------------------------------------------+ 
     | Instance |      Arc       |  Cell   | Delay | Arrival | Required | 
     |          |                |         |       |  Time   |   Time   | 
     |----------+----------------+---------+-------+---------+----------| 
     |          | text_in[126] ^ |         |       |   0.000 |    0.074 | 
     | _17465_  | B ^ -> Z ^     | MUX2_X1 | 0.045 |   0.045 |    0.118 | 
     | _19315_  | D ^            | DFF_X1  | 0.000 |   0.045 |    0.118 | 
     +------------------------------------------------------------------+ 
     Clock Rise Edge                      0.000
     = Beginpoint Arrival Time            0.000
     Other End Path:
     +--------------------------------------------------------+ 
     | Instance |  Arc  |  Cell  | Delay | Arrival | Required | 
     |          |       |        |       |  Time   |   Time   | 
     |----------+-------+--------+-------+---------+----------| 
     |          | clk ^ |        |       |   0.000 |   -0.074 | 
     | _19315_  | CK ^  | DFF_X1 | 0.000 |   0.000 |   -0.074 | 
     +--------------------------------------------------------+ 
Path 19: VIOLATED Hold Check with Pin _19314_/CK 
Endpoint:   _19314_/D    (^) checked with  leading edge of 'aes_clk'
Beginpoint: text_in[125] (^) triggered by  leading edge of 'aes_clk'
Path Groups: {aes_clk}
Analysis View: VIEW_TYP
Other End Arrival Time          0.000
+ Hold                          0.018
+ Phase Shift                   0.000
+ Uncertainty                   0.100
= Required Time                 0.118
  Arrival Time                  0.045
  Slack Time                   -0.074
     Clock Rise Edge                      0.000
     + Input Delay                        0.000
     = Beginpoint Arrival Time            0.000
     Timing Path:
     +------------------------------------------------------------------+ 
     | Instance |      Arc       |  Cell   | Delay | Arrival | Required | 
     |          |                |         |       |  Time   |   Time   | 
     |----------+----------------+---------+-------+---------+----------| 
     |          | text_in[125] ^ |         |       |   0.000 |    0.074 | 
     | _17466_  | B ^ -> Z ^     | MUX2_X1 | 0.045 |   0.045 |    0.118 | 
     | _19314_  | D ^            | DFF_X1  | 0.000 |   0.045 |    0.118 | 
     +------------------------------------------------------------------+ 
     Clock Rise Edge                      0.000
     = Beginpoint Arrival Time            0.000
     Other End Path:
     +--------------------------------------------------------+ 
     | Instance |  Arc  |  Cell  | Delay | Arrival | Required | 
     |          |       |        |       |  Time   |   Time   | 
     |----------+-------+--------+-------+---------+----------| 
     |          | clk ^ |        |       |   0.000 |   -0.074 | 
     | _19314_  | CK ^  | DFF_X1 | 0.000 |   0.000 |   -0.074 | 
     +--------------------------------------------------------+ 
Path 20: VIOLATED Hold Check with Pin _19308_/CK 
Endpoint:   _19308_/D    (^) checked with  leading edge of 'aes_clk'
Beginpoint: text_in[119] (^) triggered by  leading edge of 'aes_clk'
Path Groups: {aes_clk}
Analysis View: VIEW_TYP
Other End Arrival Time          0.000
+ Hold                          0.018
+ Phase Shift                   0.000
+ Uncertainty                   0.100
= Required Time                 0.118
  Arrival Time                  0.045
  Slack Time                   -0.074
     Clock Rise Edge                      0.000
     + Input Delay                        0.000
     = Beginpoint Arrival Time            0.000
     Timing Path:
     +------------------------------------------------------------------+ 
     | Instance |      Arc       |  Cell   | Delay | Arrival | Required | 
     |          |                |         |       |  Time   |   Time   | 
     |----------+----------------+---------+-------+---------+----------| 
     |          | text_in[119] ^ |         |       |   0.000 |    0.074 | 
     | _17472_  | B ^ -> Z ^     | MUX2_X1 | 0.045 |   0.045 |    0.118 | 
     | _19308_  | D ^            | DFF_X1  | 0.000 |   0.045 |    0.118 | 
     +------------------------------------------------------------------+ 
     Clock Rise Edge                      0.000
     = Beginpoint Arrival Time            0.000
     Other End Path:
     +--------------------------------------------------------+ 
     | Instance |  Arc  |  Cell  | Delay | Arrival | Required | 
     |          |       |        |       |  Time   |   Time   | 
     |----------+-------+--------+-------+---------+----------| 
     |          | clk ^ |        |       |   0.000 |   -0.074 | 
     | _19308_  | CK ^  | DFF_X1 | 0.000 |   0.000 |   -0.074 | 
     +--------------------------------------------------------+ 

