###############################################################
#  Generated by:      Cadence Innovus 19.10-p002_1
#  OS:                Linux x86_64(Host ID qingteng)
#  Generated on:      Sun Aug 16 19:15:34 2026
#  Design:            aes_cipher_top
#  Command:           report_timing -late -max_paths 20 -path_type full_clock
###############################################################
#################################################################################
# Design Stage: PreRoute
# Design Name: aes_cipher_top
# Design Mode: 45nm
# Analysis Mode: MMMC Non-OCV 
# Parasitics Mode: No SPEF/RCDB
# Signoff Settings: SI Off 
#################################################################################
Extraction called for design 'aes_cipher_top' of instances=11003 and nets=10849 using extraction engine 'preRoute' .
PreRoute RC Extraction called for design aes_cipher_top.
RC Extraction called in multi-corner(1) mode.
RCMode: PreRoute
      RC Corner Indexes            0   
Capacitance Scaling Factor   : 1.00000 
Resistance Scaling Factor    : 1.00000 
Clock Cap. Scaling Factor    : 1.00000 
Clock Res. Scaling Factor    : 1.00000 
Shrink Factor                : 1.00000
PreRoute extraction is honoring NDR/Shielding/ExtraSpace for clock nets.
Using capacitance table file ...
Updating RC grid for preRoute extraction ...
Initializing multi-corner capacitance tables ... 
Initializing multi-corner resistance tables ...
PreRoute RC Extraction DONE (CPU Time: 0:00:00.2  Real Time: 0:00:00.0  MEM: 993.102M)
AAE_INFO: 1 threads acquired from CTE.
Calculate delays in Single mode...
Start delay calculation (fullDC) (1 T). (MEM=1022.39)
siFlow : Timing analysis mode is single, using late cdB files
Total number of fetched objects 10816
AAE_INFO: Total number of nets for which stage creation was skipped for all views 0
End delay calculation. (MEM=1106.3 CPU=0:00:01.4 REAL=0:00:01.0)
End delay calculation (fullDC). (MEM=1106.3 CPU=0:00:02.0 REAL=0:00:02.0)
Path 1: VIOLATED Setup Check with Pin _19702_/CK 
Endpoint:   _19702_/D (v) checked with  leading edge of 'aes_clk'
Beginpoint: _19477_/Q (^) triggered by  leading edge of 'aes_clk'
Path Groups: {aes_clk}
Analysis View: VIEW_TYP
Other End Arrival Time          0.000
- Setup                         0.027
+ Phase Shift                   2.000
- Uncertainty                   0.100
= Required Time                 1.873
- Arrival Time                  2.597
= Slack Time                   -0.724
     Clock Rise Edge                      0.000
     = Beginpoint Arrival Time            0.000
     Timing Path:
     +------------------------------------------------------------------+ 
     | Instance |     Arc      |   Cell    | Delay | Arrival | Required | 
     |          |              |           |       |  Time   |   Time   | 
     |----------+--------------+-----------+-------+---------+----------| 
     |          | clk ^        |           |       |   0.000 |   -0.724 | 
     | _19477_  | CK ^ -> Q ^  | DFF_X1    | 0.316 |   0.316 |   -0.408 | 
     | _09768_  | A ^ -> ZN v  | INV_X1    | 0.839 |   1.155 |    0.431 | 
     | _10626_  | S v -> Z v   | MUX2_X1   | 0.293 |   1.448 |    0.724 | 
     | _10628_  | B v -> Z ^   | XOR2_X1   | 0.755 |   2.203 |    1.479 | 
     | _10752_  | A1 ^ -> ZN v | NAND2_X1  | 0.109 |   2.312 |    1.588 | 
     | _17679_  | A v -> ZN ^  | AOI221_X1 | 0.118 |   2.430 |    1.706 | 
     | _17681_  | A ^ -> ZN v  | AOI21_X1  | 0.022 |   2.452 |    1.728 | 
     | _17682_  | B1 v -> ZN ^ | OAI21_X1  | 0.046 |   2.498 |    1.774 | 
     | _17690_  | B1 ^ -> ZN v | OAI21_X1  | 0.019 |   2.517 |    1.793 | 
     | _17691_  | B v -> Z v   | MUX2_X1   | 0.080 |   2.596 |    1.873 | 
     | _19702_  | D v          | DFF_X1    | 0.000 |   2.597 |    1.873 | 
     +------------------------------------------------------------------+ 
     Clock Rise Edge                      0.000
     = Beginpoint Arrival Time            0.000
     Other End Path:
     +--------------------------------------------------------+ 
     | Instance |  Arc  |  Cell  | Delay | Arrival | Required | 
     |          |       |        |       |  Time   |   Time   | 
     |----------+-------+--------+-------+---------+----------| 
     |          | clk ^ |        |       |   0.000 |    0.724 | 
     | _19702_  | CK ^  | DFF_X1 | 0.000 |   0.000 |    0.724 | 
     +--------------------------------------------------------+ 
Path 2: VIOLATED Setup Check with Pin _19701_/CK 
Endpoint:   _19701_/D (v) checked with  leading edge of 'aes_clk'
Beginpoint: _19477_/Q (^) triggered by  leading edge of 'aes_clk'
Path Groups: {aes_clk}
Analysis View: VIEW_TYP
Other End Arrival Time          0.000
- Setup                         0.033
+ Phase Shift                   2.000
- Uncertainty                   0.100
= Required Time                 1.867
- Arrival Time                  2.555
= Slack Time                   -0.688
     Clock Rise Edge                      0.000
     = Beginpoint Arrival Time            0.000
     Timing Path:
     +-----------------------------------------------------------------+ 
     | Instance |     Arc      |   Cell   | Delay | Arrival | Required | 
     |          |              |          |       |  Time   |   Time   | 
     |----------+--------------+----------+-------+---------+----------| 
     |          | clk ^        |          |       |   0.000 |   -0.688 | 
     | _19477_  | CK ^ -> Q ^  | DFF_X1   | 0.316 |   0.316 |   -0.372 | 
     | _09768_  | A ^ -> ZN v  | INV_X1   | 0.839 |   1.155 |    0.467 | 
     | _10626_  | S v -> Z v   | MUX2_X1  | 0.293 |   1.448 |    0.760 | 
     | _10628_  | B v -> Z ^   | XOR2_X1  | 0.755 |   2.203 |    1.515 | 
     | _10752_  | A1 ^ -> ZN v | NAND2_X1 | 0.109 |   2.312 |    1.624 | 
     | _10754_  | A v -> ZN ^  | AOI21_X1 | 0.097 |   2.409 |    1.720 | 
     | _10755_  | B2 ^ -> ZN v | AOI21_X1 | 0.023 |   2.431 |    1.743 | 
     | _10762_  | A2 v -> ZN ^ | AOI22_X1 | 0.051 |   2.482 |    1.794 | 
     | _10763_  | B ^ -> Z ^   | MUX2_X1  | 0.044 |   2.527 |    1.839 | 
     | _10765_  | B1 ^ -> ZN v | AOI21_X1 | 0.028 |   2.555 |    1.866 | 
     | _19701_  | D v          | DFF_X1   | 0.001 |   2.555 |    1.867 | 
     +-----------------------------------------------------------------+ 
     Clock Rise Edge                      0.000
     = Beginpoint Arrival Time            0.000
     Other End Path:
     +--------------------------------------------------------+ 
     | Instance |  Arc  |  Cell  | Delay | Arrival | Required | 
     |          |       |        |       |  Time   |   Time   | 
     |----------+-------+--------+-------+---------+----------| 
     |          | clk ^ |        |       |   0.000 |    0.688 | 
     | _19701_  | CK ^  | DFF_X1 | 0.000 |   0.000 |    0.688 | 
     +--------------------------------------------------------+ 
Path 3: VIOLATED Setup Check with Pin _19674_/CK 
Endpoint:   _19674_/D (^) checked with  leading edge of 'aes_clk'
Beginpoint: _19477_/Q (^) triggered by  leading edge of 'aes_clk'
Path Groups: {aes_clk}
Analysis View: VIEW_TYP
Other End Arrival Time          0.000
- Setup                         0.032
+ Phase Shift                   2.000
- Uncertainty                   0.100
= Required Time                 1.868
- Arrival Time                  2.555
= Slack Time                   -0.687
     Clock Rise Edge                      0.000
     = Beginpoint Arrival Time            0.000
     Timing Path:
     +------------------------------------------------------------------+ 
     | Instance |     Arc      |   Cell    | Delay | Arrival | Required | 
     |          |              |           |       |  Time   |   Time   | 
     |----------+--------------+-----------+-------+---------+----------| 
     |          | clk ^        |           |       |   0.000 |   -0.687 | 
     | _19477_  | CK ^ -> Q ^  | DFF_X1    | 0.316 |   0.316 |   -0.371 | 
     | _09768_  | A ^ -> ZN v  | INV_X1    | 0.839 |   1.155 |    0.468 | 
     | _18411_  | S v -> Z v   | MUX2_X1   | 0.306 |   1.461 |    0.774 | 
     | _18413_  | B v -> Z ^   | XOR2_X1   | 0.625 |   2.086 |    1.399 | 
     | _18498_  | A1 ^ -> ZN v | NAND2_X1  | 0.167 |   2.253 |    1.566 | 
     | _18681_  | B2 v -> ZN ^ | OAI221_X1 | 0.102 |   2.355 |    1.668 | 
     | _18682_  | B2 ^ -> ZN v | AOI21_X1  | 0.027 |   2.382 |    1.695 | 
     | _18709_  | B v -> ZN ^  | AOI211_X1 | 0.100 |   2.482 |    1.795 | 
     | _18711_  | A2 ^ -> ZN v | NOR2_X1   | 0.016 |   2.498 |    1.811 | 
     | _18712_  | B2 v -> ZN ^ | AOI22_X1  | 0.057 |   2.555 |    1.868 | 
     | _19674_  | D ^          | DFF_X1    | 0.000 |   2.555 |    1.868 | 
     +------------------------------------------------------------------+ 
     Clock Rise Edge                      0.000
     = Beginpoint Arrival Time            0.000
     Other End Path:
     +--------------------------------------------------------+ 
     | Instance |  Arc  |  Cell  | Delay | Arrival | Required | 
     |          |       |        |       |  Time   |   Time   | 
     |----------+-------+--------+-------+---------+----------| 
     |          | clk ^ |        |       |   0.000 |    0.687 | 
     | _19674_  | CK ^  | DFF_X1 | 0.000 |   0.000 |    0.687 | 
     +--------------------------------------------------------+ 
Path 4: VIOLATED Setup Check with Pin _19696_/CK 
Endpoint:   _19696_/D (^) checked with  leading edge of 'aes_clk'
Beginpoint: _19477_/Q (^) triggered by  leading edge of 'aes_clk'
Path Groups: {aes_clk}
Analysis View: VIEW_TYP
Other End Arrival Time          0.000
- Setup                         0.033
+ Phase Shift                   2.000
- Uncertainty                   0.100
= Required Time                 1.867
- Arrival Time                  2.541
= Slack Time                   -0.674
     Clock Rise Edge                      0.000
     = Beginpoint Arrival Time            0.000
     Timing Path:
     +------------------------------------------------------------------+ 
     | Instance |     Arc      |   Cell    | Delay | Arrival | Required | 
     |          |              |           |       |  Time   |   Time   | 
     |----------+--------------+-----------+-------+---------+----------| 
     |          | clk ^        |           |       |   0.000 |   -0.674 | 
     | _19477_  | CK ^ -> Q ^  | DFF_X1    | 0.316 |   0.316 |   -0.358 | 
     | _09768_  | A ^ -> ZN v  | INV_X1    | 0.839 |   1.155 |    0.481 | 
     | _10626_  | S v -> Z v   | MUX2_X1   | 0.293 |   1.448 |    0.774 | 
     | _10628_  | B v -> Z ^   | XOR2_X1   | 0.755 |   2.203 |    1.529 | 
     | _10752_  | A1 ^ -> ZN v | NAND2_X1  | 0.109 |   2.312 |    1.638 | 
     | _10947_  | A v -> ZN ^  | AOI211_X1 | 0.105 |   2.416 |    1.742 | 
     | _10950_  | B1 ^ -> ZN v | OAI21_X1  | 0.023 |   2.440 |    1.766 | 
     | _10957_  | A2 v -> ZN ^ | NAND3_X1  | 0.033 |   2.473 |    1.799 | 
     | _10974_  | A2 ^ -> ZN v | NAND2_X1  | 0.020 |   2.493 |    1.819 | 
     | _10976_  | B1 v -> ZN ^ | OAI21_X1  | 0.047 |   2.541 |    1.866 | 
     | _19696_  | D ^          | DFF_X1    | 0.000 |   2.541 |    1.867 | 
     +------------------------------------------------------------------+ 
     Clock Rise Edge                      0.000
     = Beginpoint Arrival Time            0.000
     Other End Path:
     +--------------------------------------------------------+ 
     | Instance |  Arc  |  Cell  | Delay | Arrival | Required | 
     |          |       |        |       |  Time   |   Time   | 
     |----------+-------+--------+-------+---------+----------| 
     |          | clk ^ |        |       |   0.000 |    0.674 | 
     | _19696_  | CK ^  | DFF_X1 | 0.000 |   0.000 |    0.674 | 
     +--------------------------------------------------------+ 
Path 5: VIOLATED Setup Check with Pin _19647_/CK 
Endpoint:   _19647_/D (^) checked with  leading edge of 'aes_clk'
Beginpoint: _19477_/Q (^) triggered by  leading edge of 'aes_clk'
Path Groups: {aes_clk}
Analysis View: VIEW_TYP
Other End Arrival Time          0.000
- Setup                         0.030
+ Phase Shift                   2.000
- Uncertainty                   0.100
= Required Time                 1.870
- Arrival Time                  2.542
= Slack Time                   -0.673
     Clock Rise Edge                      0.000
     = Beginpoint Arrival Time            0.000
     Timing Path:
     +------------------------------------------------------------------+ 
     | Instance |     Arc      |   Cell    | Delay | Arrival | Required | 
     |          |              |           |       |  Time   |   Time   | 
     |----------+--------------+-----------+-------+---------+----------| 
     |          | clk ^        |           |       |   0.000 |   -0.673 | 
     | _19477_  | CK ^ -> Q ^  | DFF_X1    | 0.316 |   0.316 |   -0.357 | 
     | _09768_  | A ^ -> ZN v  | INV_X1    | 0.839 |   1.155 |    0.482 | 
     | _11445_  | S v -> Z v   | MUX2_X1   | 0.298 |   1.453 |    0.780 | 
     | _11447_  | B v -> Z ^   | XOR2_X1   | 0.665 |   2.118 |    1.445 | 
     | _11509_  | A ^ -> ZN v  | AOI21_X1  | 0.141 |   2.259 |    1.586 | 
     | _11519_  | A2 v -> ZN ^ | NAND2_X1  | 0.078 |   2.337 |    1.664 | 
     | _12214_  | B2 ^ -> ZN v | OAI221_X1 | 0.039 |   2.376 |    1.704 | 
     | _12216_  | B v -> ZN ^  | OAI211_X1 | 0.054 |   2.430 |    1.757 | 
     | _12217_  | B ^ -> ZN v  | OAI211_X1 | 0.032 |   2.462 |    1.789 | 
     | _12218_  | A2 v -> ZN v | AND2_X1   | 0.056 |   2.517 |    1.845 | 
     | _12219_  | B1 v -> ZN ^ | AOI21_X1  | 0.025 |   2.542 |    1.870 | 
     | _19647_  | D ^          | DFF_X1    | 0.000 |   2.542 |    1.870 | 
     +------------------------------------------------------------------+ 
     Clock Rise Edge                      0.000
     = Beginpoint Arrival Time            0.000
     Other End Path:
     +--------------------------------------------------------+ 
     | Instance |  Arc  |  Cell  | Delay | Arrival | Required | 
     |          |       |        |       |  Time   |   Time   | 
     |----------+-------+--------+-------+---------+----------| 
     |          | clk ^ |        |       |   0.000 |    0.673 | 
     | _19647_  | CK ^  | DFF_X1 | 0.000 |   0.000 |    0.673 | 
     +--------------------------------------------------------+ 
Path 6: VIOLATED Setup Check with Pin _19641_/CK 
Endpoint:   _19641_/D (v) checked with  leading edge of 'aes_clk'
Beginpoint: _19477_/Q (^) triggered by  leading edge of 'aes_clk'
Path Groups: {aes_clk}
Analysis View: VIEW_TYP
Other End Arrival Time          0.000
- Setup                         0.026
+ Phase Shift                   2.000
- Uncertainty                   0.100
= Required Time                 1.874
- Arrival Time                  2.540
= Slack Time                   -0.666
     Clock Rise Edge                      0.000
     = Beginpoint Arrival Time            0.000
     Timing Path:
     +------------------------------------------------------------------+ 
     | Instance |     Arc      |   Cell    | Delay | Arrival | Required | 
     |          |              |           |       |  Time   |   Time   | 
     |----------+--------------+-----------+-------+---------+----------| 
     |          | clk ^        |           |       |   0.000 |   -0.666 | 
     | _19477_  | CK ^ -> Q ^  | DFF_X1    | 0.316 |   0.316 |   -0.350 | 
     | _09768_  | A ^ -> ZN v  | INV_X1    | 0.839 |   1.155 |    0.489 | 
     | _09801_  | S v -> Z v   | MUX2_X1   | 0.313 |   1.467 |    0.802 | 
     | _09803_  | B v -> Z ^   | XOR2_X1   | 0.603 |   2.070 |    1.404 | 
     | _09963_  | A ^ -> ZN v  | AOI21_X1  | 0.127 |   2.197 |    1.531 | 
     | _10022_  | A3 v -> ZN v | AND3_X1   | 0.093 |   2.290 |    1.624 | 
     | _10108_  | A v -> ZN ^  | AOI21_X1  | 0.045 |   2.335 |    1.669 | 
     | _10109_  | B1 ^ -> ZN v | OAI21_X1  | 0.021 |   2.356 |    1.690 | 
     | _10111_  | C1 v -> ZN ^ | AOI211_X1 | 0.090 |   2.446 |    1.780 | 
     | _10121_  | A ^ -> ZN v  | AOI21_X1  | 0.026 |   2.472 |    1.807 | 
     | _10122_  | B v -> Z v   | MUX2_X1   | 0.067 |   2.540 |    1.874 | 
     | _19641_  | D v          | DFF_X1    | 0.000 |   2.540 |    1.874 | 
     +------------------------------------------------------------------+ 
     Clock Rise Edge                      0.000
     = Beginpoint Arrival Time            0.000
     Other End Path:
     +--------------------------------------------------------+ 
     | Instance |  Arc  |  Cell  | Delay | Arrival | Required | 
     |          |       |        |       |  Time   |   Time   | 
     |----------+-------+--------+-------+---------+----------| 
     |          | clk ^ |        |       |   0.000 |    0.666 | 
     | _19641_  | CK ^  | DFF_X1 | 0.000 |   0.000 |    0.666 | 
     +--------------------------------------------------------+ 
Path 7: VIOLATED Setup Check with Pin _19731_/CK 
Endpoint:   _19731_/D (^) checked with  leading edge of 'aes_clk'
Beginpoint: _19477_/Q (^) triggered by  leading edge of 'aes_clk'
Path Groups: {aes_clk}
Analysis View: VIEW_TYP
Other End Arrival Time          0.000
- Setup                         0.030
+ Phase Shift                   2.000
- Uncertainty                   0.100
= Required Time                 1.870
- Arrival Time                  2.529
= Slack Time                   -0.659
     Clock Rise Edge                      0.000
     = Beginpoint Arrival Time            0.000
     Timing Path:
     +-----------------------------------------------------------------+ 
     | Instance |     Arc      |   Cell   | Delay | Arrival | Required | 
     |          |              |          |       |  Time   |   Time   | 
     |----------+--------------+----------+-------+---------+----------| 
     |          | clk ^        |          |       |   0.000 |   -0.659 | 
     | _19477_  | CK ^ -> Q ^  | DFF_X1   | 0.316 |   0.316 |   -0.343 | 
     | _09768_  | A ^ -> ZN v  | INV_X1   | 0.839 |   1.155 |    0.496 | 
     | _11022_  | A2 v -> ZN ^ | NOR2_X1  | 0.278 |   1.433 |    0.774 | 
     | _11023_  | A ^ -> ZN v  | AOI21_X1 | 0.039 |   1.472 |    0.813 | 
     | _11024_  | B v -> Z ^   | XOR2_X1  | 0.597 |   2.069 |    1.410 | 
     | _11131_  | A ^ -> ZN v  | OAI21_X1 | 0.185 |   2.254 |    1.595 | 
     | _11231_  | B2 v -> ZN ^ | OAI21_X1 | 0.103 |   2.358 |    1.698 | 
     | _11232_  | A ^ -> ZN v  | AOI21_X1 | 0.023 |   2.381 |    1.721 | 
     | _11235_  | B1 v -> ZN ^ | OAI21_X1 | 0.046 |   2.427 |    1.767 | 
     | _11264_  | A3 ^ -> ZN ^ | AND3_X1  | 0.049 |   2.476 |    1.817 | 
     | _11265_  | A ^ -> ZN v  | AOI21_X1 | 0.015 |   2.492 |    1.832 | 
     | _11271_  | B1 v -> ZN ^ | OAI21_X1 | 0.037 |   2.529 |    1.870 | 
     | _19731_  | D ^          | DFF_X1   | 0.000 |   2.529 |    1.870 | 
     +-----------------------------------------------------------------+ 
     Clock Rise Edge                      0.000
     = Beginpoint Arrival Time            0.000
     Other End Path:
     +--------------------------------------------------------+ 
     | Instance |  Arc  |  Cell  | Delay | Arrival | Required | 
     |          |       |        |       |  Time   |   Time   | 
     |----------+-------+--------+-------+---------+----------| 
     |          | clk ^ |        |       |   0.000 |    0.659 | 
     | _19731_  | CK ^  | DFF_X1 | 0.000 |   0.000 |    0.659 | 
     +--------------------------------------------------------+ 
Path 8: VIOLATED Setup Check with Pin _19651_/CK 
Endpoint:   _19651_/D (v) checked with  leading edge of 'aes_clk'
Beginpoint: _19477_/Q (^) triggered by  leading edge of 'aes_clk'
Path Groups: {aes_clk}
Analysis View: VIEW_TYP
Other End Arrival Time          0.000
- Setup                         0.028
+ Phase Shift                   2.000
- Uncertainty                   0.100
= Required Time                 1.872
- Arrival Time                  2.531
= Slack Time                   -0.659
     Clock Rise Edge                      0.000
     = Beginpoint Arrival Time            0.000
     Timing Path:
     +------------------------------------------------------------------+ 
     | Instance |     Arc      |   Cell    | Delay | Arrival | Required | 
     |          |              |           |       |  Time   |   Time   | 
     |----------+--------------+-----------+-------+---------+----------| 
     |          | clk ^        |           |       |   0.000 |   -0.659 | 
     | _19477_  | CK ^ -> Q ^  | DFF_X1    | 0.316 |   0.316 |   -0.343 | 
     | _09768_  | A ^ -> ZN v  | INV_X1    | 0.839 |   1.155 |    0.496 | 
     | _11445_  | S v -> Z v   | MUX2_X1   | 0.298 |   1.453 |    0.794 | 
     | _11447_  | B v -> Z ^   | XOR2_X1   | 0.665 |   2.118 |    1.459 | 
     | _11509_  | A ^ -> ZN v  | AOI21_X1  | 0.141 |   2.259 |    1.600 | 
     | _11519_  | A2 v -> ZN ^ | NAND2_X1  | 0.078 |   2.337 |    1.678 | 
     | _12051_  | A2 ^ -> ZN v | NOR2_X1   | 0.015 |   2.353 |    1.694 | 
     | _12053_  | A3 v -> ZN ^ | OAI33_X1  | 0.074 |   2.427 |    1.768 | 
     | _12067_  | C1 ^ -> ZN v | AOI211_X1 | 0.033 |   2.459 |    1.800 | 
     | _12069_  | B1 v -> ZN ^ | OAI21_X1  | 0.050 |   2.509 |    1.850 | 
     | _12070_  | A ^ -> ZN v  | OAI21_X1  | 0.022 |   2.531 |    1.872 | 
     | _19651_  | D v          | DFF_X1    | 0.000 |   2.531 |    1.872 | 
     +------------------------------------------------------------------+ 
     Clock Rise Edge                      0.000
     = Beginpoint Arrival Time            0.000
     Other End Path:
     +--------------------------------------------------------+ 
     | Instance |  Arc  |  Cell  | Delay | Arrival | Required | 
     |          |       |        |       |  Time   |   Time   | 
     |----------+-------+--------+-------+---------+----------| 
     |          | clk ^ |        |       |   0.000 |    0.659 | 
     | _19651_  | CK ^  | DFF_X1 | 0.000 |   0.000 |    0.659 | 
     +--------------------------------------------------------+ 
Path 9: VIOLATED Setup Check with Pin _19730_/CK 
Endpoint:   _19730_/D (^) checked with  leading edge of 'aes_clk'
Beginpoint: _19477_/Q (^) triggered by  leading edge of 'aes_clk'
Path Groups: {aes_clk}
Analysis View: VIEW_TYP
Other End Arrival Time          0.000
- Setup                         0.035
+ Phase Shift                   2.000
- Uncertainty                   0.100
= Required Time                 1.865
- Arrival Time                  2.524
= Slack Time                   -0.659
     Clock Rise Edge                      0.000
     = Beginpoint Arrival Time            0.000
     Timing Path:
     +------------------------------------------------------------------+ 
     | Instance |     Arc      |   Cell    | Delay | Arrival | Required | 
     |          |              |           |       |  Time   |   Time   | 
     |----------+--------------+-----------+-------+---------+----------| 
     |          | clk ^        |           |       |   0.000 |   -0.659 | 
     | _19477_  | CK ^ -> Q ^  | DFF_X1    | 0.316 |   0.316 |   -0.343 | 
     | _09768_  | A ^ -> ZN v  | INV_X1    | 0.839 |   1.155 |    0.496 | 
     | _11022_  | A2 v -> ZN ^ | NOR2_X1   | 0.278 |   1.433 |    0.774 | 
     | _11023_  | A ^ -> ZN v  | AOI21_X1  | 0.039 |   1.472 |    0.813 | 
     | _11024_  | B v -> Z ^   | XOR2_X1   | 0.597 |   2.069 |    1.410 | 
     | _11131_  | A ^ -> ZN v  | OAI21_X1  | 0.185 |   2.254 |    1.595 | 
     | _11295_  | C1 v -> ZN ^ | AOI211_X1 | 0.094 |   2.348 |    1.689 | 
     | _11296_  | B ^ -> ZN v  | AOI211_X1 | 0.025 |   2.373 |    1.714 | 
     | _11297_  | A2 v -> ZN ^ | NOR2_X1   | 0.051 |   2.424 |    1.765 | 
     | _11307_  | C1 ^ -> ZN v | AOI211_X1 | 0.021 |   2.445 |    1.786 | 
     | _11309_  | A v -> ZN ^  | AOI21_X1  | 0.077 |   2.523 |    1.864 | 
     | _19730_  | D ^          | DFF_X1    | 0.001 |   2.524 |    1.865 | 
     +------------------------------------------------------------------+ 
     Clock Rise Edge                      0.000
     = Beginpoint Arrival Time            0.000
     Other End Path:
     +--------------------------------------------------------+ 
     | Instance |  Arc  |  Cell  | Delay | Arrival | Required | 
     |          |       |        |       |  Time   |   Time   | 
     |----------+-------+--------+-------+---------+----------| 
     |          | clk ^ |        |       |   0.000 |    0.659 | 
     | _19730_  | CK ^  | DFF_X1 | 0.000 |   0.000 |    0.659 | 
     +--------------------------------------------------------+ 
Path 10: VIOLATED Setup Check with Pin _19671_/CK 
Endpoint:   _19671_/D (^) checked with  leading edge of 'aes_clk'
Beginpoint: _19477_/Q (^) triggered by  leading edge of 'aes_clk'
Path Groups: {aes_clk}
Analysis View: VIEW_TYP
Other End Arrival Time          0.000
- Setup                         0.030
+ Phase Shift                   2.000
- Uncertainty                   0.100
= Required Time                 1.870
- Arrival Time                  2.525
= Slack Time                   -0.655
     Clock Rise Edge                      0.000
     = Beginpoint Arrival Time            0.000
     Timing Path:
     +------------------------------------------------------------------+ 
     | Instance |     Arc      |   Cell    | Delay | Arrival | Required | 
     |          |              |           |       |  Time   |   Time   | 
     |----------+--------------+-----------+-------+---------+----------| 
     |          | clk ^        |           |       |   0.000 |   -0.655 | 
     | _19477_  | CK ^ -> Q ^  | DFF_X1    | 0.316 |   0.316 |   -0.338 | 
     | _09768_  | A ^ -> ZN v  | INV_X1    | 0.839 |   1.155 |    0.500 | 
     | _18411_  | S v -> Z v   | MUX2_X1   | 0.306 |   1.461 |    0.807 | 
     | _18413_  | B v -> Z ^   | XOR2_X1   | 0.625 |   2.086 |    1.432 | 
     | _18498_  | A1 ^ -> ZN v | NAND2_X1  | 0.167 |   2.253 |    1.599 | 
     | _18541_  | C1 v -> ZN ^ | OAI211_X1 | 0.104 |   2.357 |    1.702 | 
     | _18809_  | B2 ^ -> ZN v | OAI221_X1 | 0.042 |   2.398 |    1.744 | 
     | _18810_  | B2 v -> ZN ^ | AOI21_X1  | 0.057 |   2.456 |    1.801 | 
     | _18811_  | A3 ^ -> ZN v | NOR3_X1   | 0.022 |   2.478 |    1.823 | 
     | _18818_  | A v -> ZN ^  | AOI21_X1  | 0.047 |   2.524 |    1.870 | 
     | _19671_  | D ^          | DFF_X1    | 0.000 |   2.525 |    1.870 | 
     +------------------------------------------------------------------+ 
     Clock Rise Edge                      0.000
     = Beginpoint Arrival Time            0.000
     Other End Path:
     +--------------------------------------------------------+ 
     | Instance |  Arc  |  Cell  | Delay | Arrival | Required | 
     |          |       |        |       |  Time   |   Time   | 
     |----------+-------+--------+-------+---------+----------| 
     |          | clk ^ |        |       |   0.000 |    0.655 | 
     | _19671_  | CK ^  | DFF_X1 | 0.000 |   0.000 |    0.655 | 
     +--------------------------------------------------------+ 
Path 11: VIOLATED Setup Check with Pin _19649_/CK 
Endpoint:   _19649_/D (v) checked with  leading edge of 'aes_clk'
Beginpoint: _19477_/Q (^) triggered by  leading edge of 'aes_clk'
Path Groups: {aes_clk}
Analysis View: VIEW_TYP
Other End Arrival Time          0.000
- Setup                         0.028
+ Phase Shift                   2.000
- Uncertainty                   0.100
= Required Time                 1.872
- Arrival Time                  2.524
= Slack Time                   -0.652
     Clock Rise Edge                      0.000
     = Beginpoint Arrival Time            0.000
     Timing Path:
     +------------------------------------------------------------------+ 
     | Instance |     Arc      |   Cell    | Delay | Arrival | Required | 
     |          |              |           |       |  Time   |   Time   | 
     |----------+--------------+-----------+-------+---------+----------| 
     |          | clk ^        |           |       |   0.000 |   -0.652 | 
     | _19477_  | CK ^ -> Q ^  | DFF_X1    | 0.316 |   0.316 |   -0.336 | 
     | _09768_  | A ^ -> ZN v  | INV_X1    | 0.839 |   1.155 |    0.503 | 
     | _11445_  | S v -> Z v   | MUX2_X1   | 0.298 |   1.453 |    0.801 | 
     | _11447_  | B v -> Z ^   | XOR2_X1   | 0.665 |   2.118 |    1.466 | 
     | _11480_  | A ^ -> ZN v  | AOI21_X1  | 0.079 |   2.197 |    1.545 | 
     | _12116_  | A3 v -> ZN ^ | NAND3_X1  | 0.082 |   2.279 |    1.627 | 
     | _12118_  | B1 ^ -> ZN v | AOI21_X1  | 0.022 |   2.301 |    1.649 | 
     | _12120_  | B v -> ZN ^  | AOI211_X1 | 0.095 |   2.395 |    1.744 | 
     | _12125_  | A2 ^ -> ZN v | NOR2_X1   | 0.016 |   2.411 |    1.759 | 
     | _12134_  | B2 v -> ZN ^ | AOI221_X1 | 0.094 |   2.505 |    1.853 | 
     | _12155_  | A ^ -> ZN v  | AOI21_X1  | 0.019 |   2.524 |    1.872 | 
     | _19649_  | D v          | DFF_X1    | 0.000 |   2.524 |    1.872 | 
     +------------------------------------------------------------------+ 
     Clock Rise Edge                      0.000
     = Beginpoint Arrival Time            0.000
     Other End Path:
     +--------------------------------------------------------+ 
     | Instance |  Arc  |  Cell  | Delay | Arrival | Required | 
     |          |       |        |       |  Time   |   Time   | 
     |----------+-------+--------+-------+---------+----------| 
     |          | clk ^ |        |       |   0.000 |    0.652 | 
     | _19649_  | CK ^  | DFF_X1 | 0.000 |   0.000 |    0.652 | 
     +--------------------------------------------------------+ 
Path 12: VIOLATED Setup Check with Pin _19695_/CK 
Endpoint:   _19695_/D (v) checked with  leading edge of 'aes_clk'
Beginpoint: _19477_/Q (^) triggered by  leading edge of 'aes_clk'
Path Groups: {aes_clk}
Analysis View: VIEW_TYP
Other End Arrival Time          0.000
- Setup                         0.031
+ Phase Shift                   2.000
- Uncertainty                   0.100
= Required Time                 1.869
- Arrival Time                  2.521
= Slack Time                   -0.651
     Clock Rise Edge                      0.000
     = Beginpoint Arrival Time            0.000
     Timing Path:
     +------------------------------------------------------------------+ 
     | Instance |     Arc      |   Cell    | Delay | Arrival | Required | 
     |          |              |           |       |  Time   |   Time   | 
     |----------+--------------+-----------+-------+---------+----------| 
     |          | clk ^        |           |       |   0.000 |   -0.651 | 
     | _19477_  | CK ^ -> Q ^  | DFF_X1    | 0.316 |   0.316 |   -0.335 | 
     | _09768_  | A ^ -> ZN v  | INV_X1    | 0.839 |   1.155 |    0.503 | 
     | _10626_  | S v -> Z v   | MUX2_X1   | 0.293 |   1.448 |    0.797 | 
     | _10628_  | B v -> Z ^   | XOR2_X1   | 0.755 |   2.203 |    1.551 | 
     | _10752_  | A1 ^ -> ZN v | NAND2_X1  | 0.109 |   2.312 |    1.660 | 
     | _10754_  | A v -> ZN ^  | AOI21_X1  | 0.097 |   2.409 |    1.757 | 
     | _11002_  | C2 ^ -> ZN v | AOI221_X1 | 0.024 |   2.433 |    1.781 | 
     | _11005_  | B1 v -> ZN ^ | OAI21_X1  | 0.055 |   2.488 |    1.836 | 
     | _11006_  | B1 ^ -> ZN v | OAI21_X1  | 0.032 |   2.520 |    1.869 | 
     | _19695_  | D v          | DFF_X1    | 0.001 |   2.521 |    1.869 | 
     +------------------------------------------------------------------+ 
     Clock Rise Edge                      0.000
     = Beginpoint Arrival Time            0.000
     Other End Path:
     +--------------------------------------------------------+ 
     | Instance |  Arc  |  Cell  | Delay | Arrival | Required | 
     |          |       |        |       |  Time   |   Time   | 
     |----------+-------+--------+-------+---------+----------| 
     |          | clk ^ |        |       |   0.000 |    0.651 | 
     | _19695_  | CK ^  | DFF_X1 | 0.000 |   0.000 |    0.651 | 
     +--------------------------------------------------------+ 
Path 13: VIOLATED Setup Check with Pin _19653_/CK 
Endpoint:   _19653_/D (^) checked with  leading edge of 'aes_clk'
Beginpoint: _19477_/Q (^) triggered by  leading edge of 'aes_clk'
Path Groups: {aes_clk}
Analysis View: VIEW_TYP
Other End Arrival Time          0.000
- Setup                         0.033
+ Phase Shift                   2.000
- Uncertainty                   0.100
= Required Time                 1.867
- Arrival Time                  2.518
= Slack Time                   -0.651
     Clock Rise Edge                      0.000
     = Beginpoint Arrival Time            0.000
     Timing Path:
     +------------------------------------------------------------------+ 
     | Instance |     Arc      |   Cell    | Delay | Arrival | Required | 
     |          |              |           |       |  Time   |   Time   | 
     |----------+--------------+-----------+-------+---------+----------| 
     |          | clk ^        |           |       |   0.000 |   -0.651 | 
     | _19477_  | CK ^ -> Q ^  | DFF_X1    | 0.316 |   0.316 |   -0.335 | 
     | _09768_  | A ^ -> ZN v  | INV_X1    | 0.839 |   1.155 |    0.504 | 
     | _11445_  | S v -> Z v   | MUX2_X1   | 0.298 |   1.453 |    0.802 | 
     | _11447_  | B v -> Z ^   | XOR2_X1   | 0.665 |   2.118 |    1.466 | 
     | _11480_  | A ^ -> ZN v  | AOI21_X1  | 0.079 |   2.197 |    1.546 | 
     | _11481_  | A2 v -> ZN ^ | NAND2_X1  | 0.086 |   2.283 |    1.632 | 
     | _11486_  | B1 ^ -> ZN v | AOI21_X1  | 0.021 |   2.303 |    1.652 | 
     | _11492_  | B v -> ZN ^  | AOI211_X1 | 0.100 |   2.403 |    1.752 | 
     | _11494_  | A1 ^ -> ZN ^ | OR2_X1    | 0.033 |   2.436 |    1.785 | 
     | _11532_  | A2 ^ -> ZN v | AOI22_X1  | 0.018 |   2.454 |    1.802 | 
     | _11557_  | B1 v -> ZN ^ | OAI21_X1  | 0.064 |   2.517 |    1.866 | 
     | _19653_  | D ^          | DFF_X1    | 0.001 |   2.518 |    1.867 | 
     +------------------------------------------------------------------+ 
     Clock Rise Edge                      0.000
     = Beginpoint Arrival Time            0.000
     Other End Path:
     +--------------------------------------------------------+ 
     | Instance |  Arc  |  Cell  | Delay | Arrival | Required | 
     |          |       |        |       |  Time   |   Time   | 
     |----------+-------+--------+-------+---------+----------| 
     |          | clk ^ |        |       |   0.000 |    0.651 | 
     | _19653_  | CK ^  | DFF_X1 | 0.000 |   0.000 |    0.651 | 
     +--------------------------------------------------------+ 
Path 14: VIOLATED Setup Check with Pin _19654_/CK 
Endpoint:   _19654_/D (v) checked with  leading edge of 'aes_clk'
Beginpoint: _19477_/Q (^) triggered by  leading edge of 'aes_clk'
Path Groups: {aes_clk}
Analysis View: VIEW_TYP
Other End Arrival Time          0.000
- Setup                         0.037
+ Phase Shift                   2.000
- Uncertainty                   0.100
= Required Time                 1.863
- Arrival Time                  2.512
= Slack Time                   -0.648
     Clock Rise Edge                      0.000
     = Beginpoint Arrival Time            0.000
     Timing Path:
     +------------------------------------------------------------------+ 
     | Instance |     Arc      |   Cell    | Delay | Arrival | Required | 
     |          |              |           |       |  Time   |   Time   | 
     |----------+--------------+-----------+-------+---------+----------| 
     |          | clk ^        |           |       |   0.000 |   -0.648 | 
     | _19477_  | CK ^ -> Q ^  | DFF_X1    | 0.316 |   0.316 |   -0.332 | 
     | _09768_  | A ^ -> ZN v  | INV_X1    | 0.839 |   1.155 |    0.507 | 
     | _11445_  | S v -> Z v   | MUX2_X1   | 0.298 |   1.453 |    0.805 | 
     | _11447_  | B v -> Z ^   | XOR2_X1   | 0.665 |   2.118 |    1.470 | 
     | _11509_  | A ^ -> ZN v  | AOI21_X1  | 0.141 |   2.259 |    1.611 | 
     | _12181_  | B2 v -> ZN ^ | AOI21_X1  | 0.102 |   2.361 |    1.713 | 
     | _18119_  | A1 ^ -> ZN v | NAND2_X1  | 0.021 |   2.382 |    1.733 | 
     | _18121_  | B v -> ZN ^  | OAI211_X1 | 0.028 |   2.409 |    1.761 | 
     | _18123_  | B1 ^ -> ZN v | AOI21_X1  | 0.021 |   2.430 |    1.782 | 
     | _18124_  | A3 v -> ZN ^ | NOR3_X1   | 0.062 |   2.492 |    1.844 | 
     | _18140_  | A ^ -> ZN v  | AOI21_X1  | 0.019 |   2.511 |    1.863 | 
     | _19654_  | D v          | DFF_X1    | 0.000 |   2.512 |    1.863 | 
     +------------------------------------------------------------------+ 
     Clock Rise Edge                      0.000
     = Beginpoint Arrival Time            0.000
     Other End Path:
     +--------------------------------------------------------+ 
     | Instance |  Arc  |  Cell  | Delay | Arrival | Required | 
     |          |       |        |       |  Time   |   Time   | 
     |----------+-------+--------+-------+---------+----------| 
     |          | clk ^ |        |       |   0.000 |    0.648 | 
     | _19654_  | CK ^  | DFF_X1 | 0.000 |   0.000 |    0.648 | 
     +--------------------------------------------------------+ 
Path 15: VIOLATED Setup Check with Pin _19643_/CK 
Endpoint:   _19643_/D (v) checked with  leading edge of 'aes_clk'
Beginpoint: _19477_/Q (^) triggered by  leading edge of 'aes_clk'
Path Groups: {aes_clk}
Analysis View: VIEW_TYP
Other End Arrival Time          0.000
- Setup                         0.032
+ Phase Shift                   2.000
- Uncertainty                   0.100
= Required Time                 1.868
- Arrival Time                  2.512
= Slack Time                   -0.645
     Clock Rise Edge                      0.000
     = Beginpoint Arrival Time            0.000
     Timing Path:
     +-----------------------------------------------------------------+ 
     | Instance |     Arc      |   Cell   | Delay | Arrival | Required | 
     |          |              |          |       |  Time   |   Time   | 
     |----------+--------------+----------+-------+---------+----------| 
     |          | clk ^        |          |       |   0.000 |   -0.645 | 
     | _19477_  | CK ^ -> Q ^  | DFF_X1   | 0.316 |   0.316 |   -0.328 | 
     | _09768_  | A ^ -> ZN v  | INV_X1   | 0.839 |   1.155 |    0.510 | 
     | _09801_  | S v -> Z v   | MUX2_X1  | 0.313 |   1.467 |    0.823 | 
     | _09803_  | B v -> Z ^   | XOR2_X1  | 0.603 |   2.070 |    1.426 | 
     | _09963_  | A ^ -> ZN v  | AOI21_X1 | 0.127 |   2.197 |    1.553 | 
     | _10022_  | A3 v -> ZN v | AND3_X1  | 0.093 |   2.290 |    1.645 | 
     | _10023_  | A3 v -> ZN v | OR3_X1   | 0.086 |   2.376 |    1.732 | 
     | _10026_  | A v -> ZN ^  | OAI21_X1 | 0.030 |   2.407 |    1.762 | 
     | _10028_  | B1 ^ -> ZN v | OAI21_X1 | 0.027 |   2.433 |    1.789 | 
     | _10038_  | A2 v -> ZN ^ | OAI22_X1 | 0.054 |   2.487 |    1.843 | 
     | _10039_  | B1 ^ -> ZN v | OAI22_X1 | 0.025 |   2.512 |    1.868 | 
     | _19643_  | D v          | DFF_X1   | 0.000 |   2.512 |    1.868 | 
     +-----------------------------------------------------------------+ 
     Clock Rise Edge                      0.000
     = Beginpoint Arrival Time            0.000
     Other End Path:
     +--------------------------------------------------------+ 
     | Instance |  Arc  |  Cell  | Delay | Arrival | Required | 
     |          |       |        |       |  Time   |   Time   | 
     |----------+-------+--------+-------+---------+----------| 
     |          | clk ^ |        |       |   0.000 |    0.645 | 
     | _19643_  | CK ^  | DFF_X1 | 0.000 |   0.000 |    0.645 | 
     +--------------------------------------------------------+ 
Path 16: VIOLATED Setup Check with Pin _19699_/CK 
Endpoint:   _19699_/D (^) checked with  leading edge of 'aes_clk'
Beginpoint: _19477_/Q (^) triggered by  leading edge of 'aes_clk'
Path Groups: {aes_clk}
Analysis View: VIEW_TYP
Other End Arrival Time          0.000
- Setup                         0.035
+ Phase Shift                   2.000
- Uncertainty                   0.100
= Required Time                 1.865
- Arrival Time                  2.506
= Slack Time                   -0.641
     Clock Rise Edge                      0.000
     = Beginpoint Arrival Time            0.000
     Timing Path:
     +------------------------------------------------------------------+ 
     | Instance |     Arc      |   Cell    | Delay | Arrival | Required | 
     |          |              |           |       |  Time   |   Time   | 
     |----------+--------------+-----------+-------+---------+----------| 
     |          | clk ^        |           |       |   0.000 |   -0.641 | 
     | _19477_  | CK ^ -> Q ^  | DFF_X1    | 0.316 |   0.316 |   -0.325 | 
     | _09768_  | A ^ -> ZN v  | INV_X1    | 0.839 |   1.155 |    0.514 | 
     | _10626_  | S v -> Z v   | MUX2_X1   | 0.293 |   1.448 |    0.807 | 
     | _10628_  | B v -> Z ^   | XOR2_X1   | 0.755 |   2.203 |    1.562 | 
     | _10827_  | A ^ -> ZN v  | OAI21_X1  | 0.079 |   2.282 |    1.641 | 
     | _10828_  | A v -> ZN ^  | INV_X1    | 0.038 |   2.320 |    1.679 | 
     | _10830_  | C1 ^ -> ZN v | AOI211_X1 | 0.019 |   2.339 |    1.698 | 
     | _10831_  | A v -> ZN ^  | AOI21_X1  | 0.063 |   2.401 |    1.760 | 
     | _10840_  | B1 ^ -> ZN v | OAI21_X1  | 0.030 |   2.432 |    1.791 | 
     | _10863_  | B1 v -> ZN ^ | AOI21_X1  | 0.073 |   2.505 |    1.864 | 
     | _19699_  | D ^          | DFF_X1    | 0.001 |   2.506 |    1.865 | 
     +------------------------------------------------------------------+ 
     Clock Rise Edge                      0.000
     = Beginpoint Arrival Time            0.000
     Other End Path:
     +--------------------------------------------------------+ 
     | Instance |  Arc  |  Cell  | Delay | Arrival | Required | 
     |          |       |        |       |  Time   |   Time   | 
     |----------+-------+--------+-------+---------+----------| 
     |          | clk ^ |        |       |   0.000 |    0.641 | 
     | _19699_  | CK ^  | DFF_X1 | 0.000 |   0.000 |    0.641 | 
     +--------------------------------------------------------+ 
Path 17: VIOLATED Setup Check with Pin _19727_/CK 
Endpoint:   _19727_/D (^) checked with  leading edge of 'aes_clk'
Beginpoint: _19477_/Q (^) triggered by  leading edge of 'aes_clk'
Path Groups: {aes_clk}
Analysis View: VIEW_TYP
Other End Arrival Time          0.000
- Setup                         0.032
+ Phase Shift                   2.000
- Uncertainty                   0.100
= Required Time                 1.868
- Arrival Time                  2.508
= Slack Time                   -0.640
     Clock Rise Edge                      0.000
     = Beginpoint Arrival Time            0.000
     Timing Path:
     +------------------------------------------------------------------+ 
     | Instance |     Arc      |   Cell    | Delay | Arrival | Required | 
     |          |              |           |       |  Time   |   Time   | 
     |----------+--------------+-----------+-------+---------+----------| 
     |          | clk ^        |           |       |   0.000 |   -0.640 | 
     | _19477_  | CK ^ -> Q ^  | DFF_X1    | 0.316 |   0.316 |   -0.324 | 
     | _09768_  | A ^ -> ZN v  | INV_X1    | 0.839 |   1.155 |    0.515 | 
     | _11022_  | A2 v -> ZN ^ | NOR2_X1   | 0.278 |   1.433 |    0.793 | 
     | _11023_  | A ^ -> ZN v  | AOI21_X1  | 0.039 |   1.472 |    0.832 | 
     | _11024_  | B v -> Z ^   | XOR2_X1   | 0.597 |   2.069 |    1.429 | 
     | _11131_  | A ^ -> ZN v  | OAI21_X1  | 0.185 |   2.254 |    1.614 | 
     | _11231_  | B2 v -> ZN ^ | OAI21_X1  | 0.103 |   2.358 |    1.717 | 
     | _18276_  | A ^ -> ZN v  | AOI21_X1  | 0.021 |   2.379 |    1.739 | 
     | _18278_  | C1 v -> ZN ^ | OAI211_X1 | 0.053 |   2.432 |    1.791 | 
     | _18284_  | B1 ^ -> ZN v | AOI21_X1  | 0.021 |   2.453 |    1.813 | 
     | _18301_  | A v -> ZN ^  | AOI21_X1  | 0.055 |   2.508 |    1.868 | 
     | _19727_  | D ^          | DFF_X1    | 0.000 |   2.508 |    1.868 | 
     +------------------------------------------------------------------+ 
     Clock Rise Edge                      0.000
     = Beginpoint Arrival Time            0.000
     Other End Path:
     +--------------------------------------------------------+ 
     | Instance |  Arc  |  Cell  | Delay | Arrival | Required | 
     |          |       |        |       |  Time   |   Time   | 
     |----------+-------+--------+-------+---------+----------| 
     |          | clk ^ |        |       |   0.000 |    0.640 | 
     | _19727_  | CK ^  | DFF_X1 | 0.000 |   0.000 |    0.640 | 
     +--------------------------------------------------------+ 
Path 18: VIOLATED Setup Check with Pin _19673_/CK 
Endpoint:   _19673_/D (v) checked with  leading edge of 'aes_clk'
Beginpoint: _19477_/Q (^) triggered by  leading edge of 'aes_clk'
Path Groups: {aes_clk}
Analysis View: VIEW_TYP
Other End Arrival Time          0.000
- Setup                         0.030
+ Phase Shift                   2.000
- Uncertainty                   0.100
= Required Time                 1.870
- Arrival Time                  2.508
= Slack Time                   -0.638
     Clock Rise Edge                      0.000
     = Beginpoint Arrival Time            0.000
     Timing Path:
     +------------------------------------------------------------------+ 
     | Instance |     Arc      |   Cell    | Delay | Arrival | Required | 
     |          |              |           |       |  Time   |   Time   | 
     |----------+--------------+-----------+-------+---------+----------| 
     |          | clk ^        |           |       |   0.000 |   -0.638 | 
     | _19477_  | CK ^ -> Q ^  | DFF_X1    | 0.316 |   0.316 |   -0.322 | 
     | _09768_  | A ^ -> ZN v  | INV_X1    | 0.839 |   1.155 |    0.517 | 
     | _18411_  | S v -> Z v   | MUX2_X1   | 0.306 |   1.461 |    0.823 | 
     | _18413_  | B v -> Z ^   | XOR2_X1   | 0.625 |   2.086 |    1.448 | 
     | _18498_  | A1 ^ -> ZN v | NAND2_X1  | 0.167 |   2.253 |    1.615 | 
     | _18714_  | B1 v -> ZN ^ | AOI221_X1 | 0.117 |   2.370 |    1.732 | 
     | _18715_  | B ^ -> ZN v  | AOI211_X1 | 0.022 |   2.392 |    1.754 | 
     | _18745_  | A2 v -> ZN ^ | NOR3_X1   | 0.069 |   2.462 |    1.824 | 
     | _18746_  | A2 ^ -> ZN ^ | OR2_X1    | 0.034 |   2.496 |    1.858 | 
     | _18749_  | B1 ^ -> ZN v | AOI21_X1  | 0.013 |   2.508 |    1.870 | 
     | _19673_  | D v          | DFF_X1    | 0.000 |   2.508 |    1.870 | 
     +------------------------------------------------------------------+ 
     Clock Rise Edge                      0.000
     = Beginpoint Arrival Time            0.000
     Other End Path:
     +--------------------------------------------------------+ 
     | Instance |  Arc  |  Cell  | Delay | Arrival | Required | 
     |          |       |        |       |  Time   |   Time   | 
     |----------+-------+--------+-------+---------+----------| 
     |          | clk ^ |        |       |   0.000 |    0.638 | 
     | _19673_  | CK ^  | DFF_X1 | 0.000 |   0.000 |    0.638 | 
     +--------------------------------------------------------+ 
Path 19: VIOLATED Setup Check with Pin _19650_/CK 
Endpoint:   _19650_/D (v) checked with  leading edge of 'aes_clk'
Beginpoint: _19477_/Q (^) triggered by  leading edge of 'aes_clk'
Path Groups: {aes_clk}
Analysis View: VIEW_TYP
Other End Arrival Time          0.000
- Setup                         0.029
+ Phase Shift                   2.000
- Uncertainty                   0.100
= Required Time                 1.871
- Arrival Time                  2.505
= Slack Time                   -0.634
     Clock Rise Edge                      0.000
     = Beginpoint Arrival Time            0.000
     Timing Path:
     +------------------------------------------------------------------+ 
     | Instance |     Arc      |   Cell    | Delay | Arrival | Required | 
     |          |              |           |       |  Time   |   Time   | 
     |----------+--------------+-----------+-------+---------+----------| 
     |          | clk ^        |           |       |   0.000 |   -0.634 | 
     | _19477_  | CK ^ -> Q ^  | DFF_X1    | 0.316 |   0.316 |   -0.318 | 
     | _09768_  | A ^ -> ZN v  | INV_X1    | 0.839 |   1.155 |    0.520 | 
     | _11445_  | S v -> Z v   | MUX2_X1   | 0.298 |   1.453 |    0.819 | 
     | _11447_  | B v -> Z ^   | XOR2_X1   | 0.665 |   2.118 |    1.483 | 
     | _11509_  | A ^ -> ZN v  | AOI21_X1  | 0.141 |   2.259 |    1.625 | 
     | _12075_  | B2 v -> ZN ^ | AOI221_X1 | 0.122 |   2.381 |    1.747 | 
     | _12076_  | B ^ -> ZN v  | AOI211_X1 | 0.023 |   2.404 |    1.769 | 
     | _12084_  | A2 v -> ZN ^ | NOR3_X1   | 0.077 |   2.480 |    1.846 | 
     | _12115_  | A1 ^ -> ZN v | OAI22_X1  | 0.025 |   2.505 |    1.871 | 
     | _19650_  | D v          | DFF_X1    | 0.000 |   2.505 |    1.871 | 
     +------------------------------------------------------------------+ 
     Clock Rise Edge                      0.000
     = Beginpoint Arrival Time            0.000
     Other End Path:
     +--------------------------------------------------------+ 
     | Instance |  Arc  |  Cell  | Delay | Arrival | Required | 
     |          |       |        |       |  Time   |   Time   | 
     |----------+-------+--------+-------+---------+----------| 
     |          | clk ^ |        |       |   0.000 |    0.634 | 
     | _19650_  | CK ^  | DFF_X1 | 0.000 |   0.000 |    0.634 | 
     +--------------------------------------------------------+ 
Path 20: VIOLATED Setup Check with Pin _19648_/CK 
Endpoint:   _19648_/D (v) checked with  leading edge of 'aes_clk'
Beginpoint: _19477_/Q (^) triggered by  leading edge of 'aes_clk'
Path Groups: {aes_clk}
Analysis View: VIEW_TYP
Other End Arrival Time          0.000
- Setup                         0.027
+ Phase Shift                   2.000
- Uncertainty                   0.100
= Required Time                 1.873
- Arrival Time                  2.505
= Slack Time                   -0.633
     Clock Rise Edge                      0.000
     = Beginpoint Arrival Time            0.000
     Timing Path:
     +-----------------------------------------------------------------+ 
     | Instance |     Arc      |   Cell   | Delay | Arrival | Required | 
     |          |              |          |       |  Time   |   Time   | 
     |----------+--------------+----------+-------+---------+----------| 
     |          | clk ^        |          |       |   0.000 |   -0.633 | 
     | _19477_  | CK ^ -> Q ^  | DFF_X1   | 0.316 |   0.316 |   -0.316 | 
     | _09768_  | A ^ -> ZN v  | INV_X1   | 0.839 |   1.155 |    0.522 | 
     | _11445_  | S v -> Z v   | MUX2_X1  | 0.298 |   1.453 |    0.820 | 
     | _11447_  | B v -> Z ^   | XOR2_X1  | 0.665 |   2.118 |    1.485 | 
     | _11509_  | A ^ -> ZN v  | AOI21_X1 | 0.141 |   2.259 |    1.627 | 
     | _11519_  | A2 v -> ZN ^ | NAND2_X1 | 0.078 |   2.337 |    1.705 | 
     | _12164_  | A3 ^ -> ZN v | NAND3_X1 | 0.026 |   2.363 |    1.730 | 
     | _12166_  | B1 v -> ZN ^ | AOI21_X1 | 0.067 |   2.430 |    1.797 | 
     | _12170_  | B1 ^ -> ZN v | OAI21_X1 | 0.023 |   2.452 |    1.820 | 
     | _12171_  | A2 v -> ZN ^ | NAND2_X1 | 0.031 |   2.483 |    1.851 | 
     | _12191_  | A2 ^ -> ZN v | OAI22_X1 | 0.022 |   2.505 |    1.873 | 
     | _19648_  | D v          | DFF_X1   | 0.000 |   2.505 |    1.873 | 
     +-----------------------------------------------------------------+ 
     Clock Rise Edge                      0.000
     = Beginpoint Arrival Time            0.000
     Other End Path:
     +--------------------------------------------------------+ 
     | Instance |  Arc  |  Cell  | Delay | Arrival | Required | 
     |          |       |        |       |  Time   |   Time   | 
     |----------+-------+--------+-------+---------+----------| 
     |          | clk ^ |        |       |   0.000 |    0.633 | 
     | _19648_  | CK ^  | DFF_X1 | 0.000 |   0.000 |    0.633 | 
     +--------------------------------------------------------+ 

