###############################################################
#  Generated by:      Cadence Innovus 19.10-p002_1
#  OS:                Linux x86_64(Host ID qingteng)
#  Generated on:      Sun Aug 16 19:15:29 2026
#  Design:            aes_cipher_top
#  Command:           report_timing -early -max_paths 20 -path_type full_clock
###############################################################
#################################################################################
# Design Stage: PreRoute
# Design Name: aes_cipher_top
# Design Mode: 45nm
# Analysis Mode: MMMC Non-OCV 
# Parasitics Mode: No SPEF/RCDB
# Signoff Settings: SI Off 
#################################################################################
AAE_INFO: 1 threads acquired from CTE.
Calculate delays in Single mode...
Start delay calculation (fullDC) (1 T). (MEM=1088.79)
Total number of fetched objects 11514
AAE_INFO: Total number of nets for which stage creation was skipped for all views 0
End delay calculation. (MEM=1088.92 CPU=0:00:01.3 REAL=0:00:01.0)
End delay calculation (fullDC). (MEM=1088.92 CPU=0:00:01.8 REAL=0:00:02.0)
Path 1: VIOLATED Hold Check with Pin _19188_/CK 
Endpoint:   _19188_/D (v) checked with  leading edge of 'aes_clk'
Beginpoint: ld        (^) triggered by  leading edge of 'aes_clk'
Path Groups: {aes_clk}
Analysis View: VIEW_TYP
Other End Arrival Time          0.000
+ Hold                          0.011
+ Phase Shift                   0.000
+ Uncertainty                   0.100
= Required Time                 0.111
  Arrival Time                  0.016
  Slack Time                   -0.095
     Clock Rise Edge                      0.000
     + Input Delay                        0.000
     = Beginpoint Arrival Time            0.000
     Timing Path:
     +----------------------------------------------------------------+ 
     | Instance |     Arc      |  Cell   | Delay | Arrival | Required | 
     |          |              |         |       |  Time   |   Time   | 
     |----------+--------------+---------+-------+---------+----------| 
     |          | ld ^         |         |       |   0.000 |    0.095 | 
     | _19149_  | A1 ^ -> ZN v | NOR4_X1 | 0.016 |   0.016 |    0.111 | 
     | _19188_  | D v          | DFF_X1  | 0.000 |   0.016 |    0.111 | 
     +----------------------------------------------------------------+ 
     Clock Rise Edge                      0.000
     = Beginpoint Arrival Time            0.000
     Other End Path:
     +--------------------------------------------------------+ 
     | Instance |  Arc  |  Cell  | Delay | Arrival | Required | 
     |          |       |        |       |  Time   |   Time   | 
     |----------+-------+--------+-------+---------+----------| 
     |          | clk ^ |        |       |   0.000 |   -0.095 | 
     | _19188_  | CK ^  | DFF_X1 | 0.000 |   0.000 |   -0.095 | 
     +--------------------------------------------------------+ 
Path 2: VIOLATED Hold Check with Pin _19187_/CK 
Endpoint:   _19187_/D (^) checked with  leading edge of 'aes_clk'
Beginpoint: rst       (^) triggered by  leading edge of 'aes_clk'
Path Groups: {aes_clk}
Analysis View: VIEW_TYP
Other End Arrival Time          0.000
+ Hold                          0.018
+ Phase Shift                   0.000
+ Uncertainty                   0.100
= Required Time                 0.118
  Arrival Time                  0.029
  Slack Time                   -0.088
     Clock Rise Edge                      0.000
     + Input Delay                        0.000
     = Beginpoint Arrival Time            0.000
     Timing Path:
     +-----------------------------------------------------------------+ 
     | Instance |     Arc      |   Cell   | Delay | Arrival | Required | 
     |          |              |          |       |  Time   |   Time   | 
     |----------+--------------+----------+-------+---------+----------| 
     |          | rst ^        |          |       |   0.000 |    0.088 | 
     | _19146_  | A1 ^ -> ZN v | NAND2_X1 | 0.019 |   0.019 |    0.107 | 
     | _19147_  | A v -> ZN ^  | INV_X1   | 0.011 |   0.029 |    0.118 | 
     | _19187_  | D ^          | DFF_X1   | 0.000 |   0.029 |    0.118 | 
     +-----------------------------------------------------------------+ 
     Clock Rise Edge                      0.000
     = Beginpoint Arrival Time            0.000
     Other End Path:
     +--------------------------------------------------------+ 
     | Instance |  Arc  |  Cell  | Delay | Arrival | Required | 
     |          |       |        |       |  Time   |   Time   | 
     |----------+-------+--------+-------+---------+----------| 
     |          | clk ^ |        |       |   0.000 |   -0.088 | 
     | _19187_  | CK ^  | DFF_X1 | 0.000 |   0.000 |   -0.088 | 
     +--------------------------------------------------------+ 
Path 3: VIOLATED Hold Check with Pin _19186_/CK 
Endpoint:   _19186_/D (^) checked with  leading edge of 'aes_clk'
Beginpoint: rst       (^) triggered by  leading edge of 'aes_clk'
Path Groups: {aes_clk}
Analysis View: VIEW_TYP
Other End Arrival Time          0.000
+ Hold                          0.018
+ Phase Shift                   0.000
+ Uncertainty                   0.100
= Required Time                 0.118
  Arrival Time                  0.034
  Slack Time                   -0.083
     Clock Rise Edge                      0.000
     + Input Delay                        0.000
     = Beginpoint Arrival Time            0.000
     Timing Path:
     +----------------------------------------------------------------+ 
     | Instance |     Arc     |   Cell   | Delay | Arrival | Required | 
     |          |             |          |       |  Time   |   Time   | 
     |----------+-------------+----------+-------+---------+----------| 
     |          | rst ^       |          |       |   0.000 |    0.083 | 
     | _17597_  | A ^ -> ZN v | OAI21_X1 | 0.022 |   0.022 |    0.105 | 
     | _17598_  | A v -> ZN ^ | INV_X1   | 0.013 |   0.034 |    0.118 | 
     | _19186_  | D ^         | DFF_X1   | 0.000 |   0.034 |    0.118 | 
     +----------------------------------------------------------------+ 
     Clock Rise Edge                      0.000
     = Beginpoint Arrival Time            0.000
     Other End Path:
     +--------------------------------------------------------+ 
     | Instance |  Arc  |  Cell  | Delay | Arrival | Required | 
     |          |       |        |       |  Time   |   Time   | 
     |----------+-------+--------+-------+---------+----------| 
     |          | clk ^ |        |       |   0.000 |   -0.083 | 
     | _19186_  | CK ^  | DFF_X1 | 0.000 |   0.000 |   -0.083 | 
     +--------------------------------------------------------+ 
Path 4: VIOLATED Hold Check with Pin _19508_/CK 
Endpoint:   _19508_/D (^) checked with  leading edge of 'aes_clk'
Beginpoint: key[125]  (^) triggered by  leading edge of 'aes_clk'
Path Groups: {aes_clk}
Analysis View: VIEW_TYP
Other End Arrival Time          0.000
+ Hold                          0.018
+ Phase Shift                   0.000
+ Uncertainty                   0.100
= Required Time                 0.118
  Arrival Time                  0.035
  Slack Time                   -0.083
     Clock Rise Edge                      0.000
     + Input Delay                        0.000
     = Beginpoint Arrival Time            0.000
     Timing Path:
     +-----------------------------------------------------------------+ 
     | Instance |     Arc      |   Cell   | Delay | Arrival | Required | 
     |          |              |          |       |  Time   |   Time   | 
     |----------+--------------+----------+-------+---------+----------| 
     |          | key[125] ^   |          |       |   0.000 |    0.083 | 
     | _13089_  | B1 ^ -> ZN v | AOI21_X1 | 0.022 |   0.021 |    0.104 | 
     | _13090_  | A v -> ZN ^  | INV_X1   | 0.014 |   0.035 |    0.118 | 
     | _19508_  | D ^          | DFF_X1   | 0.000 |   0.035 |    0.118 | 
     +-----------------------------------------------------------------+ 
     Clock Rise Edge                      0.000
     = Beginpoint Arrival Time            0.000
     Other End Path:
     +--------------------------------------------------------+ 
     | Instance |  Arc  |  Cell  | Delay | Arrival | Required | 
     |          |       |        |       |  Time   |   Time   | 
     |----------+-------+--------+-------+---------+----------| 
     |          | clk ^ |        |       |   0.000 |   -0.083 | 
     | _19508_  | CK ^  | DFF_X1 | 0.000 |   0.000 |   -0.083 | 
     +--------------------------------------------------------+ 
Path 5: VIOLATED Hold Check with Pin _19571_/CK 
Endpoint:   _19571_/D (^) checked with  leading edge of 'aes_clk'
Beginpoint: key[60]   (^) triggered by  leading edge of 'aes_clk'
Path Groups: {aes_clk}
Analysis View: VIEW_TYP
Other End Arrival Time          0.000
+ Hold                          0.018
+ Phase Shift                   0.000
+ Uncertainty                   0.100
= Required Time                 0.118
  Arrival Time                  0.035
  Slack Time                   -0.083
     Clock Rise Edge                      0.000
     + Input Delay                        0.000
     = Beginpoint Arrival Time            0.000
     Timing Path:
     +-----------------------------------------------------------------+ 
     | Instance |     Arc      |   Cell   | Delay | Arrival | Required | 
     |          |              |          |       |  Time   |   Time   | 
     |----------+--------------+----------+-------+---------+----------| 
     |          | key[60] ^    |          |       |   0.000 |    0.083 | 
     | _13220_  | B1 ^ -> ZN v | AOI21_X1 | 0.021 |   0.021 |    0.104 | 
     | _13221_  | A v -> ZN ^  | INV_X1   | 0.014 |   0.035 |    0.118 | 
     | _19571_  | D ^          | DFF_X1   | 0.000 |   0.035 |    0.118 | 
     +-----------------------------------------------------------------+ 
     Clock Rise Edge                      0.000
     = Beginpoint Arrival Time            0.000
     Other End Path:
     +--------------------------------------------------------+ 
     | Instance |  Arc  |  Cell  | Delay | Arrival | Required | 
     |          |       |        |       |  Time   |   Time   | 
     |----------+-------+--------+-------+---------+----------| 
     |          | clk ^ |        |       |   0.000 |   -0.083 | 
     | _19571_  | CK ^  | DFF_X1 | 0.000 |   0.000 |   -0.083 | 
     +--------------------------------------------------------+ 
Path 6: VIOLATED Hold Check with Pin _19507_/CK 
Endpoint:   _19507_/D (^) checked with  leading edge of 'aes_clk'
Beginpoint: key[124]  (^) triggered by  leading edge of 'aes_clk'
Path Groups: {aes_clk}
Analysis View: VIEW_TYP
Other End Arrival Time          0.000
+ Hold                          0.018
+ Phase Shift                   0.000
+ Uncertainty                   0.100
= Required Time                 0.118
  Arrival Time                  0.035
  Slack Time                   -0.083
     Clock Rise Edge                      0.000
     + Input Delay                        0.000
     = Beginpoint Arrival Time            0.000
     Timing Path:
     +-----------------------------------------------------------------+ 
     | Instance |     Arc      |   Cell   | Delay | Arrival | Required | 
     |          |              |          |       |  Time   |   Time   | 
     |----------+--------------+----------+-------+---------+----------| 
     |          | key[124] ^   |          |       |   0.000 |    0.083 | 
     | _13092_  | B1 ^ -> ZN v | AOI21_X1 | 0.022 |   0.022 |    0.105 | 
     | _13093_  | A v -> ZN ^  | INV_X1   | 0.013 |   0.035 |    0.118 | 
     | _19507_  | D ^          | DFF_X1   | 0.000 |   0.035 |    0.118 | 
     +-----------------------------------------------------------------+ 
     Clock Rise Edge                      0.000
     = Beginpoint Arrival Time            0.000
     Other End Path:
     +--------------------------------------------------------+ 
     | Instance |  Arc  |  Cell  | Delay | Arrival | Required | 
     |          |       |        |       |  Time   |   Time   | 
     |----------+-------+--------+-------+---------+----------| 
     |          | clk ^ |        |       |   0.000 |   -0.083 | 
     | _19507_  | CK ^  | DFF_X1 | 0.000 |   0.000 |   -0.083 | 
     +--------------------------------------------------------+ 
Path 7: VIOLATED Hold Check with Pin _19574_/CK 
Endpoint:   _19574_/D (^) checked with  leading edge of 'aes_clk'
Beginpoint: key[63]   (^) triggered by  leading edge of 'aes_clk'
Path Groups: {aes_clk}
Analysis View: VIEW_TYP
Other End Arrival Time          0.000
+ Hold                          0.018
+ Phase Shift                   0.000
+ Uncertainty                   0.100
= Required Time                 0.118
  Arrival Time                  0.035
  Slack Time                   -0.083
     Clock Rise Edge                      0.000
     + Input Delay                        0.000
     = Beginpoint Arrival Time            0.000
     Timing Path:
     +-----------------------------------------------------------------+ 
     | Instance |     Arc      |   Cell   | Delay | Arrival | Required | 
     |          |              |          |       |  Time   |   Time   | 
     |----------+--------------+----------+-------+---------+----------| 
     |          | key[63] ^    |          |       |   0.000 |    0.083 | 
     | _19153_  | B1 ^ -> ZN v | AOI21_X1 | 0.023 |   0.023 |    0.105 | 
     | _19154_  | A v -> ZN ^  | INV_X1   | 0.013 |   0.035 |    0.118 | 
     | _19574_  | D ^          | DFF_X1   | 0.000 |   0.035 |    0.118 | 
     +-----------------------------------------------------------------+ 
     Clock Rise Edge                      0.000
     = Beginpoint Arrival Time            0.000
     Other End Path:
     +--------------------------------------------------------+ 
     | Instance |  Arc  |  Cell  | Delay | Arrival | Required | 
     |          |       |        |       |  Time   |   Time   | 
     |----------+-------+--------+-------+---------+----------| 
     |          | clk ^ |        |       |   0.000 |   -0.083 | 
     | _19574_  | CK ^  | DFF_X1 | 0.000 |   0.000 |   -0.083 | 
     +--------------------------------------------------------+ 
Path 8: VIOLATED Hold Check with Pin _19509_/CK 
Endpoint:   _19509_/D (^) checked with  leading edge of 'aes_clk'
Beginpoint: key[126]  (^) triggered by  leading edge of 'aes_clk'
Path Groups: {aes_clk}
Analysis View: VIEW_TYP
Other End Arrival Time          0.000
+ Hold                          0.018
+ Phase Shift                   0.000
+ Uncertainty                   0.100
= Required Time                 0.118
  Arrival Time                  0.036
  Slack Time                   -0.083
     Clock Rise Edge                      0.000
     + Input Delay                        0.000
     = Beginpoint Arrival Time            0.000
     Timing Path:
     +-----------------------------------------------------------------+ 
     | Instance |     Arc      |   Cell   | Delay | Arrival | Required | 
     |          |              |          |       |  Time   |   Time   | 
     |----------+--------------+----------+-------+---------+----------| 
     |          | key[126] ^   |          |       |   0.000 |    0.083 | 
     | _13086_  | B2 ^ -> ZN v | AOI21_X1 | 0.022 |   0.022 |    0.104 | 
     | _13087_  | A v -> ZN ^  | INV_X1   | 0.014 |   0.036 |    0.118 | 
     | _19509_  | D ^          | DFF_X1   | 0.000 |   0.036 |    0.118 | 
     +-----------------------------------------------------------------+ 
     Clock Rise Edge                      0.000
     = Beginpoint Arrival Time            0.000
     Other End Path:
     +--------------------------------------------------------+ 
     | Instance |  Arc  |  Cell  | Delay | Arrival | Required | 
     |          |       |        |       |  Time   |   Time   | 
     |----------+-------+--------+-------+---------+----------| 
     |          | clk ^ |        |       |   0.000 |   -0.083 | 
     | _19509_  | CK ^  | DFF_X1 | 0.000 |   0.000 |   -0.083 | 
     +--------------------------------------------------------+ 
Path 9: VIOLATED Hold Check with Pin _19572_/CK 
Endpoint:   _19572_/D (^) checked with  leading edge of 'aes_clk'
Beginpoint: key[61]   (^) triggered by  leading edge of 'aes_clk'
Path Groups: {aes_clk}
Analysis View: VIEW_TYP
Other End Arrival Time          0.000
+ Hold                          0.018
+ Phase Shift                   0.000
+ Uncertainty                   0.100
= Required Time                 0.118
  Arrival Time                  0.036
  Slack Time                   -0.082
     Clock Rise Edge                      0.000
     + Input Delay                        0.000
     = Beginpoint Arrival Time            0.000
     Timing Path:
     +-----------------------------------------------------------------+ 
     | Instance |     Arc      |   Cell   | Delay | Arrival | Required | 
     |          |              |          |       |  Time   |   Time   | 
     |----------+--------------+----------+-------+---------+----------| 
     |          | key[61] ^    |          |       |   0.000 |    0.082 | 
     | _13218_  | B1 ^ -> ZN v | AOI21_X1 | 0.022 |   0.022 |    0.104 | 
     | _13219_  | A v -> ZN ^  | INV_X1   | 0.014 |   0.036 |    0.118 | 
     | _19572_  | D ^          | DFF_X1   | 0.000 |   0.036 |    0.118 | 
     +-----------------------------------------------------------------+ 
     Clock Rise Edge                      0.000
     = Beginpoint Arrival Time            0.000
     Other End Path:
     +--------------------------------------------------------+ 
     | Instance |  Arc  |  Cell  | Delay | Arrival | Required | 
     |          |       |        |       |  Time   |   Time   | 
     |----------+-------+--------+-------+---------+----------| 
     |          | clk ^ |        |       |   0.000 |   -0.082 | 
     | _19572_  | CK ^  | DFF_X1 | 0.000 |   0.000 |   -0.082 | 
     +--------------------------------------------------------+ 
Path 10: VIOLATED Hold Check with Pin _19573_/CK 
Endpoint:   _19573_/D (^) checked with  leading edge of 'aes_clk'
Beginpoint: key[62]   (^) triggered by  leading edge of 'aes_clk'
Path Groups: {aes_clk}
Analysis View: VIEW_TYP
Other End Arrival Time          0.000
+ Hold                          0.018
+ Phase Shift                   0.000
+ Uncertainty                   0.100
= Required Time                 0.118
  Arrival Time                  0.037
  Slack Time                   -0.081
     Clock Rise Edge                      0.000
     + Input Delay                        0.000
     = Beginpoint Arrival Time            0.000
     Timing Path:
     +-----------------------------------------------------------------+ 
     | Instance |     Arc      |   Cell   | Delay | Arrival | Required | 
     |          |              |          |       |  Time   |   Time   | 
     |----------+--------------+----------+-------+---------+----------| 
     |          | key[62] ^    |          |       |   0.000 |    0.081 | 
     | _13216_  | B1 ^ -> ZN v | AOI21_X1 | 0.024 |   0.024 |    0.105 | 
     | _13217_  | A v -> ZN ^  | INV_X1   | 0.013 |   0.037 |    0.118 | 
     | _19573_  | D ^          | DFF_X1   | 0.000 |   0.037 |    0.118 | 
     +-----------------------------------------------------------------+ 
     Clock Rise Edge                      0.000
     = Beginpoint Arrival Time            0.000
     Other End Path:
     +--------------------------------------------------------+ 
     | Instance |  Arc  |  Cell  | Delay | Arrival | Required | 
     |          |       |        |       |  Time   |   Time   | 
     |----------+-------+--------+-------+---------+----------| 
     |          | clk ^ |        |       |   0.000 |   -0.081 | 
     | _19573_  | CK ^  | DFF_X1 | 0.000 |   0.000 |   -0.081 | 
     +--------------------------------------------------------+ 
Path 11: VIOLATED Hold Check with Pin _19185_/CK 
Endpoint:   _19185_/D (^) checked with  leading edge of 'aes_clk'
Beginpoint: rst       (^) triggered by  leading edge of 'aes_clk'
Path Groups: {aes_clk}
Analysis View: VIEW_TYP
Other End Arrival Time          0.000
+ Hold                          0.020
+ Phase Shift                   0.000
+ Uncertainty                   0.100
= Required Time                 0.120
  Arrival Time                  0.040
  Slack Time                   -0.080
     Clock Rise Edge                      0.000
     + Input Delay                        0.000
     = Beginpoint Arrival Time            0.000
     Timing Path:
     +----------------------------------------------------------------+ 
     | Instance |     Arc      |  Cell   | Delay | Arrival | Required | 
     |          |              |         |       |  Time   |   Time   | 
     |----------+--------------+---------+-------+---------+----------| 
     |          | rst ^        |         |       |   0.000 |    0.080 | 
     | _09767_  | A ^ -> ZN v  | INV_X1  | 0.016 |   0.016 |    0.096 | 
     | _17600_  | A1 v -> ZN ^ | NOR2_X1 | 0.024 |   0.040 |    0.120 | 
     | _19185_  | D ^          | DFF_X1  | 0.000 |   0.040 |    0.120 | 
     +----------------------------------------------------------------+ 
     Clock Rise Edge                      0.000
     = Beginpoint Arrival Time            0.000
     Other End Path:
     +--------------------------------------------------------+ 
     | Instance |  Arc  |  Cell  | Delay | Arrival | Required | 
     |          |       |        |       |  Time   |   Time   | 
     |----------+-------+--------+-------+---------+----------| 
     |          | clk ^ |        |       |   0.000 |   -0.080 | 
     | _19185_  | CK ^  | DFF_X1 | 0.000 |   0.000 |   -0.080 | 
     +--------------------------------------------------------+ 
Path 12: VIOLATED Hold Check with Pin _19510_/CK 
Endpoint:   _19510_/D (^) checked with  leading edge of 'aes_clk'
Beginpoint: key[127]  (^) triggered by  leading edge of 'aes_clk'
Path Groups: {aes_clk}
Analysis View: VIEW_TYP
Other End Arrival Time          0.000
+ Hold                          0.019
+ Phase Shift                   0.000
+ Uncertainty                   0.100
= Required Time                 0.119
  Arrival Time                  0.040
  Slack Time                   -0.079
     Clock Rise Edge                      0.000
     + Input Delay                        0.000
     = Beginpoint Arrival Time            0.000
     Timing Path:
     +-----------------------------------------------------------------+ 
     | Instance |     Arc      |   Cell   | Delay | Arrival | Required | 
     |          |              |          |       |  Time   |   Time   | 
     |----------+--------------+----------+-------+---------+----------| 
     |          | key[127] ^   |          |       |   0.000 |    0.079 | 
     | _19151_  | A2 ^ -> ZN v | NAND2_X1 | 0.020 |   0.020 |    0.099 | 
     | _19152_  | A v -> ZN ^  | OAI21_X1 | 0.020 |   0.040 |    0.119 | 
     | _19510_  | D ^          | DFF_X1   | 0.000 |   0.040 |    0.119 | 
     +-----------------------------------------------------------------+ 
     Clock Rise Edge                      0.000
     = Beginpoint Arrival Time            0.000
     Other End Path:
     +--------------------------------------------------------+ 
     | Instance |  Arc  |  Cell  | Delay | Arrival | Required | 
     |          |       |        |       |  Time   |   Time   | 
     |----------+-------+--------+-------+---------+----------| 
     |          | clk ^ |        |       |   0.000 |   -0.079 | 
     | _19510_  | CK ^  | DFF_X1 | 0.000 |   0.000 |   -0.079 | 
     +--------------------------------------------------------+ 
Path 13: VIOLATED Hold Check with Pin _19554_/CK 
Endpoint:   _19554_/D (^) checked with  leading edge of 'aes_clk'
Beginpoint: key[43]   (^) triggered by  leading edge of 'aes_clk'
Path Groups: {aes_clk}
Analysis View: VIEW_TYP
Other End Arrival Time          0.000
+ Hold                          0.019
+ Phase Shift                   0.000
+ Uncertainty                   0.100
= Required Time                 0.119
  Arrival Time                  0.045
  Slack Time                   -0.074
     Clock Rise Edge                      0.000
     + Input Delay                        0.000
     = Beginpoint Arrival Time            0.000
     Timing Path:
     +-----------------------------------------------------------------+ 
     | Instance |     Arc      |   Cell   | Delay | Arrival | Required | 
     |          |              |          |       |  Time   |   Time   | 
     |----------+--------------+----------+-------+---------+----------| 
     |          | key[43] ^    |          |       |   0.000 |    0.074 | 
     | _13253_  | A2 ^ -> ZN v | NAND2_X1 | 0.024 |   0.024 |    0.098 | 
     | _13255_  | A v -> ZN ^  | OAI21_X1 | 0.021 |   0.045 |    0.119 | 
     | _19554_  | D ^          | DFF_X1   | 0.000 |   0.045 |    0.119 | 
     +-----------------------------------------------------------------+ 
     Clock Rise Edge                      0.000
     = Beginpoint Arrival Time            0.000
     Other End Path:
     +--------------------------------------------------------+ 
     | Instance |  Arc  |  Cell  | Delay | Arrival | Required | 
     |          |       |        |       |  Time   |   Time   | 
     |----------+-------+--------+-------+---------+----------| 
     |          | clk ^ |        |       |   0.000 |   -0.074 | 
     | _19554_  | CK ^  | DFF_X1 | 0.000 |   0.000 |   -0.074 | 
     +--------------------------------------------------------+ 
Path 14: VIOLATED Hold Check with Pin _19279_/CK 
Endpoint:   _19279_/D   (^) checked with  leading edge of 'aes_clk'
Beginpoint: text_in[90] (^) triggered by  leading edge of 'aes_clk'
Path Groups: {aes_clk}
Analysis View: VIEW_TYP
Other End Arrival Time          0.000
+ Hold                          0.018
+ Phase Shift                   0.000
+ Uncertainty                   0.100
= Required Time                 0.118
  Arrival Time                  0.045
  Slack Time                   -0.074
     Clock Rise Edge                      0.000
     + Input Delay                        0.000
     = Beginpoint Arrival Time            0.000
     Timing Path:
     +-----------------------------------------------------------------+ 
     | Instance |      Arc      |  Cell   | Delay | Arrival | Required | 
     |          |               |         |       |  Time   |   Time   | 
     |----------+---------------+---------+-------+---------+----------| 
     |          | text_in[90] ^ |         |       |   0.000 |    0.074 | 
     | _17501_  | B ^ -> Z ^    | MUX2_X1 | 0.045 |   0.045 |    0.118 | 
     | _19279_  | D ^           | DFF_X1  | 0.000 |   0.045 |    0.118 | 
     +-----------------------------------------------------------------+ 
     Clock Rise Edge                      0.000
     = Beginpoint Arrival Time            0.000
     Other End Path:
     +--------------------------------------------------------+ 
     | Instance |  Arc  |  Cell  | Delay | Arrival | Required | 
     |          |       |        |       |  Time   |   Time   | 
     |----------+-------+--------+-------+---------+----------| 
     |          | clk ^ |        |       |   0.000 |   -0.074 | 
     | _19279_  | CK ^  | DFF_X1 | 0.000 |   0.000 |   -0.074 | 
     +--------------------------------------------------------+ 
Path 15: VIOLATED Hold Check with Pin _19272_/CK 
Endpoint:   _19272_/D   (^) checked with  leading edge of 'aes_clk'
Beginpoint: text_in[83] (^) triggered by  leading edge of 'aes_clk'
Path Groups: {aes_clk}
Analysis View: VIEW_TYP
Other End Arrival Time          0.000
+ Hold                          0.018
+ Phase Shift                   0.000
+ Uncertainty                   0.100
= Required Time                 0.118
  Arrival Time                  0.045
  Slack Time                   -0.074
     Clock Rise Edge                      0.000
     + Input Delay                        0.000
     = Beginpoint Arrival Time            0.000
     Timing Path:
     +-----------------------------------------------------------------+ 
     | Instance |      Arc      |  Cell   | Delay | Arrival | Required | 
     |          |               |         |       |  Time   |   Time   | 
     |----------+---------------+---------+-------+---------+----------| 
     |          | text_in[83] ^ |         |       |   0.000 |    0.074 | 
     | _17508_  | B ^ -> Z ^    | MUX2_X1 | 0.045 |   0.045 |    0.118 | 
     | _19272_  | D ^           | DFF_X1  | 0.000 |   0.045 |    0.118 | 
     +-----------------------------------------------------------------+ 
     Clock Rise Edge                      0.000
     = Beginpoint Arrival Time            0.000
     Other End Path:
     +--------------------------------------------------------+ 
     | Instance |  Arc  |  Cell  | Delay | Arrival | Required | 
     |          |       |        |       |  Time   |   Time   | 
     |----------+-------+--------+-------+---------+----------| 
     |          | clk ^ |        |       |   0.000 |   -0.074 | 
     | _19272_  | CK ^  | DFF_X1 | 0.000 |   0.000 |   -0.074 | 
     +--------------------------------------------------------+ 
Path 16: VIOLATED Hold Check with Pin _19213_/CK 
Endpoint:   _19213_/D   (^) checked with  leading edge of 'aes_clk'
Beginpoint: text_in[24] (^) triggered by  leading edge of 'aes_clk'
Path Groups: {aes_clk}
Analysis View: VIEW_TYP
Other End Arrival Time          0.000
+ Hold                          0.018
+ Phase Shift                   0.000
+ Uncertainty                   0.100
= Required Time                 0.118
  Arrival Time                  0.045
  Slack Time                   -0.074
     Clock Rise Edge                      0.000
     + Input Delay                        0.000
     = Beginpoint Arrival Time            0.000
     Timing Path:
     +-----------------------------------------------------------------+ 
     | Instance |      Arc      |  Cell   | Delay | Arrival | Required | 
     |          |               |         |       |  Time   |   Time   | 
     |----------+---------------+---------+-------+---------+----------| 
     |          | text_in[24] ^ |         |       |   0.000 |    0.074 | 
     | _17567_  | B ^ -> Z ^    | MUX2_X1 | 0.045 |   0.045 |    0.118 | 
     | _19213_  | D ^           | DFF_X1  | 0.000 |   0.045 |    0.118 | 
     +-----------------------------------------------------------------+ 
     Clock Rise Edge                      0.000
     = Beginpoint Arrival Time            0.000
     Other End Path:
     +--------------------------------------------------------+ 
     | Instance |  Arc  |  Cell  | Delay | Arrival | Required | 
     |          |       |        |       |  Time   |   Time   | 
     |----------+-------+--------+-------+---------+----------| 
     |          | clk ^ |        |       |   0.000 |   -0.074 | 
     | _19213_  | CK ^  | DFF_X1 | 0.000 |   0.000 |   -0.074 | 
     +--------------------------------------------------------+ 
Path 17: VIOLATED Hold Check with Pin _19208_/CK 
Endpoint:   _19208_/D   (^) checked with  leading edge of 'aes_clk'
Beginpoint: text_in[19] (^) triggered by  leading edge of 'aes_clk'
Path Groups: {aes_clk}
Analysis View: VIEW_TYP
Other End Arrival Time          0.000
+ Hold                          0.018
+ Phase Shift                   0.000
+ Uncertainty                   0.100
= Required Time                 0.118
  Arrival Time                  0.045
  Slack Time                   -0.074
     Clock Rise Edge                      0.000
     + Input Delay                        0.000
     = Beginpoint Arrival Time            0.000
     Timing Path:
     +-----------------------------------------------------------------+ 
     | Instance |      Arc      |  Cell   | Delay | Arrival | Required | 
     |          |               |         |       |  Time   |   Time   | 
     |----------+---------------+---------+-------+---------+----------| 
     |          | text_in[19] ^ |         |       |   0.000 |    0.074 | 
     | _17572_  | B ^ -> Z ^    | MUX2_X1 | 0.045 |   0.045 |    0.118 | 
     | _19208_  | D ^           | DFF_X1  | 0.000 |   0.045 |    0.118 | 
     +-----------------------------------------------------------------+ 
     Clock Rise Edge                      0.000
     = Beginpoint Arrival Time            0.000
     Other End Path:
     +--------------------------------------------------------+ 
     | Instance |  Arc  |  Cell  | Delay | Arrival | Required | 
     |          |       |        |       |  Time   |   Time   | 
     |----------+-------+--------+-------+---------+----------| 
     |          | clk ^ |        |       |   0.000 |   -0.074 | 
     | _19208_  | CK ^  | DFF_X1 | 0.000 |   0.000 |   -0.074 | 
     +--------------------------------------------------------+ 
Path 18: VIOLATED Hold Check with Pin _19307_/CK 
Endpoint:   _19307_/D    (^) checked with  leading edge of 'aes_clk'
Beginpoint: text_in[118] (^) triggered by  leading edge of 'aes_clk'
Path Groups: {aes_clk}
Analysis View: VIEW_TYP
Other End Arrival Time          0.000
+ Hold                          0.018
+ Phase Shift                   0.000
+ Uncertainty                   0.100
= Required Time                 0.118
  Arrival Time                  0.045
  Slack Time                   -0.074
     Clock Rise Edge                      0.000
     + Input Delay                        0.000
     = Beginpoint Arrival Time            0.000
     Timing Path:
     +------------------------------------------------------------------+ 
     | Instance |      Arc       |  Cell   | Delay | Arrival | Required | 
     |          |                |         |       |  Time   |   Time   | 
     |----------+----------------+---------+-------+---------+----------| 
     |          | text_in[118] ^ |         |       |   0.000 |    0.074 | 
     | _17473_  | B ^ -> Z ^     | MUX2_X1 | 0.045 |   0.045 |    0.118 | 
     | _19307_  | D ^            | DFF_X1  | 0.000 |   0.045 |    0.118 | 
     +------------------------------------------------------------------+ 
     Clock Rise Edge                      0.000
     = Beginpoint Arrival Time            0.000
     Other End Path:
     +--------------------------------------------------------+ 
     | Instance |  Arc  |  Cell  | Delay | Arrival | Required | 
     |          |       |        |       |  Time   |   Time   | 
     |----------+-------+--------+-------+---------+----------| 
     |          | clk ^ |        |       |   0.000 |   -0.074 | 
     | _19307_  | CK ^  | DFF_X1 | 0.000 |   0.000 |   -0.074 | 
     +--------------------------------------------------------+ 
Path 19: VIOLATED Hold Check with Pin _19271_/CK 
Endpoint:   _19271_/D   (^) checked with  leading edge of 'aes_clk'
Beginpoint: text_in[82] (^) triggered by  leading edge of 'aes_clk'
Path Groups: {aes_clk}
Analysis View: VIEW_TYP
Other End Arrival Time          0.000
+ Hold                          0.018
+ Phase Shift                   0.000
+ Uncertainty                   0.100
= Required Time                 0.118
  Arrival Time                  0.045
  Slack Time                   -0.074
     Clock Rise Edge                      0.000
     + Input Delay                        0.000
     = Beginpoint Arrival Time            0.000
     Timing Path:
     +-----------------------------------------------------------------+ 
     | Instance |      Arc      |  Cell   | Delay | Arrival | Required | 
     |          |               |         |       |  Time   |   Time   | 
     |----------+---------------+---------+-------+---------+----------| 
     |          | text_in[82] ^ |         |       |   0.000 |    0.074 | 
     | _17509_  | B ^ -> Z ^    | MUX2_X1 | 0.045 |   0.045 |    0.118 | 
     | _19271_  | D ^           | DFF_X1  | 0.000 |   0.045 |    0.118 | 
     +-----------------------------------------------------------------+ 
     Clock Rise Edge                      0.000
     = Beginpoint Arrival Time            0.000
     Other End Path:
     +--------------------------------------------------------+ 
     | Instance |  Arc  |  Cell  | Delay | Arrival | Required | 
     |          |       |        |       |  Time   |   Time   | 
     |----------+-------+--------+-------+---------+----------| 
     |          | clk ^ |        |       |   0.000 |   -0.074 | 
     | _19271_  | CK ^  | DFF_X1 | 0.000 |   0.000 |   -0.074 | 
     +--------------------------------------------------------+ 
Path 20: VIOLATED Hold Check with Pin _19255_/CK 
Endpoint:   _19255_/D   (^) checked with  leading edge of 'aes_clk'
Beginpoint: text_in[66] (^) triggered by  leading edge of 'aes_clk'
Path Groups: {aes_clk}
Analysis View: VIEW_TYP
Other End Arrival Time          0.000
+ Hold                          0.018
+ Phase Shift                   0.000
+ Uncertainty                   0.100
= Required Time                 0.118
  Arrival Time                  0.045
  Slack Time                   -0.074
     Clock Rise Edge                      0.000
     + Input Delay                        0.000
     = Beginpoint Arrival Time            0.000
     Timing Path:
     +-----------------------------------------------------------------+ 
     | Instance |      Arc      |  Cell   | Delay | Arrival | Required | 
     |          |               |         |       |  Time   |   Time   | 
     |----------+---------------+---------+-------+---------+----------| 
     |          | text_in[66] ^ |         |       |   0.000 |    0.074 | 
     | _17525_  | B ^ -> Z ^    | MUX2_X1 | 0.045 |   0.045 |    0.118 | 
     | _19255_  | D ^           | DFF_X1  | 0.000 |   0.045 |    0.118 | 
     +-----------------------------------------------------------------+ 
     Clock Rise Edge                      0.000
     = Beginpoint Arrival Time            0.000
     Other End Path:
     +--------------------------------------------------------+ 
     | Instance |  Arc  |  Cell  | Delay | Arrival | Required | 
     |          |       |        |       |  Time   |   Time   | 
     |----------+-------+--------+-------+---------+----------| 
     |          | clk ^ |        |       |   0.000 |   -0.074 | 
     | _19255_  | CK ^  | DFF_X1 | 0.000 |   0.000 |   -0.074 | 
     +--------------------------------------------------------+ 

