###############################################################
#  Generated by:      Cadence Innovus 19.10-p002_1
#  OS:                Linux x86_64(Host ID qingteng)
#  Generated on:      Sun Aug 16 19:15:27 2026
#  Design:            aes_cipher_top
#  Command:           report_timing -late -max_paths 20 -path_type full_clock
###############################################################
#################################################################################
# Design Stage: PreRoute
# Design Name: aes_cipher_top
# Design Mode: 45nm
# Analysis Mode: MMMC Non-OCV 
# Parasitics Mode: No SPEF/RCDB
# Signoff Settings: SI Off 
#################################################################################
Extraction called for design 'aes_cipher_top' of instances=11701 and nets=11547 using extraction engine 'preRoute' .
PreRoute RC Extraction called for design aes_cipher_top.
RC Extraction called in multi-corner(1) mode.
RCMode: PreRoute
      RC Corner Indexes            0   
Capacitance Scaling Factor   : 1.00000 
Resistance Scaling Factor    : 1.00000 
Clock Cap. Scaling Factor    : 1.00000 
Clock Res. Scaling Factor    : 1.00000 
Shrink Factor                : 1.00000
PreRoute extraction is honoring NDR/Shielding/ExtraSpace for clock nets.
Using capacitance table file ...
Initializing multi-corner capacitance tables ... 
Initializing multi-corner resistance tables ...
PreRoute RC Extraction DONE (CPU Time: 0:00:00.1  Real Time: 0:00:00.0  MEM: 976.625M)
AAE_INFO: 1 threads acquired from CTE.
Calculate delays in Single mode...
Start delay calculation (fullDC) (1 T). (MEM=1006.02)
siFlow : Timing analysis mode is single, using late cdB files
Total number of fetched objects 11514
AAE_INFO: Total number of nets for which stage creation was skipped for all views 0
End delay calculation. (MEM=1096.92 CPU=0:00:01.3 REAL=0:00:01.0)
End delay calculation (fullDC). (MEM=1096.92 CPU=0:00:01.9 REAL=0:00:02.0)
Path 1: MET Setup Check with Pin _19318_/CK 
Endpoint:   _19318_/D (^) checked with  leading edge of 'aes_clk'
Beginpoint: _19477_/Q (v) triggered by  leading edge of 'aes_clk'
Path Groups: {aes_clk}
Analysis View: VIEW_TYP
Other End Arrival Time          0.000
- Setup                         0.035
+ Phase Shift                   2.000
- Uncertainty                   0.100
= Required Time                 1.865
- Arrival Time                  1.613
= Slack Time                    0.252
     Clock Rise Edge                      0.000
     = Beginpoint Arrival Time            0.000
     Timing Path:
     +-------------------------------------------------------------------------+ 
     |    Instance     |     Arc      |   Cell    | Delay | Arrival | Required | 
     |                 |              |           |       |  Time   |   Time   | 
     |-----------------+--------------+-----------+-------+---------+----------| 
     |                 | clk ^        |           |       |   0.000 |    0.252 | 
     | _19477_         | CK ^ -> Q v  | DFF_X1    | 0.125 |   0.125 |    0.377 | 
     | FE_OFC18_ld_r   | A v -> Z v   | BUF_X1    | 0.080 |   0.206 |    0.458 | 
     | FE_OFC19_ld_r   | A v -> Z v   | BUF_X1    | 0.081 |   0.287 |    0.539 | 
     | _09768_         | A v -> ZN ^  | INV_X1    | 0.081 |   0.368 |    0.620 | 
     | FE_OFC31_00986  | A ^ -> Z ^   | BUF_X1    | 0.102 |   0.470 |    0.722 | 
     | FE_OFC34_00986  | A ^ -> Z ^   | BUF_X1    | 0.107 |   0.577 |    0.829 | 
     | FE_OFC38_00986  | A ^ -> Z ^   | BUF_X1    | 0.102 |   0.679 |    0.931 | 
     | FE_OFC40_00986  | A ^ -> Z ^   | BUF_X1    | 0.093 |   0.772 |    1.024 | 
     | FE_OFC41_00986  | A ^ -> Z ^   | BUF_X1    | 0.084 |   0.856 |    1.108 | 
     | _16115_         | S ^ -> Z v   | MUX2_X1   | 0.079 |   0.935 |    1.187 | 
     | _16116_         | B v -> ZN ^  | XNOR2_X1  | 0.053 |   0.988 |    1.240 | 
     | FE_OFC464_07107 | A ^ -> Z ^   | BUF_X1    | 0.095 |   1.083 |    1.335 | 
     | FE_OFC465_07107 | A ^ -> Z ^   | BUF_X1    | 0.101 |   1.184 |    1.436 | 
     | FE_OFC466_07107 | A ^ -> Z ^   | BUF_X1    | 0.097 |   1.281 |    1.533 | 
     | FE_OFC467_07107 | A ^ -> Z ^   | BUF_X1    | 0.103 |   1.384 |    1.636 | 
     | _16419_         | A ^ -> ZN v  | OAI21_X1  | 0.036 |   1.420 |    1.672 | 
     | _16425_         | B2 v -> ZN ^ | OAI221_X1 | 0.058 |   1.478 |    1.730 | 
     | _16427_         | A ^ -> ZN v  | OAI21_X1  | 0.025 |   1.503 |    1.755 | 
     | _16428_         | B v -> Z v   | MUX2_X1   | 0.059 |   1.562 |    1.814 | 
     | _16447_         | A2 v -> ZN ^ | OAI22_X1  | 0.050 |   1.612 |    1.864 | 
     | _19318_         | D ^          | DFF_X1    | 0.000 |   1.613 |    1.865 | 
     +-------------------------------------------------------------------------+ 
     Clock Rise Edge                      0.000
     = Beginpoint Arrival Time            0.000
     Other End Path:
     +--------------------------------------------------------+ 
     | Instance |  Arc  |  Cell  | Delay | Arrival | Required | 
     |          |       |        |       |  Time   |   Time   | 
     |----------+-------+--------+-------+---------+----------| 
     |          | clk ^ |        |       |   0.000 |   -0.252 | 
     | _19318_  | CK ^  | DFF_X1 | 0.000 |   0.000 |   -0.252 | 
     +--------------------------------------------------------+ 
Path 2: MET Setup Check with Pin _19317_/CK 
Endpoint:   _19317_/D (v) checked with  leading edge of 'aes_clk'
Beginpoint: _19477_/Q (v) triggered by  leading edge of 'aes_clk'
Path Groups: {aes_clk}
Analysis View: VIEW_TYP
Other End Arrival Time          0.000
- Setup                         0.028
+ Phase Shift                   2.000
- Uncertainty                   0.100
= Required Time                 1.872
- Arrival Time                  1.603
= Slack Time                    0.269
     Clock Rise Edge                      0.000
     = Beginpoint Arrival Time            0.000
     Timing Path:
     +-------------------------------------------------------------------------+ 
     |    Instance     |     Arc      |   Cell    | Delay | Arrival | Required | 
     |                 |              |           |       |  Time   |   Time   | 
     |-----------------+--------------+-----------+-------+---------+----------| 
     |                 | clk ^        |           |       |   0.000 |    0.269 | 
     | _19477_         | CK ^ -> Q v  | DFF_X1    | 0.125 |   0.125 |    0.394 | 
     | FE_OFC18_ld_r   | A v -> Z v   | BUF_X1    | 0.080 |   0.206 |    0.475 | 
     | FE_OFC19_ld_r   | A v -> Z v   | BUF_X1    | 0.081 |   0.287 |    0.556 | 
     | _09768_         | A v -> ZN ^  | INV_X1    | 0.081 |   0.368 |    0.637 | 
     | FE_OFC31_00986  | A ^ -> Z ^   | BUF_X1    | 0.102 |   0.470 |    0.739 | 
     | FE_OFC34_00986  | A ^ -> Z ^   | BUF_X1    | 0.107 |   0.577 |    0.846 | 
     | FE_OFC38_00986  | A ^ -> Z ^   | BUF_X1    | 0.102 |   0.679 |    0.948 | 
     | FE_OFC40_00986  | A ^ -> Z ^   | BUF_X1    | 0.093 |   0.772 |    1.041 | 
     | FE_OFC41_00986  | A ^ -> Z ^   | BUF_X1    | 0.084 |   0.856 |    1.125 | 
     | _16115_         | S ^ -> Z v   | MUX2_X1   | 0.079 |   0.935 |    1.204 | 
     | _16116_         | B v -> ZN ^  | XNOR2_X1  | 0.053 |   0.988 |    1.257 | 
     | FE_OFC464_07107 | A ^ -> Z ^   | BUF_X1    | 0.095 |   1.083 |    1.352 | 
     | FE_OFC465_07107 | A ^ -> Z ^   | BUF_X1    | 0.101 |   1.184 |    1.454 | 
     | FE_OFC466_07107 | A ^ -> Z ^   | BUF_X1    | 0.097 |   1.281 |    1.550 | 
     | FE_OFC467_07107 | A ^ -> Z ^   | BUF_X1    | 0.103 |   1.384 |    1.653 | 
     | _16450_         | A ^ -> ZN v  | OAI21_X1  | 0.031 |   1.415 |    1.684 | 
     | _16451_         | B2 v -> ZN ^ | OAI33_X1  | 0.087 |   1.501 |    1.770 | 
     | _16469_         | C1 ^ -> ZN v | OAI211_X1 | 0.030 |   1.531 |    1.800 | 
     | _16470_         | B2 v -> ZN ^ | AOI21_X1  | 0.047 |   1.577 |    1.847 | 
     | _16474_         | A1 ^ -> ZN v | NOR2_X1   | 0.024 |   1.602 |    1.871 | 
     | _19317_         | D v          | DFF_X1    | 0.001 |   1.603 |    1.872 | 
     +-------------------------------------------------------------------------+ 
     Clock Rise Edge                      0.000
     = Beginpoint Arrival Time            0.000
     Other End Path:
     +--------------------------------------------------------+ 
     | Instance |  Arc  |  Cell  | Delay | Arrival | Required | 
     |          |       |        |       |  Time   |   Time   | 
     |----------+-------+--------+-------+---------+----------| 
     |          | clk ^ |        |       |   0.000 |   -0.269 | 
     | _19317_  | CK ^  | DFF_X1 | 0.000 |   0.000 |   -0.269 | 
     +--------------------------------------------------------+ 
Path 3: MET Setup Check with Pin _19319_/CK 
Endpoint:   _19319_/D (v) checked with  leading edge of 'aes_clk'
Beginpoint: _19477_/Q (v) triggered by  leading edge of 'aes_clk'
Path Groups: {aes_clk}
Analysis View: VIEW_TYP
Other End Arrival Time          0.000
- Setup                         0.027
+ Phase Shift                   2.000
- Uncertainty                   0.100
= Required Time                 1.873
- Arrival Time                  1.581
= Slack Time                    0.293
     Clock Rise Edge                      0.000
     = Beginpoint Arrival Time            0.000
     Timing Path:
     +------------------------------------------------------------------------+ 
     |    Instance     |     Arc      |   Cell   | Delay | Arrival | Required | 
     |                 |              |          |       |  Time   |   Time   | 
     |-----------------+--------------+----------+-------+---------+----------| 
     |                 | clk ^        |          |       |   0.000 |    0.293 | 
     | _19477_         | CK ^ -> Q v  | DFF_X1   | 0.125 |   0.125 |    0.418 | 
     | FE_OFC18_ld_r   | A v -> Z v   | BUF_X1   | 0.080 |   0.206 |    0.498 | 
     | FE_OFC19_ld_r   | A v -> Z v   | BUF_X1   | 0.081 |   0.287 |    0.579 | 
     | _09768_         | A v -> ZN ^  | INV_X1   | 0.081 |   0.368 |    0.661 | 
     | FE_OFC31_00986  | A ^ -> Z ^   | BUF_X1   | 0.102 |   0.470 |    0.763 | 
     | FE_OFC34_00986  | A ^ -> Z ^   | BUF_X1   | 0.107 |   0.577 |    0.870 | 
     | FE_OFC38_00986  | A ^ -> Z ^   | BUF_X1   | 0.102 |   0.679 |    0.972 | 
     | FE_OFC40_00986  | A ^ -> Z ^   | BUF_X1   | 0.093 |   0.772 |    1.065 | 
     | FE_OFC41_00986  | A ^ -> Z ^   | BUF_X1   | 0.084 |   0.856 |    1.149 | 
     | _16115_         | S ^ -> Z v   | MUX2_X1  | 0.079 |   0.935 |    1.227 | 
     | _16117_         | B v -> Z ^   | XOR2_X1  | 0.052 |   0.987 |    1.280 | 
     | FE_OFC468_07108 | A ^ -> Z ^   | BUF_X1   | 0.086 |   1.073 |    1.365 | 
     | FE_OFC469_07108 | A ^ -> Z ^   | BUF_X1   | 0.094 |   1.166 |    1.459 | 
     | FE_OFC470_07108 | A ^ -> Z ^   | BUF_X1   | 0.101 |   1.267 |    1.560 | 
     | FE_OFC471_07108 | A ^ -> Z ^   | BUF_X1   | 0.105 |   1.372 |    1.665 | 
     | _16270_         | A ^ -> ZN v  | OAI21_X1 | 0.031 |   1.403 |    1.695 | 
     | _16387_         | A v -> ZN ^  | AOI21_X1 | 0.044 |   1.447 |    1.740 | 
     | _16389_         | B1 ^ -> ZN v | OAI21_X1 | 0.020 |   1.467 |    1.760 | 
     | _16391_         | A v -> ZN ^  | OAI21_X1 | 0.025 |   1.492 |    1.785 | 
     | _16394_         | A2 ^ -> ZN v | AOI22_X1 | 0.016 |   1.509 |    1.801 | 
     | _16414_         | A v -> Z v   | MUX2_X1  | 0.072 |   1.580 |    1.873 | 
     | _19319_         | D v          | DFF_X1   | 0.000 |   1.581 |    1.873 | 
     +------------------------------------------------------------------------+ 
     Clock Rise Edge                      0.000
     = Beginpoint Arrival Time            0.000
     Other End Path:
     +--------------------------------------------------------+ 
     | Instance |  Arc  |  Cell  | Delay | Arrival | Required | 
     |          |       |        |       |  Time   |   Time   | 
     |----------+-------+--------+-------+---------+----------| 
     |          | clk ^ |        |       |   0.000 |   -0.293 | 
     | _19319_  | CK ^  | DFF_X1 | 0.000 |   0.000 |   -0.293 | 
     +--------------------------------------------------------+ 
Path 4: MET Setup Check with Pin _19324_/CK 
Endpoint:   _19324_/D (v) checked with  leading edge of 'aes_clk'
Beginpoint: _19477_/Q (v) triggered by  leading edge of 'aes_clk'
Path Groups: {aes_clk}
Analysis View: VIEW_TYP
Other End Arrival Time          0.000
- Setup                         0.028
+ Phase Shift                   2.000
- Uncertainty                   0.100
= Required Time                 1.872
- Arrival Time                  1.574
= Slack Time                    0.298
     Clock Rise Edge                      0.000
     = Beginpoint Arrival Time            0.000
     Timing Path:
     +-------------------------------------------------------------------------+ 
     |    Instance     |     Arc      |   Cell    | Delay | Arrival | Required | 
     |                 |              |           |       |  Time   |   Time   | 
     |-----------------+--------------+-----------+-------+---------+----------| 
     |                 | clk ^        |           |       |   0.000 |    0.298 | 
     | _19477_         | CK ^ -> Q v  | DFF_X1    | 0.125 |   0.125 |    0.424 | 
     | FE_OFC18_ld_r   | A v -> Z v   | BUF_X1    | 0.080 |   0.206 |    0.504 | 
     | FE_OFC19_ld_r   | A v -> Z v   | BUF_X1    | 0.081 |   0.287 |    0.585 | 
     | _09768_         | A v -> ZN ^  | INV_X1    | 0.081 |   0.368 |    0.666 | 
     | FE_OFC31_00986  | A ^ -> Z ^   | BUF_X1    | 0.102 |   0.470 |    0.768 | 
     | FE_OFC34_00986  | A ^ -> Z ^   | BUF_X1    | 0.107 |   0.577 |    0.875 | 
     | FE_OFC38_00986  | A ^ -> Z ^   | BUF_X1    | 0.102 |   0.679 |    0.977 | 
     | FE_OFC40_00986  | A ^ -> Z ^   | BUF_X1    | 0.093 |   0.772 |    1.070 | 
     | FE_OFC41_00986  | A ^ -> Z ^   | BUF_X1    | 0.084 |   0.856 |    1.154 | 
     | _16115_         | S ^ -> Z v   | MUX2_X1   | 0.079 |   0.935 |    1.233 | 
     | _16116_         | B v -> ZN ^  | XNOR2_X1  | 0.053 |   0.988 |    1.286 | 
     | FE_OFC464_07107 | A ^ -> Z ^   | BUF_X1    | 0.095 |   1.083 |    1.381 | 
     | FE_OFC465_07107 | A ^ -> Z ^   | BUF_X1    | 0.101 |   1.184 |    1.483 | 
     | FE_OFC466_07107 | A ^ -> Z ^   | BUF_X1    | 0.097 |   1.281 |    1.579 | 
     | FE_OFC467_07107 | A ^ -> Z ^   | BUF_X1    | 0.103 |   1.384 |    1.682 | 
     | _16419_         | A ^ -> ZN v  | OAI21_X1  | 0.036 |   1.420 |    1.718 | 
     | _18848_         | C2 v -> ZN ^ | OAI221_X1 | 0.042 |   1.462 |    1.760 | 
     | _18849_         | B2 ^ -> ZN v | AOI21_X1  | 0.022 |   1.484 |    1.782 | 
     | _18850_         | B v -> ZN ^  | AOI211_X1 | 0.070 |   1.554 |    1.852 | 
     | _18851_         | A2 ^ -> ZN v | NOR2_X1   | 0.020 |   1.574 |    1.872 | 
     | _19324_         | D v          | DFF_X1    | 0.000 |   1.574 |    1.872 | 
     +-------------------------------------------------------------------------+ 
     Clock Rise Edge                      0.000
     = Beginpoint Arrival Time            0.000
     Other End Path:
     +--------------------------------------------------------+ 
     | Instance |  Arc  |  Cell  | Delay | Arrival | Required | 
     |          |       |        |       |  Time   |   Time   | 
     |----------+-------+--------+-------+---------+----------| 
     |          | clk ^ |        |       |   0.000 |   -0.298 | 
     | _19324_  | CK ^  | DFF_X1 | 0.000 |   0.000 |   -0.298 | 
     +--------------------------------------------------------+ 
Path 5: MET Setup Check with Pin _19322_/CK 
Endpoint:   _19322_/D (^) checked with  leading edge of 'aes_clk'
Beginpoint: _19477_/Q (v) triggered by  leading edge of 'aes_clk'
Path Groups: {aes_clk}
Analysis View: VIEW_TYP
Other End Arrival Time          0.000
- Setup                         0.035
+ Phase Shift                   2.000
- Uncertainty                   0.100
= Required Time                 1.865
- Arrival Time                  1.565
= Slack Time                    0.300
     Clock Rise Edge                      0.000
     = Beginpoint Arrival Time            0.000
     Timing Path:
     +-------------------------------------------------------------------------+ 
     |    Instance     |     Arc      |   Cell    | Delay | Arrival | Required | 
     |                 |              |           |       |  Time   |   Time   | 
     |-----------------+--------------+-----------+-------+---------+----------| 
     |                 | clk ^        |           |       |   0.000 |    0.300 | 
     | _19477_         | CK ^ -> Q v  | DFF_X1    | 0.125 |   0.125 |    0.425 | 
     | FE_OFC18_ld_r   | A v -> Z v   | BUF_X1    | 0.080 |   0.206 |    0.506 | 
     | FE_OFC19_ld_r   | A v -> Z v   | BUF_X1    | 0.081 |   0.287 |    0.587 | 
     | _09768_         | A v -> ZN ^  | INV_X1    | 0.081 |   0.368 |    0.668 | 
     | FE_OFC31_00986  | A ^ -> Z ^   | BUF_X1    | 0.102 |   0.470 |    0.770 | 
     | FE_OFC34_00986  | A ^ -> Z ^   | BUF_X1    | 0.107 |   0.577 |    0.877 | 
     | FE_OFC38_00986  | A ^ -> Z ^   | BUF_X1    | 0.102 |   0.679 |    0.979 | 
     | FE_OFC40_00986  | A ^ -> Z ^   | BUF_X1    | 0.093 |   0.772 |    1.072 | 
     | FE_OFC41_00986  | A ^ -> Z ^   | BUF_X1    | 0.084 |   0.856 |    1.156 | 
     | _16115_         | S ^ -> Z v   | MUX2_X1   | 0.079 |   0.935 |    1.235 | 
     | _16117_         | B v -> Z ^   | XOR2_X1   | 0.052 |   0.987 |    1.287 | 
     | FE_OFC468_07108 | A ^ -> Z ^   | BUF_X1    | 0.086 |   1.073 |    1.373 | 
     | FE_OFC469_07108 | A ^ -> Z ^   | BUF_X1    | 0.094 |   1.166 |    1.466 | 
     | FE_OFC470_07108 | A ^ -> Z ^   | BUF_X1    | 0.101 |   1.267 |    1.567 | 
     | FE_OFC471_07108 | A ^ -> Z ^   | BUF_X1    | 0.105 |   1.372 |    1.672 | 
     | _16259_         | A1 ^ -> ZN v | NOR2_X1   | 0.018 |   1.390 |    1.691 | 
     | _16260_         | A3 v -> ZN ^ | NAND3_X1  | 0.029 |   1.419 |    1.719 | 
     | _16285_         | B ^ -> ZN v  | OAI211_X1 | 0.029 |   1.448 |    1.748 | 
     | _16286_         | B v -> ZN ^  | OAI211_X1 | 0.032 |   1.480 |    1.780 | 
     | _16287_         | A2 ^ -> ZN v | NAND2_X1  | 0.017 |   1.497 |    1.797 | 
     | _16288_         | B2 v -> ZN ^ | OAI21_X1  | 0.066 |   1.563 |    1.864 | 
     | _19322_         | D ^          | DFF_X1    | 0.001 |   1.565 |    1.865 | 
     +-------------------------------------------------------------------------+ 
     Clock Rise Edge                      0.000
     = Beginpoint Arrival Time            0.000
     Other End Path:
     +--------------------------------------------------------+ 
     | Instance |  Arc  |  Cell  | Delay | Arrival | Required | 
     |          |       |        |       |  Time   |   Time   | 
     |----------+-------+--------+-------+---------+----------| 
     |          | clk ^ |        |       |   0.000 |   -0.300 | 
     | _19322_  | CK ^  | DFF_X1 | 0.000 |   0.000 |   -0.300 | 
     +--------------------------------------------------------+ 
Path 6: MET Setup Check with Pin _19321_/CK 
Endpoint:   _19321_/D (^) checked with  leading edge of 'aes_clk'
Beginpoint: _19477_/Q (v) triggered by  leading edge of 'aes_clk'
Path Groups: {aes_clk}
Analysis View: VIEW_TYP
Other End Arrival Time          0.000
- Setup                         0.031
+ Phase Shift                   2.000
- Uncertainty                   0.100
= Required Time                 1.869
- Arrival Time                  1.550
= Slack Time                    0.319
     Clock Rise Edge                      0.000
     = Beginpoint Arrival Time            0.000
     Timing Path:
     +-------------------------------------------------------------------------+ 
     |    Instance     |     Arc      |   Cell    | Delay | Arrival | Required | 
     |                 |              |           |       |  Time   |   Time   | 
     |-----------------+--------------+-----------+-------+---------+----------| 
     |                 | clk ^        |           |       |   0.000 |    0.319 | 
     | _19477_         | CK ^ -> Q v  | DFF_X1    | 0.125 |   0.125 |    0.444 | 
     | FE_OFC18_ld_r   | A v -> Z v   | BUF_X1    | 0.080 |   0.206 |    0.525 | 
     | FE_OFC19_ld_r   | A v -> Z v   | BUF_X1    | 0.081 |   0.287 |    0.606 | 
     | _09768_         | A v -> ZN ^  | INV_X1    | 0.081 |   0.368 |    0.687 | 
     | FE_OFC31_00986  | A ^ -> Z ^   | BUF_X1    | 0.102 |   0.470 |    0.789 | 
     | FE_OFC34_00986  | A ^ -> Z ^   | BUF_X1    | 0.107 |   0.577 |    0.896 | 
     | FE_OFC38_00986  | A ^ -> Z ^   | BUF_X1    | 0.102 |   0.679 |    0.998 | 
     | FE_OFC40_00986  | A ^ -> Z ^   | BUF_X1    | 0.093 |   0.772 |    1.091 | 
     | FE_OFC41_00986  | A ^ -> Z ^   | BUF_X1    | 0.084 |   0.856 |    1.175 | 
     | _16115_         | S ^ -> Z v   | MUX2_X1   | 0.079 |   0.935 |    1.254 | 
     | _16117_         | B v -> Z ^   | XOR2_X1   | 0.052 |   0.987 |    1.306 | 
     | FE_OFC468_07108 | A ^ -> Z ^   | BUF_X1    | 0.086 |   1.073 |    1.392 | 
     | FE_OFC469_07108 | A ^ -> Z ^   | BUF_X1    | 0.094 |   1.166 |    1.485 | 
     | FE_OFC470_07108 | A ^ -> Z ^   | BUF_X1    | 0.101 |   1.267 |    1.586 | 
     | FE_OFC471_07108 | A ^ -> Z ^   | BUF_X1    | 0.105 |   1.372 |    1.691 | 
     | _16290_         | A ^ -> ZN v  | AOI221_X1 | 0.025 |   1.398 |    1.717 | 
     | _16291_         | A v -> ZN ^  | AOI21_X1  | 0.055 |   1.453 |    1.772 | 
     | _16292_         | A2 ^ -> ZN v | NAND2_X1  | 0.018 |   1.470 |    1.790 | 
     | _16297_         | B1 v -> ZN ^ | AOI21_X1  | 0.031 |   1.502 |    1.821 | 
     | _16310_         | B1 ^ -> ZN v | OAI21_X1  | 0.020 |   1.521 |    1.840 | 
     | _16333_         | A v -> ZN ^  | OAI21_X1  | 0.029 |   1.550 |    1.869 | 
     | _19321_         | D ^          | DFF_X1    | 0.000 |   1.550 |    1.869 | 
     +-------------------------------------------------------------------------+ 
     Clock Rise Edge                      0.000
     = Beginpoint Arrival Time            0.000
     Other End Path:
     +--------------------------------------------------------+ 
     | Instance |  Arc  |  Cell  | Delay | Arrival | Required | 
     |          |       |        |       |  Time   |   Time   | 
     |----------+-------+--------+-------+---------+----------| 
     |          | clk ^ |        |       |   0.000 |   -0.319 | 
     | _19321_  | CK ^  | DFF_X1 | 0.000 |   0.000 |   -0.319 | 
     +--------------------------------------------------------+ 
Path 7: MET Setup Check with Pin _19320_/CK 
Endpoint:   _19320_/D (v) checked with  leading edge of 'aes_clk'
Beginpoint: _19477_/Q (v) triggered by  leading edge of 'aes_clk'
Path Groups: {aes_clk}
Analysis View: VIEW_TYP
Other End Arrival Time          0.000
- Setup                         0.028
+ Phase Shift                   2.000
- Uncertainty                   0.100
= Required Time                 1.872
- Arrival Time                  1.528
= Slack Time                    0.345
     Clock Rise Edge                      0.000
     = Beginpoint Arrival Time            0.000
     Timing Path:
     +-------------------------------------------------------------------------+ 
     |    Instance     |     Arc      |   Cell    | Delay | Arrival | Required | 
     |                 |              |           |       |  Time   |   Time   | 
     |-----------------+--------------+-----------+-------+---------+----------| 
     |                 | clk ^        |           |       |   0.000 |    0.345 | 
     | _19477_         | CK ^ -> Q v  | DFF_X1    | 0.125 |   0.125 |    0.470 | 
     | FE_OFC18_ld_r   | A v -> Z v   | BUF_X1    | 0.080 |   0.206 |    0.550 | 
     | FE_OFC19_ld_r   | A v -> Z v   | BUF_X1    | 0.081 |   0.287 |    0.631 | 
     | _09768_         | A v -> ZN ^  | INV_X1    | 0.081 |   0.368 |    0.713 | 
     | FE_OFC31_00986  | A ^ -> Z ^   | BUF_X1    | 0.102 |   0.470 |    0.815 | 
     | FE_OFC34_00986  | A ^ -> Z ^   | BUF_X1    | 0.107 |   0.577 |    0.922 | 
     | FE_OFC38_00986  | A ^ -> Z ^   | BUF_X1    | 0.102 |   0.679 |    1.024 | 
     | FE_OFC40_00986  | A ^ -> Z ^   | BUF_X1    | 0.093 |   0.772 |    1.117 | 
     | FE_OFC41_00986  | A ^ -> Z ^   | BUF_X1    | 0.084 |   0.856 |    1.201 | 
     | _16115_         | S ^ -> Z v   | MUX2_X1   | 0.079 |   0.935 |    1.279 | 
     | _16117_         | B v -> Z ^   | XOR2_X1   | 0.052 |   0.987 |    1.332 | 
     | FE_OFC468_07108 | A ^ -> Z ^   | BUF_X1    | 0.086 |   1.073 |    1.417 | 
     | FE_OFC469_07108 | A ^ -> Z ^   | BUF_X1    | 0.094 |   1.166 |    1.511 | 
     | FE_OFC470_07108 | A ^ -> Z ^   | BUF_X1    | 0.101 |   1.267 |    1.612 | 
     | FE_OFC471_07108 | A ^ -> Z ^   | BUF_X1    | 0.105 |   1.372 |    1.717 | 
     | _16361_         | A ^ -> ZN v  | OAI221_X1 | 0.050 |   1.422 |    1.767 | 
     | _16373_         | A2 v -> ZN ^ | NAND2_X1  | 0.024 |   1.446 |    1.791 | 
     | _16374_         | B2 ^ -> ZN v | OAI21_X1  | 0.017 |   1.463 |    1.808 | 
     | _16375_         | C2 v -> ZN ^ | OAI211_X1 | 0.039 |   1.502 |    1.847 | 
     | _16376_         | A ^ -> ZN v  | OAI21_X1  | 0.025 |   1.527 |    1.872 | 
     | _19320_         | D v          | DFF_X1    | 0.000 |   1.528 |    1.872 | 
     +-------------------------------------------------------------------------+ 
     Clock Rise Edge                      0.000
     = Beginpoint Arrival Time            0.000
     Other End Path:
     +--------------------------------------------------------+ 
     | Instance |  Arc  |  Cell  | Delay | Arrival | Required | 
     |          |       |        |       |  Time   |   Time   | 
     |----------+-------+--------+-------+---------+----------| 
     |          | clk ^ |        |       |   0.000 |   -0.345 | 
     | _19320_  | CK ^  | DFF_X1 | 0.000 |   0.000 |   -0.345 | 
     +--------------------------------------------------------+ 
Path 8: MET Setup Check with Pin _19641_/CK 
Endpoint:   _19641_/D (v) checked with  leading edge of 'aes_clk'
Beginpoint: _19477_/Q (v) triggered by  leading edge of 'aes_clk'
Path Groups: {aes_clk}
Analysis View: VIEW_TYP
Other End Arrival Time          0.000
- Setup                         0.026
+ Phase Shift                   2.000
- Uncertainty                   0.100
= Required Time                 1.874
- Arrival Time                  1.529
= Slack Time                    0.345
     Clock Rise Edge                      0.000
     = Beginpoint Arrival Time            0.000
     Timing Path:
     +------------------------------------------------------------------------+ 
     |    Instance    |     Arc      |   Cell    | Delay | Arrival | Required | 
     |                |              |           |       |  Time   |   Time   | 
     |----------------+--------------+-----------+-------+---------+----------| 
     |                | clk ^        |           |       |   0.000 |    0.345 | 
     | _19477_        | CK ^ -> Q v  | DFF_X1    | 0.125 |   0.125 |    0.470 | 
     | FE_OFC18_ld_r  | A v -> Z v   | BUF_X1    | 0.080 |   0.206 |    0.551 | 
     | FE_OFC19_ld_r  | A v -> Z v   | BUF_X1    | 0.081 |   0.287 |    0.632 | 
     | _09768_        | A v -> ZN ^  | INV_X1    | 0.081 |   0.368 |    0.713 | 
     | FE_OFC31_00986 | A ^ -> Z ^   | BUF_X1    | 0.102 |   0.470 |    0.815 | 
     | FE_OFC34_00986 | A ^ -> Z ^   | BUF_X1    | 0.107 |   0.577 |    0.922 | 
     | FE_OFC38_00986 | A ^ -> Z ^   | BUF_X1    | 0.102 |   0.679 |    1.024 | 
     | FE_OFC40_00986 | A ^ -> Z ^   | BUF_X1    | 0.093 |   0.772 |    1.117 | 
     | FE_OFC41_00986 | A ^ -> Z ^   | BUF_X1    | 0.084 |   0.856 |    1.201 | 
     | _09801_        | S ^ -> Z v   | MUX2_X1   | 0.082 |   0.938 |    1.283 | 
     | _09802_        | B v -> ZN ^  | XNOR2_X1  | 0.034 |   0.972 |    1.317 | 
     | FE_OFC84_01020 | A ^ -> Z ^   | BUF_X1    | 0.093 |   1.065 |    1.410 | 
     | FE_OFC85_01020 | A ^ -> Z ^   | BUF_X1    | 0.110 |   1.174 |    1.519 | 
     | FE_OFC86_01020 | A ^ -> Z ^   | BUF_X1    | 0.109 |   1.283 |    1.628 | 
     | _10117_        | A ^ -> ZN v  | AOI211_X1 | 0.027 |   1.310 |    1.655 | 
     | _10118_        | A4 v -> ZN ^ | NOR4_X1   | 0.086 |   1.397 |    1.742 | 
     | _10119_        | A ^ -> ZN v  | AOI21_X1  | 0.020 |   1.416 |    1.761 | 
     | _10120_        | B1 v -> ZN ^ | OAI21_X1  | 0.030 |   1.447 |    1.792 | 
     | _10121_        | B1 ^ -> ZN v | AOI21_X1  | 0.020 |   1.467 |    1.812 | 
     | _10122_        | B v -> Z v   | MUX2_X1   | 0.062 |   1.529 |    1.874 | 
     | _19641_        | D v          | DFF_X1    | 0.000 |   1.529 |    1.874 | 
     +------------------------------------------------------------------------+ 
     Clock Rise Edge                      0.000
     = Beginpoint Arrival Time            0.000
     Other End Path:
     +--------------------------------------------------------+ 
     | Instance |  Arc  |  Cell  | Delay | Arrival | Required | 
     |          |       |        |       |  Time   |   Time   | 
     |----------+-------+--------+-------+---------+----------| 
     |          | clk ^ |        |       |   0.000 |   -0.345 | 
     | _19641_  | CK ^  | DFF_X1 | 0.000 |   0.000 |   -0.345 | 
     +--------------------------------------------------------+ 
Path 9: MET Setup Check with Pin _19709_/CK 
Endpoint:   _19709_/D (^) checked with  leading edge of 'aes_clk'
Beginpoint: _19477_/Q (v) triggered by  leading edge of 'aes_clk'
Path Groups: {aes_clk}
Analysis View: VIEW_TYP
Other End Arrival Time          0.000
- Setup                         0.030
+ Phase Shift                   2.000
- Uncertainty                   0.100
= Required Time                 1.870
- Arrival Time                  1.524
= Slack Time                    0.346
     Clock Rise Edge                      0.000
     = Beginpoint Arrival Time            0.000
     Timing Path:
     +-------------------------------------------------------------------------+ 
     |    Instance     |     Arc      |   Cell    | Delay | Arrival | Required | 
     |                 |              |           |       |  Time   |   Time   | 
     |-----------------+--------------+-----------+-------+---------+----------| 
     |                 | clk ^        |           |       |   0.000 |    0.346 | 
     | _19477_         | CK ^ -> Q v  | DFF_X1    | 0.125 |   0.125 |    0.471 | 
     | FE_OFC18_ld_r   | A v -> Z v   | BUF_X1    | 0.080 |   0.206 |    0.552 | 
     | FE_OFC19_ld_r   | A v -> Z v   | BUF_X1    | 0.081 |   0.287 |    0.633 | 
     | _09768_         | A v -> ZN ^  | INV_X1    | 0.081 |   0.368 |    0.714 | 
     | FE_OFC31_00986  | A ^ -> Z ^   | BUF_X1    | 0.102 |   0.470 |    0.816 | 
     | FE_OFC34_00986  | A ^ -> Z ^   | BUF_X1    | 0.107 |   0.577 |    0.923 | 
     | FE_OFC38_00986  | A ^ -> Z ^   | BUF_X1    | 0.102 |   0.679 |    1.025 | 
     | FE_OFC40_00986  | A ^ -> Z ^   | BUF_X1    | 0.093 |   0.772 |    1.118 | 
     | FE_OFC41_00986  | A ^ -> Z ^   | BUF_X1    | 0.084 |   0.856 |    1.202 | 
     | _16586_         | S ^ -> Z v   | MUX2_X1   | 0.073 |   0.929 |    1.276 | 
     | _16587_         | B v -> ZN ^  | XNOR2_X1  | 0.033 |   0.963 |    1.309 | 
     | FE_OFC491_07569 | A ^ -> Z ^   | BUF_X1    | 0.077 |   1.040 |    1.386 | 
     | FE_OFC492_07569 | A ^ -> Z ^   | BUF_X1    | 0.095 |   1.135 |    1.481 | 
     | _16590_         | A2 ^ -> ZN v | NAND2_X1  | 0.059 |   1.194 |    1.540 | 
     | _16635_         | A2 v -> ZN ^ | NOR2_X1   | 0.127 |   1.322 |    1.668 | 
     | _16641_         | A1 ^ -> ZN v | OAI22_X1  | 0.033 |   1.355 |    1.701 | 
     | _16654_         | B2 v -> ZN ^ | AOI221_X1 | 0.082 |   1.437 |    1.783 | 
     | _16656_         | A1 ^ -> ZN ^ | OR2_X1    | 0.031 |   1.468 |    1.814 | 
     | _16680_         | B1 ^ -> ZN v | OAI21_X1  | 0.015 |   1.483 |    1.829 | 
     | _16713_         | B2 v -> ZN ^ | AOI21_X1  | 0.041 |   1.524 |    1.870 | 
     | _19709_         | D ^          | DFF_X1    | 0.000 |   1.524 |    1.870 | 
     +-------------------------------------------------------------------------+ 
     Clock Rise Edge                      0.000
     = Beginpoint Arrival Time            0.000
     Other End Path:
     +--------------------------------------------------------+ 
     | Instance |  Arc  |  Cell  | Delay | Arrival | Required | 
     |          |       |        |       |  Time   |   Time   | 
     |----------+-------+--------+-------+---------+----------| 
     |          | clk ^ |        |       |   0.000 |   -0.346 | 
     | _19709_  | CK ^  | DFF_X1 | 0.000 |   0.000 |   -0.346 | 
     +--------------------------------------------------------+ 
Path 10: MET Setup Check with Pin _19642_/CK 
Endpoint:   _19642_/D (v) checked with  leading edge of 'aes_clk'
Beginpoint: _19477_/Q (v) triggered by  leading edge of 'aes_clk'
Path Groups: {aes_clk}
Analysis View: VIEW_TYP
Other End Arrival Time          0.000
- Setup                         0.032
+ Phase Shift                   2.000
- Uncertainty                   0.100
= Required Time                 1.868
- Arrival Time                  1.513
= Slack Time                    0.356
     Clock Rise Edge                      0.000
     = Beginpoint Arrival Time            0.000
     Timing Path:
     +------------------------------------------------------------------------+ 
     |    Instance    |     Arc      |   Cell    | Delay | Arrival | Required | 
     |                |              |           |       |  Time   |   Time   | 
     |----------------+--------------+-----------+-------+---------+----------| 
     |                | clk ^        |           |       |   0.000 |    0.356 | 
     | _19477_        | CK ^ -> Q v  | DFF_X1    | 0.125 |   0.125 |    0.481 | 
     | FE_OFC18_ld_r  | A v -> Z v   | BUF_X1    | 0.080 |   0.206 |    0.561 | 
     | FE_OFC19_ld_r  | A v -> Z v   | BUF_X1    | 0.081 |   0.287 |    0.643 | 
     | _09768_        | A v -> ZN ^  | INV_X1    | 0.081 |   0.368 |    0.724 | 
     | FE_OFC31_00986 | A ^ -> Z ^   | BUF_X1    | 0.102 |   0.470 |    0.826 | 
     | FE_OFC34_00986 | A ^ -> Z ^   | BUF_X1    | 0.107 |   0.577 |    0.933 | 
     | FE_OFC38_00986 | A ^ -> Z ^   | BUF_X1    | 0.102 |   0.679 |    1.035 | 
     | FE_OFC40_00986 | A ^ -> Z ^   | BUF_X1    | 0.093 |   0.772 |    1.128 | 
     | FE_OFC41_00986 | A ^ -> Z ^   | BUF_X1    | 0.084 |   0.856 |    1.212 | 
     | _09801_        | S ^ -> Z ^   | MUX2_X1   | 0.069 |   0.925 |    1.280 | 
     | _09803_        | B ^ -> Z ^   | XOR2_X1   | 0.086 |   1.011 |    1.367 | 
     | FE_OFC87_01021 | A ^ -> Z ^   | BUF_X1    | 0.092 |   1.103 |    1.458 | 
     | FE_OFC89_01021 | A ^ -> Z ^   | BUF_X1    | 0.086 |   1.189 |    1.545 | 
     | FE_OFC90_01021 | A ^ -> Z ^   | BUF_X1    | 0.092 |   1.281 |    1.636 | 
     | _10004_        | A1 ^ -> ZN ^ | AND3_X1   | 0.080 |   1.361 |    1.716 | 
     | _10072_        | A2 ^ -> ZN v | NOR3_X1   | 0.015 |   1.376 |    1.732 | 
     | _10077_        | A v -> ZN ^  | AOI21_X1  | 0.048 |   1.424 |    1.780 | 
     | _10078_        | C1 ^ -> ZN v | OAI221_X1 | 0.029 |   1.453 |    1.809 | 
     | _10083_        | B v -> ZN ^  | OAI211_X1 | 0.033 |   1.486 |    1.842 | 
     | _10084_        | A ^ -> ZN v  | OAI21_X1  | 0.026 |   1.512 |    1.868 | 
     | _19642_        | D v          | DFF_X1    | 0.000 |   1.513 |    1.868 | 
     +------------------------------------------------------------------------+ 
     Clock Rise Edge                      0.000
     = Beginpoint Arrival Time            0.000
     Other End Path:
     +--------------------------------------------------------+ 
     | Instance |  Arc  |  Cell  | Delay | Arrival | Required | 
     |          |       |        |       |  Time   |   Time   | 
     |----------+-------+--------+-------+---------+----------| 
     |          | clk ^ |        |       |   0.000 |   -0.356 | 
     | _19642_  | CK ^  | DFF_X1 | 0.000 |   0.000 |   -0.356 | 
     +--------------------------------------------------------+ 
Path 11: MET Setup Check with Pin _19671_/CK 
Endpoint:   _19671_/D (v) checked with  leading edge of 'aes_clk'
Beginpoint: _19477_/Q (v) triggered by  leading edge of 'aes_clk'
Path Groups: {aes_clk}
Analysis View: VIEW_TYP
Other End Arrival Time          0.000
- Setup                         0.027
+ Phase Shift                   2.000
- Uncertainty                   0.100
= Required Time                 1.873
- Arrival Time                  1.512
= Slack Time                    0.361
     Clock Rise Edge                      0.000
     = Beginpoint Arrival Time            0.000
     Timing Path:
     +-------------------------------------------------------------------------+ 
     |    Instance     |     Arc      |   Cell    | Delay | Arrival | Required | 
     |                 |              |           |       |  Time   |   Time   | 
     |-----------------+--------------+-----------+-------+---------+----------| 
     |                 | clk ^        |           |       |   0.000 |    0.361 | 
     | _19477_         | CK ^ -> Q v  | DFF_X1    | 0.125 |   0.125 |    0.486 | 
     | FE_OFC18_ld_r   | A v -> Z v   | BUF_X1    | 0.080 |   0.206 |    0.567 | 
     | FE_OFC19_ld_r   | A v -> Z v   | BUF_X1    | 0.081 |   0.287 |    0.648 | 
     | _09768_         | A v -> ZN ^  | INV_X1    | 0.081 |   0.368 |    0.729 | 
     | FE_OFC31_00986  | A ^ -> Z ^   | BUF_X1    | 0.102 |   0.470 |    0.831 | 
     | FE_OFC34_00986  | A ^ -> Z ^   | BUF_X1    | 0.107 |   0.577 |    0.938 | 
     | FE_OFC38_00986  | A ^ -> Z ^   | BUF_X1    | 0.102 |   0.679 |    1.040 | 
     | FE_OFC40_00986  | A ^ -> Z ^   | BUF_X1    | 0.093 |   0.772 |    1.133 | 
     | FE_OFC41_00986  | A ^ -> Z ^   | BUF_X1    | 0.084 |   0.856 |    1.217 | 
     | _18411_         | S ^ -> Z v   | MUX2_X1   | 0.076 |   0.932 |    1.293 | 
     | _18413_         | B v -> Z ^   | XOR2_X1   | 0.033 |   0.965 |    1.326 | 
     | FE_OFC550_09112 | A ^ -> Z ^   | BUF_X1    | 0.088 |   1.053 |    1.414 | 
     | FE_OFC551_09112 | A ^ -> Z ^   | BUF_X1    | 0.105 |   1.158 |    1.519 | 
     | FE_OFC552_09112 | A ^ -> Z ^   | BUF_X1    | 0.106 |   1.264 |    1.625 | 
     | _18484_         | A1 ^ -> ZN v | NOR2_X1   | 0.023 |   1.287 |    1.648 | 
     | _18553_         | A2 v -> ZN ^ | NOR2_X1   | 0.044 |   1.330 |    1.692 | 
     | _18554_         | A ^ -> ZN v  | OAI21_X1  | 0.030 |   1.361 |    1.722 | 
     | _18809_         | C1 v -> ZN ^ | OAI221_X1 | 0.042 |   1.403 |    1.764 | 
     | _18810_         | B2 ^ -> ZN v | AOI21_X1  | 0.021 |   1.424 |    1.785 | 
     | _18811_         | A3 v -> ZN ^ | NOR3_X1   | 0.069 |   1.493 |    1.854 | 
     | _18818_         | A ^ -> ZN v  | AOI21_X1  | 0.019 |   1.512 |    1.873 | 
     | _19671_         | D v          | DFF_X1    | 0.000 |   1.512 |    1.873 | 
     +-------------------------------------------------------------------------+ 
     Clock Rise Edge                      0.000
     = Beginpoint Arrival Time            0.000
     Other End Path:
     +--------------------------------------------------------+ 
     | Instance |  Arc  |  Cell  | Delay | Arrival | Required | 
     |          |       |        |       |  Time   |   Time   | 
     |----------+-------+--------+-------+---------+----------| 
     |          | clk ^ |        |       |   0.000 |   -0.361 | 
     | _19671_  | CK ^  | DFF_X1 | 0.000 |   0.000 |   -0.361 | 
     +--------------------------------------------------------+ 
Path 12: MET Setup Check with Pin _19706_/CK 
Endpoint:   _19706_/D (v) checked with  leading edge of 'aes_clk'
Beginpoint: _19477_/Q (v) triggered by  leading edge of 'aes_clk'
Path Groups: {aes_clk}
Analysis View: VIEW_TYP
Other End Arrival Time          0.000
- Setup                         0.027
+ Phase Shift                   2.000
- Uncertainty                   0.100
= Required Time                 1.873
- Arrival Time                  1.511
= Slack Time                    0.362
     Clock Rise Edge                      0.000
     = Beginpoint Arrival Time            0.000
     Timing Path:
     +-------------------------------------------------------------------------+ 
     |    Instance     |     Arc      |   Cell    | Delay | Arrival | Required | 
     |                 |              |           |       |  Time   |   Time   | 
     |-----------------+--------------+-----------+-------+---------+----------| 
     |                 | clk ^        |           |       |   0.000 |    0.362 | 
     | _19477_         | CK ^ -> Q v  | DFF_X1    | 0.125 |   0.125 |    0.488 | 
     | FE_OFC18_ld_r   | A v -> Z v   | BUF_X1    | 0.080 |   0.206 |    0.568 | 
     | FE_OFC19_ld_r   | A v -> Z v   | BUF_X1    | 0.081 |   0.287 |    0.649 | 
     | _09768_         | A v -> ZN ^  | INV_X1    | 0.081 |   0.368 |    0.730 | 
     | FE_OFC31_00986  | A ^ -> Z ^   | BUF_X1    | 0.102 |   0.470 |    0.832 | 
     | FE_OFC34_00986  | A ^ -> Z ^   | BUF_X1    | 0.107 |   0.577 |    0.939 | 
     | FE_OFC38_00986  | A ^ -> Z ^   | BUF_X1    | 0.102 |   0.679 |    1.041 | 
     | FE_OFC40_00986  | A ^ -> Z ^   | BUF_X1    | 0.093 |   0.772 |    1.134 | 
     | FE_OFC41_00986  | A ^ -> Z ^   | BUF_X1    | 0.084 |   0.856 |    1.218 | 
     | _16596_         | S ^ -> Z v   | MUX2_X1   | 0.074 |   0.930 |    1.292 | 
     | _16598_         | B v -> ZN ^  | XNOR2_X1  | 0.033 |   0.963 |    1.325 | 
     | FE_OFC497_07580 | A ^ -> Z ^   | BUF_X1    | 0.098 |   1.061 |    1.423 | 
     | FE_OFC498_07580 | A ^ -> Z ^   | BUF_X1    | 0.105 |   1.166 |    1.528 | 
     | _16670_         | A2 ^ -> ZN v | NAND2_X1  | 0.071 |   1.237 |    1.599 | 
     | _16833_         | A1 v -> ZN ^ | NOR2_X1   | 0.077 |   1.313 |    1.676 | 
     | _16834_         | A3 ^ -> ZN v | NOR3_X1   | 0.018 |   1.331 |    1.694 | 
     | _16837_         | A2 v -> ZN ^ | NOR3_X1   | 0.065 |   1.396 |    1.758 | 
     | _16838_         | B ^ -> ZN v  | AOI211_X1 | 0.023 |   1.420 |    1.782 | 
     | _16846_         | B v -> ZN ^  | AOI211_X1 | 0.072 |   1.492 |    1.854 | 
     | _16847_         | A ^ -> ZN v  | AOI21_X1  | 0.019 |   1.511 |    1.873 | 
     | _19706_         | D v          | DFF_X1    | 0.000 |   1.511 |    1.873 | 
     +-------------------------------------------------------------------------+ 
     Clock Rise Edge                      0.000
     = Beginpoint Arrival Time            0.000
     Other End Path:
     +--------------------------------------------------------+ 
     | Instance |  Arc  |  Cell  | Delay | Arrival | Required | 
     |          |       |        |       |  Time   |   Time   | 
     |----------+-------+--------+-------+---------+----------| 
     |          | clk ^ |        |       |   0.000 |   -0.362 | 
     | _19706_  | CK ^  | DFF_X1 | 0.000 |   0.000 |   -0.362 | 
     +--------------------------------------------------------+ 
Path 13: MET Setup Check with Pin _19644_/CK 
Endpoint:   _19644_/D (^) checked with  leading edge of 'aes_clk'
Beginpoint: _19477_/Q (v) triggered by  leading edge of 'aes_clk'
Path Groups: {aes_clk}
Analysis View: VIEW_TYP
Other End Arrival Time          0.000
- Setup                         0.032
+ Phase Shift                   2.000
- Uncertainty                   0.100
= Required Time                 1.868
- Arrival Time                  1.505
= Slack Time                    0.362
     Clock Rise Edge                      0.000
     = Beginpoint Arrival Time            0.000
     Timing Path:
     +------------------------------------------------------------------------+ 
     |    Instance    |     Arc      |   Cell    | Delay | Arrival | Required | 
     |                |              |           |       |  Time   |   Time   | 
     |----------------+--------------+-----------+-------+---------+----------| 
     |                | clk ^        |           |       |   0.000 |    0.362 | 
     | _19477_        | CK ^ -> Q v  | DFF_X1    | 0.125 |   0.125 |    0.488 | 
     | FE_OFC18_ld_r  | A v -> Z v   | BUF_X1    | 0.080 |   0.206 |    0.568 | 
     | FE_OFC19_ld_r  | A v -> Z v   | BUF_X1    | 0.081 |   0.287 |    0.649 | 
     | _09768_        | A v -> ZN ^  | INV_X1    | 0.081 |   0.368 |    0.730 | 
     | FE_OFC31_00986 | A ^ -> Z ^   | BUF_X1    | 0.102 |   0.470 |    0.832 | 
     | FE_OFC34_00986 | A ^ -> Z ^   | BUF_X1    | 0.107 |   0.577 |    0.939 | 
     | FE_OFC38_00986 | A ^ -> Z ^   | BUF_X1    | 0.102 |   0.679 |    1.041 | 
     | FE_OFC40_00986 | A ^ -> Z ^   | BUF_X1    | 0.093 |   0.772 |    1.135 | 
     | FE_OFC41_00986 | A ^ -> Z ^   | BUF_X1    | 0.084 |   0.856 |    1.218 | 
     | _09801_        | S ^ -> Z v   | MUX2_X1   | 0.082 |   0.938 |    1.300 | 
     | _09802_        | B v -> ZN ^  | XNOR2_X1  | 0.034 |   0.972 |    1.334 | 
     | FE_OFC84_01020 | A ^ -> Z ^   | BUF_X1    | 0.093 |   1.065 |    1.427 | 
     | FE_OFC85_01020 | A ^ -> Z ^   | BUF_X1    | 0.110 |   1.174 |    1.537 | 
     | FE_OFC86_01020 | A ^ -> Z ^   | BUF_X1    | 0.109 |   1.283 |    1.645 | 
     | _09975_        | B2 ^ -> ZN v | AOI22_X1  | 0.035 |   1.318 |    1.680 | 
     | _09976_        | B2 v -> ZN ^ | AOI21_X1  | 0.042 |   1.360 |    1.722 | 
     | _09980_        | A3 ^ -> ZN v | NOR3_X1   | 0.015 |   1.375 |    1.737 | 
     | _09981_        | B v -> ZN ^  | AOI211_X1 | 0.071 |   1.445 |    1.808 | 
     | _09995_        | A ^ -> ZN v  | AOI21_X1  | 0.019 |   1.465 |    1.827 | 
     | _09996_        | B1 v -> ZN ^ | AOI21_X1  | 0.040 |   1.505 |    1.867 | 
     | _19644_        | D ^          | DFF_X1    | 0.000 |   1.505 |    1.868 | 
     +------------------------------------------------------------------------+ 
     Clock Rise Edge                      0.000
     = Beginpoint Arrival Time            0.000
     Other End Path:
     +--------------------------------------------------------+ 
     | Instance |  Arc  |  Cell  | Delay | Arrival | Required | 
     |          |       |        |       |  Time   |   Time   | 
     |----------+-------+--------+-------+---------+----------| 
     |          | clk ^ |        |       |   0.000 |   -0.362 | 
     | _19644_  | CK ^  | DFF_X1 | 0.000 |   0.000 |   -0.362 | 
     +--------------------------------------------------------+ 
Path 14: MET Setup Check with Pin _19323_/CK 
Endpoint:   _19323_/D (v) checked with  leading edge of 'aes_clk'
Beginpoint: _19477_/Q (v) triggered by  leading edge of 'aes_clk'
Path Groups: {aes_clk}
Analysis View: VIEW_TYP
Other End Arrival Time          0.000
- Setup                         0.027
+ Phase Shift                   2.000
- Uncertainty                   0.100
= Required Time                 1.873
- Arrival Time                  1.508
= Slack Time                    0.365
     Clock Rise Edge                      0.000
     = Beginpoint Arrival Time            0.000
     Timing Path:
     +------------------------------------------------------------------------+ 
     |    Instance     |     Arc      |   Cell   | Delay | Arrival | Required | 
     |                 |              |          |       |  Time   |   Time   | 
     |-----------------+--------------+----------+-------+---------+----------| 
     |                 | clk ^        |          |       |   0.000 |    0.365 | 
     | _19477_         | CK ^ -> Q v  | DFF_X1   | 0.125 |   0.125 |    0.490 | 
     | FE_OFC18_ld_r   | A v -> Z v   | BUF_X1   | 0.080 |   0.206 |    0.571 | 
     | FE_OFC19_ld_r   | A v -> Z v   | BUF_X1   | 0.081 |   0.287 |    0.652 | 
     | _09768_         | A v -> ZN ^  | INV_X1   | 0.081 |   0.368 |    0.733 | 
     | FE_OFC31_00986  | A ^ -> Z ^   | BUF_X1   | 0.102 |   0.470 |    0.835 | 
     | FE_OFC34_00986  | A ^ -> Z ^   | BUF_X1   | 0.107 |   0.577 |    0.942 | 
     | FE_OFC38_00986  | A ^ -> Z ^   | BUF_X1   | 0.102 |   0.679 |    1.044 | 
     | FE_OFC40_00986  | A ^ -> Z ^   | BUF_X1   | 0.093 |   0.772 |    1.137 | 
     | FE_OFC41_00986  | A ^ -> Z ^   | BUF_X1   | 0.084 |   0.856 |    1.221 | 
     | _16115_         | S ^ -> Z v   | MUX2_X1  | 0.079 |   0.935 |    1.300 | 
     | _16116_         | B v -> ZN ^  | XNOR2_X1 | 0.053 |   0.988 |    1.353 | 
     | FE_OFC464_07107 | A ^ -> Z ^   | BUF_X1   | 0.095 |   1.083 |    1.448 | 
     | FE_OFC465_07107 | A ^ -> Z ^   | BUF_X1   | 0.101 |   1.184 |    1.549 | 
     | FE_OFC466_07107 | A ^ -> Z ^   | BUF_X1   | 0.097 |   1.281 |    1.646 | 
     | FE_OFC467_07107 | A ^ -> Z ^   | BUF_X1   | 0.103 |   1.384 |    1.749 | 
     | _16176_         | A1 ^ -> ZN v | NAND3_X1 | 0.041 |   1.425 |    1.790 | 
     | _16181_         | A3 v -> ZN ^ | NAND4_X1 | 0.029 |   1.454 |    1.819 | 
     | _16191_         | A1 ^ -> ZN ^ | AND2_X1  | 0.033 |   1.487 |    1.852 | 
     | _16229_         | A1 ^ -> ZN v | OAI22_X1 | 0.021 |   1.507 |    1.872 | 
     | _19323_         | D v          | DFF_X1   | 0.000 |   1.508 |    1.873 | 
     +------------------------------------------------------------------------+ 
     Clock Rise Edge                      0.000
     = Beginpoint Arrival Time            0.000
     Other End Path:
     +--------------------------------------------------------+ 
     | Instance |  Arc  |  Cell  | Delay | Arrival | Required | 
     |          |       |        |       |  Time   |   Time   | 
     |----------+-------+--------+-------+---------+----------| 
     |          | clk ^ |        |       |   0.000 |   -0.365 | 
     | _19323_  | CK ^  | DFF_X1 | 0.000 |   0.000 |   -0.365 | 
     +--------------------------------------------------------+ 
Path 15: MET Setup Check with Pin _19639_/CK 
Endpoint:   _19639_/D (^) checked with  leading edge of 'aes_clk'
Beginpoint: _19477_/Q (v) triggered by  leading edge of 'aes_clk'
Path Groups: {aes_clk}
Analysis View: VIEW_TYP
Other End Arrival Time          0.000
- Setup                         0.031
+ Phase Shift                   2.000
- Uncertainty                   0.100
= Required Time                 1.869
- Arrival Time                  1.502
= Slack Time                    0.367
     Clock Rise Edge                      0.000
     = Beginpoint Arrival Time            0.000
     Timing Path:
     +------------------------------------------------------------------------+ 
     |    Instance    |     Arc      |   Cell    | Delay | Arrival | Required | 
     |                |              |           |       |  Time   |   Time   | 
     |----------------+--------------+-----------+-------+---------+----------| 
     |                | clk ^        |           |       |   0.000 |    0.367 | 
     | _19477_        | CK ^ -> Q v  | DFF_X1    | 0.125 |   0.125 |    0.493 | 
     | FE_OFC18_ld_r  | A v -> Z v   | BUF_X1    | 0.080 |   0.206 |    0.573 | 
     | FE_OFC19_ld_r  | A v -> Z v   | BUF_X1    | 0.081 |   0.287 |    0.654 | 
     | _09768_        | A v -> ZN ^  | INV_X1    | 0.081 |   0.368 |    0.735 | 
     | FE_OFC31_00986 | A ^ -> Z ^   | BUF_X1    | 0.102 |   0.470 |    0.837 | 
     | FE_OFC34_00986 | A ^ -> Z ^   | BUF_X1    | 0.107 |   0.577 |    0.944 | 
     | FE_OFC38_00986 | A ^ -> Z ^   | BUF_X1    | 0.102 |   0.679 |    1.046 | 
     | FE_OFC40_00986 | A ^ -> Z ^   | BUF_X1    | 0.093 |   0.772 |    1.140 | 
     | FE_OFC41_00986 | A ^ -> Z ^   | BUF_X1    | 0.084 |   0.856 |    1.223 | 
     | _09801_        | S ^ -> Z ^   | MUX2_X1   | 0.069 |   0.925 |    1.292 | 
     | _09803_        | B ^ -> Z ^   | XOR2_X1   | 0.086 |   1.011 |    1.378 | 
     | FE_OFC87_01021 | A ^ -> Z ^   | BUF_X1    | 0.092 |   1.103 |    1.470 | 
     | FE_OFC89_01021 | A ^ -> Z ^   | BUF_X1    | 0.086 |   1.189 |    1.556 | 
     | FE_OFC90_01021 | A ^ -> Z ^   | BUF_X1    | 0.092 |   1.281 |    1.648 | 
     | _10004_        | A1 ^ -> ZN ^ | AND3_X1   | 0.080 |   1.361 |    1.728 | 
     | _10179_        | B1 ^ -> ZN v | OAI221_X1 | 0.035 |   1.396 |    1.763 | 
     | _10182_        | B v -> ZN ^  | OAI211_X1 | 0.037 |   1.433 |    1.800 | 
     | _10183_        | B2 ^ -> ZN v | AOI21_X1  | 0.020 |   1.453 |    1.820 | 
     | _10185_        | A v -> ZN ^  | AOI21_X1  | 0.049 |   1.502 |    1.869 | 
     | _19639_        | D ^          | DFF_X1    | 0.000 |   1.502 |    1.869 | 
     +------------------------------------------------------------------------+ 
     Clock Rise Edge                      0.000
     = Beginpoint Arrival Time            0.000
     Other End Path:
     +--------------------------------------------------------+ 
     | Instance |  Arc  |  Cell  | Delay | Arrival | Required | 
     |          |       |        |       |  Time   |   Time   | 
     |----------+-------+--------+-------+---------+----------| 
     |          | clk ^ |        |       |   0.000 |   -0.367 | 
     | _19639_  | CK ^  | DFF_X1 | 0.000 |   0.000 |   -0.367 | 
     +--------------------------------------------------------+ 
Path 16: MET Setup Check with Pin _19640_/CK 
Endpoint:   _19640_/D (^) checked with  leading edge of 'aes_clk'
Beginpoint: _19477_/Q (v) triggered by  leading edge of 'aes_clk'
Path Groups: {aes_clk}
Analysis View: VIEW_TYP
Other End Arrival Time          0.000
- Setup                         0.032
+ Phase Shift                   2.000
- Uncertainty                   0.100
= Required Time                 1.868
- Arrival Time                  1.497
= Slack Time                    0.371
     Clock Rise Edge                      0.000
     = Beginpoint Arrival Time            0.000
     Timing Path:
     +------------------------------------------------------------------------+ 
     |    Instance    |     Arc      |   Cell    | Delay | Arrival | Required | 
     |                |              |           |       |  Time   |   Time   | 
     |----------------+--------------+-----------+-------+---------+----------| 
     |                | clk ^        |           |       |   0.000 |    0.371 | 
     | _19477_        | CK ^ -> Q v  | DFF_X1    | 0.125 |   0.125 |    0.496 | 
     | FE_OFC18_ld_r  | A v -> Z v   | BUF_X1    | 0.080 |   0.206 |    0.576 | 
     | FE_OFC19_ld_r  | A v -> Z v   | BUF_X1    | 0.081 |   0.287 |    0.657 | 
     | _09768_        | A v -> ZN ^  | INV_X1    | 0.081 |   0.368 |    0.739 | 
     | FE_OFC31_00986 | A ^ -> Z ^   | BUF_X1    | 0.102 |   0.470 |    0.841 | 
     | FE_OFC34_00986 | A ^ -> Z ^   | BUF_X1    | 0.107 |   0.577 |    0.948 | 
     | FE_OFC38_00986 | A ^ -> Z ^   | BUF_X1    | 0.102 |   0.679 |    1.050 | 
     | FE_OFC40_00986 | A ^ -> Z ^   | BUF_X1    | 0.093 |   0.772 |    1.143 | 
     | FE_OFC41_00986 | A ^ -> Z ^   | BUF_X1    | 0.084 |   0.856 |    1.227 | 
     | _09801_        | S ^ -> Z v   | MUX2_X1   | 0.082 |   0.938 |    1.309 | 
     | _09802_        | B v -> ZN ^  | XNOR2_X1  | 0.034 |   0.972 |    1.343 | 
     | FE_OFC84_01020 | A ^ -> Z ^   | BUF_X1    | 0.093 |   1.065 |    1.435 | 
     | FE_OFC85_01020 | A ^ -> Z ^   | BUF_X1    | 0.110 |   1.174 |    1.545 | 
     | FE_OFC86_01020 | A ^ -> Z ^   | BUF_X1    | 0.109 |   1.283 |    1.653 | 
     | _10019_        | C2 ^ -> ZN v | AOI211_X1 | 0.040 |   1.323 |    1.693 | 
     | _10134_        | C2 v -> ZN ^ | AOI211_X1 | 0.059 |   1.381 |    1.752 | 
     | _10135_        | A ^ -> ZN v  | AOI21_X1  | 0.018 |   1.400 |    1.770 | 
     | _10136_        | B v -> Z v   | MUX2_X1   | 0.061 |   1.461 |    1.831 | 
     | _10155_        | A2 v -> ZN ^ | OAI22_X1  | 0.036 |   1.497 |    1.868 | 
     | _19640_        | D ^          | DFF_X1    | 0.000 |   1.497 |    1.868 | 
     +------------------------------------------------------------------------+ 
     Clock Rise Edge                      0.000
     = Beginpoint Arrival Time            0.000
     Other End Path:
     +--------------------------------------------------------+ 
     | Instance |  Arc  |  Cell  | Delay | Arrival | Required | 
     |          |       |        |       |  Time   |   Time   | 
     |----------+-------+--------+-------+---------+----------| 
     |          | clk ^ |        |       |   0.000 |   -0.371 | 
     | _19640_  | CK ^  | DFF_X1 | 0.000 |   0.000 |   -0.371 | 
     +--------------------------------------------------------+ 
Path 17: MET Setup Check with Pin _19643_/CK 
Endpoint:   _19643_/D (v) checked with  leading edge of 'aes_clk'
Beginpoint: _19477_/Q (v) triggered by  leading edge of 'aes_clk'
Path Groups: {aes_clk}
Analysis View: VIEW_TYP
Other End Arrival Time          0.000
- Setup                         0.028
+ Phase Shift                   2.000
- Uncertainty                   0.100
= Required Time                 1.872
- Arrival Time                  1.496
= Slack Time                    0.376
     Clock Rise Edge                      0.000
     = Beginpoint Arrival Time            0.000
     Timing Path:
     +------------------------------------------------------------------------+ 
     |    Instance    |     Arc      |   Cell    | Delay | Arrival | Required | 
     |                |              |           |       |  Time   |   Time   | 
     |----------------+--------------+-----------+-------+---------+----------| 
     |                | clk ^        |           |       |   0.000 |    0.376 | 
     | _19477_        | CK ^ -> Q v  | DFF_X1    | 0.125 |   0.125 |    0.501 | 
     | FE_OFC18_ld_r  | A v -> Z v   | BUF_X1    | 0.080 |   0.206 |    0.582 | 
     | FE_OFC19_ld_r  | A v -> Z v   | BUF_X1    | 0.081 |   0.287 |    0.663 | 
     | _09768_        | A v -> ZN ^  | INV_X1    | 0.081 |   0.368 |    0.744 | 
     | FE_OFC31_00986 | A ^ -> Z ^   | BUF_X1    | 0.102 |   0.470 |    0.846 | 
     | FE_OFC34_00986 | A ^ -> Z ^   | BUF_X1    | 0.107 |   0.577 |    0.953 | 
     | FE_OFC38_00986 | A ^ -> Z ^   | BUF_X1    | 0.102 |   0.679 |    1.055 | 
     | FE_OFC40_00986 | A ^ -> Z ^   | BUF_X1    | 0.093 |   0.772 |    1.148 | 
     | FE_OFC41_00986 | A ^ -> Z ^   | BUF_X1    | 0.084 |   0.856 |    1.232 | 
     | _09801_        | S ^ -> Z v   | MUX2_X1   | 0.082 |   0.938 |    1.314 | 
     | _09802_        | B v -> ZN ^  | XNOR2_X1  | 0.034 |   0.972 |    1.348 | 
     | FE_OFC84_01020 | A ^ -> Z ^   | BUF_X1    | 0.093 |   1.065 |    1.440 | 
     | FE_OFC85_01020 | A ^ -> Z ^   | BUF_X1    | 0.110 |   1.174 |    1.550 | 
     | FE_OFC86_01020 | A ^ -> Z ^   | BUF_X1    | 0.109 |   1.283 |    1.659 | 
     | _09917_        | A1 ^ -> ZN v | NOR2_X1   | 0.028 |   1.311 |    1.687 | 
     | _10000_        | A2 v -> ZN v | OR3_X1    | 0.082 |   1.393 |    1.768 | 
     | _10015_        | B v -> ZN ^  | OAI211_X1 | 0.032 |   1.424 |    1.800 | 
     | _10017_        | A2 ^ -> ZN v | NAND3_X1  | 0.026 |   1.451 |    1.827 | 
     | _10018_        | A2 v -> ZN ^ | NAND2_X1  | 0.025 |   1.476 |    1.852 | 
     | _10039_        | A2 ^ -> ZN v | OAI22_X1  | 0.020 |   1.496 |    1.872 | 
     | _19643_        | D v          | DFF_X1    | 0.000 |   1.496 |    1.872 | 
     +------------------------------------------------------------------------+ 
     Clock Rise Edge                      0.000
     = Beginpoint Arrival Time            0.000
     Other End Path:
     +--------------------------------------------------------+ 
     | Instance |  Arc  |  Cell  | Delay | Arrival | Required | 
     |          |       |        |       |  Time   |   Time   | 
     |----------+-------+--------+-------+---------+----------| 
     |          | clk ^ |        |       |   0.000 |   -0.376 | 
     | _19643_  | CK ^  | DFF_X1 | 0.000 |   0.000 |   -0.376 | 
     +--------------------------------------------------------+ 
Path 18: MET Setup Check with Pin _19704_/CK 
Endpoint:   _19704_/D (v) checked with  leading edge of 'aes_clk'
Beginpoint: _19477_/Q (v) triggered by  leading edge of 'aes_clk'
Path Groups: {aes_clk}
Analysis View: VIEW_TYP
Other End Arrival Time          0.000
- Setup                         0.028
+ Phase Shift                   2.000
- Uncertainty                   0.100
= Required Time                 1.872
- Arrival Time                  1.495
= Slack Time                    0.378
     Clock Rise Edge                      0.000
     = Beginpoint Arrival Time            0.000
     Timing Path:
     +-------------------------------------------------------------------------+ 
     |    Instance     |     Arc      |   Cell    | Delay | Arrival | Required | 
     |                 |              |           |       |  Time   |   Time   | 
     |-----------------+--------------+-----------+-------+---------+----------| 
     |                 | clk ^        |           |       |   0.000 |    0.378 | 
     | _19477_         | CK ^ -> Q v  | DFF_X1    | 0.125 |   0.125 |    0.503 | 
     | FE_OFC18_ld_r   | A v -> Z v   | BUF_X1    | 0.080 |   0.206 |    0.584 | 
     | FE_OFC19_ld_r   | A v -> Z v   | BUF_X1    | 0.081 |   0.287 |    0.665 | 
     | _09768_         | A v -> ZN ^  | INV_X1    | 0.081 |   0.368 |    0.746 | 
     | FE_OFC31_00986  | A ^ -> Z ^   | BUF_X1    | 0.102 |   0.470 |    0.848 | 
     | FE_OFC34_00986  | A ^ -> Z ^   | BUF_X1    | 0.107 |   0.577 |    0.955 | 
     | FE_OFC38_00986  | A ^ -> Z ^   | BUF_X1    | 0.102 |   0.679 |    1.057 | 
     | FE_OFC40_00986  | A ^ -> Z ^   | BUF_X1    | 0.093 |   0.772 |    1.150 | 
     | FE_OFC41_00986  | A ^ -> Z ^   | BUF_X1    | 0.084 |   0.856 |    1.234 | 
     | _16586_         | S ^ -> Z v   | MUX2_X1   | 0.073 |   0.929 |    1.307 | 
     | _16587_         | B v -> ZN ^  | XNOR2_X1  | 0.033 |   0.963 |    1.341 | 
     | FE_OFC491_07569 | A ^ -> Z ^   | BUF_X1    | 0.077 |   1.040 |    1.418 | 
     | FE_OFC492_07569 | A ^ -> Z ^   | BUF_X1    | 0.095 |   1.135 |    1.513 | 
     | _16590_         | A2 ^ -> ZN v | NAND2_X1  | 0.059 |   1.194 |    1.572 | 
     | _16635_         | A2 v -> ZN ^ | NOR2_X1   | 0.127 |   1.322 |    1.700 | 
     | _16904_         | C2 ^ -> ZN v | OAI211_X1 | 0.036 |   1.358 |    1.736 | 
     | _16905_         | A3 v -> ZN v | AND3_X1   | 0.048 |   1.406 |    1.784 | 
     | _16909_         | B v -> ZN ^  | AOI211_X1 | 0.066 |   1.472 |    1.850 | 
     | _16919_         | B1 ^ -> ZN v | OAI21_X1  | 0.023 |   1.494 |    1.872 | 
     | _19704_         | D v          | DFF_X1    | 0.000 |   1.495 |    1.872 | 
     +-------------------------------------------------------------------------+ 
     Clock Rise Edge                      0.000
     = Beginpoint Arrival Time            0.000
     Other End Path:
     +--------------------------------------------------------+ 
     | Instance |  Arc  |  Cell  | Delay | Arrival | Required | 
     |          |       |        |       |  Time   |   Time   | 
     |----------+-------+--------+-------+---------+----------| 
     |          | clk ^ |        |       |   0.000 |   -0.378 | 
     | _19704_  | CK ^  | DFF_X1 | 0.000 |   0.000 |   -0.378 | 
     +--------------------------------------------------------+ 
Path 19: MET Setup Check with Pin _19646_/CK 
Endpoint:   _19646_/D (^) checked with  leading edge of 'aes_clk'
Beginpoint: _19477_/Q (v) triggered by  leading edge of 'aes_clk'
Path Groups: {aes_clk}
Analysis View: VIEW_TYP
Other End Arrival Time          0.000
- Setup                         0.030
+ Phase Shift                   2.000
- Uncertainty                   0.100
= Required Time                 1.870
- Arrival Time                  1.492
= Slack Time                    0.378
     Clock Rise Edge                      0.000
     = Beginpoint Arrival Time            0.000
     Timing Path:
     +------------------------------------------------------------------------+ 
     |    Instance    |     Arc      |   Cell    | Delay | Arrival | Required | 
     |                |              |           |       |  Time   |   Time   | 
     |----------------+--------------+-----------+-------+---------+----------| 
     |                | clk ^        |           |       |   0.000 |    0.378 | 
     | _19477_        | CK ^ -> Q v  | DFF_X1    | 0.125 |   0.125 |    0.503 | 
     | FE_OFC18_ld_r  | A v -> Z v   | BUF_X1    | 0.080 |   0.206 |    0.584 | 
     | FE_OFC19_ld_r  | A v -> Z v   | BUF_X1    | 0.081 |   0.287 |    0.665 | 
     | _09768_        | A v -> ZN ^  | INV_X1    | 0.081 |   0.368 |    0.746 | 
     | FE_OFC31_00986 | A ^ -> Z ^   | BUF_X1    | 0.102 |   0.470 |    0.848 | 
     | FE_OFC34_00986 | A ^ -> Z ^   | BUF_X1    | 0.107 |   0.577 |    0.955 | 
     | FE_OFC38_00986 | A ^ -> Z ^   | BUF_X1    | 0.102 |   0.679 |    1.057 | 
     | FE_OFC40_00986 | A ^ -> Z ^   | BUF_X1    | 0.093 |   0.772 |    1.150 | 
     | FE_OFC41_00986 | A ^ -> Z ^   | BUF_X1    | 0.084 |   0.856 |    1.234 | 
     | _09801_        | S ^ -> Z ^   | MUX2_X1   | 0.069 |   0.925 |    1.303 | 
     | _09803_        | B ^ -> Z ^   | XOR2_X1   | 0.086 |   1.011 |    1.389 | 
     | FE_OFC87_01021 | A ^ -> Z ^   | BUF_X1    | 0.092 |   1.103 |    1.481 | 
     | FE_OFC89_01021 | A ^ -> Z ^   | BUF_X1    | 0.086 |   1.189 |    1.567 | 
     | FE_OFC90_01021 | A ^ -> Z ^   | BUF_X1    | 0.092 |   1.281 |    1.659 | 
     | _10095_        | A2 ^ -> ZN v | NAND3_X1  | 0.049 |   1.330 |    1.708 | 
     | _18162_        | B2 v -> ZN ^ | AOI221_X1 | 0.090 |   1.420 |    1.798 | 
     | _18163_        | B2 ^ -> ZN v | OAI21_X1  | 0.027 |   1.447 |    1.825 | 
     | _18174_        | B1 v -> ZN ^ | AOI22_X1  | 0.045 |   1.491 |    1.870 | 
     | _19646_        | D ^          | DFF_X1    | 0.000 |   1.492 |    1.870 | 
     +------------------------------------------------------------------------+ 
     Clock Rise Edge                      0.000
     = Beginpoint Arrival Time            0.000
     Other End Path:
     +--------------------------------------------------------+ 
     | Instance |  Arc  |  Cell  | Delay | Arrival | Required | 
     |          |       |        |       |  Time   |   Time   | 
     |----------+-------+--------+-------+---------+----------| 
     |          | clk ^ |        |       |   0.000 |   -0.378 | 
     | _19646_  | CK ^  | DFF_X1 | 0.000 |   0.000 |   -0.378 | 
     +--------------------------------------------------------+ 
Path 20: MET Setup Check with Pin _19703_/CK 
Endpoint:   _19703_/D (v) checked with  leading edge of 'aes_clk'
Beginpoint: _19477_/Q (v) triggered by  leading edge of 'aes_clk'
Path Groups: {aes_clk}
Analysis View: VIEW_TYP
Other End Arrival Time          0.000
- Setup                         0.029
+ Phase Shift                   2.000
- Uncertainty                   0.100
= Required Time                 1.871
- Arrival Time                  1.492
= Slack Time                    0.379
     Clock Rise Edge                      0.000
     = Beginpoint Arrival Time            0.000
     Timing Path:
     +-------------------------------------------------------------------------+ 
     |    Instance     |     Arc      |   Cell    | Delay | Arrival | Required | 
     |                 |              |           |       |  Time   |   Time   | 
     |-----------------+--------------+-----------+-------+---------+----------| 
     |                 | clk ^        |           |       |   0.000 |    0.379 | 
     | _19477_         | CK ^ -> Q v  | DFF_X1    | 0.125 |   0.125 |    0.505 | 
     | FE_OFC18_ld_r   | A v -> Z v   | BUF_X1    | 0.080 |   0.206 |    0.585 | 
     | FE_OFC19_ld_r   | A v -> Z v   | BUF_X1    | 0.081 |   0.287 |    0.666 | 
     | _09768_         | A v -> ZN ^  | INV_X1    | 0.081 |   0.368 |    0.747 | 
     | FE_OFC31_00986  | A ^ -> Z ^   | BUF_X1    | 0.102 |   0.470 |    0.849 | 
     | FE_OFC34_00986  | A ^ -> Z ^   | BUF_X1    | 0.107 |   0.577 |    0.956 | 
     | FE_OFC38_00986  | A ^ -> Z ^   | BUF_X1    | 0.102 |   0.679 |    1.058 | 
     | FE_OFC40_00986  | A ^ -> Z ^   | BUF_X1    | 0.093 |   0.772 |    1.151 | 
     | FE_OFC41_00986  | A ^ -> Z ^   | BUF_X1    | 0.084 |   0.856 |    1.235 | 
     | _16586_         | S ^ -> Z v   | MUX2_X1   | 0.073 |   0.929 |    1.309 | 
     | _16587_         | B v -> ZN ^  | XNOR2_X1  | 0.033 |   0.963 |    1.342 | 
     | FE_OFC491_07569 | A ^ -> Z ^   | BUF_X1    | 0.077 |   1.040 |    1.419 | 
     | FE_OFC492_07569 | A ^ -> Z ^   | BUF_X1    | 0.095 |   1.135 |    1.514 | 
     | _16590_         | A2 ^ -> ZN v | NAND2_X1  | 0.059 |   1.194 |    1.574 | 
     | _16635_         | A2 v -> ZN ^ | NOR2_X1   | 0.127 |   1.322 |    1.701 | 
     | _16936_         | C1 ^ -> ZN v | OAI221_X1 | 0.049 |   1.370 |    1.750 | 
     | _16939_         | B1 v -> ZN ^ | AOI21_X1  | 0.038 |   1.409 |    1.788 | 
     | _16942_         | A ^ -> ZN v  | AOI21_X1  | 0.017 |   1.426 |    1.805 | 
     | _16948_         | B1 v -> ZN ^ | OAI21_X1  | 0.039 |   1.465 |    1.844 | 
     | _16949_         | B1 ^ -> ZN v | AOI21_X1  | 0.026 |   1.491 |    1.870 | 
     | _19703_         | D v          | DFF_X1    | 0.000 |   1.492 |    1.871 | 
     +-------------------------------------------------------------------------+ 
     Clock Rise Edge                      0.000
     = Beginpoint Arrival Time            0.000
     Other End Path:
     +--------------------------------------------------------+ 
     | Instance |  Arc  |  Cell  | Delay | Arrival | Required | 
     |          |       |        |       |  Time   |   Time   | 
     |----------+-------+--------+-------+---------+----------| 
     |          | clk ^ |        |       |   0.000 |   -0.379 | 
     | _19703_  | CK ^  | DFF_X1 | 0.000 |   0.000 |   -0.379 | 
     +--------------------------------------------------------+ 

