
Cadence Innovus(TM) Implementation System.
Copyright 2019 Cadence Design Systems, Inc. All rights reserved worldwide.

Version:	v19.10-p002_1, built Fri Apr 19 15:18:11 PDT 2019
Options:	-no_gui -files inject_violation/task1/verify.tcl 
Date:		Tue Aug 18 04:29:20 2026
Host:		qingteng (x86_64 w/Linux 4.14.174) (4cores*4cpus*Intel(R) Xeon(R) Processor @ 2.90GHz 22528KB)
OS:		CentOS Linux release 7.9.2009 (Core)

License:
		invs	Innovus Implementation System	19.1	checkout succeeded
		8 CPU jobs allowed with the current license(s). Use setMultiCpuUsage to set your required CPU count.
Create and set the environment variable TMPDIR to /tmp/innovus_temp_11227_qingteng_root_xZoIbY.

Change the soft stacksize limit to 0.2%RAM (15 mbytes). Set global soft_stack_size_limit to change the value.

**INFO:  MMMC transition support version v31-84 

Sourcing file "inject_violation/task1/verify.tcl" ...
#% Begin load design ... (date=08/18 04:29:29, mem=509.0M)
Set Default Input Pin Transition as 0.1 ps.
Loading design 'aes_cipher_top' saved by 'Innovus' '19.10-p002_1' on 'Tue Aug 18 04:20:21 2026'.
% Begin Load MMMC data ... (date=08/18 04:29:30, mem=510.4M)
% End Load MMMC data ... (date=08/18 04:29:30, total cpu=0:00:00.0, real=0:00:00.0, peak res=510.7M, current mem=510.7M)

Loading LEF file /home/host/project/aes_data/inject_violation/task1/outputs/aes_task1_violated.enc.dat/libs/lef/NangateOpenCellLibrary.tech.lef ...

Loading LEF file /home/host/project/aes_data/inject_violation/task1/outputs/aes_task1_violated.enc.dat/libs/lef/NangateOpenCellLibrary.macro.mod.lef ...
Set DBUPerIGU to M2 pitch 380.

viaInitial starts at Tue Aug 18 04:29:30 2026
viaInitial ends at Tue Aug 18 04:29:30 2026

##  Check design process and node:  
##  Both design process and tech node are not set.

Loading view definition file from /home/host/project/aes_data/inject_violation/task1/outputs/aes_task1_violated.enc.dat/viewDefinition.tcl
Reading LIBSET_TYP timing library '/home/host/project/aes_data/third_party/nangate45_enablement/NanGate45/lib/NangateOpenCellLibrary_typical.lib' ...
**WARN: (TECHLIB-436):	Attribute 'max_fanout' on 'output/inout' pin 'ZN' of cell 'AND2_X1' is not defined in the library. (File /home/host/project/aes_data/third_party/nangate45_enablement/NanGate45/lib/NangateOpenCellLibrary_typical.lib)
**WARN: (TECHLIB-436):	Attribute 'max_fanout' on 'output/inout' pin 'ZN' of cell 'AND2_X2' is not defined in the library. (File /home/host/project/aes_data/third_party/nangate45_enablement/NanGate45/lib/NangateOpenCellLibrary_typical.lib)
**WARN: (TECHLIB-436):	Attribute 'max_fanout' on 'output/inout' pin 'ZN' of cell 'AND2_X4' is not defined in the library. (File /home/host/project/aes_data/third_party/nangate45_enablement/NanGate45/lib/NangateOpenCellLibrary_typical.lib)
**WARN: (TECHLIB-436):	Attribute 'max_fanout' on 'output/inout' pin 'ZN' of cell 'AND3_X1' is not defined in the library. (File /home/host/project/aes_data/third_party/nangate45_enablement/NanGate45/lib/NangateOpenCellLibrary_typical.lib)
**WARN: (TECHLIB-436):	Attribute 'max_fanout' on 'output/inout' pin 'ZN' of cell 'AND3_X2' is not defined in the library. (File /home/host/project/aes_data/third_party/nangate45_enablement/NanGate45/lib/NangateOpenCellLibrary_typical.lib)
**WARN: (TECHLIB-436):	Attribute 'max_fanout' on 'output/inout' pin 'ZN' of cell 'AND3_X4' is not defined in the library. (File /home/host/project/aes_data/third_party/nangate45_enablement/NanGate45/lib/NangateOpenCellLibrary_typical.lib)
**WARN: (TECHLIB-436):	Attribute 'max_fanout' on 'output/inout' pin 'ZN' of cell 'AND4_X1' is not defined in the library. (File /home/host/project/aes_data/third_party/nangate45_enablement/NanGate45/lib/NangateOpenCellLibrary_typical.lib)
**WARN: (TECHLIB-436):	Attribute 'max_fanout' on 'output/inout' pin 'ZN' of cell 'AND4_X2' is not defined in the library. (File /home/host/project/aes_data/third_party/nangate45_enablement/NanGate45/lib/NangateOpenCellLibrary_typical.lib)
**WARN: (TECHLIB-436):	Attribute 'max_fanout' on 'output/inout' pin 'ZN' of cell 'AND4_X4' is not defined in the library. (File /home/host/project/aes_data/third_party/nangate45_enablement/NanGate45/lib/NangateOpenCellLibrary_typical.lib)
**WARN: (TECHLIB-436):	Attribute 'max_fanout' on 'output/inout' pin 'ZN' of cell 'AOI21_X1' is not defined in the library. (File /home/host/project/aes_data/third_party/nangate45_enablement/NanGate45/lib/NangateOpenCellLibrary_typical.lib)
**WARN: (TECHLIB-436):	Attribute 'max_fanout' on 'output/inout' pin 'ZN' of cell 'AOI21_X2' is not defined in the library. (File /home/host/project/aes_data/third_party/nangate45_enablement/NanGate45/lib/NangateOpenCellLibrary_typical.lib)
**WARN: (TECHLIB-436):	Attribute 'max_fanout' on 'output/inout' pin 'ZN' of cell 'AOI21_X4' is not defined in the library. (File /home/host/project/aes_data/third_party/nangate45_enablement/NanGate45/lib/NangateOpenCellLibrary_typical.lib)
**WARN: (TECHLIB-436):	Attribute 'max_fanout' on 'output/inout' pin 'ZN' of cell 'AOI22_X1' is not defined in the library. (File /home/host/project/aes_data/third_party/nangate45_enablement/NanGate45/lib/NangateOpenCellLibrary_typical.lib)
**WARN: (TECHLIB-436):	Attribute 'max_fanout' on 'output/inout' pin 'ZN' of cell 'AOI22_X2' is not defined in the library. (File /home/host/project/aes_data/third_party/nangate45_enablement/NanGate45/lib/NangateOpenCellLibrary_typical.lib)
**WARN: (TECHLIB-436):	Attribute 'max_fanout' on 'output/inout' pin 'ZN' of cell 'AOI22_X4' is not defined in the library. (File /home/host/project/aes_data/third_party/nangate45_enablement/NanGate45/lib/NangateOpenCellLibrary_typical.lib)
**WARN: (TECHLIB-436):	Attribute 'max_fanout' on 'output/inout' pin 'ZN' of cell 'AOI211_X1' is not defined in the library. (File /home/host/project/aes_data/third_party/nangate45_enablement/NanGate45/lib/NangateOpenCellLibrary_typical.lib)
**WARN: (TECHLIB-436):	Attribute 'max_fanout' on 'output/inout' pin 'ZN' of cell 'AOI211_X2' is not defined in the library. (File /home/host/project/aes_data/third_party/nangate45_enablement/NanGate45/lib/NangateOpenCellLibrary_typical.lib)
**WARN: (TECHLIB-436):	Attribute 'max_fanout' on 'output/inout' pin 'ZN' of cell 'AOI211_X4' is not defined in the library. (File /home/host/project/aes_data/third_party/nangate45_enablement/NanGate45/lib/NangateOpenCellLibrary_typical.lib)
**WARN: (TECHLIB-436):	Attribute 'max_fanout' on 'output/inout' pin 'ZN' of cell 'AOI221_X1' is not defined in the library. (File /home/host/project/aes_data/third_party/nangate45_enablement/NanGate45/lib/NangateOpenCellLibrary_typical.lib)
**WARN: (TECHLIB-436):	Attribute 'max_fanout' on 'output/inout' pin 'ZN' of cell 'AOI221_X2' is not defined in the library. (File /home/host/project/aes_data/third_party/nangate45_enablement/NanGate45/lib/NangateOpenCellLibrary_typical.lib)
Message <TECHLIB-436> has exceeded the message display limit of '20'. Use 'set_message -no_limit -id list_of_msgIDs' to reset the message limit.
Read 135 cells in library 'NangateOpenCellLibrary' 
*** End library_loading (cpu=0.01min, real=0.00min, mem=28.9M, fe_cpu=0.26min, fe_real=0.17min, fe_mem=607.7M) ***
% Begin Load netlist data ... (date=08/18 04:29:30, mem=527.5M)
*** Begin netlist parsing (mem=607.7M) ***
**WARN: (IMPVL-159):	Pin 'Z' of cell 'LOGIC1_X1' is defined in LEF but not in the timing library.
**WARN: (IMPVL-159):	Pin 'Z' of cell 'LOGIC0_X1' is defined in LEF but not in the timing library.
Created 135 new cells from 1 timing libraries.
Reading netlist ...
Backslashed names will retain backslash and a trailing blank character.
Reading verilogBinary netlist '/home/host/project/aes_data/inject_violation/task1/outputs/aes_task1_violated.enc.dat/aes_cipher_top.v.bin'
Reading binary database version 2 in 1-threaded mode

*** Memory Usage v#1 (Current mem = 617.719M, initial mem = 262.344M) ***
*** End netlist parsing (cpu=0:00:00.0, real=0:00:00.0, mem=617.7M) ***
% End Load netlist data ... (date=08/18 04:29:30, total cpu=0:00:00.0, real=0:00:00.0, peak res=536.4M, current mem=536.4M)
Set top cell to aes_cipher_top.
**WARN: (IMPTS-124):	Timing library description of pin 'Z' is missing from cell 'LOGIC1_X1' in timing library 'NangateOpenCellLibrary'.
**WARN: (IMPTS-124):	Timing library description of pin 'Z' is missing from cell 'LOGIC0_X1' in timing library 'NangateOpenCellLibrary'.
Hooked 135 DB cells to tlib cells.
Starting recursive module instantiation check.
No recursion found.
Building hierarchical netlist for Cell aes_cipher_top ...
*** Netlist is unique.
** info: there are 136 modules.
** info: there are 11771 stdCell insts.

*** Memory Usage v#1 (Current mem = 653.633M, initial mem = 262.344M) ***
*info: set bottom ioPad orient R0
Generated pitch 1.68 in metal10 is different from 1.6 defined in technology file in preferred direction.
Generated pitch 0.84 in metal8 is different from 0.8 defined in technology file in preferred direction.
Generated pitch 0.84 in metal7 is different from 0.8 defined in technology file in preferred direction.
Set Default Net Delay as 1000 ps.
Set Default Net Load as 0.5 pF. 
Set Default Input Pin Transition as 0.1 ps.
Loading preference file /home/host/project/aes_data/inject_violation/task1/outputs/aes_task1_violated.enc.dat/gui.pref.tcl ...
##  Process: 45            (User Set)               
##     Node: (not set)                           

##  Check design process and node:  
##  Design tech node is not set.

Applying the recommended capacitance filtering threshold values for 45nm process node: total_c_th=0, relative_c_th=1 and coupling_c_th=0.1.
	These values will be used by all post-route extraction engines, including TQuantus, IQuantus and Quantus QRC extraction.
	Capacitance filtering mode(-capFilterMode option of the setExtractRCMode) is 'relAndCoup' for all engines.
	The accuracy mode for postRoute effortLevel low extraction will be set to 'high'.
	Default value for EffortLevel(-effortLevel option of the setExtractRCMode) in postRoute extraction mode will be 'medium' if Quantus QRC technology file is specified else 'low'.
**WARN: (IMPTCM-77):	Option "-drouteStartIteration" for command setNanoRouteMode is obsolete and will be removed in a future release. The obsolete option still works in this release but to avoid this warning and to ensure compatibility with future releases, remove the obsolete option from your script.
*Info: initialize multi-corner CTS.
Reading timing constraints file '/home/host/project/aes_data/inject_violation/task1/outputs/aes_task1_violated.enc.dat/mmmc/modes/FUNC/FUNC.sdc' ...
Current (total cpu=0:00:16.1, real=0:00:11.0, peak res=706.3M, current mem=706.3M)
aes_cipher_top
INFO (CTE): Constraints read successfully.
Ending "Constraint file reading stats" (total cpu=0:00:00.1, real=0:00:00.0, peak res=725.7M, current mem=725.7M)
Current (total cpu=0:00:16.2, real=0:00:11.0, peak res=725.7M, current mem=725.7M)
Reading latency file '/home/host/project/aes_data/inject_violation/task1/outputs/aes_task1_violated.enc.dat/mmmc/views/VIEW_TYP/latency.sdc' ...
Total number of combinational cells: 100
Total number of sequential cells: 29
Total number of tristate cells: 6
Total number of level shifter cells: 0
Total number of power gating cells: 0
Total number of isolation cells: 0
Total number of power switch cells: 0
Total number of pulse generator cells: 0
Total number of always on buffers: 0
Total number of retention cells: 0
List of usable buffers: BUF_X1 BUF_X2 BUF_X4 BUF_X8 BUF_X16 BUF_X32 CLKBUF_X1 CLKBUF_X2 CLKBUF_X3
Total number of usable buffers: 9
List of unusable buffers:
Total number of unusable buffers: 0
List of usable inverters: INV_X1 INV_X2 INV_X4 INV_X8 INV_X16 INV_X32
Total number of usable inverters: 6
List of unusable inverters:
Total number of unusable inverters: 0
List of identified usable delay cells:
Total number of identified usable delay cells: 0
List of identified unusable delay cells:
Total number of identified unusable delay cells: 0
No delay cells were detected in the set of buffers. Buffers will be used to fix hold violations.
Reading floorplan file - /home/host/project/aes_data/inject_violation/task1/outputs/aes_task1_violated.enc.dat/aes_cipher_top.fp.gz (mem = 855.6M).
% Begin Load floorplan data ... (date=08/18 04:29:31, mem=748.5M)
*info: reset 12625 existing net BottomPreferredLayer and AvoidDetour
net ignore based on current view = 0
Deleting old partition specification.
Set FPlanBox to (0 0 355680 353920)
Generated pitch 1.68 in metal10 is different from 1.6 defined in technology file in preferred direction.
Generated pitch 0.84 in metal8 is different from 0.8 defined in technology file in preferred direction.
Generated pitch 0.84 in metal7 is different from 0.8 defined in technology file in preferred direction.
 ... processed partition successfully.
Reading binary special route file /home/host/project/aes_data/inject_violation/task1/outputs/aes_task1_violated.enc.dat/aes_cipher_top.fp.spr.gz (Created by Innovus v19.10-p002_1 on Tue Aug 18 04:20:19 2026, version: 1)
There are 20 nets with weight being set
There are 20 nets with bottomPreferredRoutingLayer being set
There are 20 nets with avoidDetour being set
Extracting standard cell pins and blockage ...... 
Pin and blockage extraction finished
Delete all existing relative floorplan constraints.
% End Load floorplan data ... (date=08/18 04:29:32, total cpu=0:00:00.1, real=0:00:01.0, peak res=752.1M, current mem=752.1M)
Reading congestion map file /home/host/project/aes_data/inject_violation/task1/outputs/aes_task1_violated.enc.dat/aes_cipher_top.route.congmap.gz ...
% Begin Load SymbolTable ... (date=08/18 04:29:32, mem=752.4M)
Suppress "**WARN ..." messages.
Un-suppress "**WARN ..." messages.
% End Load SymbolTable ... (date=08/18 04:29:33, total cpu=0:00:00.1, real=0:00:01.0, peak res=754.1M, current mem=754.1M)
Loading place ...
% Begin Load placement data ... (date=08/18 04:29:33, mem=754.1M)
Reading placement file - /home/host/project/aes_data/inject_violation/task1/outputs/aes_task1_violated.enc.dat/aes_cipher_top.place.gz.
** Reading stdCellPlacement_binary (Created by Innovus v19.10-p002_1 on Tue Aug 18 04:20:19 2026, version# 2) ...
Read Views for adaptive view pruning ...
Read 0 views from Binary DB for adaptive view pruning
*** Checked 2 GNC rules.
*** applyConnectGlobalNets disabled.
*** Completed restorePlace (cpu=0:00:00.0 real=0:00:00.0 mem=847.6M) ***
Total net length = 1.487e+05 (7.671e+04 7.197e+04) (ext = 9.167e+03)
% End Load placement data ... (date=08/18 04:29:33, total cpu=0:00:00.0, real=0:00:00.0, peak res=756.2M, current mem=755.9M)
Reading PG file /home/host/project/aes_data/inject_violation/task1/outputs/aes_task1_violated.enc.dat/aes_cipher_top.pg.gz
*** Completed restorePGFile (cpu=0:00:00.0 real=0:00:02.0 mem=847.6M) ***
% Begin Load routing data ... (date=08/18 04:29:35, mem=756.3M)
Reading routing file - /home/host/project/aes_data/inject_violation/task1/outputs/aes_task1_violated.enc.dat/aes_cipher_top.route.gz.
Reading Innovus routing data (Created by Innovus v19.10-p002_1 on Tue Aug 18 04:20:19 2026 Format: 19.1) ...
*** Total 12594 nets are successfully restored.
*** Completed restoreRoute (cpu=0:00:00.1 real=0:00:01.0 mem=861.6M) ***
% End Load routing data ... (date=08/18 04:29:36, total cpu=0:00:00.1, real=0:00:01.0, peak res=774.5M, current mem=773.6M)
TAT_INFO: restoreCongMap REAL = 1 : CPU = 0 : MEM = 0.
Reading property file /home/host/project/aes_data/inject_violation/task1/outputs/aes_task1_violated.enc.dat/aes_cipher_top.prop
*** Completed restoreProperty (cpu=0:00:00.0 real=0:00:00.0 mem=867.6M) ***
Set Default Input Pin Transition as 0.1 ps.
Extraction setup Started 
Initializing multi-corner RC extraction with 1 active RC Corners ...
Reading Capacitance Table File /home/host/project/aes_data/inject_violation/task1/outputs/aes_task1_violated.enc.dat/libs/mmmc/NangateOpenCellLibrary.captable ...
Cap table was created using Encounter 08.10-p004_1.
Process name: master_techFreePDK45.
Importing multi-corner RC tables ... 
Summary of Active RC-Corners : 
 
 Analysis View: VIEW_TYP
    RC-Corner Name        : RC_TYP
    RC-Corner Index       : 0
    RC-Corner Temperature : 25 Celsius
    RC-Corner Cap Table   : '/home/host/project/aes_data/inject_violation/task1/outputs/aes_task1_violated.enc.dat/libs/mmmc/NangateOpenCellLibrary.captable'
    RC-Corner PreRoute Res Factor         : 1
    RC-Corner PreRoute Cap Factor         : 1
    RC-Corner PostRoute Res Factor        : 1 {1 1 1}
    RC-Corner PostRoute Cap Factor        : 1 {1 1 1}
    RC-Corner PostRoute XCap Factor       : 1 {1 1 1}
    RC-Corner PreRoute Clock Res Factor   : 1	[Derived from postRoute_res (effortLevel low)]
    RC-Corner PreRoute Clock Cap Factor   : 1	[Derived from postRoute_cap (effortLevel low)]
    RC-Corner PostRoute Clock Cap Factor  : 1 {1 1 1} 	[Derived from postRoute_cap (effortLevel low)]
    RC-Corner PostRoute Clock Res Factor  : 1 {1 1 1} 	[Derived from postRoute_res (effortLevel low)]
Initializing multi-corner capacitance tables ... 
Initializing multi-corner resistance tables ...
Start generating vias ...
#Skip building auto via since it is not turned on.
Via generation completed.
% Begin Load power constraints ... (date=08/18 04:29:36, mem=801.7M)
source /home/host/project/aes_data/inject_violation/task1/outputs/aes_task1_violated.enc.dat/aes_cipher_top_power_constraints.tcl
'set_default_switching_activity' finished successfully.
% End Load power constraints ... (date=08/18 04:29:36, total cpu=0:00:00.0, real=0:00:00.0, peak res=802.2M, current mem=802.2M)
% Begin load AAE data ... (date=08/18 04:29:36, mem=802.2M)
AAE DB initialization (MEM=907.539 CPU=0:00:00.2 REAL=0:00:01.0) 
% End load AAE data ... (date=08/18 04:29:37, total cpu=0:00:00.4, real=0:00:01.0, peak res=808.9M, current mem=808.9M)
Restoring CCOpt config...
  Extracting original clock gating for aes_clk...
    clock_tree aes_clk contains 562 sinks and 0 clock gates.
    Extraction for aes_clk complete.
  Extracting original clock gating for aes_clk done.
  The skew group aes_clk/FUNC was created. It contains 562 sinks and 1 sources.
  The skew group aes_clk/FUNC was created. It contains 562 sinks and 1 sources.
**WARN: (IMPCCOPT-2332):	The property adjacent_rows_legal is deprecated. It still works, but it may be removed in a future release.
Restoring CCOpt config done.
Total number of combinational cells: 100
Total number of sequential cells: 29
Total number of tristate cells: 6
Total number of level shifter cells: 0
Total number of power gating cells: 0
Total number of isolation cells: 0
Total number of power switch cells: 0
Total number of pulse generator cells: 0
Total number of always on buffers: 0
Total number of retention cells: 0
List of usable buffers: BUF_X1 BUF_X2 BUF_X4 BUF_X8 BUF_X16 BUF_X32 CLKBUF_X1 CLKBUF_X2 CLKBUF_X3
Total number of usable buffers: 9
List of unusable buffers:
Total number of unusable buffers: 0
List of usable inverters: INV_X1 INV_X2 INV_X4 INV_X8 INV_X16 INV_X32
Total number of usable inverters: 6
List of unusable inverters:
Total number of unusable inverters: 0
List of identified usable delay cells:
Total number of identified usable delay cells: 0
List of identified unusable delay cells:
Total number of identified unusable delay cells: 0
No delay cells were detected in the set of buffers. Buffers will be used to fix hold violations.
**WARN: (IMPCTE-107):	The following globals have been obsoleted since version 19.10-p002_1. They will be removed in the next release. 
timing_enable_default_delay_arc
#% End load design ... (date=08/18 04:29:37, total cpu=0:00:02.7, real=0:00:08.0, peak res=814.1M, current mem=813.4M)

*** Summary of all messages that are not suppressed in this session:
Severity  ID               Count  Summary                                  
WARNING   IMPTS-124            2  Timing library description of pin '%s' i...
WARNING   IMPVL-159            2  Pin '%s' of cell '%s' is defined in LEF ...
WARNING   IMPCCOPT-2332        1  The property %s is deprecated. It still ...
WARNING   IMPCTE-107           1  The following globals have been obsolete...
WARNING   IMPTCM-77            1  Option "%s" for command %s is obsolete a...
WARNING   TECHLIB-436         20  Attribute '%s' on '%s' pin '%s' of cell ...
*** Message Summary: 27 warning(s), 0 error(s)

VERIFY_CONNECTIVITY use new engine.

******** Start: VERIFY CONNECTIVITY ********
Start Time: Tue Aug 18 04:29:37 2026

Design Name: aes_cipher_top
Database Units: 2000
Design Boundary: (0.0000, 0.0000) (177.8400, 176.9600)
Error Limit = 1000; Warning Limit = 1000
Check all nets
**** 04:29:37 **** Processed 5000 nets.
**** 04:29:37 **** Processed 10000 nets.

Begin Summary 
  Found no problems or warnings.
End Summary

End Time: Tue Aug 18 04:29:37 2026
Time Elapsed: 0:00:00.0

******** End: VERIFY CONNECTIVITY ********
  Verification Complete : 0 Viols.  0 Wrngs.
  (CPU Time: 0:00:00.5  MEM: 1.000M)

#-report /home/host/project/aes_data/inject_violation/task1/reports/drc.rpt # string, default="", user setting
 *** Starting Verify DRC (MEM: 915.5) ***

  VERIFY DRC ...... Starting Verification
  VERIFY DRC ...... Initializing
  VERIFY DRC ...... Deleting Existing Violations
  VERIFY DRC ...... Creating Sub-Areas
  VERIFY DRC ...... Using new threading
  VERIFY DRC ...... Sub-Area: {0.000 0.000 59.400 59.400} 1 of 9
  VERIFY DRC ...... Sub-Area : 1 complete 0 Viols.
  VERIFY DRC ...... Sub-Area: {59.400 0.000 118.800 59.400} 2 of 9
  VERIFY DRC ...... Sub-Area : 2 complete 0 Viols.
  VERIFY DRC ...... Sub-Area: {118.800 0.000 177.840 59.400} 3 of 9
  VERIFY DRC ...... Sub-Area : 3 complete 0 Viols.
  VERIFY DRC ...... Sub-Area: {0.000 59.400 59.400 118.800} 4 of 9
  VERIFY DRC ...... Sub-Area : 4 complete 0 Viols.
  VERIFY DRC ...... Sub-Area: {59.400 59.400 118.800 118.800} 5 of 9
  VERIFY DRC ...... Sub-Area : 5 complete 0 Viols.
  VERIFY DRC ...... Sub-Area: {118.800 59.400 177.840 118.800} 6 of 9
  VERIFY DRC ...... Sub-Area : 6 complete 0 Viols.
  VERIFY DRC ...... Sub-Area: {0.000 118.800 59.400 176.960} 7 of 9
  VERIFY DRC ...... Sub-Area : 7 complete 0 Viols.
  VERIFY DRC ...... Sub-Area: {59.400 118.800 118.800 176.960} 8 of 9
  VERIFY DRC ...... Sub-Area : 8 complete 0 Viols.
  VERIFY DRC ...... Sub-Area: {118.800 118.800 177.840 176.960} 9 of 9
  VERIFY DRC ...... Sub-Area : 9 complete 0 Viols.

  Verification Complete : 0 Viols.

 *** End Verify DRC (CPU: 0:00:01.5  ELAPSED TIME: 2.00  MEM: 37.0M) ***

TASK1_VERIFY_COMPLETE

*** Memory Usage v#1 (Current mem = 955.547M, initial mem = 262.344M) ***
*** Message Summary: 27 warning(s), 0 error(s)

--- Ending "Innovus" (totcpu=0:00:19.8, real=0:00:19.0, mem=955.5M) ---

