###############################################################
#  Generated by:      Cadence Innovus 19.10-p002_1
#  OS:                Linux x86_64(Host ID qingteng)
#  Generated on:      Tue Aug 11 10:05:59 2026
#  Design:            ibex_top
#  Command:           report_timing -$flag -max_paths 1 > $key_report
###############################################################
Path 1: MET Clock Gating Hold Check with Pin _18056_/A1 
Endpoint:   _18056_/A2 (^) checked with trailing edge of 'core_clock'
Beginpoint: _27348_/Q  (^) triggered by trailing edge of 'core_clock'
Path Groups: {clock_gating_default}
Analysis View: functional_typical
Other End Arrival Time          1.860
+ Clock Gating Hold             0.000
+ Phase Shift                   0.000
+ Uncertainty                   0.100
= Required Time                 1.960
  Arrival Time                  1.960
  Slack Time                    0.000
     Clock Fall Edge                 2.000
     + Clock Network Latency (Prop)  -0.140
     = Beginpoint Arrival Time       1.860
     +---------------------------------------------------------------------------------------------+ 
     |               Instance               |     Arc     |   Cell    | Delay | Arrival | Required | 
     |                                      |             |           |       |  Time   |   Time   | 
     |--------------------------------------+-------------+-----------+-------+---------+----------| 
     | _27348_                              | GN v        |           |       |   1.860 |    1.860 | 
     | _27348_                              | GN v -> Q ^ | DLL_X1    | 0.047 |   1.907 |    1.906 | 
     | FE_PHC479_core_clock_gate_i_en_latch | A ^ -> Z ^  | BUF_X1    | 0.020 |   1.927 |    1.927 | 
     | FE_PHC478_core_clock_gate_i_en_latch | A ^ -> Z ^  | CLKBUF_X1 | 0.033 |   1.960 |    1.960 | 
     | _18056_                              | A2 ^        | AND2_X4   | 0.000 |   1.960 |    1.960 | 
     +---------------------------------------------------------------------------------------------+ 

