###############################################################
#  Generated by:      Cadence Innovus 19.10-p002_1
#  OS:                Linux x86_64(Host ID qingteng)
#  Generated on:      Tue Aug 11 10:05:56 2026
#  Design:            ibex_top
#  Command:           report_timing -$flag -max_paths 1 > $key_report
###############################################################
Path 1: MET Late External Delay Assertion 
Endpoint:   instr_addr_o[30] (^) checked with  leading edge of 'core_clock'
Beginpoint: _28159_/Q        (^) triggered by  leading edge of 'core_clock'
Path Groups: {core_clock}
Analysis View: functional_typical
Other End Arrival Time          0.000
- External Delay                1.200
+ Phase Shift                   4.000
- Uncertainty                   0.100
= Required Time                 2.700
- Arrival Time                  2.644
= Slack Time                    0.056
     Clock Rise Edge                 0.000
     + Clock Network Latency (Prop)  0.002
     = Beginpoint Arrival Time       0.002
     +---------------------------------------------------------------------------------------+ 
     |        Instance         |        Arc         |   Cell    | Delay | Arrival | Required | 
     |                         |                    |           |       |  Time   |   Time   | 
     |-------------------------+--------------------+-----------+-------+---------+----------| 
     | _28159_                 | CK ^               |           |       |   0.002 |    0.057 | 
     | _28159_                 | CK ^ -> Q ^        | DFF_X1    | 0.109 |   0.111 |    0.167 | 
     | FE_OFC60_09620          | A ^ -> Z ^         | BUF_X1    | 0.124 |   0.235 |    0.290 | 
     | _14612_                 | A ^ -> ZN v        | INV_X1    | 0.050 |   0.284 |    0.340 | 
     | _15069_                 | A2 v -> ZN ^       | NAND3_X1  | 0.057 |   0.341 |    0.396 | 
     | _15078_                 | B1 ^ -> ZN v       | OAI33_X1  | 0.039 |   0.380 |    0.435 | 
     | _15079_                 | A4 v -> ZN ^       | NOR4_X1   | 0.122 |   0.501 |    0.557 | 
     | _15091_                 | C2 ^ -> ZN v       | AOI211_X1 | 0.025 |   0.526 |    0.582 | 
     | _15092_                 | C2 v -> ZN ^       | OAI211_X1 | 0.092 |   0.618 |    0.673 | 
     | _15132_                 | A ^ -> ZN v        | OAI21_X1  | 0.035 |   0.653 |    0.709 | 
     | _15133_                 | A2 v -> ZN ^       | NOR2_X1   | 0.055 |   0.708 |    0.764 | 
     | _15138_                 | B1 ^ -> ZN v       | OAI21_X1  | 0.025 |   0.732 |    0.788 | 
     | _15142_                 | B1 v -> ZN ^       | AOI21_X1  | 0.066 |   0.798 |    0.854 | 
     | FE_OFC59_07930          | A ^ -> Z ^         | BUF_X1    | 0.123 |   0.921 |    0.976 | 
     | _15143_                 | A2 ^ -> ZN v       | NOR2_X1   | 0.015 |   0.935 |    0.991 | 
     | FE_OFC285_07931         | A v -> Z v         | BUF_X1    | 0.086 |   1.021 |    1.077 | 
     | _16026_                 | B v -> Z v         | MUX2_X1   | 0.085 |   1.107 |    1.162 | 
     | _16032_                 | A2 v -> ZN ^       | NOR3_X1   | 0.051 |   1.158 |    1.213 | 
     | _16033_                 | B1 ^ -> ZN v       | OAI21_X1  | 0.028 |   1.185 |    1.241 | 
     | _16034_                 | B2 v -> ZN ^       | AOI21_X1  | 0.055 |   1.240 |    1.296 | 
     | _16036_                 | B1 ^ -> ZN v       | OAI21_X1  | 0.027 |   1.268 |    1.323 | 
     | _16037_                 | B2 v -> ZN ^       | AOI21_X1  | 0.050 |   1.317 |    1.373 | 
     | _16039_                 | B1 ^ -> ZN v       | OAI21_X1  | 0.028 |   1.346 |    1.402 | 
     | _16040_                 | B2 v -> ZN ^       | AOI21_X1  | 0.047 |   1.393 |    1.449 | 
     | _16041_                 | B2 ^ -> ZN v       | OAI21_X1  | 0.031 |   1.424 |    1.480 | 
     | _16043_                 | B1 v -> ZN ^       | AOI21_X1  | 0.045 |   1.469 |    1.525 | 
     | _16044_                 | B2 ^ -> ZN v       | OAI21_X1  | 0.030 |   1.499 |    1.555 | 
     | _16045_                 | B2 v -> ZN ^       | AOI21_X1  | 0.048 |   1.547 |    1.603 | 
     | _16046_                 | B2 ^ -> ZN v       | OAI21_X1  | 0.035 |   1.582 |    1.638 | 
     | _16047_                 | B2 v -> ZN ^       | AOI21_X2  | 0.046 |   1.628 |    1.684 | 
     | _16048_                 | B2 ^ -> ZN v       | OAI21_X2  | 0.026 |   1.654 |    1.710 | 
     | _16049_                 | B2 v -> ZN ^       | AOI21_X2  | 0.036 |   1.690 |    1.746 | 
     | _16108_                 | B2 ^ -> ZN v       | OAI21_X1  | 0.031 |   1.720 |    1.776 | 
     | _16301_                 | B2 v -> ZN ^       | AOI21_X2  | 0.038 |   1.758 |    1.814 | 
     | _16302_                 | B2 ^ -> ZN v       | OAI21_X1  | 0.030 |   1.788 |    1.844 | 
     | _16303_                 | B2 v -> ZN ^       | AOI21_X2  | 0.041 |   1.830 |    1.885 | 
     | _16380_                 | B2 ^ -> ZN v       | OAI21_X2  | 0.029 |   1.859 |    1.914 | 
     | _16459_                 | B2 v -> ZN ^       | AOI21_X4  | 0.035 |   1.893 |    1.949 | 
     | _16538_                 | B2 ^ -> ZN v       | OAI21_X2  | 0.023 |   1.916 |    1.972 | 
     | _16612_                 | B2 v -> ZN ^       | AOI21_X2  | 0.036 |   1.953 |    2.009 | 
     | _16685_                 | B2 ^ -> ZN v       | OAI21_X1  | 0.030 |   1.983 |    2.039 | 
     | _16751_                 | B2 v -> ZN ^       | AOI21_X2  | 0.041 |   2.024 |    2.080 | 
     | _16813_                 | B2 ^ -> ZN v       | OAI21_X2  | 0.026 |   2.050 |    2.106 | 
     | _16873_                 | B2 v -> ZN ^       | AOI21_X2  | 0.036 |   2.086 |    2.142 | 
     | _16929_                 | B2 ^ -> ZN v       | OAI21_X1  | 0.031 |   2.117 |    2.173 | 
     | _16987_                 | B2 v -> ZN ^       | AOI21_X2  | 0.043 |   2.161 |    2.216 | 
     | _17044_                 | B2 ^ -> ZN v       | OAI21_X2  | 0.026 |   2.186 |    2.242 | 
     | _17100_                 | B2 v -> ZN ^       | AOI21_X2  | 0.036 |   2.222 |    2.278 | 
     | _17152_                 | A ^ -> Z ^         | XOR2_X1   | 0.047 |   2.269 |    2.325 | 
     | FE_OFC94_data_addr_o_30 | A ^ -> Z ^         | BUF_X1    | 0.116 |   2.386 |    2.441 | 
     | _17914_                 | B2 ^ -> ZN v       | AOI221_X1 | 0.052 |   2.438 |    2.493 | 
     | _17915_                 | A2 v -> ZN ^       | NOR2_X1   | 0.057 |   2.495 |    2.551 | 
     | _17916_                 | A ^ -> ZN v        | AOI21_X1  | 0.032 |   2.527 |    2.583 | 
     | _17917_                 | B1 v -> ZN ^       | OAI21_X2  | 0.117 |   2.644 |    2.699 | 
     |                         | instr_addr_o[30] ^ |           | 0.001 |   2.644 |    2.700 | 
     +---------------------------------------------------------------------------------------+ 

