###############################################################
#  Generated by:      Cadence Innovus 19.10-p002_1
#  OS:                Linux x86_64(Host ID qingteng)
#  Generated on:      Sun Aug 16 19:15:14 2026
#  Design:            aes_cipher_top
#  Command:           report_timing -late -max_paths 20 -path_type full_clock
###############################################################
AAE DB initialization (MEM=956.969 CPU=0:00:00.2 REAL=0:00:01.0) 
#################################################################################
# Design Stage: PreRoute
# Design Name: aes_cipher_top
# Design Mode: 90nm
# Analysis Mode: MMMC Non-OCV 
# Parasitics Mode: No SPEF/RCDB
# Signoff Settings: SI Off 
#################################################################################
AAE_INFO: 1 threads acquired from CTE.
Calculate delays in Single mode...
Start delay calculation (fullDC) (1 T). (MEM=986.258)
siFlow : Timing analysis mode is single, using late cdB files
Total number of fetched objects 10816
AAE_INFO: Total number of nets for which stage creation was skipped for all views 0
End delay calculation. (MEM=1070.16 CPU=0:00:00.9 REAL=0:00:01.0)
End delay calculation (fullDC). (MEM=1070.16 CPU=0:00:01.2 REAL=0:00:01.0)
Path 1: VIOLATED Setup Check with Pin _19702_/CK 
Endpoint:   _19702_/D (v) checked with  leading edge of 'aes_clk'
Beginpoint: _19477_/Q (v) triggered by  leading edge of 'aes_clk'
Path Groups: {aes_clk}
Analysis View: VIEW_TYP
Other End Arrival Time          0.000
- Setup                         0.040
+ Phase Shift                   2.000
- Uncertainty                   0.100
= Required Time                 1.860
- Arrival Time                  1.936
= Slack Time                   -0.076
     Clock Rise Edge                      0.000
     = Beginpoint Arrival Time            0.000
     Timing Path:
     +------------------------------------------------------------------+ 
     | Instance |     Arc      |   Cell    | Delay | Arrival | Required | 
     |          |              |           |       |  Time   |   Time   | 
     |----------+--------------+-----------+-------+---------+----------| 
     |          | clk ^        |           |       |   0.000 |   -0.076 | 
     | _19477_  | CK ^ -> Q v  | DFF_X1    | 0.148 |   0.148 |    0.072 | 
     | _09768_  | A v -> ZN ^  | INV_X1    | 0.760 |   0.908 |    0.832 | 
     | _10626_  | S ^ -> Z ^   | MUX2_X1   | 0.081 |   0.988 |    0.913 | 
     | _10628_  | B ^ -> Z ^   | XOR2_X1   | 0.645 |   1.633 |    1.557 | 
     | _10752_  | A1 ^ -> ZN v | NAND2_X1  | 0.055 |   1.688 |    1.613 | 
     | _17679_  | A v -> ZN ^  | AOI221_X1 | 0.107 |   1.795 |    1.719 | 
     | _17681_  | A ^ -> ZN v  | AOI21_X1  | 0.019 |   1.814 |    1.739 | 
     | _17682_  | B1 v -> ZN ^ | OAI21_X1  | 0.039 |   1.854 |    1.778 | 
     | _17690_  | B1 ^ -> ZN v | OAI21_X1  | 0.016 |   1.869 |    1.794 | 
     | _17691_  | B v -> Z v   | MUX2_X1   | 0.067 |   1.936 |    1.860 | 
     | _19702_  | D v          | DFF_X1    | 0.000 |   1.936 |    1.860 | 
     +------------------------------------------------------------------+ 
     Clock Rise Edge                      0.000
     = Beginpoint Arrival Time            0.000
     Other End Path:
     +--------------------------------------------------------+ 
     | Instance |  Arc  |  Cell  | Delay | Arrival | Required | 
     |          |       |        |       |  Time   |   Time   | 
     |----------+-------+--------+-------+---------+----------| 
     |          | clk ^ |        |       |   0.000 |    0.076 | 
     | _19702_  | CK ^  | DFF_X1 | 0.000 |   0.000 |    0.076 | 
     +--------------------------------------------------------+ 
Path 2: VIOLATED Setup Check with Pin _19701_/CK 
Endpoint:   _19701_/D (v) checked with  leading edge of 'aes_clk'
Beginpoint: _19477_/Q (v) triggered by  leading edge of 'aes_clk'
Path Groups: {aes_clk}
Analysis View: VIEW_TYP
Other End Arrival Time          0.000
- Setup                         0.042
+ Phase Shift                   2.000
- Uncertainty                   0.100
= Required Time                 1.858
- Arrival Time                  1.892
= Slack Time                   -0.034
     Clock Rise Edge                      0.000
     = Beginpoint Arrival Time            0.000
     Timing Path:
     +-----------------------------------------------------------------+ 
     | Instance |     Arc      |   Cell   | Delay | Arrival | Required | 
     |          |              |          |       |  Time   |   Time   | 
     |----------+--------------+----------+-------+---------+----------| 
     |          | clk ^        |          |       |   0.000 |   -0.034 | 
     | _19477_  | CK ^ -> Q v  | DFF_X1   | 0.148 |   0.148 |    0.114 | 
     | _09768_  | A v -> ZN ^  | INV_X1   | 0.760 |   0.908 |    0.874 | 
     | _10626_  | S ^ -> Z ^   | MUX2_X1  | 0.081 |   0.988 |    0.954 | 
     | _10628_  | B ^ -> Z ^   | XOR2_X1  | 0.645 |   1.633 |    1.599 | 
     | _10752_  | A1 ^ -> ZN v | NAND2_X1 | 0.055 |   1.688 |    1.654 | 
     | _10754_  | A v -> ZN ^  | AOI21_X1 | 0.083 |   1.771 |    1.738 | 
     | _10755_  | B2 ^ -> ZN v | AOI21_X1 | 0.020 |   1.792 |    1.758 | 
     | _10762_  | A2 v -> ZN ^ | AOI22_X1 | 0.045 |   1.837 |    1.803 | 
     | _10763_  | B ^ -> Z ^   | MUX2_X1  | 0.040 |   1.877 |    1.843 | 
     | _10765_  | B1 ^ -> ZN v | AOI21_X1 | 0.015 |   1.892 |    1.858 | 
     | _19701_  | D v          | DFF_X1   | 0.000 |   1.892 |    1.858 | 
     +-----------------------------------------------------------------+ 
     Clock Rise Edge                      0.000
     = Beginpoint Arrival Time            0.000
     Other End Path:
     +--------------------------------------------------------+ 
     | Instance |  Arc  |  Cell  | Delay | Arrival | Required | 
     |          |       |        |       |  Time   |   Time   | 
     |----------+-------+--------+-------+---------+----------| 
     |          | clk ^ |        |       |   0.000 |    0.034 | 
     | _19701_  | CK ^  | DFF_X1 | 0.000 |   0.000 |    0.034 | 
     +--------------------------------------------------------+ 
Path 3: VIOLATED Setup Check with Pin _19649_/CK 
Endpoint:   _19649_/D (v) checked with  leading edge of 'aes_clk'
Beginpoint: _19477_/Q (v) triggered by  leading edge of 'aes_clk'
Path Groups: {aes_clk}
Analysis View: VIEW_TYP
Other End Arrival Time          0.000
- Setup                         0.042
+ Phase Shift                   2.000
- Uncertainty                   0.100
= Required Time                 1.858
- Arrival Time                  1.882
= Slack Time                   -0.024
     Clock Rise Edge                      0.000
     = Beginpoint Arrival Time            0.000
     Timing Path:
     +------------------------------------------------------------------+ 
     | Instance |     Arc      |   Cell    | Delay | Arrival | Required | 
     |          |              |           |       |  Time   |   Time   | 
     |----------+--------------+-----------+-------+---------+----------| 
     |          | clk ^        |           |       |   0.000 |   -0.024 | 
     | _19477_  | CK ^ -> Q v  | DFF_X1    | 0.148 |   0.148 |    0.124 | 
     | _09768_  | A v -> ZN ^  | INV_X1    | 0.760 |   0.908 |    0.884 | 
     | _11445_  | S ^ -> Z ^   | MUX2_X1   | 0.081 |   0.988 |    0.964 | 
     | _11447_  | B ^ -> Z ^   | XOR2_X1   | 0.565 |   1.553 |    1.529 | 
     | _11480_  | A ^ -> ZN v  | AOI21_X1  | 0.040 |   1.593 |    1.569 | 
     | _12116_  | A3 v -> ZN ^ | NAND3_X1  | 0.065 |   1.658 |    1.634 | 
     | _12118_  | B1 ^ -> ZN v | AOI21_X1  | 0.019 |   1.677 |    1.653 | 
     | _12120_  | B v -> ZN ^  | AOI211_X1 | 0.087 |   1.764 |    1.740 | 
     | _12125_  | A2 ^ -> ZN v | NOR2_X1   | 0.014 |   1.778 |    1.754 | 
     | _12134_  | B2 v -> ZN ^ | AOI221_X1 | 0.087 |   1.864 |    1.840 | 
     | _12155_  | A ^ -> ZN v  | AOI21_X1  | 0.018 |   1.882 |    1.858 | 
     | _19649_  | D v          | DFF_X1    | 0.000 |   1.882 |    1.858 | 
     +------------------------------------------------------------------+ 
     Clock Rise Edge                      0.000
     = Beginpoint Arrival Time            0.000
     Other End Path:
     +--------------------------------------------------------+ 
     | Instance |  Arc  |  Cell  | Delay | Arrival | Required | 
     |          |       |        |       |  Time   |   Time   | 
     |----------+-------+--------+-------+---------+----------| 
     |          | clk ^ |        |       |   0.000 |    0.024 | 
     | _19649_  | CK ^  | DFF_X1 | 0.000 |   0.000 |    0.024 | 
     +--------------------------------------------------------+ 
Path 4: VIOLATED Setup Check with Pin _19647_/CK 
Endpoint:   _19647_/D (^) checked with  leading edge of 'aes_clk'
Beginpoint: _19477_/Q (v) triggered by  leading edge of 'aes_clk'
Path Groups: {aes_clk}
Analysis View: VIEW_TYP
Other End Arrival Time          0.000
- Setup                         0.035
+ Phase Shift                   2.000
- Uncertainty                   0.100
= Required Time                 1.865
- Arrival Time                  1.881
= Slack Time                   -0.016
     Clock Rise Edge                      0.000
     = Beginpoint Arrival Time            0.000
     Timing Path:
     +------------------------------------------------------------------+ 
     | Instance |     Arc      |   Cell    | Delay | Arrival | Required | 
     |          |              |           |       |  Time   |   Time   | 
     |----------+--------------+-----------+-------+---------+----------| 
     |          | clk ^        |           |       |   0.000 |   -0.016 | 
     | _19477_  | CK ^ -> Q v  | DFF_X1    | 0.148 |   0.148 |    0.133 | 
     | _09768_  | A v -> ZN ^  | INV_X1    | 0.760 |   0.908 |    0.892 | 
     | _11445_  | S ^ -> Z ^   | MUX2_X1   | 0.081 |   0.988 |    0.973 | 
     | _11447_  | B ^ -> Z ^   | XOR2_X1   | 0.565 |   1.553 |    1.537 | 
     | _11509_  | A ^ -> ZN v  | AOI21_X1  | 0.082 |   1.635 |    1.619 | 
     | _11519_  | A2 v -> ZN ^ | NAND2_X1  | 0.063 |   1.698 |    1.683 | 
     | _12214_  | B2 ^ -> ZN v | OAI221_X1 | 0.037 |   1.735 |    1.720 | 
     | _12216_  | B v -> ZN ^  | OAI211_X1 | 0.048 |   1.783 |    1.767 | 
     | _12217_  | B ^ -> ZN v  | OAI211_X1 | 0.030 |   1.812 |    1.797 | 
     | _12218_  | A2 v -> ZN v | AND2_X1   | 0.047 |   1.859 |    1.843 | 
     | _12219_  | B1 v -> ZN ^ | AOI21_X1  | 0.022 |   1.881 |    1.865 | 
     | _19647_  | D ^          | DFF_X1    | 0.000 |   1.881 |    1.865 | 
     +------------------------------------------------------------------+ 
     Clock Rise Edge                      0.000
     = Beginpoint Arrival Time            0.000
     Other End Path:
     +--------------------------------------------------------+ 
     | Instance |  Arc  |  Cell  | Delay | Arrival | Required | 
     |          |       |        |       |  Time   |   Time   | 
     |----------+-------+--------+-------+---------+----------| 
     |          | clk ^ |        |       |   0.000 |    0.016 | 
     | _19647_  | CK ^  | DFF_X1 | 0.000 |   0.000 |    0.016 | 
     +--------------------------------------------------------+ 
Path 5: VIOLATED Setup Check with Pin _19696_/CK 
Endpoint:   _19696_/D (^) checked with  leading edge of 'aes_clk'
Beginpoint: _19477_/Q (v) triggered by  leading edge of 'aes_clk'
Path Groups: {aes_clk}
Analysis View: VIEW_TYP
Other End Arrival Time          0.000
- Setup                         0.034
+ Phase Shift                   2.000
- Uncertainty                   0.100
= Required Time                 1.866
- Arrival Time                  1.871
= Slack Time                   -0.005
     Clock Rise Edge                      0.000
     = Beginpoint Arrival Time            0.000
     Timing Path:
     +------------------------------------------------------------------+ 
     | Instance |     Arc      |   Cell    | Delay | Arrival | Required | 
     |          |              |           |       |  Time   |   Time   | 
     |----------+--------------+-----------+-------+---------+----------| 
     |          | clk ^        |           |       |   0.000 |   -0.005 | 
     | _19477_  | CK ^ -> Q v  | DFF_X1    | 0.148 |   0.148 |    0.143 | 
     | _09768_  | A v -> ZN ^  | INV_X1    | 0.760 |   0.908 |    0.903 | 
     | _10626_  | S ^ -> Z ^   | MUX2_X1   | 0.081 |   0.988 |    0.983 | 
     | _10628_  | B ^ -> Z ^   | XOR2_X1   | 0.645 |   1.633 |    1.628 | 
     | _10752_  | A1 ^ -> ZN v | NAND2_X1  | 0.055 |   1.688 |    1.683 | 
     | _10947_  | A v -> ZN ^  | AOI211_X1 | 0.095 |   1.784 |    1.778 | 
     | _10950_  | B1 ^ -> ZN v | OAI21_X1  | 0.020 |   1.803 |    1.798 | 
     | _10957_  | A2 v -> ZN ^ | NAND3_X1  | 0.027 |   1.830 |    1.825 | 
     | _10974_  | A2 ^ -> ZN v | NAND2_X1  | 0.017 |   1.847 |    1.842 | 
     | _10976_  | B1 v -> ZN ^ | OAI21_X1  | 0.024 |   1.871 |    1.866 | 
     | _19696_  | D ^          | DFF_X1    | 0.000 |   1.871 |    1.866 | 
     +------------------------------------------------------------------+ 
     Clock Rise Edge                      0.000
     = Beginpoint Arrival Time            0.000
     Other End Path:
     +--------------------------------------------------------+ 
     | Instance |  Arc  |  Cell  | Delay | Arrival | Required | 
     |          |       |        |       |  Time   |   Time   | 
     |----------+-------+--------+-------+---------+----------| 
     |          | clk ^ |        |       |   0.000 |    0.005 | 
     | _19696_  | CK ^  | DFF_X1 | 0.000 |   0.000 |    0.005 | 
     +--------------------------------------------------------+ 
Path 6: MET Setup Check with Pin _19699_/CK 
Endpoint:   _19699_/D (v) checked with  leading edge of 'aes_clk'
Beginpoint: _19477_/Q (v) triggered by  leading edge of 'aes_clk'
Path Groups: {aes_clk}
Analysis View: VIEW_TYP
Other End Arrival Time          0.000
- Setup                         0.042
+ Phase Shift                   2.000
- Uncertainty                   0.100
= Required Time                 1.858
- Arrival Time                  1.858
= Slack Time                    0.000
     Clock Rise Edge                      0.000
     = Beginpoint Arrival Time            0.000
     Timing Path:
     +------------------------------------------------------------------+ 
     | Instance |     Arc      |   Cell    | Delay | Arrival | Required | 
     |          |              |           |       |  Time   |   Time   | 
     |----------+--------------+-----------+-------+---------+----------| 
     |          | clk ^        |           |       |   0.000 |    0.000 | 
     | _19477_  | CK ^ -> Q v  | DFF_X1    | 0.148 |   0.148 |    0.148 | 
     | _09768_  | A v -> ZN ^  | INV_X1    | 0.760 |   0.908 |    0.908 | 
     | _10626_  | S ^ -> Z ^   | MUX2_X1   | 0.081 |   0.988 |    0.988 | 
     | _10628_  | B ^ -> Z ^   | XOR2_X1   | 0.645 |   1.633 |    1.633 | 
     | _10857_  | A ^ -> ZN v  | OAI221_X1 | 0.086 |   1.719 |    1.719 | 
     | _10860_  | A2 v -> ZN ^ | NAND3_X1  | 0.042 |   1.762 |    1.762 | 
     | _10861_  | B ^ -> ZN v  | OAI211_X1 | 0.030 |   1.791 |    1.791 | 
     | _10862_  | B2 v -> ZN ^ | AOI21_X1  | 0.051 |   1.842 |    1.842 | 
     | _10863_  | A ^ -> ZN v  | AOI21_X1  | 0.016 |   1.858 |    1.858 | 
     | _19699_  | D v          | DFF_X1    | 0.000 |   1.858 |    1.858 | 
     +------------------------------------------------------------------+ 
     Clock Rise Edge                      0.000
     = Beginpoint Arrival Time            0.000
     Other End Path:
     +--------------------------------------------------------+ 
     | Instance |  Arc  |  Cell  | Delay | Arrival | Required | 
     |          |       |        |       |  Time   |   Time   | 
     |----------+-------+--------+-------+---------+----------| 
     |          | clk ^ |        |       |   0.000 |   -0.000 | 
     | _19699_  | CK ^  | DFF_X1 | 0.000 |   0.000 |   -0.000 | 
     +--------------------------------------------------------+ 
Path 7: MET Setup Check with Pin _19700_/CK 
Endpoint:   _19700_/D (v) checked with  leading edge of 'aes_clk'
Beginpoint: _19477_/Q (v) triggered by  leading edge of 'aes_clk'
Path Groups: {aes_clk}
Analysis View: VIEW_TYP
Other End Arrival Time          0.000
- Setup                         0.042
+ Phase Shift                   2.000
- Uncertainty                   0.100
= Required Time                 1.858
- Arrival Time                  1.858
= Slack Time                    0.000
     Clock Rise Edge                      0.000
     = Beginpoint Arrival Time            0.000
     Timing Path:
     +------------------------------------------------------------------+ 
     | Instance |     Arc      |   Cell    | Delay | Arrival | Required | 
     |          |              |           |       |  Time   |   Time   | 
     |----------+--------------+-----------+-------+---------+----------| 
     |          | clk ^        |           |       |   0.000 |    0.000 | 
     | _19477_  | CK ^ -> Q v  | DFF_X1    | 0.148 |   0.148 |    0.149 | 
     | _09768_  | A v -> ZN ^  | INV_X1    | 0.760 |   0.908 |    0.908 | 
     | _10626_  | S ^ -> Z ^   | MUX2_X1   | 0.081 |   0.988 |    0.989 | 
     | _10628_  | B ^ -> Z ^   | XOR2_X1   | 0.645 |   1.633 |    1.633 | 
     | _10812_  | A ^ -> ZN v  | OAI21_X1  | 0.046 |   1.679 |    1.679 | 
     | _10813_  | A v -> ZN ^  | AOI21_X1  | 0.063 |   1.742 |    1.742 | 
     | _10814_  | B ^ -> ZN v  | AOI211_X1 | 0.019 |   1.761 |    1.762 | 
     | _10817_  | B v -> ZN ^  | AOI211_X1 | 0.079 |   1.841 |    1.841 | 
     | _10819_  | B1 ^ -> ZN v | OAI21_X1  | 0.018 |   1.858 |    1.858 | 
     | _19700_  | D v          | DFF_X1    | 0.000 |   1.858 |    1.858 | 
     +------------------------------------------------------------------+ 
     Clock Rise Edge                      0.000
     = Beginpoint Arrival Time            0.000
     Other End Path:
     +--------------------------------------------------------+ 
     | Instance |  Arc  |  Cell  | Delay | Arrival | Required | 
     |          |       |        |       |  Time   |   Time   | 
     |----------+-------+--------+-------+---------+----------| 
     |          | clk ^ |        |       |   0.000 |   -0.000 | 
     | _19700_  | CK ^  | DFF_X1 | 0.000 |   0.000 |   -0.000 | 
     +--------------------------------------------------------+ 
Path 8: MET Setup Check with Pin _19654_/CK 
Endpoint:   _19654_/D (v) checked with  leading edge of 'aes_clk'
Beginpoint: _19477_/Q (v) triggered by  leading edge of 'aes_clk'
Path Groups: {aes_clk}
Analysis View: VIEW_TYP
Other End Arrival Time          0.000
- Setup                         0.048
+ Phase Shift                   2.000
- Uncertainty                   0.100
= Required Time                 1.852
- Arrival Time                  1.851
= Slack Time                    0.002
     Clock Rise Edge                      0.000
     = Beginpoint Arrival Time            0.000
     Timing Path:
     +------------------------------------------------------------------+ 
     | Instance |     Arc      |   Cell    | Delay | Arrival | Required | 
     |          |              |           |       |  Time   |   Time   | 
     |----------+--------------+-----------+-------+---------+----------| 
     |          | clk ^        |           |       |   0.000 |    0.002 | 
     | _19477_  | CK ^ -> Q v  | DFF_X1    | 0.148 |   0.148 |    0.150 | 
     | _09768_  | A v -> ZN ^  | INV_X1    | 0.760 |   0.908 |    0.909 | 
     | _11445_  | S ^ -> Z ^   | MUX2_X1   | 0.081 |   0.988 |    0.990 | 
     | _11447_  | B ^ -> Z ^   | XOR2_X1   | 0.565 |   1.553 |    1.555 | 
     | _11509_  | A ^ -> ZN v  | AOI21_X1  | 0.082 |   1.635 |    1.637 | 
     | _12181_  | B2 v -> ZN ^ | AOI21_X1  | 0.083 |   1.718 |    1.720 | 
     | _18119_  | A1 ^ -> ZN v | NAND2_X1  | 0.018 |   1.736 |    1.738 | 
     | _18121_  | B v -> ZN ^  | OAI211_X1 | 0.025 |   1.762 |    1.763 | 
     | _18123_  | B1 ^ -> ZN v | AOI21_X1  | 0.019 |   1.781 |    1.783 | 
     | _18124_  | A3 v -> ZN ^ | NOR3_X1   | 0.053 |   1.833 |    1.835 | 
     | _18140_  | A ^ -> ZN v  | AOI21_X1  | 0.017 |   1.851 |    1.852 | 
     | _19654_  | D v          | DFF_X1    | 0.000 |   1.851 |    1.852 | 
     +------------------------------------------------------------------+ 
     Clock Rise Edge                      0.000
     = Beginpoint Arrival Time            0.000
     Other End Path:
     +--------------------------------------------------------+ 
     | Instance |  Arc  |  Cell  | Delay | Arrival | Required | 
     |          |       |        |       |  Time   |   Time   | 
     |----------+-------+--------+-------+---------+----------| 
     |          | clk ^ |        |       |   0.000 |   -0.002 | 
     | _19654_  | CK ^  | DFF_X1 | 0.000 |   0.000 |   -0.002 | 
     +--------------------------------------------------------+ 
Path 9: MET Setup Check with Pin _19651_/CK 
Endpoint:   _19651_/D (v) checked with  leading edge of 'aes_clk'
Beginpoint: _19477_/Q (v) triggered by  leading edge of 'aes_clk'
Path Groups: {aes_clk}
Analysis View: VIEW_TYP
Other End Arrival Time          0.000
- Setup                         0.041
+ Phase Shift                   2.000
- Uncertainty                   0.100
= Required Time                 1.859
- Arrival Time                  1.855
= Slack Time                    0.005
     Clock Rise Edge                      0.000
     = Beginpoint Arrival Time            0.000
     Timing Path:
     +------------------------------------------------------------------+ 
     | Instance |     Arc      |   Cell    | Delay | Arrival | Required | 
     |          |              |           |       |  Time   |   Time   | 
     |----------+--------------+-----------+-------+---------+----------| 
     |          | clk ^        |           |       |   0.000 |    0.005 | 
     | _19477_  | CK ^ -> Q v  | DFF_X1    | 0.148 |   0.148 |    0.153 | 
     | _09768_  | A v -> ZN ^  | INV_X1    | 0.760 |   0.908 |    0.912 | 
     | _11445_  | S ^ -> Z ^   | MUX2_X1   | 0.081 |   0.988 |    0.993 | 
     | _11447_  | B ^ -> Z ^   | XOR2_X1   | 0.565 |   1.553 |    1.558 | 
     | _11509_  | A ^ -> ZN v  | AOI21_X1  | 0.082 |   1.635 |    1.640 | 
     | _11519_  | A2 v -> ZN ^ | NAND2_X1  | 0.063 |   1.698 |    1.703 | 
     | _12051_  | A2 ^ -> ZN v | NOR2_X1   | 0.014 |   1.712 |    1.717 | 
     | _12053_  | A3 v -> ZN ^ | OAI33_X1  | 0.058 |   1.771 |    1.775 | 
     | _12067_  | C1 ^ -> ZN v | AOI211_X1 | 0.022 |   1.792 |    1.797 | 
     | _12069_  | B1 v -> ZN ^ | OAI21_X1  | 0.042 |   1.834 |    1.839 | 
     | _12070_  | A ^ -> ZN v  | OAI21_X1  | 0.021 |   1.855 |    1.859 | 
     | _19651_  | D v          | DFF_X1    | 0.000 |   1.855 |    1.859 | 
     +------------------------------------------------------------------+ 
     Clock Rise Edge                      0.000
     = Beginpoint Arrival Time            0.000
     Other End Path:
     +--------------------------------------------------------+ 
     | Instance |  Arc  |  Cell  | Delay | Arrival | Required | 
     |          |       |        |       |  Time   |   Time   | 
     |----------+-------+--------+-------+---------+----------| 
     |          | clk ^ |        |       |   0.000 |   -0.005 | 
     | _19651_  | CK ^  | DFF_X1 | 0.000 |   0.000 |   -0.005 | 
     +--------------------------------------------------------+ 
Path 10: MET Setup Check with Pin _19674_/CK 
Endpoint:   _19674_/D (^) checked with  leading edge of 'aes_clk'
Beginpoint: _19477_/Q (v) triggered by  leading edge of 'aes_clk'
Path Groups: {aes_clk}
Analysis View: VIEW_TYP
Other End Arrival Time          0.000
- Setup                         0.035
+ Phase Shift                   2.000
- Uncertainty                   0.100
= Required Time                 1.865
- Arrival Time                  1.860
= Slack Time                    0.005
     Clock Rise Edge                      0.000
     = Beginpoint Arrival Time            0.000
     Timing Path:
     +------------------------------------------------------------------+ 
     | Instance |     Arc      |   Cell    | Delay | Arrival | Required | 
     |          |              |           |       |  Time   |   Time   | 
     |----------+--------------+-----------+-------+---------+----------| 
     |          | clk ^        |           |       |   0.000 |    0.005 | 
     | _19477_  | CK ^ -> Q v  | DFF_X1    | 0.148 |   0.148 |    0.153 | 
     | _09768_  | A v -> ZN ^  | INV_X1    | 0.760 |   0.908 |    0.912 | 
     | _18411_  | S ^ -> Z ^   | MUX2_X1   | 0.081 |   0.988 |    0.993 | 
     | _18413_  | B ^ -> Z ^   | XOR2_X1   | 0.527 |   1.515 |    1.520 | 
     | _18498_  | A1 ^ -> ZN v | NAND2_X1  | 0.095 |   1.610 |    1.615 | 
     | _18681_  | B2 v -> ZN ^ | OAI221_X1 | 0.086 |   1.696 |    1.701 | 
     | _18682_  | B2 ^ -> ZN v | AOI21_X1  | 0.021 |   1.717 |    1.722 | 
     | _18709_  | B v -> ZN ^  | AOI211_X1 | 0.083 |   1.800 |    1.804 | 
     | _18711_  | A2 ^ -> ZN v | NOR2_X1   | 0.014 |   1.814 |    1.818 | 
     | _18712_  | B2 v -> ZN ^ | AOI22_X1  | 0.046 |   1.860 |    1.865 | 
     | _19674_  | D ^          | DFF_X1    | 0.000 |   1.860 |    1.865 | 
     +------------------------------------------------------------------+ 
     Clock Rise Edge                      0.000
     = Beginpoint Arrival Time            0.000
     Other End Path:
     +--------------------------------------------------------+ 
     | Instance |  Arc  |  Cell  | Delay | Arrival | Required | 
     |          |       |        |       |  Time   |   Time   | 
     |----------+-------+--------+-------+---------+----------| 
     |          | clk ^ |        |       |   0.000 |   -0.005 | 
     | _19674_  | CK ^  | DFF_X1 | 0.000 |   0.000 |   -0.005 | 
     +--------------------------------------------------------+ 
Path 11: MET Setup Check with Pin _19697_/CK 
Endpoint:   _19697_/D (v) checked with  leading edge of 'aes_clk'
Beginpoint: _19477_/Q (v) triggered by  leading edge of 'aes_clk'
Path Groups: {aes_clk}
Analysis View: VIEW_TYP
Other End Arrival Time          0.000
- Setup                         0.041
+ Phase Shift                   2.000
- Uncertainty                   0.100
= Required Time                 1.859
- Arrival Time                  1.853
= Slack Time                    0.005
     Clock Rise Edge                      0.000
     = Beginpoint Arrival Time            0.000
     Timing Path:
     +------------------------------------------------------------------+ 
     | Instance |     Arc      |   Cell    | Delay | Arrival | Required | 
     |          |              |           |       |  Time   |   Time   | 
     |----------+--------------+-----------+-------+---------+----------| 
     |          | clk ^        |           |       |   0.000 |    0.005 | 
     | _19477_  | CK ^ -> Q v  | DFF_X1    | 0.148 |   0.148 |    0.153 | 
     | _09768_  | A v -> ZN ^  | INV_X1    | 0.760 |   0.908 |    0.913 | 
     | _10626_  | S ^ -> Z ^   | MUX2_X1   | 0.081 |   0.988 |    0.993 | 
     | _10628_  | B ^ -> Z ^   | XOR2_X1   | 0.645 |   1.633 |    1.638 | 
     | _10924_  | A ^ -> ZN v  | OAI221_X1 | 0.086 |   1.719 |    1.724 | 
     | _10925_  | A v -> ZN ^  | OAI21_X1  | 0.047 |   1.766 |    1.771 | 
     | _10929_  | C1 ^ -> ZN v | OAI221_X1 | 0.032 |   1.798 |    1.803 | 
     | _10937_  | A v -> ZN ^  | OAI21_X1  | 0.039 |   1.837 |    1.843 | 
     | _10938_  | B1 ^ -> ZN v | AOI21_X1  | 0.016 |   1.853 |    1.859 | 
     | _19697_  | D v          | DFF_X1    | 0.000 |   1.853 |    1.859 | 
     +------------------------------------------------------------------+ 
     Clock Rise Edge                      0.000
     = Beginpoint Arrival Time            0.000
     Other End Path:
     +--------------------------------------------------------+ 
     | Instance |  Arc  |  Cell  | Delay | Arrival | Required | 
     |          |       |        |       |  Time   |   Time   | 
     |----------+-------+--------+-------+---------+----------| 
     |          | clk ^ |        |       |   0.000 |   -0.005 | 
     | _19697_  | CK ^  | DFF_X1 | 0.000 |   0.000 |   -0.005 | 
     +--------------------------------------------------------+ 
Path 12: MET Setup Check with Pin _19643_/CK 
Endpoint:   _19643_/D (v) checked with  leading edge of 'aes_clk'
Beginpoint: _19477_/Q (v) triggered by  leading edge of 'aes_clk'
Path Groups: {aes_clk}
Analysis View: VIEW_TYP
Other End Arrival Time          0.000
- Setup                         0.045
+ Phase Shift                   2.000
- Uncertainty                   0.100
= Required Time                 1.855
- Arrival Time                  1.849
= Slack Time                    0.006
     Clock Rise Edge                      0.000
     = Beginpoint Arrival Time            0.000
     Timing Path:
     +-----------------------------------------------------------------+ 
     | Instance |     Arc      |   Cell   | Delay | Arrival | Required | 
     |          |              |          |       |  Time   |   Time   | 
     |----------+--------------+----------+-------+---------+----------| 
     |          | clk ^        |          |       |   0.000 |    0.006 | 
     | _19477_  | CK ^ -> Q v  | DFF_X1   | 0.148 |   0.148 |    0.154 | 
     | _09768_  | A v -> ZN ^  | INV_X1   | 0.760 |   0.908 |    0.914 | 
     | _09801_  | S ^ -> Z ^   | MUX2_X1  | 0.081 |   0.988 |    0.995 | 
     | _09803_  | B ^ -> Z ^   | XOR2_X1  | 0.513 |   1.502 |    1.508 | 
     | _09963_  | A ^ -> ZN v  | AOI21_X1 | 0.075 |   1.577 |    1.583 | 
     | _10022_  | A3 v -> ZN v | AND3_X1  | 0.079 |   1.656 |    1.662 | 
     | _10023_  | A3 v -> ZN v | OR3_X1   | 0.081 |   1.737 |    1.743 | 
     | _10026_  | A v -> ZN ^  | OAI21_X1 | 0.025 |   1.761 |    1.768 | 
     | _10028_  | B1 ^ -> ZN v | OAI21_X1 | 0.018 |   1.780 |    1.786 | 
     | _10038_  | A2 v -> ZN ^ | OAI22_X1 | 0.046 |   1.826 |    1.832 | 
     | _10039_  | B1 ^ -> ZN v | OAI22_X1 | 0.023 |   1.849 |    1.855 | 
     | _19643_  | D v          | DFF_X1   | 0.000 |   1.849 |    1.855 | 
     +-----------------------------------------------------------------+ 
     Clock Rise Edge                      0.000
     = Beginpoint Arrival Time            0.000
     Other End Path:
     +--------------------------------------------------------+ 
     | Instance |  Arc  |  Cell  | Delay | Arrival | Required | 
     |          |       |        |       |  Time   |   Time   | 
     |----------+-------+--------+-------+---------+----------| 
     |          | clk ^ |        |       |   0.000 |   -0.006 | 
     | _19643_  | CK ^  | DFF_X1 | 0.000 |   0.000 |   -0.006 | 
     +--------------------------------------------------------+ 
Path 13: MET Setup Check with Pin _19695_/CK 
Endpoint:   _19695_/D (v) checked with  leading edge of 'aes_clk'
Beginpoint: _19477_/Q (v) triggered by  leading edge of 'aes_clk'
Path Groups: {aes_clk}
Analysis View: VIEW_TYP
Other End Arrival Time          0.000
- Setup                         0.041
+ Phase Shift                   2.000
- Uncertainty                   0.100
= Required Time                 1.859
- Arrival Time                  1.853
= Slack Time                    0.006
     Clock Rise Edge                      0.000
     = Beginpoint Arrival Time            0.000
     Timing Path:
     +------------------------------------------------------------------+ 
     | Instance |     Arc      |   Cell    | Delay | Arrival | Required | 
     |          |              |           |       |  Time   |   Time   | 
     |----------+--------------+-----------+-------+---------+----------| 
     |          | clk ^        |           |       |   0.000 |    0.006 | 
     | _19477_  | CK ^ -> Q v  | DFF_X1    | 0.148 |   0.148 |    0.154 | 
     | _09768_  | A v -> ZN ^  | INV_X1    | 0.760 |   0.908 |    0.914 | 
     | _10626_  | S ^ -> Z ^   | MUX2_X1   | 0.081 |   0.988 |    0.995 | 
     | _10628_  | B ^ -> Z ^   | XOR2_X1   | 0.645 |   1.633 |    1.639 | 
     | _10752_  | A1 ^ -> ZN v | NAND2_X1  | 0.055 |   1.688 |    1.695 | 
     | _10754_  | A v -> ZN ^  | AOI21_X1  | 0.083 |   1.771 |    1.778 | 
     | _11002_  | C2 ^ -> ZN v | AOI221_X1 | 0.022 |   1.794 |    1.800 | 
     | _11005_  | B1 v -> ZN ^ | OAI21_X1  | 0.043 |   1.837 |    1.843 | 
     | _11006_  | B1 ^ -> ZN v | OAI21_X1  | 0.016 |   1.853 |    1.859 | 
     | _19695_  | D v          | DFF_X1    | 0.000 |   1.853 |    1.859 | 
     +------------------------------------------------------------------+ 
     Clock Rise Edge                      0.000
     = Beginpoint Arrival Time            0.000
     Other End Path:
     +--------------------------------------------------------+ 
     | Instance |  Arc  |  Cell  | Delay | Arrival | Required | 
     |          |       |        |       |  Time   |   Time   | 
     |----------+-------+--------+-------+---------+----------| 
     |          | clk ^ |        |       |   0.000 |   -0.006 | 
     | _19695_  | CK ^  | DFF_X1 | 0.000 |   0.000 |   -0.006 | 
     +--------------------------------------------------------+ 
Path 14: MET Setup Check with Pin _19641_/CK 
Endpoint:   _19641_/D (v) checked with  leading edge of 'aes_clk'
Beginpoint: _19477_/Q (v) triggered by  leading edge of 'aes_clk'
Path Groups: {aes_clk}
Analysis View: VIEW_TYP
Other End Arrival Time          0.000
- Setup                         0.040
+ Phase Shift                   2.000
- Uncertainty                   0.100
= Required Time                 1.860
- Arrival Time                  1.853
= Slack Time                    0.007
     Clock Rise Edge                      0.000
     = Beginpoint Arrival Time            0.000
     Timing Path:
     +------------------------------------------------------------------+ 
     | Instance |     Arc      |   Cell    | Delay | Arrival | Required | 
     |          |              |           |       |  Time   |   Time   | 
     |----------+--------------+-----------+-------+---------+----------| 
     |          | clk ^        |           |       |   0.000 |    0.007 | 
     | _19477_  | CK ^ -> Q v  | DFF_X1    | 0.148 |   0.148 |    0.155 | 
     | _09768_  | A v -> ZN ^  | INV_X1    | 0.760 |   0.908 |    0.915 | 
     | _09801_  | S ^ -> Z ^   | MUX2_X1   | 0.081 |   0.988 |    0.995 | 
     | _09803_  | B ^ -> Z ^   | XOR2_X1   | 0.513 |   1.502 |    1.509 | 
     | _09963_  | A ^ -> ZN v  | AOI21_X1  | 0.075 |   1.577 |    1.584 | 
     | _10022_  | A3 v -> ZN v | AND3_X1   | 0.079 |   1.656 |    1.663 | 
     | _10108_  | A v -> ZN ^  | AOI21_X1  | 0.041 |   1.696 |    1.703 | 
     | _10109_  | B1 ^ -> ZN v | OAI21_X1  | 0.018 |   1.714 |    1.721 | 
     | _10111_  | C1 v -> ZN ^ | AOI211_X1 | 0.061 |   1.775 |    1.782 | 
     | _10121_  | A ^ -> ZN v  | AOI21_X1  | 0.018 |   1.793 |    1.800 | 
     | _10122_  | B v -> Z v   | MUX2_X1   | 0.060 |   1.853 |    1.860 | 
     | _19641_  | D v          | DFF_X1    | 0.000 |   1.853 |    1.860 | 
     +------------------------------------------------------------------+ 
     Clock Rise Edge                      0.000
     = Beginpoint Arrival Time            0.000
     Other End Path:
     +--------------------------------------------------------+ 
     | Instance |  Arc  |  Cell  | Delay | Arrival | Required | 
     |          |       |        |       |  Time   |   Time   | 
     |----------+-------+--------+-------+---------+----------| 
     |          | clk ^ |        |       |   0.000 |   -0.007 | 
     | _19641_  | CK ^  | DFF_X1 | 0.000 |   0.000 |   -0.007 | 
     +--------------------------------------------------------+ 
Path 15: MET Setup Check with Pin _19650_/CK 
Endpoint:   _19650_/D (v) checked with  leading edge of 'aes_clk'
Beginpoint: _19477_/Q (v) triggered by  leading edge of 'aes_clk'
Path Groups: {aes_clk}
Analysis View: VIEW_TYP
Other End Arrival Time          0.000
- Setup                         0.042
+ Phase Shift                   2.000
- Uncertainty                   0.100
= Required Time                 1.858
- Arrival Time                  1.847
= Slack Time                    0.010
     Clock Rise Edge                      0.000
     = Beginpoint Arrival Time            0.000
     Timing Path:
     +------------------------------------------------------------------+ 
     | Instance |     Arc      |   Cell    | Delay | Arrival | Required | 
     |          |              |           |       |  Time   |   Time   | 
     |----------+--------------+-----------+-------+---------+----------| 
     |          | clk ^        |           |       |   0.000 |    0.010 | 
     | _19477_  | CK ^ -> Q v  | DFF_X1    | 0.148 |   0.148 |    0.159 | 
     | _09768_  | A v -> ZN ^  | INV_X1    | 0.760 |   0.908 |    0.918 | 
     | _11445_  | S ^ -> Z ^   | MUX2_X1   | 0.081 |   0.988 |    0.999 | 
     | _11447_  | B ^ -> Z ^   | XOR2_X1   | 0.565 |   1.553 |    1.563 | 
     | _11509_  | A ^ -> ZN v  | AOI21_X1  | 0.082 |   1.635 |    1.645 | 
     | _12075_  | B2 v -> ZN ^ | AOI221_X1 | 0.109 |   1.744 |    1.754 | 
     | _12076_  | B ^ -> ZN v  | AOI211_X1 | 0.021 |   1.765 |    1.775 | 
     | _12084_  | A2 v -> ZN ^ | NOR3_X1   | 0.061 |   1.826 |    1.836 | 
     | _12115_  | A1 ^ -> ZN v | OAI22_X1  | 0.021 |   1.847 |    1.858 | 
     | _19650_  | D v          | DFF_X1    | 0.000 |   1.847 |    1.858 | 
     +------------------------------------------------------------------+ 
     Clock Rise Edge                      0.000
     = Beginpoint Arrival Time            0.000
     Other End Path:
     +--------------------------------------------------------+ 
     | Instance |  Arc  |  Cell  | Delay | Arrival | Required | 
     |          |       |        |       |  Time   |   Time   | 
     |----------+-------+--------+-------+---------+----------| 
     |          | clk ^ |        |       |   0.000 |   -0.010 | 
     | _19650_  | CK ^  | DFF_X1 | 0.000 |   0.000 |   -0.010 | 
     +--------------------------------------------------------+ 
Path 16: MET Setup Check with Pin _19648_/CK 
Endpoint:   _19648_/D (v) checked with  leading edge of 'aes_clk'
Beginpoint: _19477_/Q (v) triggered by  leading edge of 'aes_clk'
Path Groups: {aes_clk}
Analysis View: VIEW_TYP
Other End Arrival Time          0.000
- Setup                         0.041
+ Phase Shift                   2.000
- Uncertainty                   0.100
= Required Time                 1.859
- Arrival Time                  1.837
= Slack Time                    0.022
     Clock Rise Edge                      0.000
     = Beginpoint Arrival Time            0.000
     Timing Path:
     +-----------------------------------------------------------------+ 
     | Instance |     Arc      |   Cell   | Delay | Arrival | Required | 
     |          |              |          |       |  Time   |   Time   | 
     |----------+--------------+----------+-------+---------+----------| 
     |          | clk ^        |          |       |   0.000 |    0.022 | 
     | _19477_  | CK ^ -> Q v  | DFF_X1   | 0.148 |   0.148 |    0.171 | 
     | _09768_  | A v -> ZN ^  | INV_X1   | 0.760 |   0.908 |    0.930 | 
     | _11445_  | S ^ -> Z ^   | MUX2_X1  | 0.081 |   0.988 |    1.011 | 
     | _11447_  | B ^ -> Z ^   | XOR2_X1  | 0.565 |   1.553 |    1.575 | 
     | _11509_  | A ^ -> ZN v  | AOI21_X1 | 0.082 |   1.635 |    1.657 | 
     | _11519_  | A2 v -> ZN ^ | NAND2_X1 | 0.063 |   1.698 |    1.721 | 
     | _12164_  | A3 ^ -> ZN v | NAND3_X1 | 0.024 |   1.722 |    1.745 | 
     | _12166_  | B1 v -> ZN ^ | AOI21_X1 | 0.051 |   1.773 |    1.796 | 
     | _12170_  | B1 ^ -> ZN v | OAI21_X1 | 0.018 |   1.791 |    1.814 | 
     | _12171_  | A2 v -> ZN ^ | NAND2_X1 | 0.027 |   1.818 |    1.840 | 
     | _12191_  | A2 ^ -> ZN v | OAI22_X1 | 0.019 |   1.837 |    1.859 | 
     | _19648_  | D v          | DFF_X1   | 0.000 |   1.837 |    1.859 | 
     +-----------------------------------------------------------------+ 
     Clock Rise Edge                      0.000
     = Beginpoint Arrival Time            0.000
     Other End Path:
     +--------------------------------------------------------+ 
     | Instance |  Arc  |  Cell  | Delay | Arrival | Required | 
     |          |       |        |       |  Time   |   Time   | 
     |----------+-------+--------+-------+---------+----------| 
     |          | clk ^ |        |       |   0.000 |   -0.022 | 
     | _19648_  | CK ^  | DFF_X1 | 0.000 |   0.000 |   -0.022 | 
     +--------------------------------------------------------+ 
Path 17: MET Setup Check with Pin _19653_/CK 
Endpoint:   _19653_/D (v) checked with  leading edge of 'aes_clk'
Beginpoint: _19477_/Q (v) triggered by  leading edge of 'aes_clk'
Path Groups: {aes_clk}
Analysis View: VIEW_TYP
Other End Arrival Time          0.000
- Setup                         0.045
+ Phase Shift                   2.000
- Uncertainty                   0.100
= Required Time                 1.855
- Arrival Time                  1.831
= Slack Time                    0.024
     Clock Rise Edge                      0.000
     = Beginpoint Arrival Time            0.000
     Timing Path:
     +------------------------------------------------------------------+ 
     | Instance |     Arc      |   Cell    | Delay | Arrival | Required | 
     |          |              |           |       |  Time   |   Time   | 
     |----------+--------------+-----------+-------+---------+----------| 
     |          | clk ^        |           |       |   0.000 |    0.024 | 
     | _19477_  | CK ^ -> Q v  | DFF_X1    | 0.148 |   0.148 |    0.172 | 
     | _09768_  | A v -> ZN ^  | INV_X1    | 0.760 |   0.908 |    0.931 | 
     | _11445_  | S ^ -> Z ^   | MUX2_X1   | 0.081 |   0.988 |    1.012 | 
     | _11447_  | B ^ -> Z ^   | XOR2_X1   | 0.565 |   1.553 |    1.577 | 
     | _11460_  | A ^ -> ZN v  | OAI21_X1  | 0.057 |   1.610 |    1.633 | 
     | _11469_  | B2 v -> ZN ^ | OAI22_X1  | 0.066 |   1.675 |    1.699 | 
     | _11493_  | B2 ^ -> ZN v | AOI221_X1 | 0.027 |   1.703 |    1.726 | 
     | _11494_  | A2 v -> ZN v | OR2_X1    | 0.076 |   1.779 |    1.802 | 
     | _11532_  | A2 v -> ZN ^ | AOI22_X1  | 0.036 |   1.815 |    1.838 | 
     | _11557_  | B1 ^ -> ZN v | OAI21_X1  | 0.016 |   1.831 |    1.855 | 
     | _19653_  | D v          | DFF_X1    | 0.000 |   1.831 |    1.855 | 
     +------------------------------------------------------------------+ 
     Clock Rise Edge                      0.000
     = Beginpoint Arrival Time            0.000
     Other End Path:
     +--------------------------------------------------------+ 
     | Instance |  Arc  |  Cell  | Delay | Arrival | Required | 
     |          |       |        |       |  Time   |   Time   | 
     |----------+-------+--------+-------+---------+----------| 
     |          | clk ^ |        |       |   0.000 |   -0.024 | 
     | _19653_  | CK ^  | DFF_X1 | 0.000 |   0.000 |   -0.024 | 
     +--------------------------------------------------------+ 
Path 18: MET Setup Check with Pin _19652_/CK 
Endpoint:   _19652_/D (v) checked with  leading edge of 'aes_clk'
Beginpoint: _19477_/Q (v) triggered by  leading edge of 'aes_clk'
Path Groups: {aes_clk}
Analysis View: VIEW_TYP
Other End Arrival Time          0.000
- Setup                         0.040
+ Phase Shift                   2.000
- Uncertainty                   0.100
= Required Time                 1.860
- Arrival Time                  1.835
= Slack Time                    0.024
     Clock Rise Edge                      0.000
     = Beginpoint Arrival Time            0.000
     Timing Path:
     +------------------------------------------------------------------+ 
     | Instance |     Arc      |   Cell    | Delay | Arrival | Required | 
     |          |              |           |       |  Time   |   Time   | 
     |----------+--------------+-----------+-------+---------+----------| 
     |          | clk ^        |           |       |   0.000 |    0.024 | 
     | _19477_  | CK ^ -> Q v  | DFF_X1    | 0.148 |   0.148 |    0.173 | 
     | _09768_  | A v -> ZN ^  | INV_X1    | 0.760 |   0.908 |    0.932 | 
     | _11445_  | S ^ -> Z ^   | MUX2_X1   | 0.081 |   0.988 |    1.013 | 
     | _11447_  | B ^ -> Z ^   | XOR2_X1   | 0.565 |   1.553 |    1.577 | 
     | _11490_  | A2 ^ -> ZN v | NOR2_X1   | 0.015 |   1.568 |    1.593 | 
     | _11600_  | A1 v -> ZN ^ | NOR2_X1   | 0.074 |   1.642 |    1.667 | 
     | _11601_  | A4 ^ -> ZN v | NOR4_X1   | 0.018 |   1.660 |    1.685 | 
     | _11607_  | B v -> ZN ^  | AOI211_X1 | 0.084 |   1.744 |    1.769 | 
     | _11608_  | A3 ^ -> ZN v | NOR3_X1   | 0.017 |   1.761 |    1.786 | 
     | _11609_  | A3 v -> ZN ^ | NOR3_X1   | 0.058 |   1.819 |    1.843 | 
     | _11610_  | A ^ -> ZN v  | AOI21_X1  | 0.016 |   1.835 |    1.860 | 
     | _19652_  | D v          | DFF_X1    | 0.000 |   1.835 |    1.860 | 
     +------------------------------------------------------------------+ 
     Clock Rise Edge                      0.000
     = Beginpoint Arrival Time            0.000
     Other End Path:
     +--------------------------------------------------------+ 
     | Instance |  Arc  |  Cell  | Delay | Arrival | Required | 
     |          |       |        |       |  Time   |   Time   | 
     |----------+-------+--------+-------+---------+----------| 
     |          | clk ^ |        |       |   0.000 |   -0.024 | 
     | _19652_  | CK ^  | DFF_X1 | 0.000 |   0.000 |   -0.024 | 
     +--------------------------------------------------------+ 
Path 19: MET Setup Check with Pin _19673_/CK 
Endpoint:   _19673_/D (v) checked with  leading edge of 'aes_clk'
Beginpoint: _19477_/Q (v) triggered by  leading edge of 'aes_clk'
Path Groups: {aes_clk}
Analysis View: VIEW_TYP
Other End Arrival Time          0.000
- Setup                         0.042
+ Phase Shift                   2.000
- Uncertainty                   0.100
= Required Time                 1.858
- Arrival Time                  1.824
= Slack Time                    0.033
     Clock Rise Edge                      0.000
     = Beginpoint Arrival Time            0.000
     Timing Path:
     +------------------------------------------------------------------+ 
     | Instance |     Arc      |   Cell    | Delay | Arrival | Required | 
     |          |              |           |       |  Time   |   Time   | 
     |----------+--------------+-----------+-------+---------+----------| 
     |          | clk ^        |           |       |   0.000 |    0.033 | 
     | _19477_  | CK ^ -> Q v  | DFF_X1    | 0.148 |   0.148 |    0.182 | 
     | _09768_  | A v -> ZN ^  | INV_X1    | 0.760 |   0.908 |    0.941 | 
     | _18411_  | S ^ -> Z ^   | MUX2_X1   | 0.081 |   0.988 |    1.022 | 
     | _18413_  | B ^ -> Z ^   | XOR2_X1   | 0.527 |   1.515 |    1.548 | 
     | _18498_  | A1 ^ -> ZN v | NAND2_X1  | 0.095 |   1.610 |    1.644 | 
     | _18714_  | B1 v -> ZN ^ | AOI221_X1 | 0.098 |   1.709 |    1.742 | 
     | _18715_  | B ^ -> ZN v  | AOI211_X1 | 0.021 |   1.730 |    1.763 | 
     | _18745_  | A2 v -> ZN ^ | NOR3_X1   | 0.052 |   1.782 |    1.815 | 
     | _18746_  | A2 ^ -> ZN ^ | OR2_X1    | 0.031 |   1.813 |    1.846 | 
     | _18749_  | B1 ^ -> ZN v | AOI21_X1  | 0.012 |   1.824 |    1.858 | 
     | _19673_  | D v          | DFF_X1    | 0.000 |   1.824 |    1.858 | 
     +------------------------------------------------------------------+ 
     Clock Rise Edge                      0.000
     = Beginpoint Arrival Time            0.000
     Other End Path:
     +--------------------------------------------------------+ 
     | Instance |  Arc  |  Cell  | Delay | Arrival | Required | 
     |          |       |        |       |  Time   |   Time   | 
     |----------+-------+--------+-------+---------+----------| 
     |          | clk ^ |        |       |   0.000 |   -0.033 | 
     | _19673_  | CK ^  | DFF_X1 | 0.000 |   0.000 |   -0.033 | 
     +--------------------------------------------------------+ 
Path 20: MET Setup Check with Pin _19671_/CK 
Endpoint:   _19671_/D (^) checked with  leading edge of 'aes_clk'
Beginpoint: _19477_/Q (v) triggered by  leading edge of 'aes_clk'
Path Groups: {aes_clk}
Analysis View: VIEW_TYP
Other End Arrival Time          0.000
- Setup                         0.034
+ Phase Shift                   2.000
- Uncertainty                   0.100
= Required Time                 1.866
- Arrival Time                  1.831
= Slack Time                    0.035
     Clock Rise Edge                      0.000
     = Beginpoint Arrival Time            0.000
     Timing Path:
     +------------------------------------------------------------------+ 
     | Instance |     Arc      |   Cell    | Delay | Arrival | Required | 
     |          |              |           |       |  Time   |   Time   | 
     |----------+--------------+-----------+-------+---------+----------| 
     |          | clk ^        |           |       |   0.000 |    0.035 | 
     | _19477_  | CK ^ -> Q v  | DFF_X1    | 0.148 |   0.148 |    0.183 | 
     | _09768_  | A v -> ZN ^  | INV_X1    | 0.760 |   0.908 |    0.943 | 
     | _18411_  | S ^ -> Z ^   | MUX2_X1   | 0.081 |   0.988 |    1.023 | 
     | _18413_  | B ^ -> Z ^   | XOR2_X1   | 0.527 |   1.515 |    1.550 | 
     | _18498_  | A1 ^ -> ZN v | NAND2_X1  | 0.095 |   1.610 |    1.645 | 
     | _18541_  | C1 v -> ZN ^ | OAI211_X1 | 0.076 |   1.686 |    1.721 | 
     | _18809_  | B2 ^ -> ZN v | OAI221_X1 | 0.038 |   1.724 |    1.759 | 
     | _18810_  | B2 v -> ZN ^ | AOI21_X1  | 0.051 |   1.776 |    1.811 | 
     | _18811_  | A3 ^ -> ZN v | NOR3_X1   | 0.015 |   1.791 |    1.826 | 
     | _18818_  | A v -> ZN ^  | AOI21_X1  | 0.040 |   1.831 |    1.866 | 
     | _19671_  | D ^          | DFF_X1    | 0.000 |   1.831 |    1.866 | 
     +------------------------------------------------------------------+ 
     Clock Rise Edge                      0.000
     = Beginpoint Arrival Time            0.000
     Other End Path:
     +--------------------------------------------------------+ 
     | Instance |  Arc  |  Cell  | Delay | Arrival | Required | 
     |          |       |        |       |  Time   |   Time   | 
     |----------+-------+--------+-------+---------+----------| 
     |          | clk ^ |        |       |   0.000 |   -0.035 | 
     | _19671_  | CK ^  | DFF_X1 | 0.000 |   0.000 |   -0.035 | 
     +--------------------------------------------------------+ 

