###############################################################
#  Generated by:      Cadence Innovus 19.10-p002_1
#  OS:                Linux x86_64(Host ID qingteng)
#  Generated on:      Sun Aug 16 19:16:06 2026
#  Design:            aes_cipher_top
#  Command:           report_timing -early -max_paths 20 -path_type full_clock
###############################################################
#################################################################################
# Design Stage: PostRoute
# Design Name: aes_cipher_top
# Design Mode: 45nm
# Analysis Mode: MMMC Non-OCV 
# Parasitics Mode: No SPEF/RCDB
# Signoff Settings: SI Off 
#################################################################################
AAE_INFO: 1 threads acquired from CTE.
Calculate delays in Single mode...
Start delay calculation (fullDC) (1 T). (MEM=1168.96)
Total number of fetched objects 12227
AAE_INFO: Total number of nets for which stage creation was skipped for all views 0
End delay calculation. (MEM=1169.09 CPU=0:00:01.4 REAL=0:00:02.0)
End delay calculation (fullDC). (MEM=1169.09 CPU=0:00:02.0 REAL=0:00:02.0)
Path 1: VIOLATED Hold Check with Pin _19519_/CK 
Endpoint:   _19519_/D (^) checked with  leading edge of 'aes_clk'
Beginpoint: key[72]   (^) triggered by  leading edge of 'aes_clk'
Path Groups: {aes_clk}
Analysis View: VIEW_TYP
Other End Arrival Time          0.001
+ Hold                          0.016
+ Phase Shift                   0.000
+ Uncertainty                   0.100
= Required Time                 0.118
  Arrival Time                  0.117
  Slack Time                   -0.001
     Clock Rise Edge                      0.000
     + Input Delay                        0.000
     = Beginpoint Arrival Time            0.000
     Timing Path:
     +------------------------------------------------------------------------+ 
     |     Instance     |    Arc     |   Cell    | Delay | Arrival | Required | 
     |                  |            |           |       |  Time   |   Time   | 
     |------------------+------------+-----------+-------+---------+----------| 
     |                  | key[72] ^  |           |       |   0.000 |    0.001 | 
     | _13199_          | A ^ -> Z ^ | MUX2_X1   | 0.045 |   0.045 |    0.045 | 
     | FE_PHC759_00243  | A ^ -> Z ^ | CLKBUF_X1 | 0.027 |   0.071 |    0.072 | 
     | FE_PHC1245_00243 | A ^ -> Z ^ | BUF_X1    | 0.019 |   0.090 |    0.091 | 
     | FE_PHC1007_00243 | A ^ -> Z ^ | CLKBUF_X1 | 0.027 |   0.117 |    0.118 | 
     | _19519_          | D ^        | DFF_X1    | 0.000 |   0.117 |    0.118 | 
     +------------------------------------------------------------------------+ 
     Clock Rise Edge                      0.000
     + Source Insertion Delay            -0.128
     = Beginpoint Arrival Time           -0.128
     Other End Path:
     +---------------------------------------------------------------------------+ 
     |      Instance       |    Arc     |   Cell    | Delay | Arrival | Required | 
     |                     |            |           |       |  Time   |   Time   | 
     |---------------------+------------+-----------+-------+---------+----------| 
     |                     | clk ^      |           |       |  -0.128 |   -0.129 | 
     | CTS_ccl_a_buf_00084 | A ^ -> Z ^ | CLKBUF_X3 | 0.050 |  -0.077 |   -0.078 | 
     | CTS_ccl_a_buf_00055 | A ^ -> Z ^ | CLKBUF_X3 | 0.076 |  -0.001 |   -0.002 | 
     | _19519_             | CK ^       | DFF_X1    | 0.003 |   0.001 |    0.000 | 
     +---------------------------------------------------------------------------+ 
Path 2: VIOLATED Hold Check with Pin _19551_/CK 
Endpoint:   _19551_/D (^) checked with  leading edge of 'aes_clk'
Beginpoint: key[40]   (^) triggered by  leading edge of 'aes_clk'
Path Groups: {aes_clk}
Analysis View: VIEW_TYP
Other End Arrival Time          0.001
+ Hold                          0.016
+ Phase Shift                   0.000
+ Uncertainty                   0.100
= Required Time                 0.118
  Arrival Time                  0.117
  Slack Time                   -0.001
     Clock Rise Edge                      0.000
     + Input Delay                        0.000
     = Beginpoint Arrival Time            0.000
     Timing Path:
     +--------------------------------------------------------------------------+ 
     |     Instance     |     Arc      |   Cell    | Delay | Arrival | Required | 
     |                  |              |           |       |  Time   |   Time   | 
     |------------------+--------------+-----------+-------+---------+----------| 
     |                  | key[40] ^    |           |       |   0.000 |    0.001 | 
     | _13262_          | A2 ^ -> ZN v | NAND2_X1  | 0.025 |   0.025 |    0.026 | 
     | _13264_          | A v -> ZN ^  | OAI21_X1  | 0.020 |   0.045 |    0.046 | 
     | FE_PHC1235_00275 | A ^ -> Z ^   | BUF_X1    | 0.020 |   0.065 |    0.066 | 
     | FE_PHC1159_00275 | A ^ -> Z ^   | CLKBUF_X1 | 0.025 |   0.090 |    0.091 | 
     | FE_PHC758_00275  | A ^ -> Z ^   | CLKBUF_X1 | 0.027 |   0.117 |    0.118 | 
     | _19551_          | D ^          | DFF_X1    | 0.000 |   0.117 |    0.118 | 
     +--------------------------------------------------------------------------+ 
     Clock Rise Edge                      0.000
     + Source Insertion Delay            -0.128
     = Beginpoint Arrival Time           -0.128
     Other End Path:
     +---------------------------------------------------------------------------+ 
     |      Instance       |    Arc     |   Cell    | Delay | Arrival | Required | 
     |                     |            |           |       |  Time   |   Time   | 
     |---------------------+------------+-----------+-------+---------+----------| 
     |                     | clk ^      |           |       |  -0.128 |   -0.128 | 
     | CTS_ccl_a_buf_00084 | A ^ -> Z ^ | CLKBUF_X3 | 0.050 |  -0.077 |   -0.078 | 
     | CTS_ccl_a_buf_00057 | A ^ -> Z ^ | CLKBUF_X3 | 0.076 |  -0.002 |   -0.002 | 
     | _19551_             | CK ^       | DFF_X1    | 0.003 |   0.001 |    0.001 | 
     +---------------------------------------------------------------------------+ 
Path 3: VIOLATED Hold Check with Pin _19543_/CK 
Endpoint:   _19543_/D (^) checked with  leading edge of 'aes_clk'
Beginpoint: key[32]   (^) triggered by  leading edge of 'aes_clk'
Path Groups: {aes_clk}
Analysis View: VIEW_TYP
Other End Arrival Time         -0.000
+ Hold                          0.016
+ Phase Shift                   0.000
+ Uncertainty                   0.100
= Required Time                 0.116
  Arrival Time                  0.115
  Slack Time                   -0.001
     Clock Rise Edge                      0.000
     + Input Delay                        0.000
     = Beginpoint Arrival Time            0.000
     Timing Path:
     +------------------------------------------------------------------------+ 
     |     Instance     |    Arc     |   Cell    | Delay | Arrival | Required | 
     |                  |            |           |       |  Time   |   Time   | 
     |------------------+------------+-----------+-------+---------+----------| 
     |                  | key[32] ^  |           |       |   0.000 |    0.001 | 
     | _13282_          | A ^ -> Z ^ | MUX2_X1   | 0.044 |   0.044 |    0.045 | 
     | FE_PHC913_00245  | A ^ -> Z ^ | CLKBUF_X1 | 0.026 |   0.070 |    0.071 | 
     | FE_PHC1217_00245 | A ^ -> Z ^ | BUF_X1    | 0.019 |   0.089 |    0.090 | 
     | FE_PHC1143_00245 | A ^ -> Z ^ | CLKBUF_X1 | 0.026 |   0.115 |    0.116 | 
     | _19543_          | D ^        | DFF_X1    | 0.000 |   0.115 |    0.116 | 
     +------------------------------------------------------------------------+ 
     Clock Rise Edge                      0.000
     + Source Insertion Delay            -0.128
     = Beginpoint Arrival Time           -0.128
     Other End Path:
     +---------------------------------------------------------------------------+ 
     |      Instance       |    Arc     |   Cell    | Delay | Arrival | Required | 
     |                     |            |           |       |  Time   |   Time   | 
     |---------------------+------------+-----------+-------+---------+----------| 
     |                     | clk ^      |           |       |  -0.128 |   -0.128 | 
     | CTS_ccl_a_buf_00084 | A ^ -> Z ^ | CLKBUF_X3 | 0.050 |  -0.077 |   -0.078 | 
     | CTS_ccl_a_buf_00049 | A ^ -> Z ^ | CLKBUF_X3 | 0.076 |  -0.002 |   -0.002 | 
     | _19543_             | CK ^       | DFF_X1    | 0.001 |  -0.000 |   -0.001 | 
     +---------------------------------------------------------------------------+ 
Path 4: VIOLATED Hold Check with Pin _19222_/CK 
Endpoint:   _19222_/D   (^) checked with  leading edge of 'aes_clk'
Beginpoint: text_in[33] (^) triggered by  leading edge of 'aes_clk'
Path Groups: {aes_clk}
Analysis View: VIEW_TYP
Other End Arrival Time         -0.000
+ Hold                          0.016
+ Phase Shift                   0.000
+ Uncertainty                   0.100
= Required Time                 0.115
  Arrival Time                  0.115
  Slack Time                   -0.000
     Clock Rise Edge                      0.000
     + Input Delay                        0.000
     = Beginpoint Arrival Time            0.000
     Timing Path:
     +---------------------------------------------------------------------------+ 
     |     Instance     |      Arc      |   Cell    | Delay | Arrival | Required | 
     |                  |               |           |       |  Time   |   Time   | 
     |------------------+---------------+-----------+-------+---------+----------| 
     |                  | text_in[33] ^ |           |       |   0.000 |    0.000 | 
     | _17558_          | B ^ -> Z ^    | MUX2_X1   | 0.044 |   0.044 |    0.044 | 
     | FE_PHC893_00130  | A ^ -> Z ^    | CLKBUF_X1 | 0.026 |   0.070 |    0.070 | 
     | FE_PHC1209_00130 | A ^ -> Z ^    | BUF_X1    | 0.019 |   0.089 |    0.089 | 
     | FE_PHC1148_00130 | A ^ -> Z ^    | CLKBUF_X1 | 0.026 |   0.115 |    0.115 | 
     | _19222_          | D ^           | DFF_X1    | 0.000 |   0.115 |    0.115 | 
     +---------------------------------------------------------------------------+ 
     Clock Rise Edge                      0.000
     + Source Insertion Delay            -0.128
     = Beginpoint Arrival Time           -0.128
     Other End Path:
     +---------------------------------------------------------------------------+ 
     |      Instance       |    Arc     |   Cell    | Delay | Arrival | Required | 
     |                     |            |           |       |  Time   |   Time   | 
     |---------------------+------------+-----------+-------+---------+----------| 
     |                     | clk ^      |           |       |  -0.128 |   -0.128 | 
     | CTS_ccl_a_buf_00084 | A ^ -> Z ^ | CLKBUF_X3 | 0.050 |  -0.077 |   -0.078 | 
     | CTS_ccl_a_buf_00053 | A ^ -> Z ^ | CLKBUF_X3 | 0.074 |  -0.003 |   -0.003 | 
     | _19222_             | CK ^       | DFF_X1    | 0.003 |  -0.000 |   -0.001 | 
     +---------------------------------------------------------------------------+ 
Path 5: VIOLATED Hold Check with Pin _19197_/CK 
Endpoint:   _19197_/D  (^) checked with  leading edge of 'aes_clk'
Beginpoint: text_in[8] (^) triggered by  leading edge of 'aes_clk'
Path Groups: {aes_clk}
Analysis View: VIEW_TYP
Other End Arrival Time          0.002
+ Hold                          0.016
+ Phase Shift                   0.000
+ Uncertainty                   0.100
= Required Time                 0.118
  Arrival Time                  0.118
  Slack Time                   -0.000
     Clock Rise Edge                      0.000
     + Input Delay                        0.000
     = Beginpoint Arrival Time            0.000
     Timing Path:
     +--------------------------------------------------------------------------+ 
     |     Instance     |     Arc      |   Cell    | Delay | Arrival | Required | 
     |                  |              |           |       |  Time   |   Time   | 
     |------------------+--------------+-----------+-------+---------+----------| 
     |                  | text_in[8] ^ |           |       |   0.000 |    0.000 | 
     | _17583_          | B ^ -> Z ^   | MUX2_X1   | 0.044 |   0.044 |    0.045 | 
     | FE_PHC796_00155  | A ^ -> Z ^   | CLKBUF_X1 | 0.027 |   0.072 |    0.072 | 
     | FE_PHC1214_00155 | A ^ -> Z ^   | BUF_X1    | 0.019 |   0.091 |    0.091 | 
     | FE_PHC982_00155  | A ^ -> Z ^   | CLKBUF_X1 | 0.027 |   0.118 |    0.118 | 
     | _19197_          | D ^          | DFF_X1    | 0.000 |   0.118 |    0.118 | 
     +--------------------------------------------------------------------------+ 
     Clock Rise Edge                      0.000
     + Source Insertion Delay            -0.128
     = Beginpoint Arrival Time           -0.128
     Other End Path:
     +---------------------------------------------------------------------------+ 
     |      Instance       |    Arc     |   Cell    | Delay | Arrival | Required | 
     |                     |            |           |       |  Time   |   Time   | 
     |---------------------+------------+-----------+-------+---------+----------| 
     |                     | clk ^      |           |       |  -0.128 |   -0.128 | 
     | CTS_ccl_a_buf_00084 | A ^ -> Z ^ | CLKBUF_X3 | 0.050 |  -0.077 |   -0.078 | 
     | CTS_ccl_a_buf_00049 | A ^ -> Z ^ | CLKBUF_X3 | 0.076 |  -0.002 |   -0.002 | 
     | _19197_             | CK ^       | DFF_X1    | 0.003 |   0.002 |    0.001 | 
     +---------------------------------------------------------------------------+ 
Path 6: VIOLATED Hold Check with Pin _19215_/CK 
Endpoint:   _19215_/D   (^) checked with  leading edge of 'aes_clk'
Beginpoint: text_in[26] (^) triggered by  leading edge of 'aes_clk'
Path Groups: {aes_clk}
Analysis View: VIEW_TYP
Other End Arrival Time          0.002
+ Hold                          0.016
+ Phase Shift                   0.000
+ Uncertainty                   0.100
= Required Time                 0.118
  Arrival Time                  0.118
  Slack Time                   -0.000
     Clock Rise Edge                      0.000
     + Input Delay                        0.000
     = Beginpoint Arrival Time            0.000
     Timing Path:
     +---------------------------------------------------------------------------+ 
     |     Instance     |      Arc      |   Cell    | Delay | Arrival | Required | 
     |                  |               |           |       |  Time   |   Time   | 
     |------------------+---------------+-----------+-------+---------+----------| 
     |                  | text_in[26] ^ |           |       |   0.000 |    0.000 | 
     | _17565_          | B ^ -> Z ^    | MUX2_X1   | 0.043 |   0.043 |    0.044 | 
     | FE_PHC765_00137  | A ^ -> Z ^    | CLKBUF_X1 | 0.028 |   0.072 |    0.072 | 
     | FE_PHC1215_00137 | A ^ -> Z ^    | BUF_X1    | 0.019 |   0.091 |    0.091 | 
     | FE_PHC955_00137  | A ^ -> Z ^    | CLKBUF_X1 | 0.027 |   0.118 |    0.118 | 
     | _19215_          | D ^           | DFF_X1    | 0.000 |   0.118 |    0.118 | 
     +---------------------------------------------------------------------------+ 
     Clock Rise Edge                      0.000
     + Source Insertion Delay            -0.128
     = Beginpoint Arrival Time           -0.128
     Other End Path:
     +---------------------------------------------------------------------------+ 
     |      Instance       |    Arc     |   Cell    | Delay | Arrival | Required | 
     |                     |            |           |       |  Time   |   Time   | 
     |---------------------+------------+-----------+-------+---------+----------| 
     |                     | clk ^      |           |       |  -0.128 |   -0.128 | 
     | CTS_ccl_a_buf_00084 | A ^ -> Z ^ | CLKBUF_X3 | 0.050 |  -0.077 |   -0.078 | 
     | CTS_ccl_a_buf_00049 | A ^ -> Z ^ | CLKBUF_X3 | 0.076 |  -0.002 |   -0.002 | 
     | _19215_             | CK ^       | DFF_X1    | 0.004 |   0.002 |    0.002 | 
     +---------------------------------------------------------------------------+ 
Path 7: VIOLATED Hold Check with Pin _19487_/CK 
Endpoint:   _19487_/D (^) checked with  leading edge of 'aes_clk'
Beginpoint: key[104]  (^) triggered by  leading edge of 'aes_clk'
Path Groups: {aes_clk}
Analysis View: VIEW_TYP
Other End Arrival Time         -0.000
+ Hold                          0.016
+ Phase Shift                   0.000
+ Uncertainty                   0.100
= Required Time                 0.116
  Arrival Time                  0.116
  Slack Time                   -0.000
     Clock Rise Edge                      0.000
     + Input Delay                        0.000
     = Beginpoint Arrival Time            0.000
     Timing Path:
     +------------------------------------------------------------------------+ 
     |     Instance     |    Arc     |   Cell    | Delay | Arrival | Required | 
     |                  |            |           |       |  Time   |   Time   | 
     |------------------+------------+-----------+-------+---------+----------| 
     |                  | key[104] ^ |           |       |   0.000 |    0.000 | 
     | _13137_          | A ^ -> Z ^ | MUX2_X1   | 0.044 |   0.044 |    0.044 | 
     | FE_PHC898_00211  | A ^ -> Z ^ | CLKBUF_X1 | 0.027 |   0.070 |    0.070 | 
     | FE_PHC1195_00211 | A ^ -> Z ^ | BUF_X1    | 0.019 |   0.090 |    0.090 | 
     | FE_PHC1138_00211 | A ^ -> Z ^ | CLKBUF_X1 | 0.027 |   0.116 |    0.116 | 
     | _19487_          | D ^        | DFF_X1    | 0.000 |   0.116 |    0.116 | 
     +------------------------------------------------------------------------+ 
     Clock Rise Edge                      0.000
     + Source Insertion Delay            -0.128
     = Beginpoint Arrival Time           -0.128
     Other End Path:
     +---------------------------------------------------------------------------+ 
     |      Instance       |    Arc     |   Cell    | Delay | Arrival | Required | 
     |                     |            |           |       |  Time   |   Time   | 
     |---------------------+------------+-----------+-------+---------+----------| 
     |                     | clk ^      |           |       |  -0.128 |   -0.128 | 
     | CTS_ccl_a_buf_00084 | A ^ -> Z ^ | CLKBUF_X3 | 0.050 |  -0.077 |   -0.077 | 
     | CTS_ccl_a_buf_00057 | A ^ -> Z ^ | CLKBUF_X3 | 0.076 |  -0.002 |   -0.002 | 
     | _19487_             | CK ^       | DFF_X1    | 0.002 |  -0.000 |   -0.000 | 
     +---------------------------------------------------------------------------+ 
Path 8: VIOLATED Hold Check with Pin _19309_/CK 
Endpoint:   _19309_/D    (^) checked with  leading edge of 'aes_clk'
Beginpoint: text_in[120] (^) triggered by  leading edge of 'aes_clk'
Path Groups: {aes_clk}
Analysis View: VIEW_TYP
Other End Arrival Time          0.000
+ Hold                          0.015
+ Phase Shift                   0.000
+ Uncertainty                   0.100
= Required Time                 0.115
  Arrival Time                  0.115
  Slack Time                   -0.000
     Clock Rise Edge                      0.000
     + Input Delay                        0.000
     = Beginpoint Arrival Time            0.000
     Timing Path:
     +----------------------------------------------------------------------------+ 
     |     Instance     |      Arc       |   Cell    | Delay | Arrival | Required | 
     |                  |                |           |       |  Time   |   Time   | 
     |------------------+----------------+-----------+-------+---------+----------| 
     |                  | text_in[120] ^ |           |       |   0.000 |    0.000 | 
     | _17471_          | B ^ -> Z ^     | MUX2_X1   | 0.044 |   0.044 |    0.044 | 
     | FE_PHC872_00043  | A ^ -> Z ^     | CLKBUF_X1 | 0.026 |   0.070 |    0.070 | 
     | FE_PHC1218_00043 | A ^ -> Z ^     | BUF_X1    | 0.019 |   0.089 |    0.089 | 
     | FE_PHC1134_00043 | A ^ -> Z ^     | CLKBUF_X1 | 0.026 |   0.115 |    0.115 | 
     | _19309_          | D ^            | DFF_X1    | 0.000 |   0.115 |    0.115 | 
     +----------------------------------------------------------------------------+ 
     Clock Rise Edge                      0.000
     + Source Insertion Delay            -0.128
     = Beginpoint Arrival Time           -0.128
     Other End Path:
     +---------------------------------------------------------------------------+ 
     |      Instance       |    Arc     |   Cell    | Delay | Arrival | Required | 
     |                     |            |           |       |  Time   |   Time   | 
     |---------------------+------------+-----------+-------+---------+----------| 
     |                     | clk ^      |           |       |  -0.128 |   -0.128 | 
     | CTS_ccl_a_buf_00086 | A ^ -> Z ^ | CLKBUF_X3 | 0.052 |  -0.075 |   -0.076 | 
     | CTS_ccl_a_buf_00073 | A ^ -> Z ^ | CLKBUF_X3 | 0.071 |  -0.004 |   -0.004 | 
     | _19309_             | CK ^       | DFF_X1    | 0.004 |   0.000 |   -0.000 | 
     +---------------------------------------------------------------------------+ 
Path 9: MET Hold Check with Pin _19268_/CK 
Endpoint:   _19268_/D   (^) checked with  leading edge of 'aes_clk'
Beginpoint: text_in[79] (^) triggered by  leading edge of 'aes_clk'
Path Groups: {aes_clk}
Analysis View: VIEW_TYP
Other End Arrival Time          0.000
+ Hold                          0.015
+ Phase Shift                   0.000
+ Uncertainty                   0.100
= Required Time                 0.116
  Arrival Time                  0.116
  Slack Time                    0.000
     Clock Rise Edge                      0.000
     + Input Delay                        0.000
     = Beginpoint Arrival Time            0.000
     Timing Path:
     +---------------------------------------------------------------------------+ 
     |     Instance     |      Arc      |   Cell    | Delay | Arrival | Required | 
     |                  |               |           |       |  Time   |   Time   | 
     |------------------+---------------+-----------+-------+---------+----------| 
     |                  | text_in[79] ^ |           |       |   0.000 |    0.000 | 
     | _17512_          | B ^ -> Z ^    | MUX2_X1   | 0.044 |   0.044 |    0.044 | 
     | FE_PHC780_00084  | A ^ -> Z ^    | CLKBUF_X1 | 0.026 |   0.071 |    0.071 | 
     | FE_PHC1223_00084 | A ^ -> Z ^    | BUF_X1    | 0.019 |   0.090 |    0.090 | 
     | FE_PHC1119_00084 | A ^ -> Z ^    | CLKBUF_X1 | 0.026 |   0.116 |    0.116 | 
     | _19268_          | D ^           | DFF_X1    | 0.000 |   0.116 |    0.116 | 
     +---------------------------------------------------------------------------+ 
     Clock Rise Edge                      0.000
     + Source Insertion Delay            -0.128
     = Beginpoint Arrival Time           -0.128
     Other End Path:
     +---------------------------------------------------------------------------+ 
     |      Instance       |    Arc     |   Cell    | Delay | Arrival | Required | 
     |                     |            |           |       |  Time   |   Time   | 
     |---------------------+------------+-----------+-------+---------+----------| 
     |                     | clk ^      |           |       |  -0.128 |   -0.128 | 
     | CTS_ccl_a_buf_00086 | A ^ -> Z ^ | CLKBUF_X3 | 0.052 |  -0.075 |   -0.075 | 
     | CTS_ccl_a_buf_00061 | A ^ -> Z ^ | CLKBUF_X3 | 0.073 |  -0.002 |   -0.002 | 
     | _19268_             | CK ^       | DFF_X1    | 0.003 |   0.000 |    0.000 | 
     +---------------------------------------------------------------------------+ 
Path 10: MET Hold Check with Pin _19508_/CK 
Endpoint:   _19508_/D (^) checked with  leading edge of 'aes_clk'
Beginpoint: key[125]  (^) triggered by  leading edge of 'aes_clk'
Path Groups: {aes_clk}
Analysis View: VIEW_TYP
Other End Arrival Time          0.003
+ Hold                          0.018
+ Phase Shift                   0.000
+ Uncertainty                   0.100
= Required Time                 0.120
  Arrival Time                  0.120
  Slack Time                    0.000
     Clock Rise Edge                      0.000
     + Input Delay                        0.000
     = Beginpoint Arrival Time            0.000
     Timing Path:
     +----------------------------------------------------------------------------+ 
     |      Instance      |     Arc      |   Cell    | Delay | Arrival | Required | 
     |                    |              |           |       |  Time   |   Time   | 
     |--------------------+--------------+-----------+-------+---------+----------| 
     |                    | key[125] ^   |           |       |   0.000 |   -0.000 | 
     | FE_PHC1175_key_125 | A ^ -> Z ^   | CLKBUF_X1 | 0.041 |   0.041 |    0.041 | 
     | FE_PHC1070_key_125 | A ^ -> Z ^   | CLKBUF_X1 | 0.027 |   0.068 |    0.068 | 
     | FE_PHC735_key_125  | A ^ -> Z ^   | CLKBUF_X1 | 0.028 |   0.096 |    0.096 | 
     | _13089_            | B1 ^ -> ZN v | AOI21_X1  | 0.013 |   0.110 |    0.109 | 
     | _13090_            | A v -> ZN ^  | INV_X1    | 0.011 |   0.120 |    0.120 | 
     | _19508_            | D ^          | DFF_X1    | 0.000 |   0.120 |    0.120 | 
     +----------------------------------------------------------------------------+ 
     Clock Rise Edge                      0.000
     + Source Insertion Delay            -0.128
     = Beginpoint Arrival Time           -0.128
     Other End Path:
     +---------------------------------------------------------------------------+ 
     |      Instance       |    Arc     |   Cell    | Delay | Arrival | Required | 
     |                     |            |           |       |  Time   |   Time   | 
     |---------------------+------------+-----------+-------+---------+----------| 
     |                     | clk ^      |           |       |  -0.128 |   -0.128 | 
     | CTS_ccl_a_buf_00084 | A ^ -> Z ^ | CLKBUF_X3 | 0.050 |  -0.077 |   -0.077 | 
     | CTS_ccl_a_buf_00069 | A ^ -> Z ^ | CLKBUF_X2 | 0.078 |   0.001 |    0.001 | 
     | _19508_             | CK ^       | DFF_X1    | 0.002 |   0.003 |    0.003 | 
     +---------------------------------------------------------------------------+ 
Path 11: MET Hold Check with Pin _19503_/CK 
Endpoint:   _19503_/D (^) checked with  leading edge of 'aes_clk'
Beginpoint: key[120]  (^) triggered by  leading edge of 'aes_clk'
Path Groups: {aes_clk}
Analysis View: VIEW_TYP
Other End Arrival Time         -0.004
+ Hold                          0.015
+ Phase Shift                   0.000
+ Uncertainty                   0.100
= Required Time                 0.111
  Arrival Time                  0.111
  Slack Time                    0.000
     Clock Rise Edge                      0.000
     + Input Delay                        0.000
     = Beginpoint Arrival Time            0.000
     Timing Path:
     +-------------------------------------------------------------------------+ 
     |    Instance     |     Arc      |   Cell    | Delay | Arrival | Required | 
     |                 |              |           |       |  Time   |   Time   | 
     |-----------------+--------------+-----------+-------+---------+----------| 
     |                 | key[120] ^   |           |       |   0.000 |   -0.000 | 
     | _13103_         | A2 ^ -> ZN v | NAND2_X1  | 0.034 |   0.034 |    0.034 | 
     | _13105_         | A v -> ZN ^  | OAI21_X1  | 0.023 |   0.057 |    0.057 | 
     | FE_PHC722_00197 | A ^ -> Z ^   | CLKBUF_X1 | 0.027 |   0.084 |    0.084 | 
     | FE_PHC949_00197 | A ^ -> Z ^   | CLKBUF_X1 | 0.027 |   0.111 |    0.111 | 
     | _19503_         | D ^          | DFF_X1    | 0.000 |   0.111 |    0.111 | 
     +-------------------------------------------------------------------------+ 
     Clock Rise Edge                      0.000
     + Source Insertion Delay            -0.128
     = Beginpoint Arrival Time           -0.128
     Other End Path:
     +---------------------------------------------------------------------------+ 
     |      Instance       |    Arc     |   Cell    | Delay | Arrival | Required | 
     |                     |            |           |       |  Time   |   Time   | 
     |---------------------+------------+-----------+-------+---------+----------| 
     |                     | clk ^      |           |       |  -0.128 |   -0.128 | 
     | CTS_ccl_a_buf_00084 | A ^ -> Z ^ | CLKBUF_X3 | 0.050 |  -0.077 |   -0.077 | 
     | CTS_ccl_a_buf_00047 | A ^ -> Z ^ | CLKBUF_X3 | 0.072 |  -0.005 |   -0.005 | 
     | _19503_             | CK ^       | DFF_X1    | 0.001 |  -0.004 |   -0.004 | 
     +---------------------------------------------------------------------------+ 
Path 12: MET Hold Check with Pin _19314_/CK 
Endpoint:   _19314_/D    (^) checked with  leading edge of 'aes_clk'
Beginpoint: text_in[125] (^) triggered by  leading edge of 'aes_clk'
Path Groups: {aes_clk}
Analysis View: VIEW_TYP
Other End Arrival Time          0.000
+ Hold                          0.015
+ Phase Shift                   0.000
+ Uncertainty                   0.100
= Required Time                 0.115
  Arrival Time                  0.115
  Slack Time                    0.000
     Clock Rise Edge                      0.000
     + Input Delay                        0.000
     = Beginpoint Arrival Time            0.000
     Timing Path:
     +----------------------------------------------------------------------------+ 
     |     Instance     |      Arc       |   Cell    | Delay | Arrival | Required | 
     |                  |                |           |       |  Time   |   Time   | 
     |------------------+----------------+-----------+-------+---------+----------| 
     |                  | text_in[125] ^ |           |       |   0.000 |   -0.000 | 
     | _17466_          | B ^ -> Z ^     | MUX2_X1   | 0.044 |   0.044 |    0.044 | 
     | FE_PHC861_00038  | A ^ -> Z ^     | CLKBUF_X1 | 0.026 |   0.070 |    0.070 | 
     | FE_PHC1236_00038 | A ^ -> Z ^     | BUF_X1    | 0.019 |   0.089 |    0.089 | 
     | FE_PHC1106_00038 | A ^ -> Z ^     | CLKBUF_X1 | 0.026 |   0.115 |    0.115 | 
     | _19314_          | D ^            | DFF_X1    | 0.000 |   0.115 |    0.115 | 
     +----------------------------------------------------------------------------+ 
     Clock Rise Edge                      0.000
     + Source Insertion Delay            -0.128
     = Beginpoint Arrival Time           -0.128
     Other End Path:
     +---------------------------------------------------------------------------+ 
     |      Instance       |    Arc     |   Cell    | Delay | Arrival | Required | 
     |                     |            |           |       |  Time   |   Time   | 
     |---------------------+------------+-----------+-------+---------+----------| 
     |                     | clk ^      |           |       |  -0.128 |   -0.127 | 
     | CTS_ccl_a_buf_00086 | A ^ -> Z ^ | CLKBUF_X3 | 0.052 |  -0.075 |   -0.075 | 
     | CTS_ccl_a_buf_00073 | A ^ -> Z ^ | CLKBUF_X3 | 0.071 |  -0.004 |   -0.004 | 
     | _19314_             | CK ^       | DFF_X1    | 0.004 |   0.000 |    0.000 | 
     +---------------------------------------------------------------------------+ 
Path 13: MET Hold Check with Pin _19271_/CK 
Endpoint:   _19271_/D   (^) checked with  leading edge of 'aes_clk'
Beginpoint: text_in[82] (^) triggered by  leading edge of 'aes_clk'
Path Groups: {aes_clk}
Analysis View: VIEW_TYP
Other End Arrival Time          0.000
+ Hold                          0.015
+ Phase Shift                   0.000
+ Uncertainty                   0.100
= Required Time                 0.116
  Arrival Time                  0.116
  Slack Time                    0.000
     Clock Rise Edge                      0.000
     + Input Delay                        0.000
     = Beginpoint Arrival Time            0.000
     Timing Path:
     +---------------------------------------------------------------------------+ 
     |     Instance     |      Arc      |   Cell    | Delay | Arrival | Required | 
     |                  |               |           |       |  Time   |   Time   | 
     |------------------+---------------+-----------+-------+---------+----------| 
     |                  | text_in[82] ^ |           |       |   0.000 |   -0.000 | 
     | _17509_          | B ^ -> Z ^    | MUX2_X1   | 0.044 |   0.044 |    0.044 | 
     | FE_PHC850_00081  | A ^ -> Z ^    | CLKBUF_X1 | 0.026 |   0.070 |    0.070 | 
     | FE_PHC1231_00081 | A ^ -> Z ^    | BUF_X1    | 0.019 |   0.090 |    0.089 | 
     | FE_PHC1015_00081 | A ^ -> Z ^    | CLKBUF_X1 | 0.026 |   0.116 |    0.116 | 
     | _19271_          | D ^           | DFF_X1    | 0.000 |   0.116 |    0.116 | 
     +---------------------------------------------------------------------------+ 
     Clock Rise Edge                      0.000
     + Source Insertion Delay            -0.128
     = Beginpoint Arrival Time           -0.128
     Other End Path:
     +---------------------------------------------------------------------------+ 
     |      Instance       |    Arc     |   Cell    | Delay | Arrival | Required | 
     |                     |            |           |       |  Time   |   Time   | 
     |---------------------+------------+-----------+-------+---------+----------| 
     |                     | clk ^      |           |       |  -0.128 |   -0.127 | 
     | CTS_ccl_a_buf_00086 | A ^ -> Z ^ | CLKBUF_X3 | 0.052 |  -0.075 |   -0.075 | 
     | CTS_ccl_a_buf_00061 | A ^ -> Z ^ | CLKBUF_X3 | 0.073 |  -0.002 |   -0.002 | 
     | _19271_             | CK ^       | DFF_X1    | 0.003 |   0.000 |    0.001 | 
     +---------------------------------------------------------------------------+ 
Path 14: MET Hold Check with Pin _19542_/CK 
Endpoint:   _19542_/D (^) checked with  leading edge of 'aes_clk'
Beginpoint: key[95]   (^) triggered by  leading edge of 'aes_clk'
Path Groups: {aes_clk}
Analysis View: VIEW_TYP
Other End Arrival Time         -0.001
+ Hold                          0.017
+ Phase Shift                   0.000
+ Uncertainty                   0.100
= Required Time                 0.116
  Arrival Time                  0.116
  Slack Time                    0.000
     Clock Rise Edge                      0.000
     + Input Delay                        0.000
     = Beginpoint Arrival Time            0.000
     Timing Path:
     +-------------------------------------------------------------------------+ 
     |     Instance      |    Arc     |   Cell    | Delay | Arrival | Required | 
     |                   |            |           |       |  Time   |   Time   | 
     |-------------------+------------+-----------+-------+---------+----------| 
     |                   | key[95] ^  |           |       |   0.000 |   -0.000 | 
     | FE_PHC1364_key_95 | A ^ -> Z ^ | BUF_X1    | 0.030 |   0.030 |    0.029 | 
     | FE_PHC1080_key_95 | A ^ -> Z ^ | CLKBUF_X1 | 0.026 |   0.056 |    0.055 | 
     | FE_PHC746_key_95  | A ^ -> Z ^ | CLKBUF_X1 | 0.026 |   0.082 |    0.082 | 
     | _19141_           | A ^ -> Z ^ | MUX2_X1   | 0.034 |   0.116 |    0.116 | 
     | _19542_           | D ^        | DFF_X1    | 0.000 |   0.116 |    0.116 | 
     +-------------------------------------------------------------------------+ 
     Clock Rise Edge                      0.000
     + Source Insertion Delay            -0.128
     = Beginpoint Arrival Time           -0.128
     Other End Path:
     +---------------------------------------------------------------------------+ 
     |      Instance       |    Arc     |   Cell    | Delay | Arrival | Required | 
     |                     |            |           |       |  Time   |   Time   | 
     |---------------------+------------+-----------+-------+---------+----------| 
     |                     | clk ^      |           |       |  -0.128 |   -0.127 | 
     | CTS_ccl_a_buf_00084 | A ^ -> Z ^ | CLKBUF_X3 | 0.050 |  -0.077 |   -0.077 | 
     | CTS_ccl_a_buf_00067 | A ^ -> Z ^ | CLKBUF_X3 | 0.076 |  -0.002 |   -0.001 | 
     | _19542_             | CK ^       | DFF_X1    | 0.001 |  -0.001 |   -0.000 | 
     +---------------------------------------------------------------------------+ 
Path 15: MET Hold Check with Pin _19522_/CK 
Endpoint:   _19522_/D (^) checked with  leading edge of 'aes_clk'
Beginpoint: key[75]   (^) triggered by  leading edge of 'aes_clk'
Path Groups: {aes_clk}
Analysis View: VIEW_TYP
Other End Arrival Time          0.001
+ Hold                          0.016
+ Phase Shift                   0.000
+ Uncertainty                   0.100
= Required Time                 0.117
  Arrival Time                  0.118
  Slack Time                    0.000
     Clock Rise Edge                      0.000
     + Input Delay                        0.000
     = Beginpoint Arrival Time            0.000
     Timing Path:
     +------------------------------------------------------------------------+ 
     |     Instance     |    Arc     |   Cell    | Delay | Arrival | Required | 
     |                  |            |           |       |  Time   |   Time   | 
     |------------------+------------+-----------+-------+---------+----------| 
     |                  | key[75] ^  |           |       |   0.000 |   -0.000 | 
     | _13193_          | A ^ -> Z ^ | MUX2_X1   | 0.044 |   0.044 |    0.044 | 
     | FE_PHC848_00215  | A ^ -> Z ^ | CLKBUF_X1 | 0.027 |   0.072 |    0.071 | 
     | FE_PHC1205_00215 | A ^ -> Z ^ | BUF_X1    | 0.019 |   0.091 |    0.091 | 
     | FE_PHC1059_00215 | A ^ -> Z ^ | CLKBUF_X1 | 0.027 |   0.118 |    0.117 | 
     | _19522_          | D ^        | DFF_X1    | 0.000 |   0.118 |    0.117 | 
     +------------------------------------------------------------------------+ 
     Clock Rise Edge                      0.000
     + Source Insertion Delay            -0.128
     = Beginpoint Arrival Time           -0.128
     Other End Path:
     +---------------------------------------------------------------------------+ 
     |      Instance       |    Arc     |   Cell    | Delay | Arrival | Required | 
     |                     |            |           |       |  Time   |   Time   | 
     |---------------------+------------+-----------+-------+---------+----------| 
     |                     | clk ^      |           |       |  -0.128 |   -0.127 | 
     | CTS_ccl_a_buf_00084 | A ^ -> Z ^ | CLKBUF_X3 | 0.050 |  -0.077 |   -0.077 | 
     | CTS_ccl_a_buf_00057 | A ^ -> Z ^ | CLKBUF_X3 | 0.076 |  -0.002 |   -0.001 | 
     | _19522_             | CK ^       | DFF_X1    | 0.003 |   0.001 |    0.001 | 
     +---------------------------------------------------------------------------+ 
Path 16: MET Hold Check with Pin _19273_/CK 
Endpoint:   _19273_/D   (^) checked with  leading edge of 'aes_clk'
Beginpoint: text_in[84] (^) triggered by  leading edge of 'aes_clk'
Path Groups: {aes_clk}
Analysis View: VIEW_TYP
Other End Arrival Time          0.000
+ Hold                          0.015
+ Phase Shift                   0.000
+ Uncertainty                   0.100
= Required Time                 0.116
  Arrival Time                  0.116
  Slack Time                    0.000
     Clock Rise Edge                      0.000
     + Input Delay                        0.000
     = Beginpoint Arrival Time            0.000
     Timing Path:
     +---------------------------------------------------------------------------+ 
     |     Instance     |      Arc      |   Cell    | Delay | Arrival | Required | 
     |                  |               |           |       |  Time   |   Time   | 
     |------------------+---------------+-----------+-------+---------+----------| 
     |                  | text_in[84] ^ |           |       |   0.000 |   -0.000 | 
     | _17507_          | B ^ -> Z ^    | MUX2_X1   | 0.044 |   0.044 |    0.044 | 
     | FE_PHC787_00079  | A ^ -> Z ^    | CLKBUF_X1 | 0.027 |   0.071 |    0.071 | 
     | FE_PHC1246_00079 | A ^ -> Z ^    | BUF_X1    | 0.019 |   0.090 |    0.090 | 
     | FE_PHC995_00079  | A ^ -> Z ^    | CLKBUF_X1 | 0.026 |   0.116 |    0.116 | 
     | _19273_          | D ^           | DFF_X1    | 0.000 |   0.116 |    0.116 | 
     +---------------------------------------------------------------------------+ 
     Clock Rise Edge                      0.000
     + Source Insertion Delay            -0.128
     = Beginpoint Arrival Time           -0.128
     Other End Path:
     +---------------------------------------------------------------------------+ 
     |      Instance       |    Arc     |   Cell    | Delay | Arrival | Required | 
     |                     |            |           |       |  Time   |   Time   | 
     |---------------------+------------+-----------+-------+---------+----------| 
     |                     | clk ^      |           |       |  -0.128 |   -0.127 | 
     | CTS_ccl_a_buf_00086 | A ^ -> Z ^ | CLKBUF_X3 | 0.052 |  -0.075 |   -0.075 | 
     | CTS_ccl_a_buf_00061 | A ^ -> Z ^ | CLKBUF_X3 | 0.073 |  -0.002 |   -0.002 | 
     | _19273_             | CK ^       | DFF_X1    | 0.003 |   0.000 |    0.001 | 
     +---------------------------------------------------------------------------+ 
Path 17: MET Hold Check with Pin _19208_/CK 
Endpoint:   _19208_/D   (^) checked with  leading edge of 'aes_clk'
Beginpoint: text_in[19] (^) triggered by  leading edge of 'aes_clk'
Path Groups: {aes_clk}
Analysis View: VIEW_TYP
Other End Arrival Time          0.001
+ Hold                          0.016
+ Phase Shift                   0.000
+ Uncertainty                   0.100
= Required Time                 0.116
  Arrival Time                  0.117
  Slack Time                    0.000
     Clock Rise Edge                      0.000
     + Input Delay                        0.000
     = Beginpoint Arrival Time            0.000
     Timing Path:
     +---------------------------------------------------------------------------+ 
     |     Instance     |      Arc      |   Cell    | Delay | Arrival | Required | 
     |                  |               |           |       |  Time   |   Time   | 
     |------------------+---------------+-----------+-------+---------+----------| 
     |                  | text_in[19] ^ |           |       |   0.000 |   -0.000 | 
     | _17572_          | B ^ -> Z ^    | MUX2_X1   | 0.044 |   0.044 |    0.044 | 
     | FE_PHC785_00144  | A ^ -> Z ^    | CLKBUF_X1 | 0.027 |   0.071 |    0.071 | 
     | FE_PHC1250_00144 | A ^ -> Z ^    | BUF_X1    | 0.019 |   0.090 |    0.090 | 
     | FE_PHC984_00144  | A ^ -> Z ^    | CLKBUF_X1 | 0.026 |   0.117 |    0.116 | 
     | _19208_          | D ^           | DFF_X1    | 0.000 |   0.117 |    0.116 | 
     +---------------------------------------------------------------------------+ 
     Clock Rise Edge                      0.000
     + Source Insertion Delay            -0.128
     = Beginpoint Arrival Time           -0.128
     Other End Path:
     +---------------------------------------------------------------------------+ 
     |      Instance       |    Arc     |   Cell    | Delay | Arrival | Required | 
     |                     |            |           |       |  Time   |   Time   | 
     |---------------------+------------+-----------+-------+---------+----------| 
     |                     | clk ^      |           |       |  -0.128 |   -0.127 | 
     | CTS_ccl_a_buf_00084 | A ^ -> Z ^ | CLKBUF_X3 | 0.050 |  -0.077 |   -0.077 | 
     | CTS_ccl_a_buf_00053 | A ^ -> Z ^ | CLKBUF_X3 | 0.074 |  -0.003 |   -0.003 | 
     | _19208_             | CK ^       | DFF_X1    | 0.004 |   0.001 |    0.001 | 
     +---------------------------------------------------------------------------+ 
Path 18: MET Hold Check with Pin _19511_/CK 
Endpoint:   _19511_/D (^) checked with  leading edge of 'aes_clk'
Beginpoint: key[64]   (^) triggered by  leading edge of 'aes_clk'
Path Groups: {aes_clk}
Analysis View: VIEW_TYP
Other End Arrival Time          0.000
+ Hold                          0.016
+ Phase Shift                   0.000
+ Uncertainty                   0.100
= Required Time                 0.116
  Arrival Time                  0.117
  Slack Time                    0.000
     Clock Rise Edge                      0.000
     + Input Delay                        0.000
     = Beginpoint Arrival Time            0.000
     Timing Path:
     +------------------------------------------------------------------------+ 
     |     Instance     |    Arc     |   Cell    | Delay | Arrival | Required | 
     |                  |            |           |       |  Time   |   Time   | 
     |------------------+------------+-----------+-------+---------+----------| 
     |                  | key[64] ^  |           |       |   0.000 |   -0.000 | 
     | _13215_          | A ^ -> Z ^ | MUX2_X1   | 0.045 |   0.045 |    0.044 | 
     | FE_PHC924_00213  | A ^ -> Z ^ | CLKBUF_X1 | 0.027 |   0.071 |    0.071 | 
     | FE_PHC1207_00213 | A ^ -> Z ^ | BUF_X1    | 0.019 |   0.091 |    0.090 | 
     | FE_PHC1079_00213 | A ^ -> Z ^ | CLKBUF_X1 | 0.026 |   0.117 |    0.116 | 
     | _19511_          | D ^        | DFF_X1    | 0.000 |   0.117 |    0.116 | 
     +------------------------------------------------------------------------+ 
     Clock Rise Edge                      0.000
     + Source Insertion Delay            -0.128
     = Beginpoint Arrival Time           -0.128
     Other End Path:
     +---------------------------------------------------------------------------+ 
     |      Instance       |    Arc     |   Cell    | Delay | Arrival | Required | 
     |                     |            |           |       |  Time   |   Time   | 
     |---------------------+------------+-----------+-------+---------+----------| 
     |                     | clk ^      |           |       |  -0.128 |   -0.127 | 
     | CTS_ccl_a_buf_00084 | A ^ -> Z ^ | CLKBUF_X3 | 0.050 |  -0.077 |   -0.077 | 
     | CTS_ccl_a_buf_00055 | A ^ -> Z ^ | CLKBUF_X3 | 0.076 |  -0.001 |   -0.001 | 
     | _19511_             | CK ^       | DFF_X1    | 0.001 |   0.000 |    0.001 | 
     +---------------------------------------------------------------------------+ 
Path 19: MET Hold Check with Pin _19491_/CK 
Endpoint:   _19491_/D (^) checked with  leading edge of 'aes_clk'
Beginpoint: key[108]  (^) triggered by  leading edge of 'aes_clk'
Path Groups: {aes_clk}
Analysis View: VIEW_TYP
Other End Arrival Time          0.000
+ Hold                          0.016
+ Phase Shift                   0.000
+ Uncertainty                   0.100
= Required Time                 0.117
  Arrival Time                  0.117
  Slack Time                    0.000
     Clock Rise Edge                      0.000
     + Input Delay                        0.000
     = Beginpoint Arrival Time            0.000
     Timing Path:
     +------------------------------------------------------------------------+ 
     |     Instance     |    Arc     |   Cell    | Delay | Arrival | Required | 
     |                  |            |           |       |  Time   |   Time   | 
     |------------------+------------+-----------+-------+---------+----------| 
     |                  | key[108] ^ |           |       |   0.000 |   -0.000 | 
     | _13129_          | A ^ -> Z ^ | MUX2_X1   | 0.045 |   0.045 |    0.044 | 
     | FE_PHC782_00184  | A ^ -> Z ^ | CLKBUF_X1 | 0.027 |   0.071 |    0.071 | 
     | FE_PHC1226_00184 | A ^ -> Z ^ | BUF_X1    | 0.019 |   0.090 |    0.090 | 
     | FE_PHC1057_00184 | A ^ -> Z ^ | CLKBUF_X1 | 0.027 |   0.117 |    0.117 | 
     | _19491_          | D ^        | DFF_X1    | 0.000 |   0.117 |    0.117 | 
     +------------------------------------------------------------------------+ 
     Clock Rise Edge                      0.000
     + Source Insertion Delay            -0.128
     = Beginpoint Arrival Time           -0.128
     Other End Path:
     +---------------------------------------------------------------------------+ 
     |      Instance       |    Arc     |   Cell    | Delay | Arrival | Required | 
     |                     |            |           |       |  Time   |   Time   | 
     |---------------------+------------+-----------+-------+---------+----------| 
     |                     | clk ^      |           |       |  -0.128 |   -0.127 | 
     | CTS_ccl_a_buf_00084 | A ^ -> Z ^ | CLKBUF_X3 | 0.050 |  -0.077 |   -0.077 | 
     | CTS_ccl_a_buf_00057 | A ^ -> Z ^ | CLKBUF_X3 | 0.076 |  -0.002 |   -0.001 | 
     | _19491_             | CK ^       | DFF_X1    | 0.002 |   0.000 |    0.001 | 
     +---------------------------------------------------------------------------+ 
Path 20: MET Hold Check with Pin _19316_/CK 
Endpoint:   _19316_/D    (^) checked with  leading edge of 'aes_clk'
Beginpoint: text_in[127] (^) triggered by  leading edge of 'aes_clk'
Path Groups: {aes_clk}
Analysis View: VIEW_TYP
Other End Arrival Time          0.000
+ Hold                          0.015
+ Phase Shift                   0.000
+ Uncertainty                   0.100
= Required Time                 0.115
  Arrival Time                  0.116
  Slack Time                    0.000
     Clock Rise Edge                      0.000
     + Input Delay                        0.000
     = Beginpoint Arrival Time            0.000
     Timing Path:
     +----------------------------------------------------------------------------+ 
     |     Instance     |      Arc       |   Cell    | Delay | Arrival | Required | 
     |                  |                |           |       |  Time   |   Time   | 
     |------------------+----------------+-----------+-------+---------+----------| 
     |                  | text_in[127] ^ |           |       |   0.000 |   -0.000 | 
     | _19150_          | B ^ -> Z ^     | MUX2_X1   | 0.044 |   0.044 |    0.044 | 
     | FE_PHC827_00180  | A ^ -> Z ^     | CLKBUF_X1 | 0.027 |   0.071 |    0.070 | 
     | FE_PHC1282_00180 | A ^ -> Z ^     | BUF_X1    | 0.019 |   0.090 |    0.089 | 
     | FE_PHC1042_00180 | A ^ -> Z ^     | CLKBUF_X1 | 0.026 |   0.116 |    0.115 | 
     | _19316_          | D ^            | DFF_X1    | 0.000 |   0.116 |    0.115 | 
     +----------------------------------------------------------------------------+ 
     Clock Rise Edge                      0.000
     + Source Insertion Delay            -0.128
     = Beginpoint Arrival Time           -0.128
     Other End Path:
     +---------------------------------------------------------------------------+ 
     |      Instance       |    Arc     |   Cell    | Delay | Arrival | Required | 
     |                     |            |           |       |  Time   |   Time   | 
     |---------------------+------------+-----------+-------+---------+----------| 
     |                     | clk ^      |           |       |  -0.128 |   -0.127 | 
     | CTS_ccl_a_buf_00086 | A ^ -> Z ^ | CLKBUF_X3 | 0.052 |  -0.075 |   -0.075 | 
     | CTS_ccl_a_buf_00073 | A ^ -> Z ^ | CLKBUF_X3 | 0.071 |  -0.004 |   -0.004 | 
     | _19316_             | CK ^       | DFF_X1    | 0.004 |   0.000 |    0.000 | 
     +---------------------------------------------------------------------------+ 

