###############################################################
#  Generated by:      Cadence Innovus 19.10-p002_1
#  OS:                Linux x86_64(Host ID qingteng)
#  Generated on:      Sun Aug 16 19:16:03 2026
#  Design:            aes_cipher_top
#  Command:           report_timing -late -max_paths 20 -path_type full_clock
###############################################################
#################################################################################
# Design Stage: PostRoute
# Design Name: aes_cipher_top
# Design Mode: 45nm
# Analysis Mode: MMMC Non-OCV 
# Parasitics Mode: No SPEF/RCDB
# Signoff Settings: SI Off 
#################################################################################
Extraction called for design 'aes_cipher_top' of instances=12414 and nets=12260 using extraction engine 'preRoute' .
PreRoute RC Extraction called for design aes_cipher_top.
RC Extraction called in multi-corner(1) mode.
RCMode: PreRoute
      RC Corner Indexes            0   
Capacitance Scaling Factor   : 1.00000 
Resistance Scaling Factor    : 1.00000 
Clock Cap. Scaling Factor    : 1.00000 
Clock Res. Scaling Factor    : 1.00000 
Shrink Factor                : 1.00000
PreRoute extraction is honoring NDR/Shielding/ExtraSpace for clock nets.
Using capacitance table file ...
Updating RC grid for preRoute extraction ...
Initializing multi-corner capacitance tables ... 
Initializing multi-corner resistance tables ...
PreRoute RC Extraction DONE (CPU Time: 0:00:00.2  Real Time: 0:00:00.0  MEM: 1064.688M)
AAE_INFO: 1 threads acquired from CTE.
Calculate delays in Single mode...
Start delay calculation (fullDC) (1 T). (MEM=1094.19)
siFlow : Timing analysis mode is single, using late cdB files
Total number of fetched objects 12227
AAE_INFO: Total number of nets for which stage creation was skipped for all views 0
End delay calculation. (MEM=1177.09 CPU=0:00:01.4 REAL=0:00:01.0)
End delay calculation (fullDC). (MEM=1177.09 CPU=0:00:02.1 REAL=0:00:02.0)
Path 1: MET Setup Check with Pin _19318_/CK 
Endpoint:   _19318_/D (^) checked with  leading edge of 'aes_clk'
Beginpoint: _19477_/Q (v) triggered by  leading edge of 'aes_clk'
Path Groups: {aes_clk}
Analysis View: VIEW_TYP
Other End Arrival Time          0.001
- Setup                         0.035
+ Phase Shift                   2.000
- Uncertainty                   0.100
= Required Time                 1.866
- Arrival Time                  1.611
= Slack Time                    0.255
     Clock Rise Edge                      0.000
     + Source Insertion Delay            -0.128
     = Beginpoint Arrival Time           -0.128
     Timing Path:
     +-----------------------------------------------------------------------------+ 
     |      Instance       |     Arc      |   Cell    | Delay | Arrival | Required | 
     |                     |              |           |       |  Time   |   Time   | 
     |---------------------+--------------+-----------+-------+---------+----------| 
     |                     | clk ^        |           |       |  -0.128 |    0.127 | 
     | CTS_ccl_a_buf_00084 | A ^ -> Z ^   | CLKBUF_X3 | 0.050 |  -0.077 |    0.178 | 
     | CTS_ccl_a_buf_00067 | A ^ -> Z ^   | CLKBUF_X3 | 0.076 |  -0.002 |    0.253 | 
     | _19477_             | CK ^ -> Q v  | DFF_X1    | 0.126 |   0.124 |    0.379 | 
     | FE_OFC18_ld_r       | A v -> Z v   | BUF_X1    | 0.081 |   0.205 |    0.460 | 
     | FE_OFC19_ld_r       | A v -> Z v   | BUF_X1    | 0.084 |   0.289 |    0.544 | 
     | _09768_             | A v -> ZN ^  | INV_X1    | 0.082 |   0.371 |    0.626 | 
     | FE_OFC31_00986      | A ^ -> Z ^   | BUF_X1    | 0.102 |   0.473 |    0.728 | 
     | FE_OFC34_00986      | A ^ -> Z ^   | BUF_X1    | 0.107 |   0.580 |    0.835 | 
     | FE_OFC38_00986      | A ^ -> Z ^   | BUF_X1    | 0.103 |   0.683 |    0.938 | 
     | FE_OFC40_00986      | A ^ -> Z ^   | BUF_X1    | 0.095 |   0.778 |    1.033 | 
     | FE_OFC41_00986      | A ^ -> Z ^   | BUF_X1    | 0.084 |   0.862 |    1.117 | 
     | _16115_             | S ^ -> Z v   | MUX2_X1   | 0.079 |   0.941 |    1.196 | 
     | _16116_             | B v -> ZN ^  | XNOR2_X1  | 0.051 |   0.992 |    1.247 | 
     | FE_OFC464_07107     | A ^ -> Z ^   | BUF_X1    | 0.094 |   1.086 |    1.341 | 
     | FE_OFC465_07107     | A ^ -> Z ^   | BUF_X1    | 0.099 |   1.185 |    1.440 | 
     | FE_OFC466_07107     | A ^ -> Z ^   | BUF_X1    | 0.096 |   1.282 |    1.537 | 
     | FE_OFC467_07107     | A ^ -> Z ^   | BUF_X1    | 0.101 |   1.383 |    1.638 | 
     | _16419_             | A ^ -> ZN v  | OAI21_X1  | 0.036 |   1.419 |    1.674 | 
     | _16425_             | B2 v -> ZN ^ | OAI221_X1 | 0.058 |   1.477 |    1.732 | 
     | _16427_             | A ^ -> ZN v  | OAI21_X1  | 0.025 |   1.502 |    1.757 | 
     | _16428_             | B v -> Z v   | MUX2_X1   | 0.060 |   1.561 |    1.816 | 
     | _16447_             | A2 v -> ZN ^ | OAI22_X1  | 0.049 |   1.610 |    1.865 | 
     | _19318_             | D ^          | DFF_X1    | 0.000 |   1.611 |    1.866 | 
     +-----------------------------------------------------------------------------+ 
     Clock Rise Edge                      0.000
     + Source Insertion Delay            -0.128
     = Beginpoint Arrival Time           -0.128
     Other End Path:
     +---------------------------------------------------------------------------+ 
     |      Instance       |    Arc     |   Cell    | Delay | Arrival | Required | 
     |                     |            |           |       |  Time   |   Time   | 
     |---------------------+------------+-----------+-------+---------+----------| 
     |                     | clk ^      |           |       |  -0.128 |   -0.383 | 
     | CTS_ccl_a_buf_00084 | A ^ -> Z ^ | CLKBUF_X3 | 0.050 |  -0.077 |   -0.332 | 
     | CTS_ccl_a_buf_00067 | A ^ -> Z ^ | CLKBUF_X3 | 0.076 |  -0.002 |   -0.257 | 
     | _19318_             | CK ^       | DFF_X1    | 0.003 |   0.001 |   -0.254 | 
     +---------------------------------------------------------------------------+ 
Path 2: MET Setup Check with Pin _19317_/CK 
Endpoint:   _19317_/D (v) checked with  leading edge of 'aes_clk'
Beginpoint: _19477_/Q (v) triggered by  leading edge of 'aes_clk'
Path Groups: {aes_clk}
Analysis View: VIEW_TYP
Other End Arrival Time          0.001
- Setup                         0.030
+ Phase Shift                   2.000
- Uncertainty                   0.100
= Required Time                 1.871
- Arrival Time                  1.601
= Slack Time                    0.270
     Clock Rise Edge                      0.000
     + Source Insertion Delay            -0.128
     = Beginpoint Arrival Time           -0.128
     Timing Path:
     +-----------------------------------------------------------------------------+ 
     |      Instance       |     Arc      |   Cell    | Delay | Arrival | Required | 
     |                     |              |           |       |  Time   |   Time   | 
     |---------------------+--------------+-----------+-------+---------+----------| 
     |                     | clk ^        |           |       |  -0.128 |    0.142 | 
     | CTS_ccl_a_buf_00084 | A ^ -> Z ^   | CLKBUF_X3 | 0.050 |  -0.077 |    0.193 | 
     | CTS_ccl_a_buf_00067 | A ^ -> Z ^   | CLKBUF_X3 | 0.076 |  -0.002 |    0.268 | 
     | _19477_             | CK ^ -> Q v  | DFF_X1    | 0.126 |   0.124 |    0.394 | 
     | FE_OFC18_ld_r       | A v -> Z v   | BUF_X1    | 0.081 |   0.205 |    0.475 | 
     | FE_OFC19_ld_r       | A v -> Z v   | BUF_X1    | 0.084 |   0.289 |    0.559 | 
     | _09768_             | A v -> ZN ^  | INV_X1    | 0.082 |   0.371 |    0.641 | 
     | FE_OFC31_00986      | A ^ -> Z ^   | BUF_X1    | 0.102 |   0.473 |    0.743 | 
     | FE_OFC34_00986      | A ^ -> Z ^   | BUF_X1    | 0.107 |   0.580 |    0.850 | 
     | FE_OFC38_00986      | A ^ -> Z ^   | BUF_X1    | 0.103 |   0.683 |    0.953 | 
     | FE_OFC40_00986      | A ^ -> Z ^   | BUF_X1    | 0.095 |   0.778 |    1.048 | 
     | FE_OFC41_00986      | A ^ -> Z ^   | BUF_X1    | 0.084 |   0.862 |    1.132 | 
     | _16115_             | S ^ -> Z v   | MUX2_X1   | 0.079 |   0.941 |    1.211 | 
     | _16116_             | B v -> ZN ^  | XNOR2_X1  | 0.051 |   0.992 |    1.262 | 
     | FE_OFC464_07107     | A ^ -> Z ^   | BUF_X1    | 0.094 |   1.086 |    1.356 | 
     | FE_OFC465_07107     | A ^ -> Z ^   | BUF_X1    | 0.099 |   1.185 |    1.455 | 
     | FE_OFC466_07107     | A ^ -> Z ^   | BUF_X1    | 0.096 |   1.282 |    1.552 | 
     | FE_OFC467_07107     | A ^ -> Z ^   | BUF_X1    | 0.101 |   1.383 |    1.653 | 
     | _16450_             | A ^ -> ZN v  | OAI21_X1  | 0.030 |   1.412 |    1.682 | 
     | _16451_             | B2 v -> ZN ^ | OAI33_X1  | 0.087 |   1.500 |    1.770 | 
     | _16469_             | C1 ^ -> ZN v | OAI211_X1 | 0.029 |   1.529 |    1.799 | 
     | _16470_             | B2 v -> ZN ^ | AOI21_X1  | 0.047 |   1.576 |    1.846 | 
     | _16474_             | A1 ^ -> ZN v | NOR2_X1   | 0.024 |   1.600 |    1.870 | 
     | _19317_             | D v          | DFF_X1    | 0.001 |   1.601 |    1.871 | 
     +-----------------------------------------------------------------------------+ 
     Clock Rise Edge                      0.000
     + Source Insertion Delay            -0.128
     = Beginpoint Arrival Time           -0.128
     Other End Path:
     +---------------------------------------------------------------------------+ 
     |      Instance       |    Arc     |   Cell    | Delay | Arrival | Required | 
     |                     |            |           |       |  Time   |   Time   | 
     |---------------------+------------+-----------+-------+---------+----------| 
     |                     | clk ^      |           |       |  -0.128 |   -0.398 | 
     | CTS_ccl_a_buf_00086 | A ^ -> Z ^ | CLKBUF_X3 | 0.052 |  -0.075 |   -0.346 | 
     | CTS_ccl_a_buf_00071 | A ^ -> Z ^ | CLKBUF_X3 | 0.074 |  -0.001 |   -0.271 | 
     | _19317_             | CK ^       | DFF_X1    | 0.002 |   0.001 |   -0.269 | 
     +---------------------------------------------------------------------------+ 
Path 3: MET Setup Check with Pin _19319_/CK 
Endpoint:   _19319_/D (v) checked with  leading edge of 'aes_clk'
Beginpoint: _19477_/Q (v) triggered by  leading edge of 'aes_clk'
Path Groups: {aes_clk}
Analysis View: VIEW_TYP
Other End Arrival Time          0.001
- Setup                         0.029
+ Phase Shift                   2.000
- Uncertainty                   0.100
= Required Time                 1.872
- Arrival Time                  1.581
= Slack Time                    0.291
     Clock Rise Edge                      0.000
     + Source Insertion Delay            -0.128
     = Beginpoint Arrival Time           -0.128
     Timing Path:
     +-----------------------------------------------------------------------------+ 
     |      Instance       |     Arc      |   Cell    | Delay | Arrival | Required | 
     |                     |              |           |       |  Time   |   Time   | 
     |---------------------+--------------+-----------+-------+---------+----------| 
     |                     | clk ^        |           |       |  -0.128 |    0.163 | 
     | CTS_ccl_a_buf_00084 | A ^ -> Z ^   | CLKBUF_X3 | 0.050 |  -0.077 |    0.214 | 
     | CTS_ccl_a_buf_00067 | A ^ -> Z ^   | CLKBUF_X3 | 0.076 |  -0.002 |    0.289 | 
     | _19477_             | CK ^ -> Q v  | DFF_X1    | 0.126 |   0.124 |    0.415 | 
     | FE_OFC18_ld_r       | A v -> Z v   | BUF_X1    | 0.081 |   0.205 |    0.496 | 
     | FE_OFC19_ld_r       | A v -> Z v   | BUF_X1    | 0.084 |   0.289 |    0.580 | 
     | _09768_             | A v -> ZN ^  | INV_X1    | 0.082 |   0.371 |    0.662 | 
     | FE_OFC31_00986      | A ^ -> Z ^   | BUF_X1    | 0.102 |   0.473 |    0.764 | 
     | FE_OFC34_00986      | A ^ -> Z ^   | BUF_X1    | 0.107 |   0.580 |    0.871 | 
     | FE_OFC38_00986      | A ^ -> Z ^   | BUF_X1    | 0.103 |   0.683 |    0.974 | 
     | FE_OFC40_00986      | A ^ -> Z ^   | BUF_X1    | 0.095 |   0.778 |    1.069 | 
     | FE_OFC41_00986      | A ^ -> Z ^   | BUF_X1    | 0.084 |   0.862 |    1.153 | 
     | _16115_             | S ^ -> Z v   | MUX2_X1   | 0.079 |   0.941 |    1.232 | 
     | _16117_             | B v -> Z ^   | XOR2_X1   | 0.051 |   0.992 |    1.283 | 
     | FE_OFC468_07108     | A ^ -> Z ^   | BUF_X1    | 0.084 |   1.076 |    1.367 | 
     | FE_OFC469_07108     | A ^ -> Z ^   | BUF_X1    | 0.093 |   1.169 |    1.460 | 
     | FE_OFC470_07108     | A ^ -> Z ^   | BUF_X1    | 0.101 |   1.270 |    1.561 | 
     | FE_OFC471_07108     | A ^ -> Z ^   | BUF_X1    | 0.104 |   1.374 |    1.665 | 
     | _16270_             | A ^ -> ZN v  | OAI21_X1  | 0.030 |   1.405 |    1.696 | 
     | _16387_             | A v -> ZN ^  | AOI21_X1  | 0.044 |   1.449 |    1.740 | 
     | _16389_             | B1 ^ -> ZN v | OAI21_X1  | 0.020 |   1.468 |    1.759 | 
     | _16391_             | A v -> ZN ^  | OAI21_X1  | 0.025 |   1.493 |    1.784 | 
     | _16394_             | A2 ^ -> ZN v | AOI22_X1  | 0.016 |   1.510 |    1.801 | 
     | _16414_             | A v -> Z v   | MUX2_X1   | 0.071 |   1.581 |    1.872 | 
     | _19319_             | D v          | DFF_X1    | 0.000 |   1.581 |    1.872 | 
     +-----------------------------------------------------------------------------+ 
     Clock Rise Edge                      0.000
     + Source Insertion Delay            -0.128
     = Beginpoint Arrival Time           -0.128
     Other End Path:
     +---------------------------------------------------------------------------+ 
     |      Instance       |    Arc     |   Cell    | Delay | Arrival | Required | 
     |                     |            |           |       |  Time   |   Time   | 
     |---------------------+------------+-----------+-------+---------+----------| 
     |                     | clk ^      |           |       |  -0.128 |   -0.419 | 
     | CTS_ccl_a_buf_00084 | A ^ -> Z ^ | CLKBUF_X3 | 0.050 |  -0.077 |   -0.368 | 
     | CTS_ccl_a_buf_00067 | A ^ -> Z ^ | CLKBUF_X3 | 0.076 |  -0.002 |   -0.293 | 
     | _19319_             | CK ^       | DFF_X1    | 0.003 |   0.001 |   -0.290 | 
     +---------------------------------------------------------------------------+ 
Path 4: MET Setup Check with Pin _19322_/CK 
Endpoint:   _19322_/D (^) checked with  leading edge of 'aes_clk'
Beginpoint: _19477_/Q (v) triggered by  leading edge of 'aes_clk'
Path Groups: {aes_clk}
Analysis View: VIEW_TYP
Other End Arrival Time          0.001
- Setup                         0.035
+ Phase Shift                   2.000
- Uncertainty                   0.100
= Required Time                 1.865
- Arrival Time                  1.565
= Slack Time                    0.301
     Clock Rise Edge                      0.000
     + Source Insertion Delay            -0.128
     = Beginpoint Arrival Time           -0.128
     Timing Path:
     +-----------------------------------------------------------------------------+ 
     |      Instance       |     Arc      |   Cell    | Delay | Arrival | Required | 
     |                     |              |           |       |  Time   |   Time   | 
     |---------------------+--------------+-----------+-------+---------+----------| 
     |                     | clk ^        |           |       |  -0.128 |    0.173 | 
     | CTS_ccl_a_buf_00084 | A ^ -> Z ^   | CLKBUF_X3 | 0.050 |  -0.077 |    0.223 | 
     | CTS_ccl_a_buf_00067 | A ^ -> Z ^   | CLKBUF_X3 | 0.076 |  -0.002 |    0.299 | 
     | _19477_             | CK ^ -> Q v  | DFF_X1    | 0.126 |   0.124 |    0.425 | 
     | FE_OFC18_ld_r       | A v -> Z v   | BUF_X1    | 0.081 |   0.205 |    0.506 | 
     | FE_OFC19_ld_r       | A v -> Z v   | BUF_X1    | 0.084 |   0.289 |    0.589 | 
     | _09768_             | A v -> ZN ^  | INV_X1    | 0.082 |   0.371 |    0.672 | 
     | FE_OFC31_00986      | A ^ -> Z ^   | BUF_X1    | 0.102 |   0.473 |    0.774 | 
     | FE_OFC34_00986      | A ^ -> Z ^   | BUF_X1    | 0.107 |   0.580 |    0.881 | 
     | FE_OFC38_00986      | A ^ -> Z ^   | BUF_X1    | 0.103 |   0.683 |    0.984 | 
     | FE_OFC40_00986      | A ^ -> Z ^   | BUF_X1    | 0.095 |   0.778 |    1.079 | 
     | FE_OFC41_00986      | A ^ -> Z ^   | BUF_X1    | 0.084 |   0.862 |    1.163 | 
     | _16115_             | S ^ -> Z v   | MUX2_X1   | 0.079 |   0.941 |    1.242 | 
     | _16117_             | B v -> Z ^   | XOR2_X1   | 0.051 |   0.992 |    1.293 | 
     | FE_OFC468_07108     | A ^ -> Z ^   | BUF_X1    | 0.084 |   1.076 |    1.377 | 
     | FE_OFC469_07108     | A ^ -> Z ^   | BUF_X1    | 0.093 |   1.169 |    1.469 | 
     | FE_OFC470_07108     | A ^ -> Z ^   | BUF_X1    | 0.101 |   1.270 |    1.571 | 
     | FE_OFC471_07108     | A ^ -> Z ^   | BUF_X1    | 0.104 |   1.374 |    1.675 | 
     | _16259_             | A1 ^ -> ZN v | NOR2_X1   | 0.017 |   1.391 |    1.692 | 
     | _16260_             | A3 v -> ZN ^ | NAND3_X1  | 0.028 |   1.420 |    1.720 | 
     | _16285_             | B ^ -> ZN v  | OAI211_X1 | 0.029 |   1.448 |    1.749 | 
     | _16286_             | B v -> ZN ^  | OAI211_X1 | 0.032 |   1.480 |    1.781 | 
     | _16287_             | A2 ^ -> ZN v | NAND2_X1  | 0.017 |   1.497 |    1.798 | 
     | _16288_             | B2 v -> ZN ^ | OAI21_X1  | 0.066 |   1.563 |    1.864 | 
     | _19322_             | D ^          | DFF_X1    | 0.001 |   1.565 |    1.865 | 
     +-----------------------------------------------------------------------------+ 
     Clock Rise Edge                      0.000
     + Source Insertion Delay            -0.128
     = Beginpoint Arrival Time           -0.128
     Other End Path:
     +---------------------------------------------------------------------------+ 
     |      Instance       |    Arc     |   Cell    | Delay | Arrival | Required | 
     |                     |            |           |       |  Time   |   Time   | 
     |---------------------+------------+-----------+-------+---------+----------| 
     |                     | clk ^      |           |       |  -0.128 |   -0.428 | 
     | CTS_ccl_a_buf_00086 | A ^ -> Z ^ | CLKBUF_X3 | 0.052 |  -0.075 |   -0.376 | 
     | CTS_ccl_a_buf_00071 | A ^ -> Z ^ | CLKBUF_X3 | 0.074 |  -0.001 |   -0.302 | 
     | _19322_             | CK ^       | DFF_X1    | 0.002 |   0.001 |   -0.300 | 
     +---------------------------------------------------------------------------+ 
Path 5: MET Setup Check with Pin _19324_/CK 
Endpoint:   _19324_/D (v) checked with  leading edge of 'aes_clk'
Beginpoint: _19477_/Q (v) triggered by  leading edge of 'aes_clk'
Path Groups: {aes_clk}
Analysis View: VIEW_TYP
Other End Arrival Time          0.001
- Setup                         0.029
+ Phase Shift                   2.000
- Uncertainty                   0.100
= Required Time                 1.872
- Arrival Time                  1.571
= Slack Time                    0.301
     Clock Rise Edge                      0.000
     + Source Insertion Delay            -0.128
     = Beginpoint Arrival Time           -0.128
     Timing Path:
     +-----------------------------------------------------------------------------+ 
     |      Instance       |     Arc      |   Cell    | Delay | Arrival | Required | 
     |                     |              |           |       |  Time   |   Time   | 
     |---------------------+--------------+-----------+-------+---------+----------| 
     |                     | clk ^        |           |       |  -0.128 |    0.173 | 
     | CTS_ccl_a_buf_00084 | A ^ -> Z ^   | CLKBUF_X3 | 0.050 |  -0.077 |    0.223 | 
     | CTS_ccl_a_buf_00067 | A ^ -> Z ^   | CLKBUF_X3 | 0.076 |  -0.002 |    0.299 | 
     | _19477_             | CK ^ -> Q v  | DFF_X1    | 0.126 |   0.124 |    0.425 | 
     | FE_OFC18_ld_r       | A v -> Z v   | BUF_X1    | 0.081 |   0.205 |    0.506 | 
     | FE_OFC19_ld_r       | A v -> Z v   | BUF_X1    | 0.084 |   0.289 |    0.590 | 
     | _09768_             | A v -> ZN ^  | INV_X1    | 0.082 |   0.371 |    0.672 | 
     | FE_OFC31_00986      | A ^ -> Z ^   | BUF_X1    | 0.102 |   0.473 |    0.774 | 
     | FE_OFC34_00986      | A ^ -> Z ^   | BUF_X1    | 0.107 |   0.580 |    0.881 | 
     | FE_OFC38_00986      | A ^ -> Z ^   | BUF_X1    | 0.103 |   0.683 |    0.984 | 
     | FE_OFC40_00986      | A ^ -> Z ^   | BUF_X1    | 0.095 |   0.778 |    1.079 | 
     | FE_OFC41_00986      | A ^ -> Z ^   | BUF_X1    | 0.084 |   0.862 |    1.163 | 
     | _16115_             | S ^ -> Z v   | MUX2_X1   | 0.079 |   0.941 |    1.242 | 
     | _16116_             | B v -> ZN ^  | XNOR2_X1  | 0.051 |   0.992 |    1.293 | 
     | FE_OFC464_07107     | A ^ -> Z ^   | BUF_X1    | 0.094 |   1.086 |    1.387 | 
     | FE_OFC465_07107     | A ^ -> Z ^   | BUF_X1    | 0.099 |   1.185 |    1.486 | 
     | FE_OFC466_07107     | A ^ -> Z ^   | BUF_X1    | 0.096 |   1.282 |    1.582 | 
     | FE_OFC467_07107     | A ^ -> Z ^   | BUF_X1    | 0.101 |   1.383 |    1.684 | 
     | _16419_             | A ^ -> ZN v  | OAI21_X1  | 0.036 |   1.419 |    1.719 | 
     | _18848_             | C2 v -> ZN ^ | OAI221_X1 | 0.042 |   1.461 |    1.761 | 
     | _18849_             | B2 ^ -> ZN v | AOI21_X1  | 0.022 |   1.482 |    1.783 | 
     | _18850_             | B v -> ZN ^  | AOI211_X1 | 0.070 |   1.552 |    1.853 | 
     | _18851_             | A2 ^ -> ZN v | NOR2_X1   | 0.019 |   1.571 |    1.871 | 
     | _19324_             | D v          | DFF_X1    | 0.000 |   1.571 |    1.872 | 
     +-----------------------------------------------------------------------------+ 
     Clock Rise Edge                      0.000
     + Source Insertion Delay            -0.128
     = Beginpoint Arrival Time           -0.128
     Other End Path:
     +---------------------------------------------------------------------------+ 
     |      Instance       |    Arc     |   Cell    | Delay | Arrival | Required | 
     |                     |            |           |       |  Time   |   Time   | 
     |---------------------+------------+-----------+-------+---------+----------| 
     |                     | clk ^      |           |       |  -0.128 |   -0.429 | 
     | CTS_ccl_a_buf_00084 | A ^ -> Z ^ | CLKBUF_X3 | 0.050 |  -0.077 |   -0.378 | 
     | CTS_ccl_a_buf_00067 | A ^ -> Z ^ | CLKBUF_X3 | 0.076 |  -0.002 |   -0.302 | 
     | _19324_             | CK ^       | DFF_X1    | 0.003 |   0.001 |   -0.300 | 
     +---------------------------------------------------------------------------+ 
Path 6: MET Setup Check with Pin _19321_/CK 
Endpoint:   _19321_/D (^) checked with  leading edge of 'aes_clk'
Beginpoint: _19477_/Q (v) triggered by  leading edge of 'aes_clk'
Path Groups: {aes_clk}
Analysis View: VIEW_TYP
Other End Arrival Time          0.001
- Setup                         0.031
+ Phase Shift                   2.000
- Uncertainty                   0.100
= Required Time                 1.870
- Arrival Time                  1.549
= Slack Time                    0.321
     Clock Rise Edge                      0.000
     + Source Insertion Delay            -0.128
     = Beginpoint Arrival Time           -0.128
     Timing Path:
     +-----------------------------------------------------------------------------+ 
     |      Instance       |     Arc      |   Cell    | Delay | Arrival | Required | 
     |                     |              |           |       |  Time   |   Time   | 
     |---------------------+--------------+-----------+-------+---------+----------| 
     |                     | clk ^        |           |       |  -0.128 |    0.194 | 
     | CTS_ccl_a_buf_00084 | A ^ -> Z ^   | CLKBUF_X3 | 0.050 |  -0.077 |    0.244 | 
     | CTS_ccl_a_buf_00067 | A ^ -> Z ^   | CLKBUF_X3 | 0.076 |  -0.002 |    0.320 | 
     | _19477_             | CK ^ -> Q v  | DFF_X1    | 0.126 |   0.124 |    0.445 | 
     | FE_OFC18_ld_r       | A v -> Z v   | BUF_X1    | 0.081 |   0.205 |    0.526 | 
     | FE_OFC19_ld_r       | A v -> Z v   | BUF_X1    | 0.084 |   0.289 |    0.610 | 
     | _09768_             | A v -> ZN ^  | INV_X1    | 0.082 |   0.371 |    0.692 | 
     | FE_OFC31_00986      | A ^ -> Z ^   | BUF_X1    | 0.102 |   0.473 |    0.795 | 
     | FE_OFC34_00986      | A ^ -> Z ^   | BUF_X1    | 0.107 |   0.580 |    0.902 | 
     | FE_OFC38_00986      | A ^ -> Z ^   | BUF_X1    | 0.103 |   0.683 |    1.005 | 
     | FE_OFC40_00986      | A ^ -> Z ^   | BUF_X1    | 0.095 |   0.778 |    1.100 | 
     | FE_OFC41_00986      | A ^ -> Z ^   | BUF_X1    | 0.084 |   0.862 |    1.184 | 
     | _16115_             | S ^ -> Z v   | MUX2_X1   | 0.079 |   0.941 |    1.263 | 
     | _16117_             | B v -> Z ^   | XOR2_X1   | 0.051 |   0.992 |    1.313 | 
     | FE_OFC468_07108     | A ^ -> Z ^   | BUF_X1    | 0.084 |   1.076 |    1.397 | 
     | FE_OFC469_07108     | A ^ -> Z ^   | BUF_X1    | 0.093 |   1.169 |    1.490 | 
     | FE_OFC470_07108     | A ^ -> Z ^   | BUF_X1    | 0.101 |   1.270 |    1.591 | 
     | FE_OFC471_07108     | A ^ -> Z ^   | BUF_X1    | 0.104 |   1.374 |    1.696 | 
     | _16302_             | A ^ -> ZN v  | OAI21_X1  | 0.039 |   1.413 |    1.734 | 
     | _16306_             | B1 v -> ZN ^ | OAI21_X1  | 0.033 |   1.446 |    1.768 | 
     | _16308_             | B2 ^ -> ZN v | OAI21_X1  | 0.020 |   1.467 |    1.788 | 
     | _16309_             | A2 v -> ZN ^ | NOR2_X1   | 0.032 |   1.499 |    1.820 | 
     | _16310_             | B2 ^ -> ZN v | OAI21_X1  | 0.021 |   1.520 |    1.841 | 
     | _16333_             | A v -> ZN ^  | OAI21_X1  | 0.029 |   1.548 |    1.870 | 
     | _19321_             | D ^          | DFF_X1    | 0.000 |   1.549 |    1.870 | 
     +-----------------------------------------------------------------------------+ 
     Clock Rise Edge                      0.000
     + Source Insertion Delay            -0.128
     = Beginpoint Arrival Time           -0.128
     Other End Path:
     +---------------------------------------------------------------------------+ 
     |      Instance       |    Arc     |   Cell    | Delay | Arrival | Required | 
     |                     |            |           |       |  Time   |   Time   | 
     |---------------------+------------+-----------+-------+---------+----------| 
     |                     | clk ^      |           |       |  -0.128 |   -0.449 | 
     | CTS_ccl_a_buf_00084 | A ^ -> Z ^ | CLKBUF_X3 | 0.050 |  -0.077 |   -0.399 | 
     | CTS_ccl_a_buf_00067 | A ^ -> Z ^ | CLKBUF_X3 | 0.076 |  -0.002 |   -0.323 | 
     | _19321_             | CK ^       | DFF_X1    | 0.003 |   0.001 |   -0.320 | 
     +---------------------------------------------------------------------------+ 
Path 7: MET Setup Check with Pin _19709_/CK 
Endpoint:   _19709_/D (^) checked with  leading edge of 'aes_clk'
Beginpoint: _19477_/Q (v) triggered by  leading edge of 'aes_clk'
Path Groups: {aes_clk}
Analysis View: VIEW_TYP
Other End Arrival Time          0.002
- Setup                         0.031
+ Phase Shift                   2.000
- Uncertainty                   0.100
= Required Time                 1.871
- Arrival Time                  1.537
= Slack Time                    0.334
     Clock Rise Edge                      0.000
     + Source Insertion Delay            -0.128
     = Beginpoint Arrival Time           -0.128
     Timing Path:
     +-----------------------------------------------------------------------------+ 
     |      Instance       |     Arc      |   Cell    | Delay | Arrival | Required | 
     |                     |              |           |       |  Time   |   Time   | 
     |---------------------+--------------+-----------+-------+---------+----------| 
     |                     | clk ^        |           |       |  -0.128 |    0.206 | 
     | CTS_ccl_a_buf_00084 | A ^ -> Z ^   | CLKBUF_X3 | 0.050 |  -0.077 |    0.257 | 
     | CTS_ccl_a_buf_00067 | A ^ -> Z ^   | CLKBUF_X3 | 0.076 |  -0.002 |    0.332 | 
     | _19477_             | CK ^ -> Q v  | DFF_X1    | 0.126 |   0.124 |    0.458 | 
     | FE_OFC18_ld_r       | A v -> Z v   | BUF_X1    | 0.081 |   0.205 |    0.539 | 
     | FE_OFC19_ld_r       | A v -> Z v   | BUF_X1    | 0.084 |   0.289 |    0.623 | 
     | _09768_             | A v -> ZN ^  | INV_X1    | 0.082 |   0.371 |    0.705 | 
     | FE_OFC31_00986      | A ^ -> Z ^   | BUF_X1    | 0.102 |   0.473 |    0.807 | 
     | FE_OFC34_00986      | A ^ -> Z ^   | BUF_X1    | 0.107 |   0.580 |    0.914 | 
     | FE_OFC38_00986      | A ^ -> Z ^   | BUF_X1    | 0.103 |   0.683 |    1.017 | 
     | FE_OFC40_00986      | A ^ -> Z ^   | BUF_X1    | 0.095 |   0.778 |    1.112 | 
     | FE_OFC41_00986      | A ^ -> Z ^   | BUF_X1    | 0.084 |   0.862 |    1.196 | 
     | _16586_             | S ^ -> Z v   | MUX2_X1   | 0.073 |   0.936 |    1.270 | 
     | _16587_             | B v -> ZN ^  | XNOR2_X1  | 0.033 |   0.969 |    1.303 | 
     | FE_OFC491_07569     | A ^ -> Z ^   | BUF_X1    | 0.078 |   1.047 |    1.381 | 
     | FE_OFC492_07569     | A ^ -> Z ^   | BUF_X1    | 0.095 |   1.142 |    1.475 | 
     | _16590_             | A2 ^ -> ZN v | NAND2_X1  | 0.059 |   1.200 |    1.534 | 
     | _16635_             | A2 v -> ZN ^ | NOR2_X1   | 0.133 |   1.333 |    1.667 | 
     | _16641_             | A1 ^ -> ZN v | OAI22_X1  | 0.034 |   1.367 |    1.701 | 
     | _16654_             | B2 v -> ZN ^ | AOI221_X1 | 0.082 |   1.449 |    1.782 | 
     | _16656_             | A1 ^ -> ZN ^ | OR2_X1    | 0.031 |   1.479 |    1.813 | 
     | _16680_             | B1 ^ -> ZN v | OAI21_X1  | 0.016 |   1.496 |    1.829 | 
     | _16713_             | B2 v -> ZN ^ | AOI21_X1  | 0.041 |   1.537 |    1.871 | 
     | _19709_             | D ^          | DFF_X1    | 0.000 |   1.537 |    1.871 | 
     +-----------------------------------------------------------------------------+ 
     Clock Rise Edge                      0.000
     + Source Insertion Delay            -0.128
     = Beginpoint Arrival Time           -0.128
     Other End Path:
     +---------------------------------------------------------------------------+ 
     |      Instance       |    Arc     |   Cell    | Delay | Arrival | Required | 
     |                     |            |           |       |  Time   |   Time   | 
     |---------------------+------------+-----------+-------+---------+----------| 
     |                     | clk ^      |           |       |  -0.128 |   -0.462 | 
     | CTS_ccl_a_buf_00084 | A ^ -> Z ^ | CLKBUF_X3 | 0.050 |  -0.077 |   -0.411 | 
     | CTS_ccl_a_buf_00049 | A ^ -> Z ^ | CLKBUF_X3 | 0.076 |  -0.002 |   -0.336 | 
     | _19709_             | CK ^       | DFF_X1    | 0.003 |   0.002 |   -0.332 | 
     +---------------------------------------------------------------------------+ 
Path 8: MET Setup Check with Pin _19641_/CK 
Endpoint:   _19641_/D (v) checked with  leading edge of 'aes_clk'
Beginpoint: _19477_/Q (v) triggered by  leading edge of 'aes_clk'
Path Groups: {aes_clk}
Analysis View: VIEW_TYP
Other End Arrival Time          0.002
- Setup                         0.028
+ Phase Shift                   2.000
- Uncertainty                   0.100
= Required Time                 1.873
- Arrival Time                  1.532
= Slack Time                    0.341
     Clock Rise Edge                      0.000
     + Source Insertion Delay            -0.128
     = Beginpoint Arrival Time           -0.128
     Timing Path:
     +-----------------------------------------------------------------------------+ 
     |      Instance       |     Arc      |   Cell    | Delay | Arrival | Required | 
     |                     |              |           |       |  Time   |   Time   | 
     |---------------------+--------------+-----------+-------+---------+----------| 
     |                     | clk ^        |           |       |  -0.128 |    0.214 | 
     | CTS_ccl_a_buf_00084 | A ^ -> Z ^   | CLKBUF_X3 | 0.050 |  -0.077 |    0.264 | 
     | CTS_ccl_a_buf_00067 | A ^ -> Z ^   | CLKBUF_X3 | 0.076 |  -0.002 |    0.340 | 
     | _19477_             | CK ^ -> Q v  | DFF_X1    | 0.126 |   0.124 |    0.465 | 
     | FE_OFC18_ld_r       | A v -> Z v   | BUF_X1    | 0.081 |   0.205 |    0.546 | 
     | FE_OFC19_ld_r       | A v -> Z v   | BUF_X1    | 0.084 |   0.289 |    0.630 | 
     | _09768_             | A v -> ZN ^  | INV_X1    | 0.082 |   0.371 |    0.712 | 
     | FE_OFC31_00986      | A ^ -> Z ^   | BUF_X1    | 0.102 |   0.473 |    0.815 | 
     | FE_OFC34_00986      | A ^ -> Z ^   | BUF_X1    | 0.107 |   0.580 |    0.921 | 
     | FE_OFC38_00986      | A ^ -> Z ^   | BUF_X1    | 0.103 |   0.683 |    1.024 | 
     | FE_OFC40_00986      | A ^ -> Z ^   | BUF_X1    | 0.095 |   0.778 |    1.119 | 
     | FE_OFC41_00986      | A ^ -> Z ^   | BUF_X1    | 0.084 |   0.862 |    1.204 | 
     | _09801_             | S ^ -> Z v   | MUX2_X1   | 0.081 |   0.944 |    1.285 | 
     | _09802_             | B v -> ZN ^  | XNOR2_X1  | 0.033 |   0.977 |    1.318 | 
     | FE_OFC84_01020      | A ^ -> Z ^   | BUF_X1    | 0.092 |   1.069 |    1.410 | 
     | FE_OFC85_01020      | A ^ -> Z ^   | BUF_X1    | 0.111 |   1.180 |    1.521 | 
     | FE_OFC86_01020      | A ^ -> Z ^   | BUF_X1    | 0.109 |   1.289 |    1.630 | 
     | _10117_             | A ^ -> ZN v  | AOI211_X1 | 0.025 |   1.315 |    1.656 | 
     | _10118_             | A4 v -> ZN ^ | NOR4_X1   | 0.086 |   1.400 |    1.741 | 
     | _10119_             | A ^ -> ZN v  | AOI21_X1  | 0.020 |   1.420 |    1.761 | 
     | _10120_             | B1 v -> ZN ^ | OAI21_X1  | 0.030 |   1.450 |    1.791 | 
     | _10121_             | B1 ^ -> ZN v | AOI21_X1  | 0.020 |   1.469 |    1.811 | 
     | _10122_             | B v -> Z v   | MUX2_X1   | 0.063 |   1.532 |    1.873 | 
     | _19641_             | D v          | DFF_X1    | 0.000 |   1.532 |    1.873 | 
     +-----------------------------------------------------------------------------+ 
     Clock Rise Edge                      0.000
     + Source Insertion Delay            -0.128
     = Beginpoint Arrival Time           -0.128
     Other End Path:
     +---------------------------------------------------------------------------+ 
     |      Instance       |    Arc     |   Cell    | Delay | Arrival | Required | 
     |                     |            |           |       |  Time   |   Time   | 
     |---------------------+------------+-----------+-------+---------+----------| 
     |                     | clk ^      |           |       |  -0.128 |   -0.469 | 
     | CTS_ccl_a_buf_00086 | A ^ -> Z ^ | CLKBUF_X3 | 0.052 |  -0.075 |   -0.417 | 
     | CTS_ccl_a_buf_00075 | A ^ -> Z ^ | CLKBUF_X3 | 0.073 |  -0.002 |   -0.344 | 
     | _19641_             | CK ^       | DFF_X1    | 0.004 |   0.002 |   -0.340 | 
     +---------------------------------------------------------------------------+ 
Path 9: MET Setup Check with Pin _19706_/CK 
Endpoint:   _19706_/D (v) checked with  leading edge of 'aes_clk'
Beginpoint: _19477_/Q (v) triggered by  leading edge of 'aes_clk'
Path Groups: {aes_clk}
Analysis View: VIEW_TYP
Other End Arrival Time          0.002
- Setup                         0.029
+ Phase Shift                   2.000
- Uncertainty                   0.100
= Required Time                 1.872
- Arrival Time                  1.531
= Slack Time                    0.341
     Clock Rise Edge                      0.000
     + Source Insertion Delay            -0.128
     = Beginpoint Arrival Time           -0.128
     Timing Path:
     +-----------------------------------------------------------------------------+ 
     |      Instance       |     Arc      |   Cell    | Delay | Arrival | Required | 
     |                     |              |           |       |  Time   |   Time   | 
     |---------------------+--------------+-----------+-------+---------+----------| 
     |                     | clk ^        |           |       |  -0.128 |    0.214 | 
     | CTS_ccl_a_buf_00084 | A ^ -> Z ^   | CLKBUF_X3 | 0.050 |  -0.077 |    0.264 | 
     | CTS_ccl_a_buf_00067 | A ^ -> Z ^   | CLKBUF_X3 | 0.076 |  -0.002 |    0.340 | 
     | _19477_             | CK ^ -> Q v  | DFF_X1    | 0.126 |   0.124 |    0.465 | 
     | FE_OFC18_ld_r       | A v -> Z v   | BUF_X1    | 0.081 |   0.205 |    0.546 | 
     | FE_OFC19_ld_r       | A v -> Z v   | BUF_X1    | 0.084 |   0.289 |    0.630 | 
     | _09768_             | A v -> ZN ^  | INV_X1    | 0.082 |   0.371 |    0.712 | 
     | FE_OFC31_00986      | A ^ -> Z ^   | BUF_X1    | 0.102 |   0.473 |    0.815 | 
     | FE_OFC34_00986      | A ^ -> Z ^   | BUF_X1    | 0.107 |   0.580 |    0.922 | 
     | FE_OFC38_00986      | A ^ -> Z ^   | BUF_X1    | 0.103 |   0.683 |    1.024 | 
     | FE_OFC40_00986      | A ^ -> Z ^   | BUF_X1    | 0.095 |   0.778 |    1.119 | 
     | FE_OFC41_00986      | A ^ -> Z ^   | BUF_X1    | 0.084 |   0.862 |    1.204 | 
     | _16596_             | S ^ -> Z v   | MUX2_X1   | 0.074 |   0.937 |    1.278 | 
     | _16598_             | B v -> ZN ^  | XNOR2_X1  | 0.032 |   0.969 |    1.310 | 
     | FE_OFC497_07580     | A ^ -> Z ^   | BUF_X1    | 0.099 |   1.068 |    1.409 | 
     | FE_OFC498_07580     | A ^ -> Z ^   | BUF_X1    | 0.106 |   1.174 |    1.515 | 
     | _16670_             | A2 ^ -> ZN v | NAND2_X1  | 0.074 |   1.247 |    1.589 | 
     | _16833_             | A1 v -> ZN ^ | NOR2_X1   | 0.078 |   1.326 |    1.667 | 
     | _16834_             | A3 ^ -> ZN v | NOR3_X1   | 0.018 |   1.344 |    1.685 | 
     | _16837_             | A2 v -> ZN ^ | NOR3_X1   | 0.072 |   1.415 |    1.756 | 
     | _16838_             | B ^ -> ZN v  | AOI211_X1 | 0.025 |   1.441 |    1.782 | 
     | _16846_             | B v -> ZN ^  | AOI211_X1 | 0.072 |   1.513 |    1.854 | 
     | _16847_             | A ^ -> ZN v  | AOI21_X1  | 0.018 |   1.531 |    1.872 | 
     | _19706_             | D v          | DFF_X1    | 0.000 |   1.531 |    1.872 | 
     +-----------------------------------------------------------------------------+ 
     Clock Rise Edge                      0.000
     + Source Insertion Delay            -0.128
     = Beginpoint Arrival Time           -0.128
     Other End Path:
     +---------------------------------------------------------------------------+ 
     |      Instance       |    Arc     |   Cell    | Delay | Arrival | Required | 
     |                     |            |           |       |  Time   |   Time   | 
     |---------------------+------------+-----------+-------+---------+----------| 
     |                     | clk ^      |           |       |  -0.128 |   -0.469 | 
     | CTS_ccl_a_buf_00084 | A ^ -> Z ^ | CLKBUF_X3 | 0.050 |  -0.077 |   -0.419 | 
     | CTS_ccl_a_buf_00049 | A ^ -> Z ^ | CLKBUF_X3 | 0.076 |  -0.002 |   -0.343 | 
     | _19706_             | CK ^       | DFF_X1    | 0.003 |   0.002 |   -0.340 | 
     +---------------------------------------------------------------------------+ 
Path 10: MET Setup Check with Pin _19320_/CK 
Endpoint:   _19320_/D (v) checked with  leading edge of 'aes_clk'
Beginpoint: _19477_/Q (v) triggered by  leading edge of 'aes_clk'
Path Groups: {aes_clk}
Analysis View: VIEW_TYP
Other End Arrival Time          0.001
- Setup                         0.030
+ Phase Shift                   2.000
- Uncertainty                   0.100
= Required Time                 1.871
- Arrival Time                  1.528
= Slack Time                    0.343
     Clock Rise Edge                      0.000
     + Source Insertion Delay            -0.128
     = Beginpoint Arrival Time           -0.128
     Timing Path:
     +-----------------------------------------------------------------------------+ 
     |      Instance       |     Arc      |   Cell    | Delay | Arrival | Required | 
     |                     |              |           |       |  Time   |   Time   | 
     |---------------------+--------------+-----------+-------+---------+----------| 
     |                     | clk ^        |           |       |  -0.128 |    0.215 | 
     | CTS_ccl_a_buf_00084 | A ^ -> Z ^   | CLKBUF_X3 | 0.050 |  -0.077 |    0.265 | 
     | CTS_ccl_a_buf_00067 | A ^ -> Z ^   | CLKBUF_X3 | 0.076 |  -0.002 |    0.341 | 
     | _19477_             | CK ^ -> Q v  | DFF_X1    | 0.126 |   0.124 |    0.467 | 
     | FE_OFC18_ld_r       | A v -> Z v   | BUF_X1    | 0.081 |   0.205 |    0.548 | 
     | FE_OFC19_ld_r       | A v -> Z v   | BUF_X1    | 0.084 |   0.289 |    0.631 | 
     | _09768_             | A v -> ZN ^  | INV_X1    | 0.082 |   0.371 |    0.714 | 
     | FE_OFC31_00986      | A ^ -> Z ^   | BUF_X1    | 0.102 |   0.473 |    0.816 | 
     | FE_OFC34_00986      | A ^ -> Z ^   | BUF_X1    | 0.107 |   0.580 |    0.923 | 
     | FE_OFC38_00986      | A ^ -> Z ^   | BUF_X1    | 0.103 |   0.683 |    1.026 | 
     | FE_OFC40_00986      | A ^ -> Z ^   | BUF_X1    | 0.095 |   0.778 |    1.121 | 
     | FE_OFC41_00986      | A ^ -> Z ^   | BUF_X1    | 0.084 |   0.862 |    1.205 | 
     | _16076_             | A2 ^ -> ZN v | NOR2_X1   | 0.020 |   0.882 |    1.225 | 
     | _16080_             | A v -> ZN ^  | AOI21_X1  | 0.072 |   0.955 |    1.297 | 
     | _16081_             | B ^ -> ZN ^  | XNOR2_X1  | 0.054 |   1.009 |    1.351 | 
     | FE_OFC451_07072     | A ^ -> Z ^   | BUF_X1    | 0.092 |   1.101 |    1.444 | 
     | FE_OFC452_07072     | A ^ -> Z ^   | BUF_X1    | 0.109 |   1.210 |    1.553 | 
     | _16129_             | B2 ^ -> ZN v | AOI21_X1  | 0.021 |   1.231 |    1.574 | 
     | FE_OFC673_07120     | A v -> Z v   | BUF_X1    | 0.057 |   1.289 |    1.631 | 
     | _16130_             | B2 v -> ZN ^ | AOI22_X1  | 0.076 |   1.364 |    1.707 | 
     | _16350_             | A ^ -> ZN v  | OAI21_X1  | 0.026 |   1.390 |    1.733 | 
     | _16351_             | C1 v -> ZN ^ | AOI211_X1 | 0.057 |   1.447 |    1.790 | 
     | _16352_             | A ^ -> ZN v  | AOI21_X1  | 0.025 |   1.472 |    1.814 | 
     | _16353_             | B1 v -> ZN ^ | OAI21_X1  | 0.035 |   1.507 |    1.850 | 
     | _16376_             | B1 ^ -> ZN v | OAI21_X1  | 0.021 |   1.528 |    1.871 | 
     | _19320_             | D v          | DFF_X1    | 0.000 |   1.528 |    1.871 | 
     +-----------------------------------------------------------------------------+ 
     Clock Rise Edge                      0.000
     + Source Insertion Delay            -0.128
     = Beginpoint Arrival Time           -0.128
     Other End Path:
     +---------------------------------------------------------------------------+ 
     |      Instance       |    Arc     |   Cell    | Delay | Arrival | Required | 
     |                     |            |           |       |  Time   |   Time   | 
     |---------------------+------------+-----------+-------+---------+----------| 
     |                     | clk ^      |           |       |  -0.128 |   -0.470 | 
     | CTS_ccl_a_buf_00084 | A ^ -> Z ^ | CLKBUF_X3 | 0.050 |  -0.077 |   -0.420 | 
     | CTS_ccl_a_buf_00067 | A ^ -> Z ^ | CLKBUF_X3 | 0.076 |  -0.002 |   -0.344 | 
     | _19320_             | CK ^       | DFF_X1    | 0.003 |   0.001 |   -0.342 | 
     +---------------------------------------------------------------------------+ 
Path 11: MET Setup Check with Pin _19642_/CK 
Endpoint:   _19642_/D (v) checked with  leading edge of 'aes_clk'
Beginpoint: _19477_/Q (v) triggered by  leading edge of 'aes_clk'
Path Groups: {aes_clk}
Analysis View: VIEW_TYP
Other End Arrival Time          0.002
- Setup                         0.035
+ Phase Shift                   2.000
- Uncertainty                   0.100
= Required Time                 1.867
- Arrival Time                  1.517
= Slack Time                    0.350
     Clock Rise Edge                      0.000
     + Source Insertion Delay            -0.128
     = Beginpoint Arrival Time           -0.128
     Timing Path:
     +-----------------------------------------------------------------------------+ 
     |      Instance       |     Arc      |   Cell    | Delay | Arrival | Required | 
     |                     |              |           |       |  Time   |   Time   | 
     |---------------------+--------------+-----------+-------+---------+----------| 
     |                     | clk ^        |           |       |  -0.128 |    0.222 | 
     | CTS_ccl_a_buf_00084 | A ^ -> Z ^   | CLKBUF_X3 | 0.050 |  -0.077 |    0.272 | 
     | CTS_ccl_a_buf_00067 | A ^ -> Z ^   | CLKBUF_X3 | 0.076 |  -0.002 |    0.348 | 
     | _19477_             | CK ^ -> Q v  | DFF_X1    | 0.126 |   0.124 |    0.474 | 
     | FE_OFC18_ld_r       | A v -> Z v   | BUF_X1    | 0.081 |   0.205 |    0.555 | 
     | FE_OFC19_ld_r       | A v -> Z v   | BUF_X1    | 0.084 |   0.289 |    0.639 | 
     | _09768_             | A v -> ZN ^  | INV_X1    | 0.082 |   0.371 |    0.721 | 
     | FE_OFC31_00986      | A ^ -> Z ^   | BUF_X1    | 0.102 |   0.473 |    0.823 | 
     | FE_OFC34_00986      | A ^ -> Z ^   | BUF_X1    | 0.107 |   0.580 |    0.930 | 
     | FE_OFC38_00986      | A ^ -> Z ^   | BUF_X1    | 0.103 |   0.683 |    1.033 | 
     | FE_OFC40_00986      | A ^ -> Z ^   | BUF_X1    | 0.095 |   0.778 |    1.128 | 
     | FE_OFC41_00986      | A ^ -> Z ^   | BUF_X1    | 0.084 |   0.862 |    1.212 | 
     | _09801_             | S ^ -> Z ^   | MUX2_X1   | 0.068 |   0.930 |    1.280 | 
     | _09803_             | B ^ -> Z ^   | XOR2_X1   | 0.086 |   1.017 |    1.367 | 
     | FE_OFC87_01021      | A ^ -> Z ^   | BUF_X1    | 0.093 |   1.109 |    1.459 | 
     | FE_OFC89_01021      | A ^ -> Z ^   | BUF_X1    | 0.086 |   1.196 |    1.545 | 
     | FE_OFC90_01021      | A ^ -> Z ^   | BUF_X1    | 0.091 |   1.287 |    1.637 | 
     | _10004_             | A1 ^ -> ZN ^ | AND3_X1   | 0.079 |   1.366 |    1.716 | 
     | _10072_             | A2 ^ -> ZN v | NOR3_X1   | 0.015 |   1.381 |    1.731 | 
     | _10077_             | A v -> ZN ^  | AOI21_X1  | 0.048 |   1.429 |    1.779 | 
     | _10078_             | C1 ^ -> ZN v | OAI221_X1 | 0.028 |   1.457 |    1.807 | 
     | _10083_             | B v -> ZN ^  | OAI211_X1 | 0.033 |   1.490 |    1.840 | 
     | _10084_             | A ^ -> ZN v  | OAI21_X1  | 0.027 |   1.517 |    1.867 | 
     | _19642_             | D v          | DFF_X1    | 0.000 |   1.517 |    1.867 | 
     +-----------------------------------------------------------------------------+ 
     Clock Rise Edge                      0.000
     + Source Insertion Delay            -0.128
     = Beginpoint Arrival Time           -0.128
     Other End Path:
     +---------------------------------------------------------------------------+ 
     |      Instance       |    Arc     |   Cell    | Delay | Arrival | Required | 
     |                     |            |           |       |  Time   |   Time   | 
     |---------------------+------------+-----------+-------+---------+----------| 
     |                     | clk ^      |           |       |  -0.128 |   -0.477 | 
     | CTS_ccl_a_buf_00086 | A ^ -> Z ^ | CLKBUF_X3 | 0.052 |  -0.075 |   -0.425 | 
     | CTS_ccl_a_buf_00075 | A ^ -> Z ^ | CLKBUF_X3 | 0.073 |  -0.002 |   -0.352 | 
     | _19642_             | CK ^       | DFF_X1    | 0.004 |   0.002 |   -0.348 | 
     +---------------------------------------------------------------------------+ 
Path 12: MET Setup Check with Pin _19671_/CK 
Endpoint:   _19671_/D (v) checked with  leading edge of 'aes_clk'
Beginpoint: _19477_/Q (v) triggered by  leading edge of 'aes_clk'
Path Groups: {aes_clk}
Analysis View: VIEW_TYP
Other End Arrival Time         -0.000
- Setup                         0.030
+ Phase Shift                   2.000
- Uncertainty                   0.100
= Required Time                 1.870
- Arrival Time                  1.512
= Slack Time                    0.357
     Clock Rise Edge                      0.000
     + Source Insertion Delay            -0.128
     = Beginpoint Arrival Time           -0.128
     Timing Path:
     +-----------------------------------------------------------------------------+ 
     |      Instance       |     Arc      |   Cell    | Delay | Arrival | Required | 
     |                     |              |           |       |  Time   |   Time   | 
     |---------------------+--------------+-----------+-------+---------+----------| 
     |                     | clk ^        |           |       |  -0.128 |    0.229 | 
     | CTS_ccl_a_buf_00084 | A ^ -> Z ^   | CLKBUF_X3 | 0.050 |  -0.077 |    0.280 | 
     | CTS_ccl_a_buf_00067 | A ^ -> Z ^   | CLKBUF_X3 | 0.076 |  -0.002 |    0.356 | 
     | _19477_             | CK ^ -> Q v  | DFF_X1    | 0.126 |   0.124 |    0.481 | 
     | FE_OFC18_ld_r       | A v -> Z v   | BUF_X1    | 0.081 |   0.205 |    0.562 | 
     | FE_OFC19_ld_r       | A v -> Z v   | BUF_X1    | 0.084 |   0.289 |    0.646 | 
     | _09768_             | A v -> ZN ^  | INV_X1    | 0.082 |   0.371 |    0.728 | 
     | FE_OFC31_00986      | A ^ -> Z ^   | BUF_X1    | 0.102 |   0.473 |    0.831 | 
     | FE_OFC34_00986      | A ^ -> Z ^   | BUF_X1    | 0.107 |   0.580 |    0.937 | 
     | FE_OFC38_00986      | A ^ -> Z ^   | BUF_X1    | 0.103 |   0.683 |    1.040 | 
     | FE_OFC40_00986      | A ^ -> Z ^   | BUF_X1    | 0.095 |   0.778 |    1.135 | 
     | FE_OFC41_00986      | A ^ -> Z ^   | BUF_X1    | 0.084 |   0.862 |    1.219 | 
     | _18411_             | S ^ -> Z v   | MUX2_X1   | 0.076 |   0.939 |    1.296 | 
     | _18413_             | B v -> Z ^   | XOR2_X1   | 0.032 |   0.971 |    1.328 | 
     | FE_OFC550_09112     | A ^ -> Z ^   | BUF_X1    | 0.088 |   1.059 |    1.416 | 
     | FE_OFC551_09112     | A ^ -> Z ^   | BUF_X1    | 0.105 |   1.164 |    1.521 | 
     | FE_OFC552_09112     | A ^ -> Z ^   | BUF_X1    | 0.105 |   1.269 |    1.626 | 
     | _18484_             | A1 ^ -> ZN v | NOR2_X1   | 0.022 |   1.291 |    1.648 | 
     | _18553_             | A2 v -> ZN ^ | NOR2_X1   | 0.043 |   1.334 |    1.691 | 
     | _18554_             | A ^ -> ZN v  | OAI21_X1  | 0.029 |   1.363 |    1.720 | 
     | _18809_             | C1 v -> ZN ^ | OAI221_X1 | 0.042 |   1.405 |    1.762 | 
     | _18810_             | B2 ^ -> ZN v | AOI21_X1  | 0.021 |   1.425 |    1.782 | 
     | _18811_             | A3 v -> ZN ^ | NOR3_X1   | 0.069 |   1.494 |    1.851 | 
     | _18818_             | A ^ -> ZN v  | AOI21_X1  | 0.018 |   1.512 |    1.870 | 
     | _19671_             | D v          | DFF_X1    | 0.000 |   1.512 |    1.870 | 
     +-----------------------------------------------------------------------------+ 
     Clock Rise Edge                      0.000
     + Source Insertion Delay            -0.128
     = Beginpoint Arrival Time           -0.128
     Other End Path:
     +---------------------------------------------------------------------------+ 
     |      Instance       |    Arc     |   Cell    | Delay | Arrival | Required | 
     |                     |            |           |       |  Time   |   Time   | 
     |---------------------+------------+-----------+-------+---------+----------| 
     |                     | clk ^      |           |       |  -0.128 |   -0.485 | 
     | CTS_ccl_a_buf_00084 | A ^ -> Z ^ | CLKBUF_X3 | 0.050 |  -0.077 |   -0.435 | 
     | CTS_ccl_a_buf_00079 | A ^ -> Z ^ | CLKBUF_X3 | 0.075 |  -0.002 |   -0.359 | 
     | _19671_             | CK ^       | DFF_X1    | 0.002 |  -0.000 |   -0.358 | 
     +---------------------------------------------------------------------------+ 
Path 13: MET Setup Check with Pin _19644_/CK 
Endpoint:   _19644_/D (^) checked with  leading edge of 'aes_clk'
Beginpoint: _19477_/Q (v) triggered by  leading edge of 'aes_clk'
Path Groups: {aes_clk}
Analysis View: VIEW_TYP
Other End Arrival Time          0.002
- Setup                         0.033
+ Phase Shift                   2.000
- Uncertainty                   0.100
= Required Time                 1.869
- Arrival Time                  1.508
= Slack Time                    0.361
     Clock Rise Edge                      0.000
     + Source Insertion Delay            -0.128
     = Beginpoint Arrival Time           -0.128
     Timing Path:
     +-----------------------------------------------------------------------------+ 
     |      Instance       |     Arc      |   Cell    | Delay | Arrival | Required | 
     |                     |              |           |       |  Time   |   Time   | 
     |---------------------+--------------+-----------+-------+---------+----------| 
     |                     | clk ^        |           |       |  -0.128 |    0.233 | 
     | CTS_ccl_a_buf_00084 | A ^ -> Z ^   | CLKBUF_X3 | 0.050 |  -0.077 |    0.283 | 
     | CTS_ccl_a_buf_00067 | A ^ -> Z ^   | CLKBUF_X3 | 0.076 |  -0.002 |    0.359 | 
     | _19477_             | CK ^ -> Q v  | DFF_X1    | 0.126 |   0.124 |    0.485 | 
     | FE_OFC18_ld_r       | A v -> Z v   | BUF_X1    | 0.081 |   0.205 |    0.566 | 
     | FE_OFC19_ld_r       | A v -> Z v   | BUF_X1    | 0.084 |   0.289 |    0.650 | 
     | _09768_             | A v -> ZN ^  | INV_X1    | 0.082 |   0.371 |    0.732 | 
     | FE_OFC31_00986      | A ^ -> Z ^   | BUF_X1    | 0.102 |   0.473 |    0.834 | 
     | FE_OFC34_00986      | A ^ -> Z ^   | BUF_X1    | 0.107 |   0.580 |    0.941 | 
     | FE_OFC38_00986      | A ^ -> Z ^   | BUF_X1    | 0.103 |   0.683 |    1.044 | 
     | FE_OFC40_00986      | A ^ -> Z ^   | BUF_X1    | 0.095 |   0.778 |    1.139 | 
     | FE_OFC41_00986      | A ^ -> Z ^   | BUF_X1    | 0.084 |   0.862 |    1.223 | 
     | _09801_             | S ^ -> Z v   | MUX2_X1   | 0.081 |   0.944 |    1.305 | 
     | _09802_             | B v -> ZN ^  | XNOR2_X1  | 0.033 |   0.977 |    1.338 | 
     | FE_OFC84_01020      | A ^ -> Z ^   | BUF_X1    | 0.092 |   1.069 |    1.430 | 
     | FE_OFC85_01020      | A ^ -> Z ^   | BUF_X1    | 0.111 |   1.180 |    1.541 | 
     | FE_OFC86_01020      | A ^ -> Z ^   | BUF_X1    | 0.109 |   1.289 |    1.650 | 
     | _09975_             | B2 ^ -> ZN v | AOI22_X1  | 0.034 |   1.323 |    1.684 | 
     | _09976_             | B2 v -> ZN ^ | AOI21_X1  | 0.042 |   1.365 |    1.726 | 
     | _09980_             | A3 ^ -> ZN v | NOR3_X1   | 0.015 |   1.380 |    1.740 | 
     | _09981_             | B v -> ZN ^  | AOI211_X1 | 0.069 |   1.449 |    1.810 | 
     | _09995_             | A ^ -> ZN v  | AOI21_X1  | 0.019 |   1.468 |    1.829 | 
     | _09996_             | B1 v -> ZN ^ | AOI21_X1  | 0.040 |   1.508 |    1.868 | 
     | _19644_             | D ^          | DFF_X1    | 0.000 |   1.508 |    1.869 | 
     +-----------------------------------------------------------------------------+ 
     Clock Rise Edge                      0.000
     + Source Insertion Delay            -0.128
     = Beginpoint Arrival Time           -0.128
     Other End Path:
     +---------------------------------------------------------------------------+ 
     |      Instance       |    Arc     |   Cell    | Delay | Arrival | Required | 
     |                     |            |           |       |  Time   |   Time   | 
     |---------------------+------------+-----------+-------+---------+----------| 
     |                     | clk ^      |           |       |  -0.128 |   -0.489 | 
     | CTS_ccl_a_buf_00086 | A ^ -> Z ^ | CLKBUF_X3 | 0.052 |  -0.075 |   -0.436 | 
     | CTS_ccl_a_buf_00075 | A ^ -> Z ^ | CLKBUF_X3 | 0.073 |  -0.002 |   -0.363 | 
     | _19644_             | CK ^       | DFF_X1    | 0.004 |   0.002 |   -0.359 | 
     +---------------------------------------------------------------------------+ 
Path 14: MET Setup Check with Pin _19704_/CK 
Endpoint:   _19704_/D (v) checked with  leading edge of 'aes_clk'
Beginpoint: _19477_/Q (v) triggered by  leading edge of 'aes_clk'
Path Groups: {aes_clk}
Analysis View: VIEW_TYP
Other End Arrival Time          0.001
- Setup                         0.030
+ Phase Shift                   2.000
- Uncertainty                   0.100
= Required Time                 1.871
- Arrival Time                  1.508
= Slack Time                    0.364
     Clock Rise Edge                      0.000
     + Source Insertion Delay            -0.128
     = Beginpoint Arrival Time           -0.128
     Timing Path:
     +-----------------------------------------------------------------------------+ 
     |      Instance       |     Arc      |   Cell    | Delay | Arrival | Required | 
     |                     |              |           |       |  Time   |   Time   | 
     |---------------------+--------------+-----------+-------+---------+----------| 
     |                     | clk ^        |           |       |  -0.128 |    0.236 | 
     | CTS_ccl_a_buf_00084 | A ^ -> Z ^   | CLKBUF_X3 | 0.050 |  -0.077 |    0.286 | 
     | CTS_ccl_a_buf_00067 | A ^ -> Z ^   | CLKBUF_X3 | 0.076 |  -0.002 |    0.362 | 
     | _19477_             | CK ^ -> Q v  | DFF_X1    | 0.126 |   0.124 |    0.488 | 
     | FE_OFC18_ld_r       | A v -> Z v   | BUF_X1    | 0.081 |   0.205 |    0.569 | 
     | FE_OFC19_ld_r       | A v -> Z v   | BUF_X1    | 0.084 |   0.289 |    0.652 | 
     | _09768_             | A v -> ZN ^  | INV_X1    | 0.082 |   0.371 |    0.735 | 
     | FE_OFC31_00986      | A ^ -> Z ^   | BUF_X1    | 0.102 |   0.473 |    0.837 | 
     | FE_OFC34_00986      | A ^ -> Z ^   | BUF_X1    | 0.107 |   0.580 |    0.944 | 
     | FE_OFC38_00986      | A ^ -> Z ^   | BUF_X1    | 0.103 |   0.683 |    1.047 | 
     | FE_OFC40_00986      | A ^ -> Z ^   | BUF_X1    | 0.095 |   0.778 |    1.142 | 
     | FE_OFC41_00986      | A ^ -> Z ^   | BUF_X1    | 0.084 |   0.862 |    1.226 | 
     | _16586_             | S ^ -> Z v   | MUX2_X1   | 0.073 |   0.936 |    1.299 | 
     | _16587_             | B v -> ZN ^  | XNOR2_X1  | 0.033 |   0.969 |    1.332 | 
     | FE_OFC491_07569     | A ^ -> Z ^   | BUF_X1    | 0.078 |   1.047 |    1.410 | 
     | FE_OFC492_07569     | A ^ -> Z ^   | BUF_X1    | 0.095 |   1.142 |    1.505 | 
     | _16590_             | A2 ^ -> ZN v | NAND2_X1  | 0.059 |   1.200 |    1.564 | 
     | _16635_             | A2 v -> ZN ^ | NOR2_X1   | 0.133 |   1.333 |    1.697 | 
     | _16904_             | C2 ^ -> ZN v | OAI211_X1 | 0.037 |   1.370 |    1.734 | 
     | _16905_             | A3 v -> ZN v | AND3_X1   | 0.050 |   1.420 |    1.784 | 
     | _16909_             | B v -> ZN ^  | AOI211_X1 | 0.065 |   1.485 |    1.849 | 
     | _16919_             | B1 ^ -> ZN v | OAI21_X1  | 0.022 |   1.508 |    1.871 | 
     | _19704_             | D v          | DFF_X1    | 0.000 |   1.508 |    1.871 | 
     +-----------------------------------------------------------------------------+ 
     Clock Rise Edge                      0.000
     + Source Insertion Delay            -0.128
     = Beginpoint Arrival Time           -0.128
     Other End Path:
     +---------------------------------------------------------------------------+ 
     |      Instance       |    Arc     |   Cell    | Delay | Arrival | Required | 
     |                     |            |           |       |  Time   |   Time   | 
     |---------------------+------------+-----------+-------+---------+----------| 
     |                     | clk ^      |           |       |  -0.128 |   -0.491 | 
     | CTS_ccl_a_buf_00084 | A ^ -> Z ^ | CLKBUF_X3 | 0.050 |  -0.077 |   -0.441 | 
     | CTS_ccl_a_buf_00049 | A ^ -> Z ^ | CLKBUF_X3 | 0.076 |  -0.002 |   -0.365 | 
     | _19704_             | CK ^       | DFF_X1    | 0.003 |   0.001 |   -0.363 | 
     +---------------------------------------------------------------------------+ 
Path 15: MET Setup Check with Pin _19639_/CK 
Endpoint:   _19639_/D (^) checked with  leading edge of 'aes_clk'
Beginpoint: _19477_/Q (v) triggered by  leading edge of 'aes_clk'
Path Groups: {aes_clk}
Analysis View: VIEW_TYP
Other End Arrival Time          0.002
- Setup                         0.031
+ Phase Shift                   2.000
- Uncertainty                   0.100
= Required Time                 1.870
- Arrival Time                  1.507
= Slack Time                    0.364
     Clock Rise Edge                      0.000
     + Source Insertion Delay            -0.128
     = Beginpoint Arrival Time           -0.128
     Timing Path:
     +-----------------------------------------------------------------------------+ 
     |      Instance       |     Arc      |   Cell    | Delay | Arrival | Required | 
     |                     |              |           |       |  Time   |   Time   | 
     |---------------------+--------------+-----------+-------+---------+----------| 
     |                     | clk ^        |           |       |  -0.128 |    0.236 | 
     | CTS_ccl_a_buf_00084 | A ^ -> Z ^   | CLKBUF_X3 | 0.050 |  -0.077 |    0.286 | 
     | CTS_ccl_a_buf_00067 | A ^ -> Z ^   | CLKBUF_X3 | 0.076 |  -0.002 |    0.362 | 
     | _19477_             | CK ^ -> Q v  | DFF_X1    | 0.126 |   0.124 |    0.488 | 
     | FE_OFC18_ld_r       | A v -> Z v   | BUF_X1    | 0.081 |   0.205 |    0.569 | 
     | FE_OFC19_ld_r       | A v -> Z v   | BUF_X1    | 0.084 |   0.289 |    0.652 | 
     | _09768_             | A v -> ZN ^  | INV_X1    | 0.082 |   0.371 |    0.735 | 
     | FE_OFC31_00986      | A ^ -> Z ^   | BUF_X1    | 0.102 |   0.473 |    0.837 | 
     | FE_OFC34_00986      | A ^ -> Z ^   | BUF_X1    | 0.107 |   0.580 |    0.944 | 
     | FE_OFC38_00986      | A ^ -> Z ^   | BUF_X1    | 0.103 |   0.683 |    1.047 | 
     | FE_OFC40_00986      | A ^ -> Z ^   | BUF_X1    | 0.095 |   0.778 |    1.142 | 
     | FE_OFC41_00986      | A ^ -> Z ^   | BUF_X1    | 0.084 |   0.862 |    1.226 | 
     | _09801_             | S ^ -> Z ^   | MUX2_X1   | 0.068 |   0.930 |    1.294 | 
     | _09803_             | B ^ -> Z ^   | XOR2_X1   | 0.086 |   1.017 |    1.380 | 
     | FE_OFC87_01021      | A ^ -> Z ^   | BUF_X1    | 0.093 |   1.109 |    1.473 | 
     | FE_OFC89_01021      | A ^ -> Z ^   | BUF_X1    | 0.086 |   1.196 |    1.559 | 
     | FE_OFC90_01021      | A ^ -> Z ^   | BUF_X1    | 0.091 |   1.287 |    1.651 | 
     | _10004_             | A1 ^ -> ZN ^ | AND3_X1   | 0.079 |   1.366 |    1.730 | 
     | _10179_             | B1 ^ -> ZN v | OAI221_X1 | 0.035 |   1.401 |    1.765 | 
     | _10182_             | B v -> ZN ^  | OAI211_X1 | 0.037 |   1.438 |    1.802 | 
     | _10183_             | B2 ^ -> ZN v | AOI21_X1  | 0.020 |   1.458 |    1.821 | 
     | _10185_             | A v -> ZN ^  | AOI21_X1  | 0.049 |   1.507 |    1.870 | 
     | _19639_             | D ^          | DFF_X1    | 0.000 |   1.507 |    1.870 | 
     +-----------------------------------------------------------------------------+ 
     Clock Rise Edge                      0.000
     + Source Insertion Delay            -0.128
     = Beginpoint Arrival Time           -0.128
     Other End Path:
     +---------------------------------------------------------------------------+ 
     |      Instance       |    Arc     |   Cell    | Delay | Arrival | Required | 
     |                     |            |           |       |  Time   |   Time   | 
     |---------------------+------------+-----------+-------+---------+----------| 
     |                     | clk ^      |           |       |  -0.128 |   -0.491 | 
     | CTS_ccl_a_buf_00086 | A ^ -> Z ^ | CLKBUF_X3 | 0.052 |  -0.075 |   -0.439 | 
     | CTS_ccl_a_buf_00075 | A ^ -> Z ^ | CLKBUF_X3 | 0.073 |  -0.002 |   -0.366 | 
     | _19639_             | CK ^       | DFF_X1    | 0.004 |   0.002 |   -0.362 | 
     +---------------------------------------------------------------------------+ 
Path 16: MET Setup Check with Pin _19323_/CK 
Endpoint:   _19323_/D (v) checked with  leading edge of 'aes_clk'
Beginpoint: _19477_/Q (v) triggered by  leading edge of 'aes_clk'
Path Groups: {aes_clk}
Analysis View: VIEW_TYP
Other End Arrival Time          0.001
- Setup                         0.029
+ Phase Shift                   2.000
- Uncertainty                   0.100
= Required Time                 1.872
- Arrival Time                  1.506
= Slack Time                    0.366
     Clock Rise Edge                      0.000
     + Source Insertion Delay            -0.128
     = Beginpoint Arrival Time           -0.128
     Timing Path:
     +-----------------------------------------------------------------------------+ 
     |      Instance       |     Arc      |   Cell    | Delay | Arrival | Required | 
     |                     |              |           |       |  Time   |   Time   | 
     |---------------------+--------------+-----------+-------+---------+----------| 
     |                     | clk ^        |           |       |  -0.128 |    0.238 | 
     | CTS_ccl_a_buf_00084 | A ^ -> Z ^   | CLKBUF_X3 | 0.050 |  -0.077 |    0.288 | 
     | CTS_ccl_a_buf_00067 | A ^ -> Z ^   | CLKBUF_X3 | 0.076 |  -0.002 |    0.364 | 
     | _19477_             | CK ^ -> Q v  | DFF_X1    | 0.126 |   0.124 |    0.490 | 
     | FE_OFC18_ld_r       | A v -> Z v   | BUF_X1    | 0.081 |   0.205 |    0.571 | 
     | FE_OFC19_ld_r       | A v -> Z v   | BUF_X1    | 0.084 |   0.289 |    0.655 | 
     | _09768_             | A v -> ZN ^  | INV_X1    | 0.082 |   0.371 |    0.737 | 
     | FE_OFC31_00986      | A ^ -> Z ^   | BUF_X1    | 0.102 |   0.473 |    0.839 | 
     | FE_OFC34_00986      | A ^ -> Z ^   | BUF_X1    | 0.107 |   0.580 |    0.946 | 
     | FE_OFC38_00986      | A ^ -> Z ^   | BUF_X1    | 0.103 |   0.683 |    1.049 | 
     | FE_OFC40_00986      | A ^ -> Z ^   | BUF_X1    | 0.095 |   0.778 |    1.144 | 
     | FE_OFC41_00986      | A ^ -> Z ^   | BUF_X1    | 0.084 |   0.862 |    1.228 | 
     | _16115_             | S ^ -> Z v   | MUX2_X1   | 0.079 |   0.941 |    1.307 | 
     | _16116_             | B v -> ZN ^  | XNOR2_X1  | 0.051 |   0.992 |    1.358 | 
     | FE_OFC464_07107     | A ^ -> Z ^   | BUF_X1    | 0.094 |   1.086 |    1.452 | 
     | FE_OFC465_07107     | A ^ -> Z ^   | BUF_X1    | 0.099 |   1.185 |    1.551 | 
     | FE_OFC466_07107     | A ^ -> Z ^   | BUF_X1    | 0.096 |   1.282 |    1.647 | 
     | FE_OFC467_07107     | A ^ -> Z ^   | BUF_X1    | 0.101 |   1.383 |    1.749 | 
     | _16176_             | A1 ^ -> ZN v | NAND3_X1  | 0.041 |   1.424 |    1.789 | 
     | _16181_             | A3 v -> ZN ^ | NAND4_X1  | 0.029 |   1.452 |    1.818 | 
     | _16191_             | A1 ^ -> ZN ^ | AND2_X1   | 0.033 |   1.485 |    1.851 | 
     | _16229_             | A1 ^ -> ZN v | OAI22_X1  | 0.021 |   1.506 |    1.871 | 
     | _19323_             | D v          | DFF_X1    | 0.000 |   1.506 |    1.872 | 
     +-----------------------------------------------------------------------------+ 
     Clock Rise Edge                      0.000
     + Source Insertion Delay            -0.128
     = Beginpoint Arrival Time           -0.128
     Other End Path:
     +---------------------------------------------------------------------------+ 
     |      Instance       |    Arc     |   Cell    | Delay | Arrival | Required | 
     |                     |            |           |       |  Time   |   Time   | 
     |---------------------+------------+-----------+-------+---------+----------| 
     |                     | clk ^      |           |       |  -0.128 |   -0.494 | 
     | CTS_ccl_a_buf_00084 | A ^ -> Z ^ | CLKBUF_X3 | 0.050 |  -0.077 |   -0.443 | 
     | CTS_ccl_a_buf_00067 | A ^ -> Z ^ | CLKBUF_X3 | 0.076 |  -0.002 |   -0.367 | 
     | _19323_             | CK ^       | DFF_X1    | 0.003 |   0.001 |   -0.365 | 
     +---------------------------------------------------------------------------+ 
Path 17: MET Setup Check with Pin _19703_/CK 
Endpoint:   _19703_/D (v) checked with  leading edge of 'aes_clk'
Beginpoint: _19477_/Q (v) triggered by  leading edge of 'aes_clk'
Path Groups: {aes_clk}
Analysis View: VIEW_TYP
Other End Arrival Time          0.001
- Setup                         0.031
+ Phase Shift                   2.000
- Uncertainty                   0.100
= Required Time                 1.870
- Arrival Time                  1.503
= Slack Time                    0.367
     Clock Rise Edge                      0.000
     + Source Insertion Delay            -0.128
     = Beginpoint Arrival Time           -0.128
     Timing Path:
     +-----------------------------------------------------------------------------+ 
     |      Instance       |     Arc      |   Cell    | Delay | Arrival | Required | 
     |                     |              |           |       |  Time   |   Time   | 
     |---------------------+--------------+-----------+-------+---------+----------| 
     |                     | clk ^        |           |       |  -0.128 |    0.239 | 
     | CTS_ccl_a_buf_00084 | A ^ -> Z ^   | CLKBUF_X3 | 0.050 |  -0.077 |    0.289 | 
     | CTS_ccl_a_buf_00067 | A ^ -> Z ^   | CLKBUF_X3 | 0.076 |  -0.002 |    0.365 | 
     | _19477_             | CK ^ -> Q v  | DFF_X1    | 0.126 |   0.124 |    0.491 | 
     | FE_OFC18_ld_r       | A v -> Z v   | BUF_X1    | 0.081 |   0.205 |    0.572 | 
     | FE_OFC19_ld_r       | A v -> Z v   | BUF_X1    | 0.084 |   0.289 |    0.656 | 
     | _09768_             | A v -> ZN ^  | INV_X1    | 0.082 |   0.371 |    0.738 | 
     | FE_OFC31_00986      | A ^ -> Z ^   | BUF_X1    | 0.102 |   0.473 |    0.840 | 
     | FE_OFC34_00986      | A ^ -> Z ^   | BUF_X1    | 0.107 |   0.580 |    0.947 | 
     | FE_OFC38_00986      | A ^ -> Z ^   | BUF_X1    | 0.103 |   0.683 |    1.050 | 
     | FE_OFC40_00986      | A ^ -> Z ^   | BUF_X1    | 0.095 |   0.778 |    1.145 | 
     | FE_OFC41_00986      | A ^ -> Z ^   | BUF_X1    | 0.084 |   0.862 |    1.229 | 
     | _16586_             | S ^ -> Z v   | MUX2_X1   | 0.073 |   0.936 |    1.303 | 
     | _16587_             | B v -> ZN ^  | XNOR2_X1  | 0.033 |   0.969 |    1.336 | 
     | FE_OFC491_07569     | A ^ -> Z ^   | BUF_X1    | 0.078 |   1.047 |    1.414 | 
     | FE_OFC492_07569     | A ^ -> Z ^   | BUF_X1    | 0.095 |   1.142 |    1.508 | 
     | _16590_             | A2 ^ -> ZN v | NAND2_X1  | 0.059 |   1.200 |    1.567 | 
     | _16635_             | A2 v -> ZN ^ | NOR2_X1   | 0.133 |   1.333 |    1.700 | 
     | _16936_             | C1 ^ -> ZN v | OAI221_X1 | 0.049 |   1.382 |    1.749 | 
     | _16939_             | B1 v -> ZN ^ | AOI21_X1  | 0.039 |   1.421 |    1.788 | 
     | _16942_             | A ^ -> ZN v  | AOI21_X1  | 0.017 |   1.438 |    1.805 | 
     | _16948_             | B1 v -> ZN ^ | OAI21_X1  | 0.039 |   1.477 |    1.843 | 
     | _16949_             | B1 ^ -> ZN v | AOI21_X1  | 0.026 |   1.502 |    1.869 | 
     | _19703_             | D v          | DFF_X1    | 0.000 |   1.503 |    1.870 | 
     +-----------------------------------------------------------------------------+ 
     Clock Rise Edge                      0.000
     + Source Insertion Delay            -0.128
     = Beginpoint Arrival Time           -0.128
     Other End Path:
     +---------------------------------------------------------------------------+ 
     |      Instance       |    Arc     |   Cell    | Delay | Arrival | Required | 
     |                     |            |           |       |  Time   |   Time   | 
     |---------------------+------------+-----------+-------+---------+----------| 
     |                     | clk ^      |           |       |  -0.128 |   -0.495 | 
     | CTS_ccl_a_buf_00084 | A ^ -> Z ^ | CLKBUF_X3 | 0.050 |  -0.077 |   -0.444 | 
     | CTS_ccl_a_buf_00049 | A ^ -> Z ^ | CLKBUF_X3 | 0.076 |  -0.002 |   -0.368 | 
     | _19703_             | CK ^       | DFF_X1    | 0.003 |   0.001 |   -0.366 | 
     +---------------------------------------------------------------------------+ 
Path 18: MET Setup Check with Pin _19640_/CK 
Endpoint:   _19640_/D (^) checked with  leading edge of 'aes_clk'
Beginpoint: _19477_/Q (v) triggered by  leading edge of 'aes_clk'
Path Groups: {aes_clk}
Analysis View: VIEW_TYP
Other End Arrival Time          0.002
- Setup                         0.033
+ Phase Shift                   2.000
- Uncertainty                   0.100
= Required Time                 1.869
- Arrival Time                  1.500
= Slack Time                    0.369
     Clock Rise Edge                      0.000
     + Source Insertion Delay            -0.128
     = Beginpoint Arrival Time           -0.128
     Timing Path:
     +-----------------------------------------------------------------------------+ 
     |      Instance       |     Arc      |   Cell    | Delay | Arrival | Required | 
     |                     |              |           |       |  Time   |   Time   | 
     |---------------------+--------------+-----------+-------+---------+----------| 
     |                     | clk ^        |           |       |  -0.128 |    0.241 | 
     | CTS_ccl_a_buf_00084 | A ^ -> Z ^   | CLKBUF_X3 | 0.050 |  -0.077 |    0.291 | 
     | CTS_ccl_a_buf_00067 | A ^ -> Z ^   | CLKBUF_X3 | 0.076 |  -0.002 |    0.367 | 
     | _19477_             | CK ^ -> Q v  | DFF_X1    | 0.126 |   0.124 |    0.493 | 
     | FE_OFC18_ld_r       | A v -> Z v   | BUF_X1    | 0.081 |   0.205 |    0.573 | 
     | FE_OFC19_ld_r       | A v -> Z v   | BUF_X1    | 0.084 |   0.289 |    0.657 | 
     | _09768_             | A v -> ZN ^  | INV_X1    | 0.082 |   0.371 |    0.740 | 
     | FE_OFC31_00986      | A ^ -> Z ^   | BUF_X1    | 0.102 |   0.473 |    0.842 | 
     | FE_OFC34_00986      | A ^ -> Z ^   | BUF_X1    | 0.107 |   0.580 |    0.949 | 
     | FE_OFC38_00986      | A ^ -> Z ^   | BUF_X1    | 0.103 |   0.683 |    1.052 | 
     | FE_OFC40_00986      | A ^ -> Z ^   | BUF_X1    | 0.095 |   0.778 |    1.147 | 
     | FE_OFC41_00986      | A ^ -> Z ^   | BUF_X1    | 0.084 |   0.862 |    1.231 | 
     | _09801_             | S ^ -> Z v   | MUX2_X1   | 0.081 |   0.944 |    1.312 | 
     | _09802_             | B v -> ZN ^  | XNOR2_X1  | 0.033 |   0.977 |    1.346 | 
     | FE_OFC84_01020      | A ^ -> Z ^   | BUF_X1    | 0.092 |   1.069 |    1.438 | 
     | FE_OFC85_01020      | A ^ -> Z ^   | BUF_X1    | 0.111 |   1.180 |    1.549 | 
     | FE_OFC86_01020      | A ^ -> Z ^   | BUF_X1    | 0.109 |   1.289 |    1.658 | 
     | _10019_             | C2 ^ -> ZN v | AOI211_X1 | 0.038 |   1.327 |    1.696 | 
     | _10134_             | C2 v -> ZN ^ | AOI211_X1 | 0.058 |   1.385 |    1.754 | 
     | _10135_             | A ^ -> ZN v  | AOI21_X1  | 0.018 |   1.403 |    1.772 | 
     | _10136_             | B v -> Z v   | MUX2_X1   | 0.061 |   1.464 |    1.833 | 
     | _10155_             | A2 v -> ZN ^ | OAI22_X1  | 0.036 |   1.500 |    1.869 | 
     | _19640_             | D ^          | DFF_X1    | 0.000 |   1.500 |    1.869 | 
     +-----------------------------------------------------------------------------+ 
     Clock Rise Edge                      0.000
     + Source Insertion Delay            -0.128
     = Beginpoint Arrival Time           -0.128
     Other End Path:
     +---------------------------------------------------------------------------+ 
     |      Instance       |    Arc     |   Cell    | Delay | Arrival | Required | 
     |                     |            |           |       |  Time   |   Time   | 
     |---------------------+------------+-----------+-------+---------+----------| 
     |                     | clk ^      |           |       |  -0.128 |   -0.496 | 
     | CTS_ccl_a_buf_00086 | A ^ -> Z ^ | CLKBUF_X3 | 0.052 |  -0.075 |   -0.444 | 
     | CTS_ccl_a_buf_00075 | A ^ -> Z ^ | CLKBUF_X3 | 0.073 |  -0.002 |   -0.371 | 
     | _19640_             | CK ^       | DFF_X1    | 0.004 |   0.002 |   -0.367 | 
     +---------------------------------------------------------------------------+ 
Path 19: MET Setup Check with Pin _19643_/CK 
Endpoint:   _19643_/D (v) checked with  leading edge of 'aes_clk'
Beginpoint: _19477_/Q (v) triggered by  leading edge of 'aes_clk'
Path Groups: {aes_clk}
Analysis View: VIEW_TYP
Other End Arrival Time          0.002
- Setup                         0.031
+ Phase Shift                   2.000
- Uncertainty                   0.100
= Required Time                 1.871
- Arrival Time                  1.499
= Slack Time                    0.371
     Clock Rise Edge                      0.000
     + Source Insertion Delay            -0.128
     = Beginpoint Arrival Time           -0.128
     Timing Path:
     +-----------------------------------------------------------------------------+ 
     |      Instance       |     Arc      |   Cell    | Delay | Arrival | Required | 
     |                     |              |           |       |  Time   |   Time   | 
     |---------------------+--------------+-----------+-------+---------+----------| 
     |                     | clk ^        |           |       |  -0.128 |    0.244 | 
     | CTS_ccl_a_buf_00084 | A ^ -> Z ^   | CLKBUF_X3 | 0.050 |  -0.077 |    0.294 | 
     | CTS_ccl_a_buf_00067 | A ^ -> Z ^   | CLKBUF_X3 | 0.076 |  -0.002 |    0.370 | 
     | _19477_             | CK ^ -> Q v  | DFF_X1    | 0.126 |   0.124 |    0.495 | 
     | FE_OFC18_ld_r       | A v -> Z v   | BUF_X1    | 0.081 |   0.205 |    0.576 | 
     | FE_OFC19_ld_r       | A v -> Z v   | BUF_X1    | 0.084 |   0.289 |    0.660 | 
     | _09768_             | A v -> ZN ^  | INV_X1    | 0.082 |   0.371 |    0.742 | 
     | FE_OFC31_00986      | A ^ -> Z ^   | BUF_X1    | 0.102 |   0.473 |    0.845 | 
     | FE_OFC34_00986      | A ^ -> Z ^   | BUF_X1    | 0.107 |   0.580 |    0.952 | 
     | FE_OFC38_00986      | A ^ -> Z ^   | BUF_X1    | 0.103 |   0.683 |    1.055 | 
     | FE_OFC40_00986      | A ^ -> Z ^   | BUF_X1    | 0.095 |   0.778 |    1.150 | 
     | FE_OFC41_00986      | A ^ -> Z ^   | BUF_X1    | 0.084 |   0.862 |    1.234 | 
     | _09801_             | S ^ -> Z v   | MUX2_X1   | 0.081 |   0.944 |    1.315 | 
     | _09802_             | B v -> ZN ^  | XNOR2_X1  | 0.033 |   0.977 |    1.349 | 
     | FE_OFC84_01020      | A ^ -> Z ^   | BUF_X1    | 0.092 |   1.069 |    1.441 | 
     | FE_OFC85_01020      | A ^ -> Z ^   | BUF_X1    | 0.111 |   1.180 |    1.552 | 
     | FE_OFC86_01020      | A ^ -> Z ^   | BUF_X1    | 0.109 |   1.289 |    1.660 | 
     | _09917_             | A1 ^ -> ZN v | NOR2_X1   | 0.028 |   1.317 |    1.688 | 
     | _10000_             | A2 v -> ZN v | OR3_X1    | 0.082 |   1.398 |    1.770 | 
     | _10015_             | B v -> ZN ^  | OAI211_X1 | 0.031 |   1.429 |    1.801 | 
     | _10017_             | A2 ^ -> ZN v | NAND3_X1  | 0.026 |   1.456 |    1.827 | 
     | _10018_             | A2 v -> ZN ^ | NAND2_X1  | 0.024 |   1.480 |    1.851 | 
     | _10039_             | A2 ^ -> ZN v | OAI22_X1  | 0.020 |   1.499 |    1.871 | 
     | _19643_             | D v          | DFF_X1    | 0.000 |   1.499 |    1.871 | 
     +-----------------------------------------------------------------------------+ 
     Clock Rise Edge                      0.000
     + Source Insertion Delay            -0.128
     = Beginpoint Arrival Time           -0.128
     Other End Path:
     +---------------------------------------------------------------------------+ 
     |      Instance       |    Arc     |   Cell    | Delay | Arrival | Required | 
     |                     |            |           |       |  Time   |   Time   | 
     |---------------------+------------+-----------+-------+---------+----------| 
     |                     | clk ^      |           |       |  -0.128 |   -0.499 | 
     | CTS_ccl_a_buf_00086 | A ^ -> Z ^ | CLKBUF_X3 | 0.052 |  -0.075 |   -0.447 | 
     | CTS_ccl_a_buf_00075 | A ^ -> Z ^ | CLKBUF_X3 | 0.073 |  -0.002 |   -0.374 | 
     | _19643_             | CK ^       | DFF_X1    | 0.004 |   0.002 |   -0.370 | 
     +---------------------------------------------------------------------------+ 
Path 20: MET Setup Check with Pin _19646_/CK 
Endpoint:   _19646_/D (^) checked with  leading edge of 'aes_clk'
Beginpoint: _19477_/Q (v) triggered by  leading edge of 'aes_clk'
Path Groups: {aes_clk}
Analysis View: VIEW_TYP
Other End Arrival Time          0.002
- Setup                         0.031
+ Phase Shift                   2.000
- Uncertainty                   0.100
= Required Time                 1.871
- Arrival Time                  1.497
= Slack Time                    0.374
     Clock Rise Edge                      0.000
     + Source Insertion Delay            -0.128
     = Beginpoint Arrival Time           -0.128
     Timing Path:
     +-----------------------------------------------------------------------------+ 
     |      Instance       |     Arc      |   Cell    | Delay | Arrival | Required | 
     |                     |              |           |       |  Time   |   Time   | 
     |---------------------+--------------+-----------+-------+---------+----------| 
     |                     | clk ^        |           |       |  -0.128 |    0.246 | 
     | CTS_ccl_a_buf_00084 | A ^ -> Z ^   | CLKBUF_X3 | 0.050 |  -0.077 |    0.296 | 
     | CTS_ccl_a_buf_00067 | A ^ -> Z ^   | CLKBUF_X3 | 0.076 |  -0.002 |    0.372 | 
     | _19477_             | CK ^ -> Q v  | DFF_X1    | 0.126 |   0.124 |    0.498 | 
     | FE_OFC18_ld_r       | A v -> Z v   | BUF_X1    | 0.081 |   0.205 |    0.579 | 
     | FE_OFC19_ld_r       | A v -> Z v   | BUF_X1    | 0.084 |   0.289 |    0.662 | 
     | _09768_             | A v -> ZN ^  | INV_X1    | 0.082 |   0.371 |    0.745 | 
     | FE_OFC31_00986      | A ^ -> Z ^   | BUF_X1    | 0.102 |   0.473 |    0.847 | 
     | FE_OFC34_00986      | A ^ -> Z ^   | BUF_X1    | 0.107 |   0.580 |    0.954 | 
     | FE_OFC38_00986      | A ^ -> Z ^   | BUF_X1    | 0.103 |   0.683 |    1.057 | 
     | FE_OFC40_00986      | A ^ -> Z ^   | BUF_X1    | 0.095 |   0.778 |    1.152 | 
     | FE_OFC41_00986      | A ^ -> Z ^   | BUF_X1    | 0.084 |   0.862 |    1.236 | 
     | _09801_             | S ^ -> Z ^   | MUX2_X1   | 0.068 |   0.930 |    1.304 | 
     | _09803_             | B ^ -> Z ^   | XOR2_X1   | 0.086 |   1.017 |    1.390 | 
     | FE_OFC87_01021      | A ^ -> Z ^   | BUF_X1    | 0.093 |   1.109 |    1.483 | 
     | FE_OFC89_01021      | A ^ -> Z ^   | BUF_X1    | 0.086 |   1.196 |    1.569 | 
     | FE_OFC90_01021      | A ^ -> Z ^   | BUF_X1    | 0.091 |   1.287 |    1.661 | 
     | _10095_             | A2 ^ -> ZN v | NAND3_X1  | 0.049 |   1.336 |    1.709 | 
     | _18162_             | B2 v -> ZN ^ | AOI221_X1 | 0.090 |   1.426 |    1.799 | 
     | _18163_             | B2 ^ -> ZN v | OAI21_X1  | 0.026 |   1.452 |    1.826 | 
     | _18174_             | B1 v -> ZN ^ | AOI22_X1  | 0.045 |   1.497 |    1.870 | 
     | _19646_             | D ^          | DFF_X1    | 0.000 |   1.497 |    1.871 | 
     +-----------------------------------------------------------------------------+ 
     Clock Rise Edge                      0.000
     + Source Insertion Delay            -0.128
     = Beginpoint Arrival Time           -0.128
     Other End Path:
     +---------------------------------------------------------------------------+ 
     |      Instance       |    Arc     |   Cell    | Delay | Arrival | Required | 
     |                     |            |           |       |  Time   |   Time   | 
     |---------------------+------------+-----------+-------+---------+----------| 
     |                     | clk ^      |           |       |  -0.128 |   -0.501 | 
     | CTS_ccl_a_buf_00086 | A ^ -> Z ^ | CLKBUF_X3 | 0.052 |  -0.075 |   -0.449 | 
     | CTS_ccl_a_buf_00075 | A ^ -> Z ^ | CLKBUF_X3 | 0.073 |  -0.002 |   -0.376 | 
     | _19646_             | CK ^       | DFF_X1    | 0.004 |   0.002 |   -0.372 | 
     +---------------------------------------------------------------------------+ 

